2026-08-03 14:59:58,577 [ERROR] Tavily query failed ("Dead Zone Revive" Steam): RetryError[<Future at 0x7f14bf78e050 state=finished raised HTTPError>]
2026-08-03 15:00:02,594 [ERROR] Tavily query failed ("Dead Zone Revive" trailer): RetryError[<Future at 0x7f14bf78ffd0 state=finished raised HTTPError>]
2026-08-03 15:00:06,610 [ERROR] Tavily query failed ("Dead Zone Revive" gameplay): RetryError[<Future at 0x7f14bf7a9a10 state=finished raised HTTPError>]
2026-08-03 15:00:10,625 [ERROR] Tavily query failed ("Dead Zone Revive" demo): RetryError[<Future at 0x7f14bf7ab1d0 state=finished raised HTTPError>]
2026-08-03 15:00:14,642 [ERROR] Tavily query failed ("Dead Zone Revive" release date): RetryError[<Future at 0x7f14bf7ab610 state=finished raised HTTPError>]
2026-08-03 15:00:18,658 [ERROR] Tavily query failed ("Dead Zone Revive" announcement): RetryError[<Future at 0x7f14bf7a8fd0 state=finished raised HTTPError>]
2026-08-03 15:00:22,675 [ERROR] Tavily query failed ("Dead Zone Revive" preview): RetryError[<Future at 0x7f14bf7a9610 state=finished raised HTTPError>]
2026-08-03 15:00:26,691 [ERROR] Tavily query failed ("Dead Zone Revive" review): RetryError[<Future at 0x7f14c00008d0 state=finished raised HTTPError>]
2026-08-03 15:00:30,706 [ERROR] Tavily query failed ("Dead Zone Revive" publisher): RetryError[<Future at 0x7f14bf7b5910 state=finished raised HTTPError>]
2026-08-03 15:00:34,722 [ERROR] Tavily query failed ("Dead Zone Revive" developer): RetryError[<Future at 0x7f14bf7b6210 state=finished raised HTTPError>]
2026-08-03 15:00:38,738 [ERROR] Tavily query failed (site:pcgamer.com "Dead Zone Revive"): RetryError[<Future at 0x7f14bf7b7fd0 state=finished raised HTTPError>]
2026-08-03 15:00:42,753 [ERROR] Tavily query failed (site:rockpapershotgun.com "Dead Zone Revive"): RetryError[<Future at 0x7f14bf7b9f90 state=finished raised HTTPError>]
2026-08-03 15:00:46,769 [ERROR] Tavily query failed (site:ign.com "Dead Zone Revive"): RetryError[<Future at 0x7f14bf7baa50 state=finished raised HTTPError>]
2026-08-03 15:00:50,785 [ERROR] Tavily query failed (site:gamespot.com "Dead Zone Revive"): RetryError[<Future at 0x7f14bf7bbfd0 state=finished raised HTTPError>]
2026-08-03 15:00:54,800 [ERROR] Tavily query failed (site:game8.co "Dead Zone Revive"): RetryError[<Future at 0x7f14bf7bae50 state=finished raised HTTPError>]
2026-08-03 15:00:58,816 [ERROR] Tavily query failed (site:reddit.com "Dead Zone Revive"): RetryError[<Future at 0x7f14bf7b8450 state=finished raised HTTPError>]
2026-08-03 15:01:02,832 [ERROR] Tavily query failed (site:tiktok.com "Dead Zone Revive"): RetryError[<Future at 0x7f14bf7ba410 state=finished raised HTTPError>]
2026-08-03 15:01:06,848 [ERROR] Tavily query failed (site:instagram.com "Dead Zone Revive"): RetryError[<Future at 0x7f14bf7b7110 state=finished raised HTTPError>]
2026-08-03 15:01:10,864 [ERROR] Tavily query failed (site:x.com "Dead Zone Revive"): RetryError[<Future at 0x7f14bf7b4110 state=finished raised HTTPError>]
2026-08-03 15:01:14,880 [ERROR] Tavily query failed (site: "Dead Zone Revive"): RetryError[<Future at 0x7f14bf78f690 state=finished raised HTTPError>]
