2026-10-03 04:44:26,640 [INFO] Steam Snapshot Collector Started.
2026-10-03 04:44:26,641 [INFO] Speed Mode: fast
2026-10-03 04:44:26,641 [INFO] Work Dir: /home/runner/work/steam-diploma/steam-diploma/data/snapshots
2026-10-03 04:44:26,641 [INFO] Base Output Dir: .
2026-10-03 04:44:26,641 [INFO] Page 1 | Collected: 0
2026-10-03 04:44:27,024 [INFO] Pacing: sleep 1.3s
2026-10-03 04:44:28,347 [INFO] Page 2 | Collected: 0
2026-10-03 04:44:28,620 [INFO] Pacing: sleep 1.0s
2026-10-03 04:44:29,606 [INFO] Page 3 | Collected: 0
2026-10-03 04:44:29,859 [INFO] Pacing: sleep 1.3s
2026-10-03 04:44:31,172 [INFO] Page 4 | Collected: 0
2026-10-03 04:44:31,477 [INFO] Pacing: sleep 0.5s
2026-10-03 04:44:31,978 [INFO] Page 5 | Collected: 0
2026-10-03 04:44:32,256 [INFO] Pacing: sleep 1.1s
2026-10-03 04:44:33,323 [INFO] Page 6 | Collected: 0
2026-10-03 04:44:33,579 [INFO] Pacing: sleep 1.1s
2026-10-03 04:44:34,717 [INFO] Page 7 | Collected: 0
2026-10-03 04:44:35,024 [INFO] Pacing: sleep 0.7s
2026-10-03 04:44:35,701 [INFO] Page 8 | Collected: 0
2026-10-03 04:44:35,959 [INFO] Pacing: sleep 0.9s
2026-10-03 04:44:36,895 [INFO] Page 9 | Collected: 0
2026-10-03 04:44:37,167 [INFO] Pacing: sleep 1.2s
2026-10-03 04:44:38,342 [INFO] Page 10 | Collected: 0
2026-10-03 04:44:38,661 [INFO] Pacing: sleep 0.8s
2026-10-03 04:44:39,461 [INFO] Page 11 | Collected: 250
2026-10-03 04:44:39,799 [INFO] Pacing: sleep 0.6s
2026-10-03 04:44:40,387 [INFO] Page 12 | Collected: 250
2026-10-03 04:44:40,745 [INFO] Pacing: sleep 0.6s
2026-10-03 04:44:41,381 [INFO] Page 13 | Collected: 250
2026-10-03 04:44:41,638 [INFO] Pacing: sleep 1.5s
2026-10-03 04:44:43,129 [INFO] Page 14 | Collected: 250
2026-10-03 04:44:43,405 [INFO] Pacing: sleep 1.2s
2026-10-03 04:44:44,559 [INFO] Page 15 | Collected: 250
2026-10-03 04:44:44,903 [INFO] Pacing: sleep 0.6s
2026-10-03 04:44:45,535 [INFO] Page 16 | Collected: 250
2026-10-03 04:44:45,782 [INFO] Pacing: sleep 0.8s
2026-10-03 04:44:46,617 [INFO] Page 17 | Collected: 250
2026-10-03 04:44:46,874 [INFO] Pacing: sleep 0.8s
2026-10-03 04:44:47,671 [INFO] Page 18 | Collected: 250
2026-10-03 04:44:47,992 [INFO] Pacing: sleep 0.8s
2026-10-03 04:44:48,837 [INFO] Page 19 | Collected: 250
2026-10-03 04:44:49,078 [INFO] Pacing: sleep 0.9s
2026-10-03 04:44:49,975 [INFO] Page 20 | Collected: 250
2026-10-03 04:44:50,317 [INFO] Pacing: sleep 0.5s
2026-10-03 04:44:50,854 [INFO] Page 21 | Collected: 500
2026-10-03 04:44:51,112 [INFO] Pacing: sleep 1.1s
2026-10-03 04:44:52,168 [INFO] Page 22 | Collected: 500
2026-10-03 04:44:52,422 [INFO] Pacing: sleep 1.4s
2026-10-03 04:44:53,803 [INFO] Page 23 | Collected: 500
2026-10-03 04:44:54,114 [INFO] Pacing: sleep 0.7s
2026-10-03 04:44:54,840 [INFO] Page 24 | Collected: 500
2026-10-03 04:44:55,089 [INFO] Pacing: sleep 1.3s
2026-10-03 04:44:56,365 [INFO] Page 25 | Collected: 500
2026-10-03 04:44:56,619 [INFO] Pacing: sleep 0.6s
2026-10-03 04:44:57,255 [INFO] Page 26 | Collected: 500
2026-10-03 04:44:57,574 [INFO] Pacing: sleep 1.3s
2026-10-03 04:44:58,859 [INFO] Page 27 | Collected: 500
2026-10-03 04:44:59,114 [INFO] Pacing: sleep 1.4s
2026-10-03 04:45:00,467 [INFO] Page 28 | Collected: 500
2026-10-03 04:45:00,789 [INFO] Pacing: sleep 1.0s
2026-10-03 04:45:01,763 [INFO] Page 29 | Collected: 500
2026-10-03 04:45:02,015 [INFO] Pacing: sleep 0.8s
2026-10-03 04:45:02,785 [INFO] Page 30 | Collected: 500
2026-10-03 04:45:03,038 [INFO] Pacing: sleep 0.9s
2026-10-03 04:45:03,967 [INFO] Page 31 | Collected: 750
2026-10-03 04:45:04,062 [WARNING] Block detected on page 31: HTTP 429
2026-10-03 04:45:04,063 [INFO] Saved raw HTML for debugging: blocked_0031.html
2026-10-03 04:45:04,063 [WARNING] Initiating ADAPTIVE THROTTLING. Sleeping 180s, switching to SAFE mode.
2026-10-03 04:48:04,063 [INFO] Pacing: sleep 54.7s | Short Cooldown: 48.2s
2026-10-03 04:48:58,730 [INFO] Page 31 | Collected: 750
2026-10-03 04:48:59,055 [INFO] Pacing: sleep 4.9s
2026-10-03 04:49:03,981 [INFO] Page 32 | Collected: 750
2026-10-03 04:49:04,240 [INFO] Pacing: sleep 5.6s
2026-10-03 04:49:09,832 [INFO] Page 33 | Collected: 750
2026-10-03 04:49:10,142 [INFO] Pacing: sleep 7.1s
2026-10-03 04:49:17,227 [INFO] Page 34 | Collected: 750
2026-10-03 04:49:17,485 [INFO] Pacing: sleep 5.8s
2026-10-03 04:49:23,281 [INFO] Page 35 | Collected: 750
2026-10-03 04:49:23,550 [INFO] Pacing: sleep 6.6s
2026-10-03 04:49:30,120 [INFO] Page 36 | Collected: 750
2026-10-03 04:49:30,442 [INFO] Pacing: sleep 6.8s
2026-10-03 04:49:37,206 [INFO] Page 37 | Collected: 750
2026-10-03 04:49:37,478 [INFO] Pacing: sleep 7.4s
2026-10-03 04:49:44,919 [INFO] Page 38 | Collected: 750
2026-10-03 04:49:45,173 [INFO] Pacing: sleep 5.5s
2026-10-03 04:49:50,697 [INFO] Page 39 | Collected: 750
2026-10-03 04:49:51,024 [INFO] Pacing: sleep 4.6s
2026-10-03 04:49:55,588 [INFO] Page 40 | Collected: 750
2026-10-03 04:49:55,868 [INFO] Pacing: sleep 173.7s | Long Cooldown: 166.7s
2026-10-03 04:52:49,607 [INFO] Page 41 | Collected: 1000
2026-10-03 04:52:49,980 [INFO] Pacing: sleep 6.4s
2026-10-03 04:52:56,349 [INFO] Page 42 | Collected: 1000
2026-10-03 04:52:56,601 [INFO] Pacing: sleep 7.2s
2026-10-03 04:53:03,841 [INFO] Page 43 | Collected: 1000
2026-10-03 04:53:04,101 [INFO] Pacing: sleep 8.0s
2026-10-03 04:53:12,055 [INFO] Page 44 | Collected: 1000
2026-10-03 04:53:12,373 [INFO] Pacing: sleep 4.3s
2026-10-03 04:53:16,670 [INFO] Page 45 | Collected: 1000
2026-10-03 04:53:16,930 [INFO] Pacing: sleep 5.0s
2026-10-03 04:53:21,906 [INFO] Page 46 | Collected: 1000
2026-10-03 04:53:22,059 [WARNING] Block detected on page 46: Suspicious term found: 'captcha'
2026-10-03 04:53:22,060 [INFO] Saved raw HTML for debugging: blocked_0046.html
2026-10-03 04:53:22,060 [ERROR] Blocked again even after safe mode. Stopping gracefully.
2026-10-03 04:53:22,061 [INFO] Crawl stopped. Reason: adaptive_throttle_failed_page_46. Finalizing...
2026-10-03 04:53:22,062 [INFO] Merging intermediate pages from work_dir: /home/runner/work/steam-diploma/steam-diploma/data/snapshots/data/snapshots/_in_progress/17435b9a-0a35-422b-8409-2364fba7fffd
