2026-08-19 12:56:00,502 [INFO] Steam Snapshot Collector Started.
2026-08-19 12:56:00,502 [INFO] Speed Mode: fast
2026-08-19 12:56:00,502 [INFO] Work Dir: /home/runner/work/steam-diploma/steam-diploma/data/snapshots
2026-08-19 12:56:00,502 [INFO] Base Output Dir: .
2026-08-19 12:56:00,503 [INFO] Page 1 | Collected: 0
2026-08-19 12:56:00,933 [INFO] Pacing: sleep 1.0s
2026-08-19 12:56:01,891 [INFO] Page 2 | Collected: 0
2026-08-19 12:56:02,365 [INFO] Pacing: sleep 0.9s
2026-08-19 12:56:03,312 [INFO] Page 3 | Collected: 0
2026-08-19 12:56:03,618 [INFO] Pacing: sleep 1.5s
2026-08-19 12:56:05,106 [INFO] Page 4 | Collected: 0
2026-08-19 12:56:05,461 [INFO] Pacing: sleep 1.1s
2026-08-19 12:56:06,565 [INFO] Page 5 | Collected: 0
2026-08-19 12:56:06,878 [INFO] Pacing: sleep 1.5s
2026-08-19 12:56:08,339 [INFO] Page 6 | Collected: 0
2026-08-19 12:56:08,635 [WARNING] Page 6 had 1 duplicate appids seen previously.
2026-08-19 12:56:08,635 [INFO] Pacing: sleep 1.1s
2026-08-19 12:56:09,729 [INFO] Page 7 | Collected: 0
2026-08-19 12:56:10,110 [INFO] Pacing: sleep 1.5s
2026-08-19 12:56:11,572 [INFO] Page 8 | Collected: 0
2026-08-19 12:56:11,886 [INFO] Pacing: sleep 0.6s
2026-08-19 12:56:12,513 [INFO] Page 9 | Collected: 0
2026-08-19 12:56:12,803 [INFO] Pacing: sleep 1.4s
2026-08-19 12:56:14,190 [INFO] Page 10 | Collected: 0
2026-08-19 12:56:14,619 [INFO] Pacing: sleep 0.9s
2026-08-19 12:56:15,484 [INFO] Page 11 | Collected: 250
2026-08-19 12:56:15,758 [INFO] Pacing: sleep 1.2s
2026-08-19 12:56:16,977 [INFO] Page 12 | Collected: 250
2026-08-19 12:56:17,309 [INFO] Pacing: sleep 1.2s
2026-08-19 12:56:18,546 [INFO] Page 13 | Collected: 250
2026-08-19 12:56:18,832 [INFO] Pacing: sleep 1.2s
2026-08-19 12:56:20,064 [INFO] Page 14 | Collected: 250
2026-08-19 12:56:20,324 [INFO] Pacing: sleep 1.2s
2026-08-19 12:56:21,569 [INFO] Page 15 | Collected: 250
2026-08-19 12:56:21,963 [INFO] Pacing: sleep 0.7s
2026-08-19 12:56:22,627 [INFO] Page 16 | Collected: 250
2026-08-19 12:56:22,914 [INFO] Pacing: sleep 1.2s
2026-08-19 12:56:24,148 [INFO] Page 17 | Collected: 250
2026-08-19 12:56:24,439 [INFO] Pacing: sleep 0.9s
2026-08-19 12:56:25,356 [INFO] Page 18 | Collected: 250
2026-08-19 12:56:25,750 [INFO] Pacing: sleep 0.8s
2026-08-19 12:56:26,513 [INFO] Page 19 | Collected: 250
2026-08-19 12:56:26,775 [INFO] Pacing: sleep 0.5s
2026-08-19 12:56:27,286 [INFO] Page 20 | Collected: 250
2026-08-19 12:56:27,691 [INFO] Pacing: sleep 1.1s
2026-08-19 12:56:28,780 [INFO] Page 21 | Collected: 500
2026-08-19 12:56:29,136 [INFO] Pacing: sleep 1.2s
2026-08-19 12:56:30,312 [INFO] Page 22 | Collected: 500
2026-08-19 12:56:30,611 [INFO] Pacing: sleep 0.9s
2026-08-19 12:56:31,514 [INFO] Page 23 | Collected: 500
2026-08-19 12:56:31,916 [INFO] Pacing: sleep 1.4s
2026-08-19 12:56:33,332 [INFO] Page 24 | Collected: 500
2026-08-19 12:56:33,628 [INFO] Pacing: sleep 1.3s
2026-08-19 12:56:34,972 [INFO] Page 25 | Collected: 500
2026-08-19 12:56:35,310 [INFO] Pacing: sleep 1.0s
2026-08-19 12:56:36,348 [INFO] Page 26 | Collected: 500
2026-08-19 12:56:36,677 [INFO] Pacing: sleep 1.3s
2026-08-19 12:56:37,947 [INFO] Page 27 | Collected: 500
2026-08-19 12:56:38,305 [INFO] Pacing: sleep 1.0s
2026-08-19 12:56:39,328 [INFO] Page 28 | Collected: 500
2026-08-19 12:56:39,743 [INFO] Pacing: sleep 0.7s
2026-08-19 12:56:40,405 [INFO] Page 29 | Collected: 500
2026-08-19 12:56:40,671 [INFO] Pacing: sleep 0.5s
2026-08-19 12:56:41,210 [INFO] Page 30 | Collected: 500
2026-08-19 12:56:41,489 [INFO] Pacing: sleep 0.5s
2026-08-19 12:56:42,010 [INFO] Page 31 | Collected: 750
2026-08-19 12:56:42,114 [WARNING] Block detected on page 31: HTTP 429
2026-08-19 12:56:42,114 [INFO] Saved raw HTML for debugging: blocked_0031.html
2026-08-19 12:56:42,115 [WARNING] Initiating ADAPTIVE THROTTLING. Sleeping 180s, switching to SAFE mode.
2026-08-19 12:59:42,115 [INFO] Pacing: sleep 43.8s | Short Cooldown: 36.8s
2026-08-19 13:00:25,953 [INFO] Page 31 | Collected: 750
2026-08-19 13:00:26,357 [INFO] Pacing: sleep 6.6s
2026-08-19 13:00:32,960 [INFO] Page 32 | Collected: 750
2026-08-19 13:00:33,274 [INFO] Pacing: sleep 4.3s
2026-08-19 13:00:37,614 [INFO] Page 33 | Collected: 750
2026-08-19 13:00:37,967 [INFO] Pacing: sleep 7.3s
2026-08-19 13:00:45,248 [INFO] Page 34 | Collected: 750
2026-08-19 13:00:45,532 [INFO] Pacing: sleep 4.5s
2026-08-19 13:00:50,077 [INFO] Page 35 | Collected: 750
2026-08-19 13:00:50,365 [INFO] Pacing: sleep 7.3s
2026-08-19 13:00:57,687 [INFO] Page 36 | Collected: 750
2026-08-19 13:00:58,052 [INFO] Pacing: sleep 5.0s
2026-08-19 13:01:03,054 [INFO] Page 37 | Collected: 750
2026-08-19 13:01:03,341 [INFO] Pacing: sleep 4.2s
2026-08-19 13:01:07,565 [INFO] Page 38 | Collected: 750
2026-08-19 13:01:07,853 [INFO] Pacing: sleep 6.3s
2026-08-19 13:01:14,188 [INFO] Page 39 | Collected: 750
2026-08-19 13:01:14,618 [INFO] Pacing: sleep 7.8s
2026-08-19 13:01:22,446 [INFO] Page 40 | Collected: 750
2026-08-19 13:01:22,749 [INFO] Pacing: sleep 211.8s | Long Cooldown: 204.1s
2026-08-19 13:04:54,595 [INFO] Page 41 | Collected: 1000
2026-08-19 13:04:54,943 [INFO] Pacing: sleep 4.2s
2026-08-19 13:04:59,154 [INFO] Page 42 | Collected: 1000
2026-08-19 13:04:59,437 [INFO] Pacing: sleep 7.4s
2026-08-19 13:05:06,842 [INFO] Page 43 | Collected: 1000
2026-08-19 13:05:07,167 [INFO] Pacing: sleep 7.7s
2026-08-19 13:05:14,871 [INFO] Page 44 | Collected: 1000
2026-08-19 13:05:15,312 [INFO] Pacing: sleep 7.1s
2026-08-19 13:05:22,407 [INFO] Page 45 | Collected: 1000
2026-08-19 13:05:22,719 [INFO] Pacing: sleep 6.1s
2026-08-19 13:05:28,851 [INFO] Page 46 | Collected: 1000
2026-08-19 13:05:29,073 [WARNING] Block detected on page 46: Suspicious term found: 'captcha'
2026-08-19 13:05:29,074 [INFO] Saved raw HTML for debugging: blocked_0046.html
2026-08-19 13:05:29,074 [ERROR] Blocked again even after safe mode. Stopping gracefully.
2026-08-19 13:05:29,075 [INFO] Crawl stopped. Reason: adaptive_throttle_failed_page_46. Finalizing...
2026-08-19 13:05:29,075 [INFO] Merging intermediate pages from work_dir: /home/runner/work/steam-diploma/steam-diploma/data/snapshots/data/snapshots/_in_progress/24a09380-320e-408d-aa92-03a79aa3fbdd
2026-08-19 13:05:29,088 [WARNING] Found 1 duplicate appids across the snapshot.
