2026-09-24 04:07:51,303 [INFO] Steam Snapshot Collector Started.
2026-09-24 04:07:51,303 [INFO] Speed Mode: fast
2026-09-24 04:07:51,303 [INFO] Work Dir: /home/runner/work/steam-diploma/steam-diploma/data/snapshots
2026-09-24 04:07:51,303 [INFO] Base Output Dir: .
2026-09-24 04:07:51,304 [INFO] Page 1 | Collected: 0
2026-09-24 04:07:51,627 [INFO] Pacing: sleep 1.2s
2026-09-24 04:07:52,781 [INFO] Page 2 | Collected: 0
2026-09-24 04:07:53,052 [INFO] Pacing: sleep 0.9s
2026-09-24 04:07:53,999 [INFO] Page 3 | Collected: 0
2026-09-24 04:07:54,236 [INFO] Pacing: sleep 0.8s
2026-09-24 04:07:55,041 [INFO] Page 4 | Collected: 0
2026-09-24 04:07:55,367 [INFO] Pacing: sleep 1.5s
2026-09-24 04:07:56,839 [INFO] Page 5 | Collected: 0
2026-09-24 04:07:57,061 [INFO] Pacing: sleep 1.1s
2026-09-24 04:07:58,183 [INFO] Page 6 | Collected: 0
2026-09-24 04:07:58,441 [INFO] Pacing: sleep 1.2s
2026-09-24 04:07:59,597 [INFO] Page 7 | Collected: 0
2026-09-24 04:07:59,910 [INFO] Pacing: sleep 1.2s
2026-09-24 04:08:01,063 [INFO] Page 8 | Collected: 0
2026-09-24 04:08:01,298 [INFO] Pacing: sleep 0.8s
2026-09-24 04:08:02,110 [INFO] Page 9 | Collected: 0
2026-09-24 04:08:02,389 [INFO] Pacing: sleep 1.1s
2026-09-24 04:08:03,529 [INFO] Page 10 | Collected: 0
2026-09-24 04:08:03,836 [INFO] Pacing: sleep 0.5s
2026-09-24 04:08:04,368 [INFO] Page 11 | Collected: 250
2026-09-24 04:08:04,593 [INFO] Pacing: sleep 0.7s
2026-09-24 04:08:05,320 [INFO] Page 12 | Collected: 250
2026-09-24 04:08:05,623 [INFO] Pacing: sleep 1.0s
2026-09-24 04:08:06,642 [INFO] Page 13 | Collected: 250
2026-09-24 04:08:06,883 [INFO] Pacing: sleep 1.2s
2026-09-24 04:08:08,065 [INFO] Page 14 | Collected: 250
2026-09-24 04:08:08,303 [INFO] Pacing: sleep 1.3s
2026-09-24 04:08:09,646 [INFO] Page 15 | Collected: 250
2026-09-24 04:08:09,960 [INFO] Pacing: sleep 0.5s
2026-09-24 04:08:10,510 [INFO] Page 16 | Collected: 250
2026-09-24 04:08:10,744 [INFO] Pacing: sleep 1.0s
2026-09-24 04:08:11,721 [INFO] Page 17 | Collected: 250
2026-09-24 04:08:11,971 [INFO] Pacing: sleep 1.1s
2026-09-24 04:08:13,052 [INFO] Page 18 | Collected: 250
2026-09-24 04:08:13,372 [INFO] Pacing: sleep 1.5s
2026-09-24 04:08:14,835 [INFO] Page 19 | Collected: 250
2026-09-24 04:08:15,180 [INFO] Pacing: sleep 0.5s
2026-09-24 04:08:15,700 [INFO] Page 20 | Collected: 250
2026-09-24 04:08:16,061 [INFO] Pacing: sleep 0.9s
2026-09-24 04:08:17,002 [INFO] Page 21 | Collected: 500
2026-09-24 04:08:17,253 [INFO] Pacing: sleep 1.3s
2026-09-24 04:08:18,575 [INFO] Page 22 | Collected: 500
2026-09-24 04:08:18,831 [INFO] Pacing: sleep 0.8s
2026-09-24 04:08:19,629 [INFO] Page 23 | Collected: 500
2026-09-24 04:08:19,969 [INFO] Pacing: sleep 0.6s
2026-09-24 04:08:20,581 [INFO] Page 24 | Collected: 500
2026-09-24 04:08:20,872 [INFO] Pacing: sleep 0.9s
2026-09-24 04:08:21,760 [INFO] Page 25 | Collected: 500
2026-09-24 04:08:22,001 [INFO] Pacing: sleep 1.1s
2026-09-24 04:08:23,127 [INFO] Page 26 | Collected: 500
2026-09-24 04:08:23,437 [INFO] Pacing: sleep 0.6s
2026-09-24 04:08:24,061 [INFO] Page 27 | Collected: 500
2026-09-24 04:08:24,295 [INFO] Pacing: sleep 0.9s
2026-09-24 04:08:25,163 [INFO] Page 28 | Collected: 500
2026-09-24 04:08:25,497 [INFO] Pacing: sleep 0.8s
2026-09-24 04:08:26,289 [INFO] Page 29 | Collected: 500
2026-09-24 04:08:26,516 [INFO] Pacing: sleep 1.4s
2026-09-24 04:08:27,929 [INFO] Page 30 | Collected: 500
2026-09-24 04:08:28,175 [INFO] Pacing: sleep 1.5s
2026-09-24 04:08:29,629 [INFO] Page 31 | Collected: 750
2026-09-24 04:08:29,773 [WARNING] Block detected on page 31: HTTP 429
2026-09-24 04:08:29,774 [INFO] Saved raw HTML for debugging: blocked_0031.html
2026-09-24 04:08:29,774 [WARNING] Initiating ADAPTIVE THROTTLING. Sleeping 180s, switching to SAFE mode.
2026-09-24 04:11:29,774 [INFO] Pacing: sleep 59.1s | Short Cooldown: 52.1s
2026-09-24 04:12:28,904 [INFO] Page 31 | Collected: 750
2026-09-24 04:12:29,209 [INFO] Pacing: sleep 4.1s
2026-09-24 04:12:33,352 [INFO] Page 32 | Collected: 750
2026-09-24 04:12:33,602 [INFO] Pacing: sleep 7.5s
2026-09-24 04:12:41,081 [INFO] Page 33 | Collected: 750
2026-09-24 04:12:41,410 [INFO] Pacing: sleep 5.8s
2026-09-24 04:12:47,240 [INFO] Page 34 | Collected: 750
2026-09-24 04:12:47,473 [INFO] Pacing: sleep 4.2s
2026-09-24 04:12:51,710 [INFO] Page 35 | Collected: 750
2026-09-24 04:12:51,932 [INFO] Pacing: sleep 7.3s
2026-09-24 04:12:59,271 [INFO] Page 36 | Collected: 750
2026-09-24 04:12:59,567 [INFO] Pacing: sleep 4.4s
2026-09-24 04:13:03,988 [INFO] Page 37 | Collected: 750
2026-09-24 04:13:04,209 [INFO] Pacing: sleep 7.2s
2026-09-24 04:13:11,409 [INFO] Page 38 | Collected: 750
2026-09-24 04:13:11,695 [INFO] Pacing: sleep 4.6s
2026-09-24 04:13:16,288 [INFO] Page 39 | Collected: 750
2026-09-24 04:13:16,663 [INFO] Pacing: sleep 5.8s
2026-09-24 04:13:22,501 [INFO] Page 40 | Collected: 750
2026-09-24 04:13:22,749 [INFO] Pacing: sleep 183.4s | Long Cooldown: 179.1s
2026-09-24 04:16:26,180 [INFO] Page 41 | Collected: 1000
2026-09-24 04:16:26,501 [INFO] Pacing: sleep 7.8s
2026-09-24 04:16:34,302 [INFO] Page 42 | Collected: 1000
2026-09-24 04:16:34,521 [INFO] Pacing: sleep 7.3s
2026-09-24 04:16:41,774 [INFO] Page 43 | Collected: 1000
2026-09-24 04:16:42,014 [INFO] Pacing: sleep 4.4s
2026-09-24 04:16:46,435 [INFO] Page 44 | Collected: 1000
2026-09-24 04:16:46,744 [INFO] Pacing: sleep 6.4s
2026-09-24 04:16:53,098 [INFO] Page 45 | Collected: 1000
2026-09-24 04:16:53,343 [INFO] Pacing: sleep 4.6s
2026-09-24 04:16:57,918 [INFO] Page 46 | Collected: 1000
2026-09-24 04:16:58,148 [INFO] Pacing: sleep 5.1s
2026-09-24 04:17:03,208 [INFO] Page 47 | Collected: 1000
2026-09-24 04:17:03,386 [WARNING] Block detected on page 47: Suspicious term found: 'captcha'
2026-09-24 04:17:03,386 [INFO] Saved raw HTML for debugging: blocked_0047.html
2026-09-24 04:17:03,387 [ERROR] Blocked again even after safe mode. Stopping gracefully.
2026-09-24 04:17:03,388 [INFO] Crawl stopped. Reason: adaptive_throttle_failed_page_47. Finalizing...
2026-09-24 04:17:03,388 [INFO] Merging intermediate pages from work_dir: /home/runner/work/steam-diploma/steam-diploma/data/snapshots/data/snapshots/_in_progress/9813f2c6-74b8-401d-87dc-c13643c4e660
