2026-08-20 12:58:18,041 [INFO] Steam Snapshot Collector Started.
2026-08-20 12:58:18,041 [INFO] Speed Mode: fast
2026-08-20 12:58:18,041 [INFO] Work Dir: /home/runner/work/steam-diploma/steam-diploma/data/snapshots
2026-08-20 12:58:18,041 [INFO] Base Output Dir: .
2026-08-20 12:58:18,042 [INFO] Page 1 | Collected: 0
2026-08-20 12:58:18,509 [INFO] Pacing: sleep 1.1s
2026-08-20 12:58:19,640 [INFO] Page 2 | Collected: 0
2026-08-20 12:58:20,012 [INFO] Pacing: sleep 1.4s
2026-08-20 12:58:21,385 [INFO] Page 3 | Collected: 0
2026-08-20 12:58:21,705 [INFO] Pacing: sleep 0.8s
2026-08-20 12:58:22,545 [INFO] Page 4 | Collected: 0
2026-08-20 12:58:22,885 [INFO] Pacing: sleep 0.7s
2026-08-20 12:58:23,560 [INFO] Page 5 | Collected: 0
2026-08-20 12:58:23,856 [INFO] Pacing: sleep 0.6s
2026-08-20 12:58:24,453 [INFO] Page 6 | Collected: 0
2026-08-20 12:58:24,944 [INFO] Pacing: sleep 1.0s
2026-08-20 12:58:25,975 [INFO] Page 7 | Collected: 0
2026-08-20 12:58:26,342 [INFO] Pacing: sleep 1.4s
2026-08-20 12:58:27,744 [INFO] Page 8 | Collected: 0
2026-08-20 12:58:28,065 [INFO] Pacing: sleep 1.1s
2026-08-20 12:58:29,208 [INFO] Page 9 | Collected: 0
2026-08-20 12:58:29,533 [INFO] Pacing: sleep 1.4s
2026-08-20 12:58:30,894 [INFO] Page 10 | Collected: 0
2026-08-20 12:58:31,288 [INFO] Pacing: sleep 1.4s
2026-08-20 12:58:32,722 [INFO] Page 11 | Collected: 250
2026-08-20 12:58:33,053 [INFO] Pacing: sleep 1.3s
2026-08-20 12:58:34,381 [INFO] Page 12 | Collected: 250
2026-08-20 12:58:34,793 [INFO] Pacing: sleep 0.6s
2026-08-20 12:58:35,393 [INFO] Page 13 | Collected: 250
2026-08-20 12:58:35,686 [INFO] Pacing: sleep 1.2s
2026-08-20 12:58:36,916 [INFO] Page 14 | Collected: 250
2026-08-20 12:58:37,421 [INFO] Pacing: sleep 0.9s
2026-08-20 12:58:38,329 [INFO] Page 15 | Collected: 250
2026-08-20 12:58:38,701 [INFO] Pacing: sleep 0.5s
2026-08-20 12:58:39,204 [INFO] Page 16 | Collected: 250
2026-08-20 12:58:39,510 [INFO] Pacing: sleep 1.5s
2026-08-20 12:58:40,988 [INFO] Page 17 | Collected: 250
2026-08-20 12:58:41,305 [INFO] Pacing: sleep 0.9s
2026-08-20 12:58:42,203 [INFO] Page 18 | Collected: 250
2026-08-20 12:58:42,596 [INFO] Pacing: sleep 1.3s
2026-08-20 12:58:43,850 [INFO] Page 19 | Collected: 250
2026-08-20 12:58:44,148 [INFO] Pacing: sleep 1.2s
2026-08-20 12:58:45,391 [INFO] Page 20 | Collected: 250
2026-08-20 12:58:45,785 [INFO] Pacing: sleep 0.7s
2026-08-20 12:58:46,526 [INFO] Page 21 | Collected: 500
2026-08-20 12:58:46,826 [INFO] Pacing: sleep 1.0s
2026-08-20 12:58:47,832 [INFO] Page 22 | Collected: 500
2026-08-20 12:58:48,111 [INFO] Pacing: sleep 1.2s
2026-08-20 12:58:49,281 [INFO] Page 23 | Collected: 500
2026-08-20 12:58:49,660 [INFO] Pacing: sleep 0.6s
2026-08-20 12:58:50,271 [INFO] Page 24 | Collected: 500
2026-08-20 12:58:50,631 [INFO] Pacing: sleep 0.6s
2026-08-20 12:58:51,233 [INFO] Page 25 | Collected: 500
2026-08-20 12:58:51,661 [INFO] Pacing: sleep 0.8s
2026-08-20 12:58:52,474 [INFO] Page 26 | Collected: 500
2026-08-20 12:58:52,852 [INFO] Pacing: sleep 1.0s
2026-08-20 12:58:53,828 [INFO] Page 27 | Collected: 500
2026-08-20 12:58:54,187 [INFO] Pacing: sleep 0.8s
2026-08-20 12:58:54,995 [INFO] Page 28 | Collected: 500
2026-08-20 12:58:55,386 [INFO] Pacing: sleep 1.2s
2026-08-20 12:58:56,542 [INFO] Page 29 | Collected: 500
2026-08-20 12:58:56,841 [INFO] Pacing: sleep 0.9s
2026-08-20 12:58:57,742 [INFO] Page 30 | Collected: 500
2026-08-20 12:58:58,047 [INFO] Pacing: sleep 0.5s
2026-08-20 12:58:58,553 [INFO] Page 31 | Collected: 750
2026-08-20 12:58:58,726 [WARNING] Block detected on page 31: HTTP 429
2026-08-20 12:58:58,727 [INFO] Saved raw HTML for debugging: blocked_0031.html
2026-08-20 12:58:58,727 [WARNING] Initiating ADAPTIVE THROTTLING. Sleeping 180s, switching to SAFE mode.
2026-08-20 13:01:58,727 [INFO] Pacing: sleep 48.8s | Short Cooldown: 42.4s
2026-08-20 13:02:47,494 [INFO] Page 31 | Collected: 750
2026-08-20 13:02:47,922 [INFO] Pacing: sleep 5.5s
2026-08-20 13:02:53,426 [INFO] Page 32 | Collected: 750
2026-08-20 13:02:53,728 [INFO] Pacing: sleep 4.1s
2026-08-20 13:02:57,868 [INFO] Page 33 | Collected: 750
2026-08-20 13:02:58,248 [INFO] Pacing: sleep 6.3s
2026-08-20 13:03:04,542 [INFO] Page 34 | Collected: 750
2026-08-20 13:03:04,915 [INFO] Pacing: sleep 5.1s
2026-08-20 13:03:10,014 [INFO] Page 35 | Collected: 750
2026-08-20 13:03:10,318 [INFO] Pacing: sleep 4.2s
2026-08-20 13:03:14,512 [INFO] Page 36 | Collected: 750
2026-08-20 13:03:14,853 [INFO] Pacing: sleep 4.0s
2026-08-20 13:03:18,896 [INFO] Page 37 | Collected: 750
2026-08-20 13:03:19,185 [INFO] Pacing: sleep 5.2s
2026-08-20 13:03:24,349 [INFO] Page 38 | Collected: 750
2026-08-20 13:03:24,614 [INFO] Pacing: sleep 5.4s
2026-08-20 13:03:30,014 [INFO] Page 39 | Collected: 750
2026-08-20 13:03:30,462 [INFO] Pacing: sleep 7.4s
2026-08-20 13:03:37,876 [INFO] Page 40 | Collected: 750
2026-08-20 13:03:38,191 [INFO] Pacing: sleep 157.4s | Long Cooldown: 152.8s
2026-08-20 13:06:15,553 [INFO] Page 41 | Collected: 1000
2026-08-20 13:06:15,918 [INFO] Pacing: sleep 5.4s
2026-08-20 13:06:21,361 [INFO] Page 42 | Collected: 1000
2026-08-20 13:06:21,645 [INFO] Pacing: sleep 6.0s
2026-08-20 13:06:27,612 [INFO] Page 43 | Collected: 1000
2026-08-20 13:06:27,964 [INFO] Pacing: sleep 7.3s
2026-08-20 13:06:35,226 [INFO] Page 44 | Collected: 1000
2026-08-20 13:06:35,720 [INFO] Pacing: sleep 6.3s
2026-08-20 13:06:42,020 [INFO] Page 45 | Collected: 1000
2026-08-20 13:06:42,306 [INFO] Pacing: sleep 6.3s
2026-08-20 13:06:48,614 [INFO] Page 46 | Collected: 1000
2026-08-20 13:06:48,840 [WARNING] Block detected on page 46: Suspicious term found: 'captcha'
2026-08-20 13:06:48,841 [INFO] Saved raw HTML for debugging: blocked_0046.html
2026-08-20 13:06:48,841 [ERROR] Blocked again even after safe mode. Stopping gracefully.
2026-08-20 13:06:48,842 [INFO] Crawl stopped. Reason: adaptive_throttle_failed_page_46. Finalizing...
2026-08-20 13:06:48,843 [INFO] Merging intermediate pages from work_dir: /home/runner/work/steam-diploma/steam-diploma/data/snapshots/data/snapshots/_in_progress/30f6dc35-885f-46d0-899d-6fd0002e889a
