2026-10-10 05:16:27,483 [INFO] Steam Snapshot Collector Started.
2026-10-10 05:16:27,483 [INFO] Speed Mode: fast
2026-10-10 05:16:27,483 [INFO] Work Dir: /home/runner/work/steam-diploma/steam-diploma/data/snapshots
2026-10-10 05:16:27,483 [INFO] Base Output Dir: .
2026-10-10 05:16:27,483 [INFO] Page 1 | Collected: 0
2026-10-10 05:16:27,891 [INFO] Pacing: sleep 0.8s
2026-10-10 05:16:28,657 [INFO] Page 2 | Collected: 0
2026-10-10 05:16:29,004 [INFO] Pacing: sleep 1.4s
2026-10-10 05:16:30,360 [INFO] Page 3 | Collected: 0
2026-10-10 05:16:30,678 [INFO] Pacing: sleep 1.0s
2026-10-10 05:16:31,687 [INFO] Page 4 | Collected: 0
2026-10-10 05:16:32,019 [INFO] Pacing: sleep 1.0s
2026-10-10 05:16:33,069 [INFO] Page 5 | Collected: 0
2026-10-10 05:16:33,340 [INFO] Pacing: sleep 0.7s
2026-10-10 05:16:34,030 [INFO] Page 6 | Collected: 0
2026-10-10 05:16:34,319 [INFO] Pacing: sleep 0.8s
2026-10-10 05:16:35,125 [INFO] Page 7 | Collected: 0
2026-10-10 05:16:35,457 [INFO] Pacing: sleep 1.1s
2026-10-10 05:16:36,606 [INFO] Page 8 | Collected: 0
2026-10-10 05:16:36,874 [INFO] Pacing: sleep 1.2s
2026-10-10 05:16:38,058 [INFO] Page 9 | Collected: 0
2026-10-10 05:16:38,319 [INFO] Pacing: sleep 0.6s
2026-10-10 05:16:38,900 [INFO] Page 10 | Collected: 0
2026-10-10 05:16:39,259 [INFO] Pacing: sleep 0.9s
2026-10-10 05:16:40,173 [INFO] Page 11 | Collected: 250
2026-10-10 05:16:40,489 [INFO] Pacing: sleep 0.9s
2026-10-10 05:16:41,413 [INFO] Page 12 | Collected: 250
2026-10-10 05:16:41,748 [INFO] Pacing: sleep 0.8s
2026-10-10 05:16:42,558 [INFO] Page 13 | Collected: 250
2026-10-10 05:16:42,846 [INFO] Pacing: sleep 0.9s
2026-10-10 05:16:43,764 [INFO] Page 14 | Collected: 250
2026-10-10 05:16:44,040 [INFO] Pacing: sleep 1.2s
2026-10-10 05:16:45,200 [INFO] Page 15 | Collected: 250
2026-10-10 05:16:45,543 [INFO] Pacing: sleep 0.8s
2026-10-10 05:16:46,385 [INFO] Page 16 | Collected: 250
2026-10-10 05:16:46,642 [INFO] Pacing: sleep 1.3s
2026-10-10 05:16:47,914 [INFO] Page 17 | Collected: 250
2026-10-10 05:16:48,172 [INFO] Pacing: sleep 1.0s
2026-10-10 05:16:49,140 [INFO] Page 18 | Collected: 250
2026-10-10 05:16:49,491 [INFO] Pacing: sleep 0.7s
2026-10-10 05:16:50,155 [INFO] Page 19 | Collected: 250
2026-10-10 05:16:50,430 [INFO] Pacing: sleep 0.6s
2026-10-10 05:16:50,986 [INFO] Page 20 | Collected: 250
2026-10-10 05:16:51,362 [INFO] Pacing: sleep 1.4s
2026-10-10 05:16:52,803 [INFO] Page 21 | Collected: 500
2026-10-10 05:16:53,072 [INFO] Pacing: sleep 1.3s
2026-10-10 05:16:54,401 [INFO] Page 22 | Collected: 500
2026-10-10 05:16:54,681 [INFO] Pacing: sleep 0.6s
2026-10-10 05:16:55,281 [INFO] Page 23 | Collected: 500
2026-10-10 05:16:55,634 [INFO] Pacing: sleep 1.5s
2026-10-10 05:16:57,096 [INFO] Page 24 | Collected: 500
2026-10-10 05:16:57,357 [INFO] Pacing: sleep 1.2s
2026-10-10 05:16:58,549 [INFO] Page 25 | Collected: 500
2026-10-10 05:16:58,832 [INFO] Pacing: sleep 1.2s
2026-10-10 05:16:59,996 [INFO] Page 26 | Collected: 500
2026-10-10 05:17:00,357 [INFO] Pacing: sleep 1.4s
2026-10-10 05:17:01,711 [INFO] Page 27 | Collected: 500
2026-10-10 05:17:01,988 [INFO] Pacing: sleep 0.8s
2026-10-10 05:17:02,804 [INFO] Page 28 | Collected: 500
2026-10-10 05:17:03,148 [INFO] Pacing: sleep 0.9s
2026-10-10 05:17:04,070 [INFO] Page 29 | Collected: 500
2026-10-10 05:17:04,329 [INFO] Pacing: sleep 1.0s
2026-10-10 05:17:05,373 [INFO] Page 30 | Collected: 500
2026-10-10 05:17:05,635 [INFO] Pacing: sleep 1.2s
2026-10-10 05:17:06,812 [INFO] Page 31 | Collected: 750
2026-10-10 05:17:06,894 [WARNING] Block detected on page 31: HTTP 429
2026-10-10 05:17:06,895 [INFO] Saved raw HTML for debugging: blocked_0031.html
2026-10-10 05:17:06,895 [WARNING] Initiating ADAPTIVE THROTTLING. Sleeping 180s, switching to SAFE mode.
2026-10-10 05:20:06,895 [INFO] Pacing: sleep 47.0s | Short Cooldown: 40.0s
2026-10-10 05:20:53,884 [INFO] Page 31 | Collected: 750
2026-10-10 05:20:54,261 [INFO] Pacing: sleep 4.7s
2026-10-10 05:20:58,972 [INFO] Page 32 | Collected: 750
2026-10-10 05:20:59,260 [INFO] Pacing: sleep 4.7s
2026-10-10 05:21:03,968 [INFO] Page 33 | Collected: 750
2026-10-10 05:21:04,356 [INFO] Pacing: sleep 5.7s
2026-10-10 05:21:10,075 [INFO] Page 34 | Collected: 750
2026-10-10 05:21:10,354 [INFO] Pacing: sleep 7.9s
2026-10-10 05:21:18,249 [INFO] Page 35 | Collected: 750
2026-10-10 05:21:18,529 [INFO] Pacing: sleep 5.4s
2026-10-10 05:21:23,938 [INFO] Page 36 | Collected: 750
2026-10-10 05:21:24,302 [INFO] Pacing: sleep 7.9s
2026-10-10 05:21:32,200 [INFO] Page 37 | Collected: 750
2026-10-10 05:21:32,529 [INFO] Pacing: sleep 7.0s
2026-10-10 05:21:39,573 [INFO] Page 38 | Collected: 750
2026-10-10 05:21:39,850 [INFO] Pacing: sleep 6.8s
2026-10-10 05:21:46,614 [INFO] Page 39 | Collected: 750
2026-10-10 05:21:46,981 [INFO] Pacing: sleep 4.2s
2026-10-10 05:21:51,203 [INFO] Page 40 | Collected: 750
2026-10-10 05:21:51,489 [INFO] Pacing: sleep 146.6s | Long Cooldown: 141.8s
2026-10-10 05:24:18,042 [INFO] Page 41 | Collected: 1000
2026-10-10 05:24:18,380 [INFO] Pacing: sleep 6.2s
2026-10-10 05:24:24,616 [INFO] Page 42 | Collected: 1000
2026-10-10 05:24:25,301 [INFO] Pacing: sleep 4.1s
2026-10-10 05:24:29,403 [INFO] Page 43 | Collected: 1000
2026-10-10 05:24:29,688 [INFO] Pacing: sleep 7.7s
2026-10-10 05:24:37,376 [INFO] Page 44 | Collected: 1000
2026-10-10 05:24:37,726 [INFO] Pacing: sleep 7.0s
2026-10-10 05:24:44,767 [INFO] Page 45 | Collected: 1000
2026-10-10 05:24:45,048 [INFO] Pacing: sleep 4.3s
2026-10-10 05:24:49,386 [INFO] Page 46 | Collected: 1000
2026-10-10 05:24:49,647 [INFO] Pacing: sleep 6.6s
2026-10-10 05:24:56,265 [INFO] Page 47 | Collected: 1000
2026-10-10 05:24:56,422 [WARNING] Block detected on page 47: Suspicious term found: 'captcha'
2026-10-10 05:24:56,423 [INFO] Saved raw HTML for debugging: blocked_0047.html
2026-10-10 05:24:56,423 [ERROR] Blocked again even after safe mode. Stopping gracefully.
2026-10-10 05:24:56,424 [INFO] Crawl stopped. Reason: adaptive_throttle_failed_page_47. Finalizing...
2026-10-10 05:24:56,424 [INFO] Merging intermediate pages from work_dir: /home/runner/work/steam-diploma/steam-diploma/data/snapshots/data/snapshots/_in_progress/edecdd08-67d3-434c-a4a8-9b59556e34ab
