2026-09-17 16:39:01,035 [INFO] Steam Snapshot Collector Started.
2026-09-17 16:39:01,035 [INFO] Speed Mode: fast
2026-09-17 16:39:01,035 [INFO] Work Dir: /home/runner/work/steam-diploma/steam-diploma/data/snapshots
2026-09-17 16:39:01,035 [INFO] Base Output Dir: .
2026-09-17 16:39:01,036 [INFO] Page 1 | Collected: 0
2026-09-17 16:39:01,485 [INFO] Pacing: sleep 0.6s
2026-09-17 16:39:02,087 [INFO] Page 2 | Collected: 0
2026-09-17 16:39:02,382 [INFO] Pacing: sleep 1.5s
2026-09-17 16:39:03,868 [INFO] Page 3 | Collected: 0
2026-09-17 16:39:04,159 [INFO] Pacing: sleep 1.0s
2026-09-17 16:39:05,119 [INFO] Page 4 | Collected: 0
2026-09-17 16:39:05,443 [INFO] Pacing: sleep 0.8s
2026-09-17 16:39:06,256 [INFO] Page 5 | Collected: 0
2026-09-17 16:39:06,535 [INFO] Pacing: sleep 0.7s
2026-09-17 16:39:07,188 [INFO] Page 6 | Collected: 0
2026-09-17 16:39:07,477 [INFO] Pacing: sleep 1.1s
2026-09-17 16:39:08,621 [INFO] Page 7 | Collected: 0
2026-09-17 16:39:08,982 [INFO] Pacing: sleep 1.2s
2026-09-17 16:39:10,207 [INFO] Page 8 | Collected: 0
2026-09-17 16:39:10,471 [INFO] Pacing: sleep 0.8s
2026-09-17 16:39:11,239 [INFO] Page 9 | Collected: 0
2026-09-17 16:39:11,537 [INFO] Pacing: sleep 0.8s
2026-09-17 16:39:12,294 [INFO] Page 10 | Collected: 0
2026-09-17 16:39:12,654 [INFO] Pacing: sleep 0.5s
2026-09-17 16:39:13,168 [INFO] Page 11 | Collected: 250
2026-09-17 16:39:13,454 [INFO] Pacing: sleep 0.7s
2026-09-17 16:39:14,126 [INFO] Page 12 | Collected: 250
2026-09-17 16:39:14,463 [INFO] Pacing: sleep 0.8s
2026-09-17 16:39:15,245 [INFO] Page 13 | Collected: 250
2026-09-17 16:39:15,541 [INFO] Pacing: sleep 0.7s
2026-09-17 16:39:16,263 [INFO] Page 14 | Collected: 250
2026-09-17 16:39:16,542 [INFO] Pacing: sleep 1.4s
2026-09-17 16:39:17,942 [INFO] Page 15 | Collected: 250
2026-09-17 16:39:18,287 [INFO] Pacing: sleep 1.0s
2026-09-17 16:39:19,254 [INFO] Page 16 | Collected: 250
2026-09-17 16:39:19,530 [INFO] Pacing: sleep 1.1s
2026-09-17 16:39:20,626 [INFO] Page 17 | Collected: 250
2026-09-17 16:39:20,919 [INFO] Pacing: sleep 0.6s
2026-09-17 16:39:21,527 [INFO] Page 18 | Collected: 250
2026-09-17 16:39:21,885 [INFO] Pacing: sleep 1.1s
2026-09-17 16:39:22,972 [INFO] Page 19 | Collected: 250
2026-09-17 16:39:23,261 [INFO] Pacing: sleep 0.6s
2026-09-17 16:39:23,877 [INFO] Page 20 | Collected: 250
2026-09-17 16:39:24,230 [INFO] Pacing: sleep 0.9s
2026-09-17 16:39:25,106 [INFO] Page 21 | Collected: 500
2026-09-17 16:39:25,384 [INFO] Pacing: sleep 0.7s
2026-09-17 16:39:26,039 [INFO] Page 22 | Collected: 500
2026-09-17 16:39:26,332 [INFO] Pacing: sleep 1.2s
2026-09-17 16:39:27,528 [INFO] Page 23 | Collected: 500
2026-09-17 16:39:27,894 [INFO] Pacing: sleep 1.2s
2026-09-17 16:39:29,064 [INFO] Page 24 | Collected: 500
2026-09-17 16:39:29,367 [INFO] Pacing: sleep 1.1s
2026-09-17 16:39:30,515 [INFO] Page 25 | Collected: 500
2026-09-17 16:39:30,816 [INFO] Pacing: sleep 1.5s
2026-09-17 16:39:32,269 [INFO] Page 26 | Collected: 500
2026-09-17 16:39:32,668 [INFO] Pacing: sleep 1.2s
2026-09-17 16:39:33,910 [INFO] Page 27 | Collected: 500
2026-09-17 16:39:34,205 [INFO] Pacing: sleep 1.2s
2026-09-17 16:39:35,430 [INFO] Page 28 | Collected: 500
2026-09-17 16:39:35,754 [INFO] Pacing: sleep 1.4s
2026-09-17 16:39:37,193 [INFO] Page 29 | Collected: 500
2026-09-17 16:39:37,517 [INFO] Pacing: sleep 1.2s
2026-09-17 16:39:38,695 [INFO] Page 30 | Collected: 500
2026-09-17 16:39:38,992 [INFO] Pacing: sleep 0.9s
2026-09-17 16:39:39,883 [INFO] Page 31 | Collected: 750
2026-09-17 16:39:39,970 [WARNING] Block detected on page 31: HTTP 429
2026-09-17 16:39:39,970 [INFO] Saved raw HTML for debugging: blocked_0031.html
2026-09-17 16:39:39,970 [WARNING] Initiating ADAPTIVE THROTTLING. Sleeping 180s, switching to SAFE mode.
2026-09-17 16:42:39,970 [INFO] Pacing: sleep 55.5s | Short Cooldown: 50.5s
2026-09-17 16:43:35,429 [INFO] Page 31 | Collected: 750
2026-09-17 16:43:35,809 [INFO] Pacing: sleep 5.0s
2026-09-17 16:43:40,853 [INFO] Page 32 | Collected: 750
2026-09-17 16:43:41,210 [INFO] Pacing: sleep 6.3s
2026-09-17 16:43:47,508 [INFO] Page 33 | Collected: 750
2026-09-17 16:43:47,911 [INFO] Pacing: sleep 5.6s
2026-09-17 16:43:53,561 [INFO] Page 34 | Collected: 750
2026-09-17 16:43:53,861 [INFO] Pacing: sleep 4.5s
2026-09-17 16:43:58,336 [INFO] Page 35 | Collected: 750
2026-09-17 16:43:58,636 [INFO] Pacing: sleep 4.3s
2026-09-17 16:44:02,896 [INFO] Page 36 | Collected: 750
2026-09-17 16:44:03,261 [INFO] Pacing: sleep 5.5s
2026-09-17 16:44:08,783 [INFO] Page 37 | Collected: 750
2026-09-17 16:44:09,140 [INFO] Pacing: sleep 7.5s
2026-09-17 16:44:16,640 [INFO] Page 38 | Collected: 750
2026-09-17 16:44:17,045 [INFO] Pacing: sleep 5.1s
2026-09-17 16:44:22,129 [INFO] Page 39 | Collected: 750
2026-09-17 16:44:22,567 [INFO] Pacing: sleep 6.5s
2026-09-17 16:44:29,033 [INFO] Page 40 | Collected: 750
2026-09-17 16:44:29,331 [INFO] Pacing: sleep 229.8s | Long Cooldown: 224.2s
2026-09-17 16:48:19,114 [INFO] Page 41 | Collected: 1000
2026-09-17 16:48:19,509 [INFO] Pacing: sleep 6.5s
2026-09-17 16:48:26,047 [INFO] Page 42 | Collected: 1000
2026-09-17 16:48:26,356 [INFO] Pacing: sleep 5.8s
2026-09-17 16:48:32,134 [INFO] Page 43 | Collected: 1000
2026-09-17 16:48:32,433 [INFO] Pacing: sleep 4.5s
2026-09-17 16:48:36,929 [INFO] Page 44 | Collected: 1000
2026-09-17 16:48:37,292 [INFO] Pacing: sleep 6.8s
2026-09-17 16:48:44,064 [INFO] Page 45 | Collected: 1000
2026-09-17 16:48:44,335 [INFO] Pacing: sleep 6.5s
2026-09-17 16:48:50,798 [INFO] Page 46 | Collected: 1000
2026-09-17 16:48:51,118 [INFO] Pacing: sleep 4.8s
2026-09-17 16:48:55,933 [INFO] Page 47 | Collected: 1000
2026-09-17 16:48:56,346 [INFO] Pacing: sleep 4.8s
2026-09-17 16:49:01,102 [INFO] Page 48 | Collected: 1000
2026-09-17 16:49:01,300 [WARNING] Block detected on page 48: Suspicious term found: 'captcha'
2026-09-17 16:49:01,301 [INFO] Saved raw HTML for debugging: blocked_0048.html
2026-09-17 16:49:01,301 [ERROR] Blocked again even after safe mode. Stopping gracefully.
2026-09-17 16:49:01,303 [INFO] Crawl stopped. Reason: adaptive_throttle_failed_page_48. Finalizing...
2026-09-17 16:49:01,303 [INFO] Merging intermediate pages from work_dir: /home/runner/work/steam-diploma/steam-diploma/data/snapshots/data/snapshots/_in_progress/4256597b-97cd-4207-b894-ed8fd2edbb3a
