2026-09-30 17:51:25,683 [INFO] Steam Snapshot Collector Started.
2026-09-30 17:51:25,683 [INFO] Speed Mode: fast
2026-09-30 17:51:25,683 [INFO] Work Dir: /home/runner/work/steam-diploma/steam-diploma/data/snapshots
2026-09-30 17:51:25,683 [INFO] Base Output Dir: .
2026-09-30 17:51:25,683 [INFO] Page 1 | Collected: 0
2026-09-30 17:51:26,103 [INFO] Pacing: sleep 1.2s
2026-09-30 17:51:27,285 [INFO] Page 2 | Collected: 0
2026-09-30 17:51:27,595 [INFO] Pacing: sleep 1.4s
2026-09-30 17:51:29,003 [INFO] Page 3 | Collected: 0
2026-09-30 17:51:29,302 [INFO] Pacing: sleep 1.0s
2026-09-30 17:51:30,265 [INFO] Page 4 | Collected: 0
2026-09-30 17:51:30,515 [INFO] Pacing: sleep 1.0s
2026-09-30 17:51:31,542 [INFO] Page 5 | Collected: 0
2026-09-30 17:51:31,752 [INFO] Pacing: sleep 1.3s
2026-09-30 17:51:33,045 [INFO] Page 6 | Collected: 0
2026-09-30 17:51:33,239 [INFO] Pacing: sleep 1.5s
2026-09-30 17:51:34,698 [INFO] Page 7 | Collected: 0
2026-09-30 17:51:35,081 [INFO] Pacing: sleep 0.9s
2026-09-30 17:51:36,023 [INFO] Page 8 | Collected: 0
2026-09-30 17:51:36,222 [INFO] Pacing: sleep 0.7s
2026-09-30 17:51:36,964 [INFO] Page 9 | Collected: 0
2026-09-30 17:51:37,209 [INFO] Pacing: sleep 1.2s
2026-09-30 17:51:38,409 [INFO] Page 10 | Collected: 0
2026-09-30 17:51:38,755 [INFO] Pacing: sleep 1.3s
2026-09-30 17:51:40,099 [INFO] Page 11 | Collected: 250
2026-09-30 17:51:40,337 [INFO] Pacing: sleep 1.1s
2026-09-30 17:51:41,431 [INFO] Page 12 | Collected: 250
2026-09-30 17:51:41,686 [INFO] Pacing: sleep 1.5s
2026-09-30 17:51:43,185 [INFO] Page 13 | Collected: 250
2026-09-30 17:51:43,395 [INFO] Pacing: sleep 0.9s
2026-09-30 17:51:44,279 [INFO] Page 14 | Collected: 250
2026-09-30 17:51:44,485 [INFO] Pacing: sleep 1.3s
2026-09-30 17:51:45,812 [INFO] Page 15 | Collected: 250
2026-09-30 17:51:46,075 [INFO] Pacing: sleep 1.4s
2026-09-30 17:51:47,481 [INFO] Page 16 | Collected: 250
2026-09-30 17:51:47,734 [INFO] Pacing: sleep 0.9s
2026-09-30 17:51:48,595 [INFO] Page 17 | Collected: 250
2026-09-30 17:51:48,809 [INFO] Pacing: sleep 0.8s
2026-09-30 17:51:49,580 [INFO] Page 18 | Collected: 250
2026-09-30 17:51:49,843 [INFO] Pacing: sleep 0.9s
2026-09-30 17:51:50,705 [INFO] Page 19 | Collected: 250
2026-09-30 17:51:50,926 [INFO] Pacing: sleep 0.9s
2026-09-30 17:51:51,842 [INFO] Page 20 | Collected: 250
2026-09-30 17:51:52,136 [INFO] Pacing: sleep 1.0s
2026-09-30 17:51:53,118 [INFO] Page 21 | Collected: 500
2026-09-30 17:51:53,326 [INFO] Pacing: sleep 0.7s
2026-09-30 17:51:53,978 [INFO] Page 22 | Collected: 500
2026-09-30 17:51:54,197 [INFO] Pacing: sleep 0.7s
2026-09-30 17:51:54,925 [INFO] Page 23 | Collected: 500
2026-09-30 17:51:55,199 [INFO] Pacing: sleep 1.4s
2026-09-30 17:51:56,628 [INFO] Page 24 | Collected: 500
2026-09-30 17:51:56,827 [INFO] Pacing: sleep 1.1s
2026-09-30 17:51:57,956 [INFO] Page 25 | Collected: 500
2026-09-30 17:51:58,232 [INFO] Pacing: sleep 1.4s
2026-09-30 17:51:59,605 [INFO] Page 26 | Collected: 500
2026-09-30 17:51:59,973 [INFO] Pacing: sleep 1.0s
2026-09-30 17:52:00,943 [INFO] Page 27 | Collected: 500
2026-09-30 17:52:01,176 [INFO] Pacing: sleep 0.8s
2026-09-30 17:52:01,935 [INFO] Page 28 | Collected: 500
2026-09-30 17:52:02,198 [INFO] Pacing: sleep 0.7s
2026-09-30 17:52:02,912 [INFO] Page 29 | Collected: 500
2026-09-30 17:52:03,165 [INFO] Pacing: sleep 0.6s
2026-09-30 17:52:03,808 [INFO] Page 30 | Collected: 500
2026-09-30 17:52:04,206 [INFO] Pacing: sleep 1.4s
2026-09-30 17:52:05,617 [INFO] Page 31 | Collected: 750
2026-09-30 17:52:05,791 [WARNING] Block detected on page 31: HTTP 429
2026-09-30 17:52:05,791 [INFO] Saved raw HTML for debugging: blocked_0031.html
2026-09-30 17:52:05,791 [WARNING] Initiating ADAPTIVE THROTTLING. Sleeping 180s, switching to SAFE mode.
2026-09-30 17:55:05,791 [INFO] Pacing: sleep 43.4s | Short Cooldown: 36.5s
2026-09-30 17:55:49,176 [INFO] Page 31 | Collected: 750
2026-09-30 17:55:49,464 [INFO] Pacing: sleep 4.7s
2026-09-30 17:55:54,120 [INFO] Page 32 | Collected: 750
2026-09-30 17:55:54,386 [INFO] Pacing: sleep 7.7s
2026-09-30 17:56:02,043 [INFO] Page 33 | Collected: 750
2026-09-30 17:56:02,336 [INFO] Pacing: sleep 6.1s
2026-09-30 17:56:08,474 [INFO] Page 34 | Collected: 750
2026-09-30 17:56:08,667 [INFO] Pacing: sleep 6.1s
2026-09-30 17:56:14,771 [INFO] Page 35 | Collected: 750
2026-09-30 17:56:15,003 [INFO] Pacing: sleep 4.4s
2026-09-30 17:56:19,356 [INFO] Page 36 | Collected: 750
2026-09-30 17:56:19,651 [INFO] Pacing: sleep 6.8s
2026-09-30 17:56:26,464 [INFO] Page 37 | Collected: 750
2026-09-30 17:56:26,801 [INFO] Pacing: sleep 7.3s
2026-09-30 17:56:34,136 [INFO] Page 38 | Collected: 750
2026-09-30 17:56:34,678 [INFO] Pacing: sleep 7.2s
2026-09-30 17:56:41,855 [INFO] Page 39 | Collected: 750
2026-09-30 17:56:42,175 [INFO] Pacing: sleep 4.8s
2026-09-30 17:56:46,993 [INFO] Page 40 | Collected: 750
2026-09-30 17:56:47,200 [INFO] Pacing: sleep 239.3s | Long Cooldown: 232.6s
2026-09-30 18:00:46,487 [INFO] Page 41 | Collected: 1000
2026-09-30 18:00:46,753 [INFO] Pacing: sleep 5.2s
2026-09-30 18:00:51,976 [INFO] Page 42 | Collected: 1000
2026-09-30 18:00:52,179 [INFO] Pacing: sleep 4.5s
2026-09-30 18:00:56,672 [INFO] Page 43 | Collected: 1000
2026-09-30 18:00:56,915 [INFO] Pacing: sleep 5.0s
2026-09-30 18:01:01,957 [INFO] Page 44 | Collected: 1000
2026-09-30 18:01:02,284 [INFO] Pacing: sleep 6.2s
2026-09-30 18:01:08,521 [INFO] Page 45 | Collected: 1000
2026-09-30 18:01:08,752 [INFO] Pacing: sleep 5.3s
2026-09-30 18:01:14,016 [INFO] Page 46 | Collected: 1000
2026-09-30 18:01:14,351 [INFO] Pacing: sleep 7.9s
2026-09-30 18:01:22,293 [INFO] Page 47 | Collected: 1000
2026-09-30 18:01:22,509 [WARNING] Block detected on page 47: Suspicious term found: 'captcha'
2026-09-30 18:01:22,509 [INFO] Saved raw HTML for debugging: blocked_0047.html
2026-09-30 18:01:22,510 [ERROR] Blocked again even after safe mode. Stopping gracefully.
2026-09-30 18:01:22,510 [INFO] Crawl stopped. Reason: adaptive_throttle_failed_page_47. Finalizing...
2026-09-30 18:01:22,511 [INFO] Merging intermediate pages from work_dir: /home/runner/work/steam-diploma/steam-diploma/data/snapshots/data/snapshots/_in_progress/42e0678b-bb48-454b-b1aa-c0dfc8feb199
