2026-08-13 02:23:53,368 [INFO] Steam Snapshot Collector Started.
2026-08-13 02:23:53,369 [INFO] Speed Mode: fast
2026-08-13 02:23:53,369 [INFO] Work Dir: /home/runner/work/steam-diploma/steam-diploma/data/snapshots
2026-08-13 02:23:53,369 [INFO] Base Output Dir: .
2026-08-13 02:23:53,369 [INFO] Page 1 | Collected: 0
2026-08-13 02:23:53,732 [INFO] Pacing: sleep 0.7s
2026-08-13 02:23:54,412 [INFO] Page 2 | Collected: 0
2026-08-13 02:23:54,686 [INFO] Pacing: sleep 0.5s
2026-08-13 02:23:55,208 [INFO] Page 3 | Collected: 0
2026-08-13 02:23:55,474 [INFO] Pacing: sleep 1.5s
2026-08-13 02:23:56,943 [INFO] Page 4 | Collected: 0
2026-08-13 02:23:57,321 [INFO] Pacing: sleep 1.2s
2026-08-13 02:23:58,558 [INFO] Page 5 | Collected: 0
2026-08-13 02:23:58,947 [INFO] Pacing: sleep 0.8s
2026-08-13 02:23:59,732 [INFO] Page 6 | Collected: 0
2026-08-13 02:24:00,106 [INFO] Pacing: sleep 1.1s
2026-08-13 02:24:01,217 [INFO] Page 7 | Collected: 0
2026-08-13 02:24:01,575 [WARNING] Page 7 had 1 duplicate appids seen previously.
2026-08-13 02:24:01,576 [INFO] Pacing: sleep 1.5s
2026-08-13 02:24:03,073 [INFO] Page 8 | Collected: 0
2026-08-13 02:24:03,309 [INFO] Pacing: sleep 1.4s
2026-08-13 02:24:04,678 [INFO] Page 9 | Collected: 0
2026-08-13 02:24:04,926 [INFO] Pacing: sleep 1.3s
2026-08-13 02:24:06,250 [INFO] Page 10 | Collected: 0
2026-08-13 02:24:06,582 [INFO] Pacing: sleep 1.4s
2026-08-13 02:24:08,012 [INFO] Page 11 | Collected: 250
2026-08-13 02:24:08,247 [INFO] Pacing: sleep 0.6s
2026-08-13 02:24:08,801 [INFO] Page 12 | Collected: 250
2026-08-13 02:24:09,102 [INFO] Pacing: sleep 1.4s
2026-08-13 02:24:10,507 [INFO] Page 13 | Collected: 250
2026-08-13 02:24:10,743 [INFO] Pacing: sleep 1.1s
2026-08-13 02:24:11,891 [INFO] Page 14 | Collected: 250
2026-08-13 02:24:12,186 [INFO] Pacing: sleep 0.8s
2026-08-13 02:24:12,954 [INFO] Page 15 | Collected: 250
2026-08-13 02:24:13,232 [INFO] Pacing: sleep 0.6s
2026-08-13 02:24:13,842 [INFO] Page 16 | Collected: 250
2026-08-13 02:24:14,085 [INFO] Pacing: sleep 1.3s
2026-08-13 02:24:15,414 [INFO] Page 17 | Collected: 250
2026-08-13 02:24:15,722 [INFO] Pacing: sleep 1.3s
2026-08-13 02:24:16,975 [INFO] Page 18 | Collected: 250
2026-08-13 02:24:17,263 [INFO] Pacing: sleep 0.7s
2026-08-13 02:24:17,994 [INFO] Page 19 | Collected: 250
2026-08-13 02:24:18,241 [INFO] Pacing: sleep 0.5s
2026-08-13 02:24:18,766 [INFO] Page 20 | Collected: 250
2026-08-13 02:24:19,053 [INFO] Pacing: sleep 1.5s
2026-08-13 02:24:20,516 [INFO] Page 21 | Collected: 500
2026-08-13 02:24:20,744 [INFO] Pacing: sleep 1.2s
2026-08-13 02:24:21,957 [INFO] Page 22 | Collected: 500
2026-08-13 02:24:22,211 [INFO] Pacing: sleep 0.6s
2026-08-13 02:24:22,782 [INFO] Page 23 | Collected: 500
2026-08-13 02:24:23,157 [INFO] Pacing: sleep 1.2s
2026-08-13 02:24:24,400 [INFO] Page 24 | Collected: 500
2026-08-13 02:24:24,646 [INFO] Pacing: sleep 0.6s
2026-08-13 02:24:25,230 [INFO] Page 25 | Collected: 500
2026-08-13 02:24:25,542 [INFO] Pacing: sleep 1.5s
2026-08-13 02:24:27,005 [INFO] Page 26 | Collected: 500
2026-08-13 02:24:27,249 [INFO] Pacing: sleep 1.5s
2026-08-13 02:24:28,723 [INFO] Page 27 | Collected: 500
2026-08-13 02:24:28,956 [INFO] Pacing: sleep 0.7s
2026-08-13 02:24:29,690 [INFO] Page 28 | Collected: 500
2026-08-13 02:24:29,987 [INFO] Pacing: sleep 1.2s
2026-08-13 02:24:31,173 [INFO] Page 29 | Collected: 500
2026-08-13 02:24:31,509 [INFO] Pacing: sleep 0.9s
2026-08-13 02:24:32,408 [INFO] Page 30 | Collected: 500
2026-08-13 02:24:32,679 [INFO] Pacing: sleep 1.0s
2026-08-13 02:24:33,647 [INFO] Page 31 | Collected: 750
2026-08-13 02:24:33,683 [WARNING] Block detected on page 31: HTTP 429
2026-08-13 02:24:33,683 [INFO] Saved raw HTML for debugging: blocked_0031.html
2026-08-13 02:24:33,683 [WARNING] Initiating ADAPTIVE THROTTLING. Sleeping 180s, switching to SAFE mode.
2026-08-13 02:27:33,683 [INFO] Pacing: sleep 41.1s | Short Cooldown: 37.0s
2026-08-13 02:28:14,802 [INFO] Page 31 | Collected: 750
2026-08-13 02:28:15,103 [INFO] Pacing: sleep 6.9s
2026-08-13 02:28:22,047 [INFO] Page 32 | Collected: 750
2026-08-13 02:28:22,270 [INFO] Pacing: sleep 4.8s
2026-08-13 02:28:27,090 [INFO] Page 33 | Collected: 750
2026-08-13 02:28:27,399 [INFO] Pacing: sleep 5.6s
2026-08-13 02:28:32,979 [INFO] Page 34 | Collected: 750
2026-08-13 02:28:33,207 [INFO] Pacing: sleep 5.5s
2026-08-13 02:28:38,747 [INFO] Page 35 | Collected: 750
2026-08-13 02:28:38,984 [INFO] Pacing: sleep 7.5s
2026-08-13 02:28:46,460 [INFO] Page 36 | Collected: 750
2026-08-13 02:28:46,802 [INFO] Pacing: sleep 4.8s
2026-08-13 02:28:51,621 [INFO] Page 37 | Collected: 750
2026-08-13 02:28:51,877 [INFO] Pacing: sleep 4.8s
2026-08-13 02:28:56,703 [INFO] Page 38 | Collected: 750
2026-08-13 02:28:56,961 [INFO] Pacing: sleep 7.7s
2026-08-13 02:29:04,643 [INFO] Page 39 | Collected: 750
2026-08-13 02:29:04,957 [INFO] Pacing: sleep 5.8s
2026-08-13 02:29:10,787 [INFO] Page 40 | Collected: 750
2026-08-13 02:29:11,027 [INFO] Pacing: sleep 167.2s | Long Cooldown: 159.6s
2026-08-13 02:31:58,247 [INFO] Page 41 | Collected: 1000
2026-08-13 02:31:58,600 [INFO] Pacing: sleep 4.8s
2026-08-13 02:32:03,356 [INFO] Page 42 | Collected: 1000
2026-08-13 02:32:03,602 [INFO] Pacing: sleep 7.7s
2026-08-13 02:32:11,266 [INFO] Page 43 | Collected: 1000
2026-08-13 02:32:11,507 [INFO] Pacing: sleep 5.1s
2026-08-13 02:32:16,647 [INFO] Page 44 | Collected: 1000
2026-08-13 02:32:16,954 [WARNING] Page 44 had 1 duplicate appids seen previously.
2026-08-13 02:32:16,954 [INFO] Pacing: sleep 7.4s
2026-08-13 02:32:24,369 [INFO] Page 45 | Collected: 1000
2026-08-13 02:32:24,614 [INFO] Pacing: sleep 6.2s
2026-08-13 02:32:30,826 [INFO] Page 46 | Collected: 1000
2026-08-13 02:32:31,135 [INFO] Pacing: sleep 5.0s
2026-08-13 02:32:36,132 [INFO] Page 47 | Collected: 1000
2026-08-13 02:32:36,612 [WARNING] Block detected on page 47: Suspicious term found: 'captcha'
2026-08-13 02:32:36,613 [INFO] Saved raw HTML for debugging: blocked_0047.html
2026-08-13 02:32:36,613 [ERROR] Blocked again even after safe mode. Stopping gracefully.
2026-08-13 02:32:36,614 [INFO] Crawl stopped. Reason: adaptive_throttle_failed_page_47. Finalizing...
2026-08-13 02:32:36,615 [INFO] Merging intermediate pages from work_dir: /home/runner/work/steam-diploma/steam-diploma/data/snapshots/data/snapshots/_in_progress/a7b0ec39-2fc2-41d5-830a-1fedff9a2290
2026-08-13 02:32:36,627 [WARNING] Found 2 duplicate appids across the snapshot.
