2026-08-24 12:59:41,601 [INFO] Steam Snapshot Collector Started.
2026-08-24 12:59:41,601 [INFO] Speed Mode: fast
2026-08-24 12:59:41,601 [INFO] Work Dir: /home/runner/work/steam-diploma/steam-diploma/data/snapshots
2026-08-24 12:59:41,602 [INFO] Base Output Dir: .
2026-08-24 12:59:41,602 [INFO] Page 1 | Collected: 0
2026-08-24 12:59:41,972 [INFO] Pacing: sleep 1.3s
2026-08-24 12:59:43,303 [INFO] Page 2 | Collected: 0
2026-08-24 12:59:43,595 [INFO] Pacing: sleep 0.8s
2026-08-24 12:59:44,417 [INFO] Page 3 | Collected: 0
2026-08-24 12:59:44,693 [INFO] Pacing: sleep 0.7s
2026-08-24 12:59:45,371 [INFO] Page 4 | Collected: 0
2026-08-24 12:59:45,693 [INFO] Pacing: sleep 1.4s
2026-08-24 12:59:47,133 [INFO] Page 5 | Collected: 0
2026-08-24 12:59:47,390 [INFO] Pacing: sleep 1.0s
2026-08-24 12:59:48,370 [INFO] Page 6 | Collected: 0
2026-08-24 12:59:48,627 [INFO] Pacing: sleep 0.8s
2026-08-24 12:59:49,456 [INFO] Page 7 | Collected: 0
2026-08-24 12:59:49,797 [INFO] Pacing: sleep 0.9s
2026-08-24 12:59:50,694 [INFO] Page 8 | Collected: 0
2026-08-24 12:59:50,966 [INFO] Pacing: sleep 0.9s
2026-08-24 12:59:51,852 [INFO] Page 9 | Collected: 0
2026-08-24 12:59:52,115 [INFO] Pacing: sleep 1.4s
2026-08-24 12:59:53,555 [INFO] Page 10 | Collected: 0
2026-08-24 12:59:53,857 [INFO] Pacing: sleep 0.6s
2026-08-24 12:59:54,420 [INFO] Page 11 | Collected: 250
2026-08-24 12:59:54,780 [INFO] Pacing: sleep 0.9s
2026-08-24 12:59:55,720 [INFO] Page 12 | Collected: 250
2026-08-24 12:59:56,069 [INFO] Pacing: sleep 1.5s
2026-08-24 12:59:57,522 [INFO] Page 13 | Collected: 250
2026-08-24 12:59:57,785 [INFO] Pacing: sleep 0.7s
2026-08-24 12:59:58,500 [INFO] Page 14 | Collected: 250
2026-08-24 12:59:58,752 [INFO] Pacing: sleep 1.1s
2026-08-24 12:59:59,898 [INFO] Page 15 | Collected: 250
2026-08-24 13:00:00,277 [INFO] Pacing: sleep 1.0s
2026-08-24 13:00:01,244 [INFO] Page 16 | Collected: 250
2026-08-24 13:00:01,563 [INFO] Pacing: sleep 1.3s
2026-08-24 13:00:02,840 [INFO] Page 17 | Collected: 250
2026-08-24 13:00:03,084 [INFO] Pacing: sleep 1.2s
2026-08-24 13:00:04,297 [INFO] Page 18 | Collected: 250
2026-08-24 13:00:04,623 [INFO] Pacing: sleep 1.1s
2026-08-24 13:00:05,719 [INFO] Page 19 | Collected: 250
2026-08-24 13:00:06,052 [INFO] Pacing: sleep 0.9s
2026-08-24 13:00:06,928 [INFO] Page 20 | Collected: 250
2026-08-24 13:00:07,291 [INFO] Pacing: sleep 1.1s
2026-08-24 13:00:08,375 [INFO] Page 21 | Collected: 500
2026-08-24 13:00:08,623 [INFO] Pacing: sleep 1.4s
2026-08-24 13:00:10,065 [INFO] Page 22 | Collected: 500
2026-08-24 13:00:10,421 [INFO] Pacing: sleep 1.2s
2026-08-24 13:00:11,578 [INFO] Page 23 | Collected: 500
2026-08-24 13:00:11,883 [INFO] Pacing: sleep 1.0s
2026-08-24 13:00:12,867 [INFO] Page 24 | Collected: 500
2026-08-24 13:00:13,118 [INFO] Pacing: sleep 1.4s
2026-08-24 13:00:14,473 [INFO] Page 25 | Collected: 500
2026-08-24 13:00:14,780 [INFO] Pacing: sleep 1.0s
2026-08-24 13:00:15,782 [INFO] Page 26 | Collected: 500
2026-08-24 13:00:16,018 [INFO] Pacing: sleep 1.1s
2026-08-24 13:00:17,101 [INFO] Page 27 | Collected: 500
2026-08-24 13:00:17,349 [INFO] Pacing: sleep 0.7s
2026-08-24 13:00:18,042 [INFO] Page 28 | Collected: 500
2026-08-24 13:00:18,365 [INFO] Pacing: sleep 0.9s
2026-08-24 13:00:19,296 [INFO] Page 29 | Collected: 500
2026-08-24 13:00:19,519 [INFO] Pacing: sleep 1.4s
2026-08-24 13:00:20,935 [INFO] Page 30 | Collected: 500
2026-08-24 13:00:21,159 [INFO] Pacing: sleep 0.7s
2026-08-24 13:00:21,868 [INFO] Page 31 | Collected: 750
2026-08-24 13:00:21,908 [WARNING] Block detected on page 31: HTTP 429
2026-08-24 13:00:21,908 [INFO] Saved raw HTML for debugging: blocked_0031.html
2026-08-24 13:00:21,908 [WARNING] Initiating ADAPTIVE THROTTLING. Sleeping 180s, switching to SAFE mode.
2026-08-24 13:03:21,909 [INFO] Pacing: sleep 66.2s | Short Cooldown: 59.4s
2026-08-24 13:04:28,088 [INFO] Page 31 | Collected: 750
2026-08-24 13:04:28,405 [INFO] Pacing: sleep 7.4s
2026-08-24 13:04:35,807 [INFO] Page 32 | Collected: 750
2026-08-24 13:04:36,095 [INFO] Pacing: sleep 7.0s
2026-08-24 13:04:43,137 [INFO] Page 33 | Collected: 750
2026-08-24 13:04:43,530 [INFO] Pacing: sleep 6.4s
2026-08-24 13:04:49,907 [INFO] Page 34 | Collected: 750
2026-08-24 13:04:50,192 [INFO] Pacing: sleep 6.5s
2026-08-24 13:04:56,655 [INFO] Page 35 | Collected: 750
2026-08-24 13:04:56,911 [INFO] Pacing: sleep 4.8s
2026-08-24 13:05:01,724 [INFO] Page 36 | Collected: 750
2026-08-24 13:05:02,101 [INFO] Pacing: sleep 5.1s
2026-08-24 13:05:07,240 [INFO] Page 37 | Collected: 750
2026-08-24 13:05:07,538 [INFO] Pacing: sleep 7.0s
2026-08-24 13:05:14,582 [INFO] Page 38 | Collected: 750
2026-08-24 13:05:14,814 [INFO] Pacing: sleep 4.9s
2026-08-24 13:05:19,665 [INFO] Page 39 | Collected: 750
2026-08-24 13:05:19,963 [INFO] Pacing: sleep 4.1s
2026-08-24 13:05:24,053 [INFO] Page 40 | Collected: 750
2026-08-24 13:05:24,315 [INFO] Pacing: sleep 217.0s | Long Cooldown: 210.6s
2026-08-24 13:09:01,316 [INFO] Page 41 | Collected: 1000
2026-08-24 13:09:01,657 [INFO] Pacing: sleep 5.4s
2026-08-24 13:09:07,095 [INFO] Page 42 | Collected: 1000
2026-08-24 13:09:07,373 [INFO] Pacing: sleep 5.6s
2026-08-24 13:09:12,936 [INFO] Page 43 | Collected: 1000
2026-08-24 13:09:13,235 [INFO] Pacing: sleep 5.7s
2026-08-24 13:09:18,972 [INFO] Page 44 | Collected: 1000
2026-08-24 13:09:19,370 [INFO] Pacing: sleep 5.7s
2026-08-24 13:09:25,110 [INFO] Page 45 | Collected: 1000
2026-08-24 13:09:25,372 [INFO] Pacing: sleep 6.8s
2026-08-24 13:09:32,128 [INFO] Page 46 | Collected: 1000
2026-08-24 13:09:32,278 [WARNING] Block detected on page 46: Suspicious term found: 'captcha'
2026-08-24 13:09:32,279 [INFO] Saved raw HTML for debugging: blocked_0046.html
2026-08-24 13:09:32,279 [ERROR] Blocked again even after safe mode. Stopping gracefully.
2026-08-24 13:09:32,280 [INFO] Crawl stopped. Reason: adaptive_throttle_failed_page_46. Finalizing...
2026-08-24 13:09:32,281 [INFO] Merging intermediate pages from work_dir: /home/runner/work/steam-diploma/steam-diploma/data/snapshots/data/snapshots/_in_progress/533598ca-78a2-4be8-866e-b954bbbf99ec
