2026-09-09 16:18:44,647 [INFO] Steam Snapshot Collector Started.
2026-09-09 16:18:44,647 [INFO] Speed Mode: fast
2026-09-09 16:18:44,647 [INFO] Work Dir: /home/runner/work/steam-diploma/steam-diploma/data/snapshots
2026-09-09 16:18:44,647 [INFO] Base Output Dir: .
2026-09-09 16:18:44,648 [INFO] Page 1 | Collected: 0
2026-09-09 16:18:45,191 [INFO] Pacing: sleep 1.2s
2026-09-09 16:18:46,397 [INFO] Page 2 | Collected: 0
2026-09-09 16:18:46,678 [INFO] Pacing: sleep 1.4s
2026-09-09 16:18:48,076 [INFO] Page 3 | Collected: 0
2026-09-09 16:18:48,743 [INFO] Pacing: sleep 1.5s
2026-09-09 16:18:50,209 [INFO] Page 4 | Collected: 0
2026-09-09 16:18:50,539 [INFO] Pacing: sleep 1.4s
2026-09-09 16:18:51,988 [INFO] Page 5 | Collected: 0
2026-09-09 16:18:52,261 [INFO] Pacing: sleep 0.6s
2026-09-09 16:18:52,905 [INFO] Page 6 | Collected: 0
2026-09-09 16:18:53,155 [INFO] Pacing: sleep 0.6s
2026-09-09 16:18:53,731 [INFO] Page 7 | Collected: 0
2026-09-09 16:18:54,071 [INFO] Pacing: sleep 1.1s
2026-09-09 16:18:55,190 [INFO] Page 8 | Collected: 0
2026-09-09 16:18:55,444 [INFO] Pacing: sleep 1.4s
2026-09-09 16:18:56,872 [INFO] Page 9 | Collected: 0
2026-09-09 16:18:57,130 [INFO] Pacing: sleep 0.8s
2026-09-09 16:18:57,926 [INFO] Page 10 | Collected: 0
2026-09-09 16:18:58,242 [INFO] Pacing: sleep 1.4s
2026-09-09 16:18:59,653 [INFO] Page 11 | Collected: 250
2026-09-09 16:18:59,882 [INFO] Pacing: sleep 1.4s
2026-09-09 16:19:01,295 [INFO] Page 12 | Collected: 250
2026-09-09 16:19:01,609 [INFO] Pacing: sleep 0.8s
2026-09-09 16:19:02,431 [INFO] Page 13 | Collected: 250
2026-09-09 16:19:02,656 [INFO] Pacing: sleep 0.9s
2026-09-09 16:19:03,526 [INFO] Page 14 | Collected: 250
2026-09-09 16:19:03,789 [INFO] Pacing: sleep 1.5s
2026-09-09 16:19:05,278 [INFO] Page 15 | Collected: 250
2026-09-09 16:19:05,586 [INFO] Pacing: sleep 0.6s
2026-09-09 16:19:06,176 [INFO] Page 16 | Collected: 250
2026-09-09 16:19:06,419 [INFO] Pacing: sleep 1.4s
2026-09-09 16:19:07,793 [INFO] Page 17 | Collected: 250
2026-09-09 16:19:08,048 [INFO] Pacing: sleep 0.7s
2026-09-09 16:19:08,777 [INFO] Page 18 | Collected: 250
2026-09-09 16:19:09,069 [INFO] Pacing: sleep 0.9s
2026-09-09 16:19:09,978 [INFO] Page 19 | Collected: 250
2026-09-09 16:19:10,396 [INFO] Pacing: sleep 0.5s
2026-09-09 16:19:10,930 [INFO] Page 20 | Collected: 250
2026-09-09 16:19:11,302 [INFO] Pacing: sleep 0.9s
2026-09-09 16:19:12,222 [INFO] Page 21 | Collected: 500
2026-09-09 16:19:12,519 [INFO] Pacing: sleep 0.8s
2026-09-09 16:19:13,286 [INFO] Page 22 | Collected: 500
2026-09-09 16:19:13,541 [INFO] Pacing: sleep 1.0s
2026-09-09 16:19:14,571 [INFO] Page 23 | Collected: 500
2026-09-09 16:19:14,893 [INFO] Pacing: sleep 1.0s
2026-09-09 16:19:15,900 [INFO] Page 24 | Collected: 500
2026-09-09 16:19:16,147 [INFO] Pacing: sleep 0.5s
2026-09-09 16:19:16,650 [INFO] Page 25 | Collected: 500
2026-09-09 16:19:16,926 [INFO] Pacing: sleep 0.9s
2026-09-09 16:19:17,826 [INFO] Page 26 | Collected: 500
2026-09-09 16:19:18,165 [INFO] Pacing: sleep 1.5s
2026-09-09 16:19:19,624 [INFO] Page 27 | Collected: 500
2026-09-09 16:19:19,965 [INFO] Pacing: sleep 1.1s
2026-09-09 16:19:21,028 [INFO] Page 28 | Collected: 500
2026-09-09 16:19:21,368 [INFO] Pacing: sleep 1.1s
2026-09-09 16:19:22,456 [INFO] Page 29 | Collected: 500
2026-09-09 16:19:22,701 [INFO] Pacing: sleep 1.4s
2026-09-09 16:19:24,090 [INFO] Page 30 | Collected: 500
2026-09-09 16:19:24,347 [INFO] Pacing: sleep 1.1s
2026-09-09 16:19:25,450 [INFO] Page 31 | Collected: 750
2026-09-09 16:19:25,532 [WARNING] Block detected on page 31: HTTP 429
2026-09-09 16:19:25,533 [INFO] Saved raw HTML for debugging: blocked_0031.html
2026-09-09 16:19:25,533 [WARNING] Initiating ADAPTIVE THROTTLING. Sleeping 180s, switching to SAFE mode.
2026-09-09 16:22:25,533 [INFO] Pacing: sleep 47.7s | Short Cooldown: 42.2s
2026-09-09 16:23:13,244 [INFO] Page 31 | Collected: 750
2026-09-09 16:23:13,601 [INFO] Pacing: sleep 7.4s
2026-09-09 16:23:20,979 [INFO] Page 32 | Collected: 750
2026-09-09 16:23:21,251 [INFO] Pacing: sleep 5.3s
2026-09-09 16:23:26,521 [INFO] Page 33 | Collected: 750
2026-09-09 16:23:26,948 [INFO] Pacing: sleep 6.2s
2026-09-09 16:23:33,161 [INFO] Page 34 | Collected: 750
2026-09-09 16:23:33,816 [INFO] Pacing: sleep 5.4s
2026-09-09 16:23:39,263 [INFO] Page 35 | Collected: 750
2026-09-09 16:23:40,147 [INFO] Pacing: sleep 5.0s
2026-09-09 16:23:45,099 [INFO] Page 36 | Collected: 750
2026-09-09 16:23:45,761 [INFO] Pacing: sleep 4.3s
2026-09-09 16:23:50,025 [INFO] Page 37 | Collected: 750
2026-09-09 16:23:50,359 [INFO] Pacing: sleep 7.7s
2026-09-09 16:23:58,059 [INFO] Page 38 | Collected: 750
2026-09-09 16:23:59,359 [INFO] Pacing: sleep 6.4s
2026-09-09 16:24:05,808 [INFO] Page 39 | Collected: 750
2026-09-09 16:24:07,667 [INFO] Pacing: sleep 6.7s
2026-09-09 16:24:14,340 [INFO] Page 40 | Collected: 750
2026-09-09 16:24:16,185 [INFO] Pacing: sleep 132.4s | Long Cooldown: 125.6s
2026-09-09 16:26:28,616 [INFO] Page 41 | Collected: 1000
2026-09-09 16:26:28,909 [INFO] Pacing: sleep 5.2s
2026-09-09 16:26:34,085 [INFO] Page 42 | Collected: 1000
2026-09-09 16:26:34,321 [INFO] Pacing: sleep 4.7s
2026-09-09 16:26:39,029 [INFO] Page 43 | Collected: 1000
2026-09-09 16:26:39,287 [INFO] Pacing: sleep 6.1s
2026-09-09 16:26:45,397 [INFO] Page 44 | Collected: 1000
2026-09-09 16:26:45,714 [INFO] Pacing: sleep 7.6s
2026-09-09 16:26:53,280 [INFO] Page 45 | Collected: 1000
2026-09-09 16:26:53,532 [INFO] Pacing: sleep 6.5s
2026-09-09 16:27:00,068 [INFO] Page 46 | Collected: 1000
2026-09-09 16:27:00,312 [INFO] Pacing: sleep 5.5s
2026-09-09 16:27:05,803 [INFO] Page 47 | Collected: 1000
2026-09-09 16:27:06,106 [INFO] Pacing: sleep 5.2s
2026-09-09 16:27:11,311 [INFO] Page 48 | Collected: 1000
2026-09-09 16:27:11,489 [WARNING] Block detected on page 48: Suspicious term found: 'captcha'
2026-09-09 16:27:11,490 [INFO] Saved raw HTML for debugging: blocked_0048.html
2026-09-09 16:27:11,490 [ERROR] Blocked again even after safe mode. Stopping gracefully.
2026-09-09 16:27:11,492 [INFO] Crawl stopped. Reason: adaptive_throttle_failed_page_48. Finalizing...
2026-09-09 16:27:11,492 [INFO] Merging intermediate pages from work_dir: /home/runner/work/steam-diploma/steam-diploma/data/snapshots/data/snapshots/_in_progress/c9f5c0e6-7885-46a7-8c7b-f096192f6d42
