2026-08-03 03:29:56,712 [INFO] Steam Snapshot Collector Started.
2026-08-03 03:29:56,712 [INFO] Speed Mode: fast
2026-08-03 03:29:56,712 [INFO] Work Dir: /home/runner/work/steam-diploma/steam-diploma/data/snapshots
2026-08-03 03:29:56,712 [INFO] Base Output Dir: .
2026-08-03 03:29:56,713 [INFO] Page 1 | Collected: 0
2026-08-03 03:29:57,105 [INFO] Pacing: sleep 1.0s
2026-08-03 03:29:58,153 [INFO] Page 2 | Collected: 0
2026-08-03 03:29:58,450 [INFO] Pacing: sleep 0.8s
2026-08-03 03:29:59,206 [INFO] Page 3 | Collected: 0
2026-08-03 03:29:59,485 [INFO] Pacing: sleep 0.6s
2026-08-03 03:30:00,043 [INFO] Page 4 | Collected: 0
2026-08-03 03:30:00,390 [INFO] Pacing: sleep 0.6s
2026-08-03 03:30:01,005 [INFO] Page 5 | Collected: 0
2026-08-03 03:30:01,269 [INFO] Pacing: sleep 0.9s
2026-08-03 03:30:02,178 [INFO] Page 6 | Collected: 0
2026-08-03 03:30:02,466 [INFO] Pacing: sleep 0.9s
2026-08-03 03:30:03,375 [INFO] Page 7 | Collected: 0
2026-08-03 03:30:03,730 [INFO] Pacing: sleep 0.6s
2026-08-03 03:30:04,290 [INFO] Page 8 | Collected: 0
2026-08-03 03:30:04,563 [INFO] Pacing: sleep 1.3s
2026-08-03 03:30:05,823 [INFO] Page 9 | Collected: 0
2026-08-03 03:30:06,103 [INFO] Pacing: sleep 1.3s
2026-08-03 03:30:07,438 [INFO] Page 10 | Collected: 0
2026-08-03 03:30:07,769 [INFO] Pacing: sleep 0.7s
2026-08-03 03:30:08,495 [INFO] Page 11 | Collected: 250
2026-08-03 03:30:08,776 [INFO] Pacing: sleep 0.8s
2026-08-03 03:30:09,611 [INFO] Page 12 | Collected: 250
2026-08-03 03:30:09,945 [INFO] Pacing: sleep 1.1s
2026-08-03 03:30:11,093 [INFO] Page 13 | Collected: 250
2026-08-03 03:30:11,387 [INFO] Pacing: sleep 1.0s
2026-08-03 03:30:12,425 [INFO] Page 14 | Collected: 250
2026-08-03 03:30:12,726 [INFO] Pacing: sleep 0.6s
2026-08-03 03:30:13,349 [INFO] Page 15 | Collected: 250
2026-08-03 03:30:13,720 [INFO] Pacing: sleep 0.6s
2026-08-03 03:30:14,308 [INFO] Page 16 | Collected: 250
2026-08-03 03:30:14,588 [INFO] Pacing: sleep 1.4s
2026-08-03 03:30:15,973 [INFO] Page 17 | Collected: 250
2026-08-03 03:30:16,317 [INFO] Pacing: sleep 1.5s
2026-08-03 03:30:17,796 [INFO] Page 18 | Collected: 250
2026-08-03 03:30:18,071 [INFO] Pacing: sleep 1.0s
2026-08-03 03:30:19,091 [INFO] Page 19 | Collected: 250
2026-08-03 03:30:19,426 [INFO] Pacing: sleep 0.7s
2026-08-03 03:30:20,121 [INFO] Page 20 | Collected: 250
2026-08-03 03:30:20,467 [INFO] Pacing: sleep 0.5s
2026-08-03 03:30:21,017 [INFO] Page 21 | Collected: 500
2026-08-03 03:30:21,314 [INFO] Pacing: sleep 1.1s
2026-08-03 03:30:22,390 [INFO] Page 22 | Collected: 500
2026-08-03 03:30:22,734 [INFO] Pacing: sleep 0.9s
2026-08-03 03:30:23,663 [INFO] Page 23 | Collected: 500
2026-08-03 03:30:23,937 [INFO] Pacing: sleep 1.0s
2026-08-03 03:30:24,961 [INFO] Page 24 | Collected: 500
2026-08-03 03:30:25,241 [INFO] Pacing: sleep 1.1s
2026-08-03 03:30:26,321 [INFO] Page 25 | Collected: 500
2026-08-03 03:30:26,660 [INFO] Pacing: sleep 1.3s
2026-08-03 03:30:27,989 [INFO] Page 26 | Collected: 500
2026-08-03 03:30:28,257 [INFO] Pacing: sleep 1.4s
2026-08-03 03:30:29,706 [INFO] Page 27 | Collected: 500
2026-08-03 03:30:29,978 [INFO] Pacing: sleep 1.5s
2026-08-03 03:30:31,438 [INFO] Page 28 | Collected: 500
2026-08-03 03:30:31,778 [INFO] Pacing: sleep 1.1s
2026-08-03 03:30:32,915 [INFO] Page 29 | Collected: 500
2026-08-03 03:30:33,188 [INFO] Pacing: sleep 0.6s
2026-08-03 03:30:33,770 [INFO] Page 30 | Collected: 500
2026-08-03 03:30:34,109 [INFO] Pacing: sleep 1.4s
2026-08-03 03:30:35,551 [INFO] Page 31 | Collected: 750
2026-08-03 03:30:35,635 [WARNING] Block detected on page 31: HTTP 429
2026-08-03 03:30:35,635 [INFO] Saved raw HTML for debugging: blocked_0031.html
2026-08-03 03:30:35,635 [WARNING] Initiating ADAPTIVE THROTTLING. Sleeping 180s, switching to SAFE mode.
2026-08-03 03:33:35,635 [INFO] Pacing: sleep 53.4s | Short Cooldown: 48.5s
2026-08-03 03:34:29,032 [INFO] Page 31 | Collected: 750
2026-08-03 03:34:29,302 [INFO] Pacing: sleep 7.8s
2026-08-03 03:34:37,096 [INFO] Page 32 | Collected: 750
2026-08-03 03:34:37,366 [INFO] Pacing: sleep 5.0s
2026-08-03 03:34:42,415 [INFO] Page 33 | Collected: 750
2026-08-03 03:34:42,744 [INFO] Pacing: sleep 4.9s
2026-08-03 03:34:47,645 [INFO] Page 34 | Collected: 750
2026-08-03 03:34:47,909 [INFO] Pacing: sleep 6.9s
2026-08-03 03:34:54,789 [INFO] Page 35 | Collected: 750
2026-08-03 03:34:55,109 [INFO] Pacing: sleep 7.5s
2026-08-03 03:35:02,561 [INFO] Page 36 | Collected: 750
2026-08-03 03:35:02,886 [INFO] Pacing: sleep 6.6s
2026-08-03 03:35:09,492 [INFO] Page 37 | Collected: 750
2026-08-03 03:35:09,766 [INFO] Pacing: sleep 5.8s
2026-08-03 03:35:15,605 [INFO] Page 38 | Collected: 750
2026-08-03 03:35:15,945 [INFO] Pacing: sleep 7.4s
2026-08-03 03:35:23,375 [INFO] Page 39 | Collected: 750
2026-08-03 03:35:23,687 [INFO] Pacing: sleep 4.1s
2026-08-03 03:35:27,783 [INFO] Page 40 | Collected: 750
2026-08-03 03:35:28,129 [INFO] Pacing: sleep 188.9s | Long Cooldown: 184.9s
2026-08-03 03:38:37,008 [INFO] Page 41 | Collected: 1000
2026-08-03 03:38:37,305 [INFO] Pacing: sleep 7.7s
2026-08-03 03:38:44,969 [INFO] Page 42 | Collected: 1000
2026-08-03 03:38:45,313 [INFO] Pacing: sleep 7.2s
2026-08-03 03:38:52,490 [INFO] Page 43 | Collected: 1000
2026-08-03 03:38:52,850 [INFO] Pacing: sleep 7.5s
2026-08-03 03:39:00,362 [INFO] Page 44 | Collected: 1000
2026-08-03 03:39:00,653 [INFO] Pacing: sleep 5.0s
2026-08-03 03:39:05,674 [INFO] Page 45 | Collected: 1000
2026-08-03 03:39:05,965 [INFO] Pacing: sleep 6.5s
2026-08-03 03:39:12,505 [INFO] Page 46 | Collected: 1000
2026-08-03 03:39:12,853 [INFO] Pacing: sleep 5.2s
2026-08-03 03:39:18,101 [INFO] Page 47 | Collected: 1000
2026-08-03 03:39:18,408 [INFO] Pacing: sleep 5.7s
2026-08-03 03:39:24,115 [INFO] Page 48 | Collected: 1000
2026-08-03 03:39:24,295 [WARNING] Block detected on page 48: Suspicious term found: 'captcha'
2026-08-03 03:39:24,296 [INFO] Saved raw HTML for debugging: blocked_0048.html
2026-08-03 03:39:24,296 [ERROR] Blocked again even after safe mode. Stopping gracefully.
2026-08-03 03:39:24,297 [INFO] Crawl stopped. Reason: adaptive_throttle_failed_page_48. Finalizing...
2026-08-03 03:39:24,297 [INFO] Merging intermediate pages from work_dir: /home/runner/work/steam-diploma/steam-diploma/data/snapshots/data/snapshots/_in_progress/d739b326-7fa6-4375-a214-6edd0fc9e4c7
