2026-10-02 17:42:33,372 [INFO] Steam Snapshot Collector Started.
2026-10-02 17:42:33,373 [INFO] Speed Mode: fast
2026-10-02 17:42:33,373 [INFO] Work Dir: /home/runner/work/steam-diploma/steam-diploma/data/snapshots
2026-10-02 17:42:33,373 [INFO] Base Output Dir: .
2026-10-02 17:42:33,373 [INFO] Page 1 | Collected: 0
2026-10-02 17:42:33,774 [INFO] Pacing: sleep 1.0s
2026-10-02 17:42:34,771 [INFO] Page 2 | Collected: 0
2026-10-02 17:42:35,151 [INFO] Pacing: sleep 1.0s
2026-10-02 17:42:36,180 [INFO] Page 3 | Collected: 0
2026-10-02 17:42:36,522 [INFO] Pacing: sleep 0.7s
2026-10-02 17:42:37,247 [INFO] Page 4 | Collected: 0
2026-10-02 17:42:37,529 [INFO] Pacing: sleep 1.3s
2026-10-02 17:42:38,780 [INFO] Page 5 | Collected: 0
2026-10-02 17:42:39,059 [INFO] Pacing: sleep 0.9s
2026-10-02 17:42:39,962 [INFO] Page 6 | Collected: 0
2026-10-02 17:42:40,644 [INFO] Pacing: sleep 0.7s
2026-10-02 17:42:41,368 [INFO] Page 7 | Collected: 0
2026-10-02 17:42:41,663 [INFO] Pacing: sleep 0.8s
2026-10-02 17:42:42,437 [INFO] Page 8 | Collected: 0
2026-10-02 17:42:42,693 [INFO] Pacing: sleep 1.0s
2026-10-02 17:42:43,699 [INFO] Page 9 | Collected: 0
2026-10-02 17:42:44,009 [INFO] Pacing: sleep 1.4s
2026-10-02 17:42:45,425 [INFO] Page 10 | Collected: 0
2026-10-02 17:42:45,720 [INFO] Pacing: sleep 1.0s
2026-10-02 17:42:46,680 [INFO] Page 11 | Collected: 250
2026-10-02 17:42:46,935 [INFO] Pacing: sleep 0.6s
2026-10-02 17:42:47,491 [INFO] Page 12 | Collected: 250
2026-10-02 17:42:47,814 [INFO] Pacing: sleep 1.1s
2026-10-02 17:42:48,950 [INFO] Page 13 | Collected: 250
2026-10-02 17:42:49,213 [INFO] Pacing: sleep 0.9s
2026-10-02 17:42:50,144 [INFO] Page 14 | Collected: 250
2026-10-02 17:42:50,399 [INFO] Pacing: sleep 0.6s
2026-10-02 17:42:51,029 [INFO] Page 15 | Collected: 250
2026-10-02 17:42:51,375 [INFO] Pacing: sleep 1.4s
2026-10-02 17:42:52,746 [INFO] Page 16 | Collected: 250
2026-10-02 17:42:53,008 [INFO] Pacing: sleep 0.9s
2026-10-02 17:42:53,922 [INFO] Page 17 | Collected: 250
2026-10-02 17:42:54,236 [INFO] Pacing: sleep 0.9s
2026-10-02 17:42:55,102 [INFO] Page 18 | Collected: 250
2026-10-02 17:42:55,385 [INFO] Pacing: sleep 0.8s
2026-10-02 17:42:56,233 [INFO] Page 19 | Collected: 250
2026-10-02 17:42:56,513 [INFO] Pacing: sleep 0.7s
2026-10-02 17:42:57,232 [INFO] Page 20 | Collected: 250
2026-10-02 17:42:57,540 [INFO] Pacing: sleep 0.5s
2026-10-02 17:42:58,066 [INFO] Page 21 | Collected: 500
2026-10-02 17:42:58,443 [INFO] Pacing: sleep 0.5s
2026-10-02 17:42:58,990 [INFO] Page 22 | Collected: 500
2026-10-02 17:42:59,304 [INFO] Pacing: sleep 0.5s
2026-10-02 17:42:59,840 [INFO] Page 23 | Collected: 500
2026-10-02 17:43:00,165 [INFO] Pacing: sleep 1.1s
2026-10-02 17:43:01,300 [INFO] Page 24 | Collected: 500
2026-10-02 17:43:01,535 [INFO] Pacing: sleep 0.9s
2026-10-02 17:43:02,410 [INFO] Page 25 | Collected: 500
2026-10-02 17:43:02,659 [INFO] Pacing: sleep 0.8s
2026-10-02 17:43:03,445 [INFO] Page 26 | Collected: 500
2026-10-02 17:43:03,776 [INFO] Pacing: sleep 1.5s
2026-10-02 17:43:05,249 [INFO] Page 27 | Collected: 500
2026-10-02 17:43:05,491 [INFO] Pacing: sleep 1.2s
2026-10-02 17:43:06,725 [INFO] Page 28 | Collected: 500
2026-10-02 17:43:07,053 [INFO] Pacing: sleep 1.4s
2026-10-02 17:43:08,460 [INFO] Page 29 | Collected: 500
2026-10-02 17:43:08,713 [INFO] Pacing: sleep 0.8s
2026-10-02 17:43:09,537 [INFO] Page 30 | Collected: 500
2026-10-02 17:43:09,790 [INFO] Pacing: sleep 1.0s
2026-10-02 17:43:10,783 [INFO] Page 31 | Collected: 750
2026-10-02 17:43:10,922 [WARNING] Block detected on page 31: HTTP 429
2026-10-02 17:43:10,923 [INFO] Saved raw HTML for debugging: blocked_0031.html
2026-10-02 17:43:10,923 [WARNING] Initiating ADAPTIVE THROTTLING. Sleeping 180s, switching to SAFE mode.
2026-10-02 17:46:10,923 [INFO] Pacing: sleep 41.0s | Short Cooldown: 34.6s
2026-10-02 17:46:51,929 [INFO] Page 31 | Collected: 750
2026-10-02 17:46:52,316 [INFO] Pacing: sleep 4.8s
2026-10-02 17:46:57,116 [INFO] Page 32 | Collected: 750
2026-10-02 17:46:57,424 [INFO] Pacing: sleep 4.2s
2026-10-02 17:47:01,662 [INFO] Page 33 | Collected: 750
2026-10-02 17:47:01,981 [INFO] Pacing: sleep 6.4s
2026-10-02 17:47:08,333 [INFO] Page 34 | Collected: 750
2026-10-02 17:47:08,604 [INFO] Pacing: sleep 5.2s
2026-10-02 17:47:13,778 [INFO] Page 35 | Collected: 750
2026-10-02 17:47:14,065 [INFO] Pacing: sleep 6.3s
2026-10-02 17:47:20,395 [INFO] Page 36 | Collected: 750
2026-10-02 17:47:20,733 [INFO] Pacing: sleep 7.1s
2026-10-02 17:47:27,843 [INFO] Page 37 | Collected: 750
2026-10-02 17:47:28,393 [INFO] Pacing: sleep 4.6s
2026-10-02 17:47:32,995 [INFO] Page 38 | Collected: 750
2026-10-02 17:47:33,253 [INFO] Pacing: sleep 5.4s
2026-10-02 17:47:38,631 [INFO] Page 39 | Collected: 750
2026-10-02 17:47:38,935 [INFO] Pacing: sleep 6.7s
2026-10-02 17:47:45,608 [INFO] Page 40 | Collected: 750
2026-10-02 17:47:45,976 [INFO] Pacing: sleep 149.4s | Long Cooldown: 143.8s
2026-10-02 17:50:15,337 [INFO] Page 41 | Collected: 1000
2026-10-02 17:50:15,707 [INFO] Pacing: sleep 7.0s
2026-10-02 17:50:22,689 [INFO] Page 42 | Collected: 1000
2026-10-02 17:50:22,973 [INFO] Pacing: sleep 5.0s
2026-10-02 17:50:28,001 [INFO] Page 43 | Collected: 1000
2026-10-02 17:50:28,269 [INFO] Pacing: sleep 7.7s
2026-10-02 17:50:36,012 [INFO] Page 44 | Collected: 1000
2026-10-02 17:50:36,311 [INFO] Pacing: sleep 6.6s
2026-10-02 17:50:42,939 [INFO] Page 45 | Collected: 1000
2026-10-02 17:50:43,209 [INFO] Pacing: sleep 4.1s
2026-10-02 17:50:47,310 [INFO] Page 46 | Collected: 1000
2026-10-02 17:50:47,559 [INFO] Pacing: sleep 4.4s
2026-10-02 17:50:51,975 [INFO] Page 47 | Collected: 1000
2026-10-02 17:50:52,188 [WARNING] Block detected on page 47: Suspicious term found: 'captcha'
2026-10-02 17:50:52,189 [INFO] Saved raw HTML for debugging: blocked_0047.html
2026-10-02 17:50:52,189 [ERROR] Blocked again even after safe mode. Stopping gracefully.
2026-10-02 17:50:52,190 [INFO] Crawl stopped. Reason: adaptive_throttle_failed_page_47. Finalizing...
2026-10-02 17:50:52,191 [INFO] Merging intermediate pages from work_dir: /home/runner/work/steam-diploma/steam-diploma/data/snapshots/data/snapshots/_in_progress/0bb3d4f6-a9db-489c-a342-3e1bda7ede43
