2026-08-01 03:28:09,671 [INFO] Steam Snapshot Collector Started.
2026-08-01 03:28:09,671 [INFO] Speed Mode: fast
2026-08-01 03:28:09,671 [INFO] Work Dir: /home/runner/work/steam-diploma/steam-diploma/data/snapshots
2026-08-01 03:28:09,671 [INFO] Base Output Dir: .
2026-08-01 03:28:09,671 [INFO] Page 1 | Collected: 0
2026-08-01 03:28:10,086 [INFO] Pacing: sleep 0.5s
2026-08-01 03:28:10,587 [INFO] Page 2 | Collected: 0
2026-08-01 03:28:10,899 [INFO] Pacing: sleep 0.8s
2026-08-01 03:28:11,719 [INFO] Page 3 | Collected: 0
2026-08-01 03:28:12,011 [INFO] Pacing: sleep 0.8s
2026-08-01 03:28:12,802 [INFO] Page 4 | Collected: 0
2026-08-01 03:28:13,182 [INFO] Pacing: sleep 0.9s
2026-08-01 03:28:14,101 [INFO] Page 5 | Collected: 0
2026-08-01 03:28:14,519 [INFO] Pacing: sleep 1.0s
2026-08-01 03:28:15,532 [INFO] Page 6 | Collected: 0
2026-08-01 03:28:15,841 [INFO] Pacing: sleep 0.9s
2026-08-01 03:28:16,743 [INFO] Page 7 | Collected: 0
2026-08-01 03:28:17,039 [INFO] Pacing: sleep 0.5s
2026-08-01 03:28:17,547 [INFO] Page 8 | Collected: 0
2026-08-01 03:28:17,865 [INFO] Pacing: sleep 0.7s
2026-08-01 03:28:18,580 [INFO] Page 9 | Collected: 0
2026-08-01 03:28:18,841 [INFO] Pacing: sleep 1.0s
2026-08-01 03:28:19,823 [INFO] Page 10 | Collected: 0
2026-08-01 03:28:20,128 [INFO] Pacing: sleep 1.4s
2026-08-01 03:28:21,546 [INFO] Page 11 | Collected: 250
2026-08-01 03:28:21,802 [INFO] Pacing: sleep 1.2s
2026-08-01 03:28:22,990 [INFO] Page 12 | Collected: 250
2026-08-01 03:28:23,324 [INFO] Pacing: sleep 0.8s
2026-08-01 03:28:24,107 [INFO] Page 13 | Collected: 250
2026-08-01 03:28:24,394 [INFO] Pacing: sleep 1.0s
2026-08-01 03:28:25,345 [INFO] Page 14 | Collected: 250
2026-08-01 03:28:25,596 [INFO] Pacing: sleep 1.5s
2026-08-01 03:28:27,060 [INFO] Page 15 | Collected: 250
2026-08-01 03:28:27,414 [INFO] Pacing: sleep 0.9s
2026-08-01 03:28:28,341 [INFO] Page 16 | Collected: 250
2026-08-01 03:28:28,588 [INFO] Pacing: sleep 0.6s
2026-08-01 03:28:29,232 [INFO] Page 17 | Collected: 250
2026-08-01 03:28:29,625 [INFO] Pacing: sleep 0.7s
2026-08-01 03:28:30,290 [INFO] Page 18 | Collected: 250
2026-08-01 03:28:30,553 [INFO] Pacing: sleep 1.1s
2026-08-01 03:28:31,671 [INFO] Page 19 | Collected: 250
2026-08-01 03:28:31,910 [INFO] Pacing: sleep 1.2s
2026-08-01 03:28:33,146 [INFO] Page 20 | Collected: 250
2026-08-01 03:28:33,470 [INFO] Pacing: sleep 1.5s
2026-08-01 03:28:34,947 [INFO] Page 21 | Collected: 500
2026-08-01 03:28:35,259 [INFO] Pacing: sleep 0.8s
2026-08-01 03:28:36,078 [INFO] Page 22 | Collected: 500
2026-08-01 03:28:36,429 [INFO] Pacing: sleep 0.7s
2026-08-01 03:28:37,101 [INFO] Page 23 | Collected: 500
2026-08-01 03:28:37,356 [INFO] Pacing: sleep 0.8s
2026-08-01 03:28:38,192 [INFO] Page 24 | Collected: 500
2026-08-01 03:28:38,431 [INFO] Pacing: sleep 1.3s
2026-08-01 03:28:39,752 [INFO] Page 25 | Collected: 500
2026-08-01 03:28:40,071 [INFO] Pacing: sleep 0.6s
2026-08-01 03:28:40,641 [INFO] Page 26 | Collected: 500
2026-08-01 03:28:40,908 [INFO] Pacing: sleep 0.7s
2026-08-01 03:28:41,606 [INFO] Page 27 | Collected: 500
2026-08-01 03:28:41,877 [INFO] Pacing: sleep 1.4s
2026-08-01 03:28:43,292 [INFO] Page 28 | Collected: 500
2026-08-01 03:28:43,622 [INFO] Pacing: sleep 1.2s
2026-08-01 03:28:44,838 [INFO] Page 29 | Collected: 500
2026-08-01 03:28:45,112 [INFO] Pacing: sleep 0.6s
2026-08-01 03:28:45,676 [INFO] Page 30 | Collected: 500
2026-08-01 03:28:46,004 [INFO] Pacing: sleep 1.0s
2026-08-01 03:28:47,000 [INFO] Page 31 | Collected: 750
2026-08-01 03:28:47,200 [WARNING] Block detected on page 31: HTTP 429
2026-08-01 03:28:47,200 [INFO] Saved raw HTML for debugging: blocked_0031.html
2026-08-01 03:28:47,200 [WARNING] Initiating ADAPTIVE THROTTLING. Sleeping 180s, switching to SAFE mode.
2026-08-01 03:31:47,201 [INFO] Pacing: sleep 45.5s | Short Cooldown: 37.5s
2026-08-01 03:32:32,704 [INFO] Page 31 | Collected: 750
2026-08-01 03:32:32,952 [INFO] Pacing: sleep 4.9s
2026-08-01 03:32:37,882 [INFO] Page 32 | Collected: 750
2026-08-01 03:32:38,146 [INFO] Pacing: sleep 6.9s
2026-08-01 03:32:45,002 [INFO] Page 33 | Collected: 750
2026-08-01 03:32:45,396 [INFO] Pacing: sleep 6.3s
2026-08-01 03:32:51,651 [INFO] Page 34 | Collected: 750
2026-08-01 03:32:51,957 [INFO] Pacing: sleep 7.2s
2026-08-01 03:32:59,147 [INFO] Page 35 | Collected: 750
2026-08-01 03:32:59,454 [INFO] Pacing: sleep 5.6s
2026-08-01 03:33:05,090 [INFO] Page 36 | Collected: 750
2026-08-01 03:33:05,356 [INFO] Pacing: sleep 5.5s
2026-08-01 03:33:10,869 [INFO] Page 37 | Collected: 750
2026-08-01 03:33:11,285 [INFO] Pacing: sleep 6.7s
2026-08-01 03:33:17,980 [INFO] Page 38 | Collected: 750
2026-08-01 03:33:18,323 [INFO] Pacing: sleep 6.3s
2026-08-01 03:33:24,668 [INFO] Page 39 | Collected: 750
2026-08-01 03:33:24,956 [INFO] Pacing: sleep 5.6s
2026-08-01 03:33:30,541 [INFO] Page 40 | Collected: 750
2026-08-01 03:33:30,855 [INFO] Pacing: sleep 217.6s | Long Cooldown: 212.1s
2026-08-01 03:37:08,460 [INFO] Page 41 | Collected: 1000
2026-08-01 03:37:08,747 [INFO] Pacing: sleep 5.6s
2026-08-01 03:37:14,358 [INFO] Page 42 | Collected: 1000
2026-08-01 03:37:14,575 [INFO] Pacing: sleep 7.9s
2026-08-01 03:37:22,448 [INFO] Page 43 | Collected: 1000
2026-08-01 03:37:22,757 [INFO] Pacing: sleep 5.9s
2026-08-01 03:37:28,627 [INFO] Page 44 | Collected: 1000
2026-08-01 03:37:28,983 [INFO] Pacing: sleep 4.8s
2026-08-01 03:37:33,783 [INFO] Page 45 | Collected: 1000
2026-08-01 03:37:34,021 [INFO] Pacing: sleep 4.5s
2026-08-01 03:37:38,565 [INFO] Page 46 | Collected: 1000
2026-08-01 03:37:38,887 [INFO] Pacing: sleep 6.8s
2026-08-01 03:37:45,687 [INFO] Page 47 | Collected: 1000
2026-08-01 03:37:45,989 [INFO] Pacing: sleep 7.0s
2026-08-01 03:37:52,975 [INFO] Page 48 | Collected: 1000
2026-08-01 03:37:53,158 [WARNING] Block detected on page 48: Suspicious term found: 'captcha'
2026-08-01 03:37:53,159 [INFO] Saved raw HTML for debugging: blocked_0048.html
2026-08-01 03:37:53,159 [ERROR] Blocked again even after safe mode. Stopping gracefully.
2026-08-01 03:37:53,160 [INFO] Crawl stopped. Reason: adaptive_throttle_failed_page_48. Finalizing...
2026-08-01 03:37:53,160 [INFO] Merging intermediate pages from work_dir: /home/runner/work/steam-diploma/steam-diploma/data/snapshots/data/snapshots/_in_progress/2a64b5cc-4da5-407b-b5d3-367f3c547c43
