2026-08-05 02:54:01,039 [INFO] Steam Snapshot Collector Started.
2026-08-05 02:54:01,039 [INFO] Speed Mode: fast
2026-08-05 02:54:01,039 [INFO] Work Dir: /home/runner/work/steam-diploma/steam-diploma/data/snapshots
2026-08-05 02:54:01,039 [INFO] Base Output Dir: .
2026-08-05 02:54:01,039 [INFO] Page 1 | Collected: 0
2026-08-05 02:54:01,480 [INFO] Pacing: sleep 0.6s
2026-08-05 02:54:02,054 [INFO] Page 2 | Collected: 0
2026-08-05 02:54:02,327 [INFO] Pacing: sleep 0.9s
2026-08-05 02:54:03,245 [INFO] Page 3 | Collected: 0
2026-08-05 02:54:03,484 [INFO] Pacing: sleep 0.9s
2026-08-05 02:54:04,416 [INFO] Page 4 | Collected: 0
2026-08-05 02:54:04,770 [INFO] Pacing: sleep 0.6s
2026-08-05 02:54:05,344 [INFO] Page 5 | Collected: 0
2026-08-05 02:54:05,615 [INFO] Pacing: sleep 1.0s
2026-08-05 02:54:06,644 [INFO] Page 6 | Collected: 0
2026-08-05 02:54:06,894 [INFO] Pacing: sleep 0.9s
2026-08-05 02:54:07,791 [INFO] Page 7 | Collected: 0
2026-08-05 02:54:08,120 [INFO] Pacing: sleep 1.0s
2026-08-05 02:54:09,115 [INFO] Page 8 | Collected: 0
2026-08-05 02:54:09,370 [INFO] Pacing: sleep 0.9s
2026-08-05 02:54:10,268 [INFO] Page 9 | Collected: 0
2026-08-05 02:54:10,527 [INFO] Pacing: sleep 1.4s
2026-08-05 02:54:11,949 [INFO] Page 10 | Collected: 0
2026-08-05 02:54:12,223 [INFO] Pacing: sleep 1.1s
2026-08-05 02:54:13,319 [INFO] Page 11 | Collected: 250
2026-08-05 02:54:13,537 [INFO] Pacing: sleep 0.8s
2026-08-05 02:54:14,311 [INFO] Page 12 | Collected: 250
2026-08-05 02:54:14,621 [INFO] Pacing: sleep 1.4s
2026-08-05 02:54:16,043 [INFO] Page 13 | Collected: 250
2026-08-05 02:54:16,335 [INFO] Pacing: sleep 1.0s
2026-08-05 02:54:17,307 [INFO] Page 14 | Collected: 250
2026-08-05 02:54:17,540 [INFO] Pacing: sleep 1.1s
2026-08-05 02:54:18,685 [INFO] Page 15 | Collected: 250
2026-08-05 02:54:18,989 [INFO] Pacing: sleep 0.7s
2026-08-05 02:54:19,715 [INFO] Page 16 | Collected: 250
2026-08-05 02:54:19,966 [INFO] Pacing: sleep 1.2s
2026-08-05 02:54:21,177 [INFO] Page 17 | Collected: 250
2026-08-05 02:54:21,471 [INFO] Pacing: sleep 1.1s
2026-08-05 02:54:22,620 [INFO] Page 18 | Collected: 250
2026-08-05 02:54:22,888 [INFO] Pacing: sleep 0.7s
2026-08-05 02:54:23,605 [INFO] Page 19 | Collected: 250
2026-08-05 02:54:23,837 [INFO] Pacing: sleep 0.9s
2026-08-05 02:54:24,778 [INFO] Page 20 | Collected: 250
2026-08-05 02:54:25,123 [INFO] Pacing: sleep 1.0s
2026-08-05 02:54:26,138 [INFO] Page 21 | Collected: 500
2026-08-05 02:54:26,372 [INFO] Pacing: sleep 1.2s
2026-08-05 02:54:27,590 [INFO] Page 22 | Collected: 500
2026-08-05 02:54:27,868 [INFO] Pacing: sleep 1.3s
2026-08-05 02:54:29,131 [INFO] Page 23 | Collected: 500
2026-08-05 02:54:29,404 [INFO] Pacing: sleep 0.6s
2026-08-05 02:54:30,020 [INFO] Page 24 | Collected: 500
2026-08-05 02:54:30,237 [INFO] Pacing: sleep 0.7s
2026-08-05 02:54:30,975 [INFO] Page 25 | Collected: 500
2026-08-05 02:54:31,254 [INFO] Pacing: sleep 1.5s
2026-08-05 02:54:32,734 [INFO] Page 26 | Collected: 500
2026-08-05 02:54:32,975 [INFO] Pacing: sleep 1.2s
2026-08-05 02:54:34,149 [INFO] Page 27 | Collected: 500
2026-08-05 02:54:34,392 [INFO] Pacing: sleep 1.4s
2026-08-05 02:54:35,832 [INFO] Page 28 | Collected: 500
2026-08-05 02:54:36,116 [INFO] Pacing: sleep 1.0s
2026-08-05 02:54:37,156 [INFO] Page 29 | Collected: 500
2026-08-05 02:54:37,400 [INFO] Pacing: sleep 1.2s
2026-08-05 02:54:38,638 [INFO] Page 30 | Collected: 500
2026-08-05 02:54:38,928 [INFO] Pacing: sleep 1.3s
2026-08-05 02:54:40,188 [INFO] Page 31 | Collected: 750
2026-08-05 02:54:40,265 [WARNING] Block detected on page 31: HTTP 429
2026-08-05 02:54:40,266 [INFO] Saved raw HTML for debugging: blocked_0031.html
2026-08-05 02:54:40,266 [WARNING] Initiating ADAPTIVE THROTTLING. Sleeping 180s, switching to SAFE mode.
2026-08-05 02:57:40,266 [INFO] Pacing: sleep 37.7s | Short Cooldown: 32.9s
2026-08-05 02:58:17,970 [INFO] Page 31 | Collected: 750
2026-08-05 02:58:18,249 [INFO] Pacing: sleep 6.3s
2026-08-05 02:58:24,557 [INFO] Page 32 | Collected: 750
2026-08-05 02:58:24,882 [INFO] Pacing: sleep 4.9s
2026-08-05 02:58:29,754 [INFO] Page 33 | Collected: 750
2026-08-05 02:58:30,088 [INFO] Pacing: sleep 4.3s
2026-08-05 02:58:34,372 [INFO] Page 34 | Collected: 750
2026-08-05 02:58:34,651 [INFO] Pacing: sleep 7.7s
2026-08-05 02:58:42,329 [INFO] Page 35 | Collected: 750
2026-08-05 02:58:42,635 [INFO] Pacing: sleep 4.4s
2026-08-05 02:58:47,023 [INFO] Page 36 | Collected: 750
2026-08-05 02:58:47,253 [INFO] Pacing: sleep 4.3s
2026-08-05 02:58:51,543 [INFO] Page 37 | Collected: 750
2026-08-05 02:58:51,791 [INFO] Pacing: sleep 4.3s
2026-08-05 02:58:56,054 [INFO] Page 38 | Collected: 750
2026-08-05 02:58:56,378 [INFO] Pacing: sleep 6.1s
2026-08-05 02:59:02,527 [INFO] Page 39 | Collected: 750
2026-08-05 02:59:02,766 [INFO] Pacing: sleep 4.4s
2026-08-05 02:59:07,138 [INFO] Page 40 | Collected: 750
2026-08-05 02:59:07,451 [INFO] Pacing: sleep 153.7s | Long Cooldown: 146.9s
2026-08-05 03:01:41,176 [INFO] Page 41 | Collected: 1000
2026-08-05 03:01:41,402 [INFO] Pacing: sleep 5.3s
2026-08-05 03:01:46,676 [INFO] Page 42 | Collected: 1000
2026-08-05 03:01:46,892 [INFO] Pacing: sleep 5.4s
2026-08-05 03:01:52,274 [INFO] Page 43 | Collected: 1000
2026-08-05 03:01:52,580 [INFO] Pacing: sleep 6.3s
2026-08-05 03:01:58,920 [INFO] Page 44 | Collected: 1000
2026-08-05 03:01:59,180 [INFO] Pacing: sleep 4.9s
2026-08-05 03:02:04,064 [INFO] Page 45 | Collected: 1000
2026-08-05 03:02:04,312 [INFO] Pacing: sleep 7.4s
2026-08-05 03:02:11,665 [INFO] Page 46 | Collected: 1000
2026-08-05 03:02:11,930 [INFO] Pacing: sleep 6.8s
2026-08-05 03:02:18,748 [INFO] Page 47 | Collected: 1000
2026-08-05 03:02:18,947 [WARNING] Block detected on page 47: Suspicious term found: 'captcha'
2026-08-05 03:02:18,947 [INFO] Saved raw HTML for debugging: blocked_0047.html
2026-08-05 03:02:18,947 [ERROR] Blocked again even after safe mode. Stopping gracefully.
2026-08-05 03:02:18,948 [INFO] Crawl stopped. Reason: adaptive_throttle_failed_page_47. Finalizing...
2026-08-05 03:02:18,949 [INFO] Merging intermediate pages from work_dir: /home/runner/work/steam-diploma/steam-diploma/data/snapshots/data/snapshots/_in_progress/f6752b90-1b4e-4e82-a495-b1dbb011bede
