2026-07-27 14:47:58,373 [INFO] Steam Snapshot Collector Started.
2026-07-27 14:47:58,373 [INFO] Speed Mode: fast
2026-07-27 14:47:58,374 [INFO] Work Dir: /home/runner/work/steam-diploma/steam-diploma/data/snapshots
2026-07-27 14:47:58,374 [INFO] Base Output Dir: .
2026-07-27 14:47:58,374 [INFO] Page 1 | Collected: 0
2026-07-27 14:47:58,786 [INFO] Pacing: sleep 1.0s
2026-07-27 14:47:59,820 [INFO] Page 2 | Collected: 0
2026-07-27 14:48:00,097 [INFO] Pacing: sleep 0.8s
2026-07-27 14:48:00,935 [INFO] Page 3 | Collected: 0
2026-07-27 14:48:01,193 [INFO] Pacing: sleep 0.7s
2026-07-27 14:48:01,937 [INFO] Page 4 | Collected: 0
2026-07-27 14:48:02,274 [INFO] Pacing: sleep 1.3s
2026-07-27 14:48:03,572 [INFO] Page 5 | Collected: 0
2026-07-27 14:48:03,800 [INFO] Pacing: sleep 1.1s
2026-07-27 14:48:04,853 [INFO] Page 6 | Collected: 0
2026-07-27 14:48:05,109 [INFO] Pacing: sleep 0.6s
2026-07-27 14:48:05,700 [INFO] Page 7 | Collected: 0
2026-07-27 14:48:06,027 [INFO] Pacing: sleep 1.4s
2026-07-27 14:48:07,457 [INFO] Page 8 | Collected: 0
2026-07-27 14:48:07,719 [INFO] Pacing: sleep 1.0s
2026-07-27 14:48:08,703 [INFO] Page 9 | Collected: 0
2026-07-27 14:48:08,949 [INFO] Pacing: sleep 1.0s
2026-07-27 14:48:09,915 [INFO] Page 10 | Collected: 0
2026-07-27 14:48:10,226 [INFO] Pacing: sleep 1.5s
2026-07-27 14:48:11,717 [INFO] Page 11 | Collected: 250
2026-07-27 14:48:11,955 [INFO] Pacing: sleep 0.6s
2026-07-27 14:48:12,543 [INFO] Page 12 | Collected: 250
2026-07-27 14:48:12,826 [INFO] Pacing: sleep 0.6s
2026-07-27 14:48:13,454 [INFO] Page 13 | Collected: 250
2026-07-27 14:48:13,697 [INFO] Pacing: sleep 0.9s
2026-07-27 14:48:14,580 [INFO] Page 14 | Collected: 250
2026-07-27 14:48:14,829 [INFO] Pacing: sleep 1.5s
2026-07-27 14:48:16,313 [INFO] Page 15 | Collected: 250
2026-07-27 14:48:16,621 [INFO] Pacing: sleep 1.0s
2026-07-27 14:48:17,662 [INFO] Page 16 | Collected: 250
2026-07-27 14:48:17,913 [INFO] Pacing: sleep 0.6s
2026-07-27 14:48:18,494 [INFO] Page 17 | Collected: 250
2026-07-27 14:48:18,768 [INFO] Pacing: sleep 0.5s
2026-07-27 14:48:19,277 [INFO] Page 18 | Collected: 250
2026-07-27 14:48:19,533 [INFO] Pacing: sleep 1.0s
2026-07-27 14:48:20,489 [INFO] Page 19 | Collected: 250
2026-07-27 14:48:20,745 [INFO] Pacing: sleep 1.1s
2026-07-27 14:48:21,850 [INFO] Page 20 | Collected: 250
2026-07-27 14:48:22,199 [INFO] Pacing: sleep 0.7s
2026-07-27 14:48:22,941 [INFO] Page 21 | Collected: 500
2026-07-27 14:48:23,168 [INFO] Pacing: sleep 1.4s
2026-07-27 14:48:24,612 [INFO] Page 22 | Collected: 500
2026-07-27 14:48:24,910 [INFO] Pacing: sleep 0.9s
2026-07-27 14:48:25,851 [INFO] Page 23 | Collected: 500
2026-07-27 14:48:26,081 [INFO] Pacing: sleep 1.0s
2026-07-27 14:48:27,110 [INFO] Page 24 | Collected: 500
2026-07-27 14:48:27,379 [INFO] Pacing: sleep 0.6s
2026-07-27 14:48:27,977 [INFO] Page 25 | Collected: 500
2026-07-27 14:48:28,343 [INFO] Pacing: sleep 0.7s
2026-07-27 14:48:29,044 [INFO] Page 26 | Collected: 500
2026-07-27 14:48:29,290 [INFO] Pacing: sleep 0.5s
2026-07-27 14:48:29,792 [INFO] Page 27 | Collected: 500
2026-07-27 14:48:30,093 [INFO] Pacing: sleep 1.2s
2026-07-27 14:48:31,298 [INFO] Page 28 | Collected: 500
2026-07-27 14:48:31,599 [INFO] Pacing: sleep 1.4s
2026-07-27 14:48:32,977 [INFO] Page 29 | Collected: 500
2026-07-27 14:48:33,250 [INFO] Pacing: sleep 1.1s
2026-07-27 14:48:34,328 [INFO] Page 30 | Collected: 500
2026-07-27 14:48:34,643 [INFO] Pacing: sleep 1.4s
2026-07-27 14:48:36,002 [INFO] Page 31 | Collected: 750
2026-07-27 14:48:36,039 [WARNING] Block detected on page 31: HTTP 429
2026-07-27 14:48:36,039 [INFO] Saved raw HTML for debugging: blocked_0031.html
2026-07-27 14:48:36,039 [WARNING] Initiating ADAPTIVE THROTTLING. Sleeping 180s, switching to SAFE mode.
2026-07-27 14:51:36,040 [INFO] Pacing: sleep 61.4s | Short Cooldown: 56.7s
2026-07-27 14:52:37,485 [INFO] Page 31 | Collected: 750
2026-07-27 14:52:37,744 [INFO] Pacing: sleep 7.5s
2026-07-27 14:52:45,283 [INFO] Page 32 | Collected: 750
2026-07-27 14:52:45,597 [INFO] Pacing: sleep 7.5s
2026-07-27 14:52:53,104 [INFO] Page 33 | Collected: 750
2026-07-27 14:52:53,506 [INFO] Pacing: sleep 5.7s
2026-07-27 14:52:59,217 [INFO] Page 34 | Collected: 750
2026-07-27 14:52:59,468 [INFO] Pacing: sleep 5.4s
2026-07-27 14:53:04,876 [INFO] Page 35 | Collected: 750
2026-07-27 14:53:05,220 [INFO] Pacing: sleep 5.7s
2026-07-27 14:53:10,884 [INFO] Page 36 | Collected: 750
2026-07-27 14:53:11,130 [INFO] Pacing: sleep 7.3s
2026-07-27 14:53:18,416 [INFO] Page 37 | Collected: 750
2026-07-27 14:53:18,657 [INFO] Pacing: sleep 4.5s
2026-07-27 14:53:23,170 [INFO] Page 38 | Collected: 750
2026-07-27 14:53:23,502 [INFO] Pacing: sleep 7.0s
2026-07-27 14:53:30,460 [INFO] Page 39 | Collected: 750
2026-07-27 14:53:30,716 [INFO] Pacing: sleep 5.6s
2026-07-27 14:53:36,290 [INFO] Page 40 | Collected: 750
2026-07-27 14:53:36,596 [INFO] Pacing: sleep 176.7s | Long Cooldown: 168.9s
2026-07-27 14:56:33,303 [INFO] Page 41 | Collected: 1000
2026-07-27 14:56:33,554 [INFO] Pacing: sleep 7.1s
2026-07-27 14:56:40,689 [INFO] Page 42 | Collected: 1000
2026-07-27 14:56:40,958 [INFO] Pacing: sleep 4.4s
2026-07-27 14:56:45,358 [INFO] Page 43 | Collected: 1000
2026-07-27 14:56:45,749 [INFO] Pacing: sleep 4.8s
2026-07-27 14:56:50,524 [INFO] Page 44 | Collected: 1000
2026-07-27 14:56:50,753 [INFO] Pacing: sleep 6.4s
2026-07-27 14:56:57,197 [INFO] Page 45 | Collected: 1000
2026-07-27 14:56:57,468 [INFO] Pacing: sleep 7.4s
2026-07-27 14:57:04,851 [INFO] Page 46 | Collected: 1000
2026-07-27 14:57:05,185 [INFO] Pacing: sleep 8.0s
2026-07-27 14:57:13,143 [INFO] Page 47 | Collected: 1000
2026-07-27 14:57:13,370 [INFO] Pacing: sleep 5.7s
2026-07-27 14:57:19,111 [INFO] Page 48 | Collected: 1000
2026-07-27 14:57:19,456 [INFO] Pacing: sleep 6.9s
2026-07-27 14:57:26,319 [INFO] Page 49 | Collected: 1000
2026-07-27 14:57:26,480 [WARNING] Block detected on page 49: Suspicious term found: 'captcha'
2026-07-27 14:57:26,481 [INFO] Saved raw HTML for debugging: blocked_0049.html
2026-07-27 14:57:26,481 [ERROR] Blocked again even after safe mode. Stopping gracefully.
2026-07-27 14:57:26,483 [INFO] Crawl stopped. Reason: adaptive_throttle_failed_page_49. Finalizing...
2026-07-27 14:57:26,483 [INFO] Merging intermediate pages from work_dir: /home/runner/work/steam-diploma/steam-diploma/data/snapshots/data/snapshots/_in_progress/a3d701e0-b271-4821-9199-56535410fd76
