2026-08-29 16:31:26,744 [INFO] Steam Snapshot Collector Started.
2026-08-29 16:31:26,744 [INFO] Speed Mode: fast
2026-08-29 16:31:26,744 [INFO] Work Dir: /home/runner/work/steam-diploma/steam-diploma/data/snapshots
2026-08-29 16:31:26,744 [INFO] Base Output Dir: .
2026-08-29 16:31:26,744 [INFO] Page 1 | Collected: 0
2026-08-29 16:31:27,081 [INFO] Pacing: sleep 1.4s
2026-08-29 16:31:28,455 [INFO] Page 2 | Collected: 0
2026-08-29 16:31:28,688 [INFO] Pacing: sleep 1.3s
2026-08-29 16:31:30,017 [INFO] Page 3 | Collected: 0
2026-08-29 16:31:30,224 [INFO] Pacing: sleep 1.4s
2026-08-29 16:31:31,628 [INFO] Page 4 | Collected: 0
2026-08-29 16:31:31,950 [INFO] Pacing: sleep 0.6s
2026-08-29 16:31:32,530 [INFO] Page 5 | Collected: 0
2026-08-29 16:31:32,754 [INFO] Pacing: sleep 0.9s
2026-08-29 16:31:33,629 [INFO] Page 6 | Collected: 0
2026-08-29 16:31:33,836 [INFO] Pacing: sleep 0.7s
2026-08-29 16:31:34,513 [INFO] Page 7 | Collected: 0
2026-08-29 16:31:34,900 [INFO] Pacing: sleep 0.7s
2026-08-29 16:31:35,567 [INFO] Page 8 | Collected: 0
2026-08-29 16:31:35,814 [INFO] Pacing: sleep 1.4s
2026-08-29 16:31:37,231 [INFO] Page 9 | Collected: 0
2026-08-29 16:31:37,510 [INFO] Pacing: sleep 0.5s
2026-08-29 16:31:38,046 [INFO] Page 10 | Collected: 0
2026-08-29 16:31:38,311 [INFO] Pacing: sleep 0.7s
2026-08-29 16:31:39,057 [INFO] Page 11 | Collected: 250
2026-08-29 16:31:39,283 [INFO] Pacing: sleep 1.1s
2026-08-29 16:31:40,351 [INFO] Page 12 | Collected: 250
2026-08-29 16:31:40,665 [INFO] Pacing: sleep 0.7s
2026-08-29 16:31:41,365 [INFO] Page 13 | Collected: 250
2026-08-29 16:31:41,583 [INFO] Pacing: sleep 1.2s
2026-08-29 16:31:42,762 [INFO] Page 14 | Collected: 250
2026-08-29 16:31:42,972 [INFO] Pacing: sleep 0.7s
2026-08-29 16:31:43,658 [INFO] Page 15 | Collected: 250
2026-08-29 16:31:43,968 [INFO] Pacing: sleep 1.3s
2026-08-29 16:31:45,269 [INFO] Page 16 | Collected: 250
2026-08-29 16:31:45,511 [INFO] Pacing: sleep 1.0s
2026-08-29 16:31:46,473 [INFO] Page 17 | Collected: 250
2026-08-29 16:31:46,701 [INFO] Pacing: sleep 0.7s
2026-08-29 16:31:47,384 [INFO] Page 18 | Collected: 250
2026-08-29 16:31:47,704 [INFO] Pacing: sleep 1.0s
2026-08-29 16:31:48,751 [INFO] Page 19 | Collected: 250
2026-08-29 16:31:49,019 [INFO] Pacing: sleep 1.1s
2026-08-29 16:31:50,135 [INFO] Page 20 | Collected: 250
2026-08-29 16:31:50,420 [INFO] Pacing: sleep 0.6s
2026-08-29 16:31:50,988 [INFO] Page 21 | Collected: 500
2026-08-29 16:31:51,191 [INFO] Pacing: sleep 0.8s
2026-08-29 16:31:52,029 [INFO] Page 22 | Collected: 500
2026-08-29 16:31:52,255 [INFO] Pacing: sleep 0.6s
2026-08-29 16:31:52,827 [INFO] Page 23 | Collected: 500
2026-08-29 16:31:53,115 [INFO] Pacing: sleep 0.9s
2026-08-29 16:31:53,972 [INFO] Page 24 | Collected: 500
2026-08-29 16:31:54,185 [INFO] Pacing: sleep 1.0s
2026-08-29 16:31:55,191 [INFO] Page 25 | Collected: 500
2026-08-29 16:31:55,474 [INFO] Pacing: sleep 1.4s
2026-08-29 16:31:56,906 [INFO] Page 26 | Collected: 500
2026-08-29 16:31:57,111 [INFO] Pacing: sleep 0.7s
2026-08-29 16:31:57,779 [INFO] Page 27 | Collected: 500
2026-08-29 16:31:58,001 [INFO] Pacing: sleep 0.9s
2026-08-29 16:31:58,911 [INFO] Page 28 | Collected: 500
2026-08-29 16:31:59,215 [INFO] Pacing: sleep 0.9s
2026-08-29 16:32:00,122 [INFO] Page 29 | Collected: 500
2026-08-29 16:32:00,324 [INFO] Pacing: sleep 1.1s
2026-08-29 16:32:01,382 [INFO] Page 30 | Collected: 500
2026-08-29 16:32:01,659 [INFO] Pacing: sleep 0.9s
2026-08-29 16:32:02,545 [INFO] Page 31 | Collected: 750
2026-08-29 16:32:02,655 [WARNING] Block detected on page 31: HTTP 429
2026-08-29 16:32:02,656 [INFO] Saved raw HTML for debugging: blocked_0031.html
2026-08-29 16:32:02,656 [WARNING] Initiating ADAPTIVE THROTTLING. Sleeping 180s, switching to SAFE mode.
2026-08-29 16:35:02,656 [INFO] Pacing: sleep 59.7s | Short Cooldown: 54.4s
2026-08-29 16:36:02,333 [INFO] Page 31 | Collected: 750
2026-08-29 16:36:02,670 [INFO] Pacing: sleep 5.6s
2026-08-29 16:36:08,266 [INFO] Page 32 | Collected: 750
2026-08-29 16:36:08,492 [INFO] Pacing: sleep 8.0s
2026-08-29 16:36:16,452 [INFO] Page 33 | Collected: 750
2026-08-29 16:36:16,762 [INFO] Pacing: sleep 4.3s
2026-08-29 16:36:21,099 [INFO] Page 34 | Collected: 750
2026-08-29 16:36:21,348 [INFO] Pacing: sleep 4.9s
2026-08-29 16:36:26,280 [INFO] Page 35 | Collected: 750
2026-08-29 16:36:26,540 [INFO] Pacing: sleep 5.4s
2026-08-29 16:36:31,924 [INFO] Page 36 | Collected: 750
2026-08-29 16:36:32,231 [INFO] Pacing: sleep 6.9s
2026-08-29 16:36:39,107 [INFO] Page 37 | Collected: 750
2026-08-29 16:36:39,395 [INFO] Pacing: sleep 5.4s
2026-08-29 16:36:44,814 [INFO] Page 38 | Collected: 750
2026-08-29 16:36:45,057 [INFO] Pacing: sleep 7.4s
2026-08-29 16:36:52,443 [INFO] Page 39 | Collected: 750
2026-08-29 16:36:52,768 [INFO] Pacing: sleep 5.5s
2026-08-29 16:36:58,275 [INFO] Page 40 | Collected: 750
2026-08-29 16:36:58,487 [INFO] Pacing: sleep 138.3s | Long Cooldown: 134.2s
2026-08-29 16:39:16,822 [INFO] Page 41 | Collected: 1000
2026-08-29 16:39:17,237 [INFO] Pacing: sleep 7.5s
2026-08-29 16:39:24,724 [INFO] Page 42 | Collected: 1000
2026-08-29 16:39:24,957 [INFO] Pacing: sleep 4.9s
2026-08-29 16:39:29,871 [INFO] Page 43 | Collected: 1000
2026-08-29 16:39:30,304 [INFO] Pacing: sleep 6.1s
2026-08-29 16:39:36,356 [INFO] Page 44 | Collected: 1000
2026-08-29 16:39:36,663 [INFO] Pacing: sleep 8.0s
2026-08-29 16:39:44,657 [INFO] Page 45 | Collected: 1000
2026-08-29 16:39:44,888 [INFO] Pacing: sleep 5.0s
2026-08-29 16:39:49,846 [INFO] Page 46 | Collected: 1000
2026-08-29 16:39:50,019 [WARNING] Block detected on page 46: Suspicious term found: 'captcha'
2026-08-29 16:39:50,019 [INFO] Saved raw HTML for debugging: blocked_0046.html
2026-08-29 16:39:50,019 [ERROR] Blocked again even after safe mode. Stopping gracefully.
2026-08-29 16:39:50,020 [INFO] Crawl stopped. Reason: adaptive_throttle_failed_page_46. Finalizing...
2026-08-29 16:39:50,021 [INFO] Merging intermediate pages from work_dir: /home/runner/work/steam-diploma/steam-diploma/data/snapshots/data/snapshots/_in_progress/8d966735-ccd6-4330-b87a-5baef8bbd6ef
