2026-08-02 03:28:02,819 [INFO] Steam Snapshot Collector Started.
2026-08-02 03:28:02,819 [INFO] Speed Mode: fast
2026-08-02 03:28:02,819 [INFO] Work Dir: /home/runner/work/steam-diploma/steam-diploma/data/snapshots
2026-08-02 03:28:02,819 [INFO] Base Output Dir: .
2026-08-02 03:28:02,820 [INFO] Page 1 | Collected: 0
2026-08-02 03:28:03,411 [INFO] Pacing: sleep 0.5s
2026-08-02 03:28:03,922 [INFO] Page 2 | Collected: 0
2026-08-02 03:28:04,228 [INFO] Pacing: sleep 0.8s
2026-08-02 03:28:05,018 [INFO] Page 3 | Collected: 0
2026-08-02 03:28:05,289 [INFO] Pacing: sleep 1.0s
2026-08-02 03:28:06,327 [INFO] Page 4 | Collected: 0
2026-08-02 03:28:06,687 [INFO] Pacing: sleep 1.0s
2026-08-02 03:28:07,699 [INFO] Page 5 | Collected: 0
2026-08-02 03:28:08,019 [INFO] Pacing: sleep 1.4s
2026-08-02 03:28:09,459 [INFO] Page 6 | Collected: 0
2026-08-02 03:28:09,835 [INFO] Pacing: sleep 0.8s
2026-08-02 03:28:10,648 [INFO] Page 7 | Collected: 0
2026-08-02 03:28:11,030 [INFO] Pacing: sleep 1.3s
2026-08-02 03:28:12,341 [INFO] Page 8 | Collected: 0
2026-08-02 03:28:12,612 [INFO] Pacing: sleep 0.8s
2026-08-02 03:28:13,448 [INFO] Page 9 | Collected: 0
2026-08-02 03:28:13,765 [INFO] Pacing: sleep 1.4s
2026-08-02 03:28:15,209 [INFO] Page 10 | Collected: 0
2026-08-02 03:28:15,584 [INFO] Pacing: sleep 1.5s
2026-08-02 03:28:17,073 [INFO] Page 11 | Collected: 250
2026-08-02 03:28:17,325 [INFO] Pacing: sleep 0.8s
2026-08-02 03:28:18,092 [INFO] Page 12 | Collected: 250
2026-08-02 03:28:18,458 [INFO] Pacing: sleep 0.6s
2026-08-02 03:28:19,058 [INFO] Page 13 | Collected: 250
2026-08-02 03:28:19,330 [INFO] Pacing: sleep 0.6s
2026-08-02 03:28:19,905 [INFO] Page 14 | Collected: 250
2026-08-02 03:28:20,256 [INFO] Pacing: sleep 0.7s
2026-08-02 03:28:20,958 [INFO] Page 15 | Collected: 250
2026-08-02 03:28:21,316 [INFO] Pacing: sleep 0.7s
2026-08-02 03:28:22,053 [INFO] Page 16 | Collected: 250
2026-08-02 03:28:22,329 [INFO] Pacing: sleep 1.5s
2026-08-02 03:28:23,799 [INFO] Page 17 | Collected: 250
2026-08-02 03:28:24,158 [INFO] Pacing: sleep 1.1s
2026-08-02 03:28:25,282 [INFO] Page 18 | Collected: 250
2026-08-02 03:28:25,582 [INFO] Pacing: sleep 0.9s
2026-08-02 03:28:26,513 [INFO] Page 19 | Collected: 250
2026-08-02 03:28:26,795 [INFO] Pacing: sleep 0.6s
2026-08-02 03:28:27,411 [INFO] Page 20 | Collected: 250
2026-08-02 03:28:27,783 [INFO] Pacing: sleep 0.9s
2026-08-02 03:28:28,730 [INFO] Page 21 | Collected: 500
2026-08-02 03:28:29,007 [INFO] Pacing: sleep 0.7s
2026-08-02 03:28:29,704 [INFO] Page 22 | Collected: 500
2026-08-02 03:28:30,081 [INFO] Pacing: sleep 1.1s
2026-08-02 03:28:31,139 [INFO] Page 23 | Collected: 500
2026-08-02 03:28:31,414 [WARNING] Page 23 had 1 duplicate appids seen previously.
2026-08-02 03:28:31,414 [INFO] Pacing: sleep 0.8s
2026-08-02 03:28:32,244 [INFO] Page 24 | Collected: 500
2026-08-02 03:28:32,504 [INFO] Pacing: sleep 0.8s
2026-08-02 03:28:33,279 [INFO] Page 25 | Collected: 500
2026-08-02 03:28:33,632 [INFO] Pacing: sleep 0.7s
2026-08-02 03:28:34,347 [INFO] Page 26 | Collected: 500
2026-08-02 03:28:34,620 [INFO] Pacing: sleep 1.4s
2026-08-02 03:28:35,986 [INFO] Page 27 | Collected: 500
2026-08-02 03:28:36,235 [INFO] Pacing: sleep 0.7s
2026-08-02 03:28:36,900 [INFO] Page 28 | Collected: 500
2026-08-02 03:28:37,249 [INFO] Pacing: sleep 0.6s
2026-08-02 03:28:37,807 [INFO] Page 29 | Collected: 500
2026-08-02 03:28:38,112 [INFO] Pacing: sleep 0.6s
2026-08-02 03:28:38,743 [INFO] Page 30 | Collected: 500
2026-08-02 03:28:39,078 [INFO] Pacing: sleep 1.4s
2026-08-02 03:28:40,477 [INFO] Page 31 | Collected: 750
2026-08-02 03:28:40,604 [WARNING] Block detected on page 31: HTTP 429
2026-08-02 03:28:40,604 [INFO] Saved raw HTML for debugging: blocked_0031.html
2026-08-02 03:28:40,604 [WARNING] Initiating ADAPTIVE THROTTLING. Sleeping 180s, switching to SAFE mode.
2026-08-02 03:31:40,604 [INFO] Pacing: sleep 47.4s | Short Cooldown: 42.9s
2026-08-02 03:32:27,960 [INFO] Page 31 | Collected: 750
2026-08-02 03:32:28,240 [INFO] Pacing: sleep 6.7s
2026-08-02 03:32:34,946 [INFO] Page 32 | Collected: 750
2026-08-02 03:32:35,204 [INFO] Pacing: sleep 6.8s
2026-08-02 03:32:41,976 [INFO] Page 33 | Collected: 750
2026-08-02 03:32:42,358 [INFO] Pacing: sleep 4.1s
2026-08-02 03:32:46,441 [INFO] Page 34 | Collected: 750
2026-08-02 03:32:46,702 [INFO] Pacing: sleep 4.5s
2026-08-02 03:32:51,232 [INFO] Page 35 | Collected: 750
2026-08-02 03:32:51,631 [INFO] Pacing: sleep 4.9s
2026-08-02 03:32:56,579 [INFO] Page 36 | Collected: 750
2026-08-02 03:32:56,860 [INFO] Pacing: sleep 7.1s
2026-08-02 03:33:04,010 [INFO] Page 37 | Collected: 750
2026-08-02 03:33:04,273 [INFO] Pacing: sleep 6.0s
2026-08-02 03:33:10,227 [INFO] Page 38 | Collected: 750
2026-08-02 03:33:10,607 [INFO] Pacing: sleep 6.5s
2026-08-02 03:33:17,066 [INFO] Page 39 | Collected: 750
2026-08-02 03:33:17,397 [INFO] Pacing: sleep 7.4s
2026-08-02 03:33:24,803 [INFO] Page 40 | Collected: 750
2026-08-02 03:33:25,144 [INFO] Pacing: sleep 199.1s | Long Cooldown: 191.4s
2026-08-02 03:36:44,244 [INFO] Page 41 | Collected: 1000
2026-08-02 03:36:44,632 [INFO] Pacing: sleep 7.5s
2026-08-02 03:36:52,110 [INFO] Page 42 | Collected: 1000
2026-08-02 03:36:52,454 [INFO] Pacing: sleep 4.6s
2026-08-02 03:36:57,017 [INFO] Page 43 | Collected: 1000
2026-08-02 03:36:57,389 [INFO] Pacing: sleep 4.4s
2026-08-02 03:37:01,769 [INFO] Page 44 | Collected: 1000
2026-08-02 03:37:02,071 [INFO] Pacing: sleep 6.6s
2026-08-02 03:37:08,664 [INFO] Page 45 | Collected: 1000
2026-08-02 03:37:08,964 [INFO] Pacing: sleep 6.9s
2026-08-02 03:37:15,842 [INFO] Page 46 | Collected: 1000
2026-08-02 03:37:16,277 [INFO] Pacing: sleep 6.8s
2026-08-02 03:37:23,126 [INFO] Page 47 | Collected: 1000
2026-08-02 03:37:23,303 [WARNING] Block detected on page 47: Suspicious term found: 'captcha'
2026-08-02 03:37:23,304 [INFO] Saved raw HTML for debugging: blocked_0047.html
2026-08-02 03:37:23,304 [ERROR] Blocked again even after safe mode. Stopping gracefully.
2026-08-02 03:37:23,306 [INFO] Crawl stopped. Reason: adaptive_throttle_failed_page_47. Finalizing...
2026-08-02 03:37:23,306 [INFO] Merging intermediate pages from work_dir: /home/runner/work/steam-diploma/steam-diploma/data/snapshots/data/snapshots/_in_progress/93072206-5bbb-4e21-9739-3d447587e7f2
2026-08-02 03:37:23,318 [WARNING] Found 1 duplicate appids across the snapshot.
