2026-07-26 13:40:02,864 [INFO] Steam Snapshot Collector Started.
2026-07-26 13:40:02,864 [INFO] Speed Mode: fast
2026-07-26 13:40:02,864 [INFO] Work Dir: /home/runner/work/steam-diploma/steam-diploma/data/snapshots
2026-07-26 13:40:02,865 [INFO] Base Output Dir: .
2026-07-26 13:40:02,865 [INFO] Page 1 | Collected: 0
2026-07-26 13:40:03,271 [INFO] Pacing: sleep 1.3s
2026-07-26 13:40:04,601 [INFO] Page 2 | Collected: 0
2026-07-26 13:40:05,152 [INFO] Pacing: sleep 1.0s
2026-07-26 13:40:06,159 [INFO] Page 3 | Collected: 0
2026-07-26 13:40:06,465 [INFO] Pacing: sleep 1.3s
2026-07-26 13:40:07,763 [INFO] Page 4 | Collected: 0
2026-07-26 13:40:08,095 [INFO] Pacing: sleep 1.0s
2026-07-26 13:40:09,134 [INFO] Page 5 | Collected: 0
2026-07-26 13:40:09,396 [INFO] Pacing: sleep 1.4s
2026-07-26 13:40:10,786 [INFO] Page 6 | Collected: 0
2026-07-26 13:40:11,101 [INFO] Pacing: sleep 1.1s
2026-07-26 13:40:12,160 [INFO] Page 7 | Collected: 0
2026-07-26 13:40:12,535 [INFO] Pacing: sleep 0.8s
2026-07-26 13:40:13,370 [INFO] Page 8 | Collected: 0
2026-07-26 13:40:13,663 [INFO] Pacing: sleep 1.1s
2026-07-26 13:40:14,755 [INFO] Page 9 | Collected: 0
2026-07-26 13:40:15,007 [INFO] Pacing: sleep 1.2s
2026-07-26 13:40:16,192 [INFO] Page 10 | Collected: 0
2026-07-26 13:40:16,501 [INFO] Pacing: sleep 1.2s
2026-07-26 13:40:17,735 [INFO] Page 11 | Collected: 250
2026-07-26 13:40:17,993 [INFO] Pacing: sleep 1.3s
2026-07-26 13:40:19,275 [INFO] Page 12 | Collected: 250
2026-07-26 13:40:19,627 [INFO] Pacing: sleep 1.1s
2026-07-26 13:40:20,715 [INFO] Page 13 | Collected: 250
2026-07-26 13:40:20,965 [INFO] Pacing: sleep 1.1s
2026-07-26 13:40:22,038 [INFO] Page 14 | Collected: 250
2026-07-26 13:40:22,317 [INFO] Pacing: sleep 1.2s
2026-07-26 13:40:23,495 [INFO] Page 15 | Collected: 250
2026-07-26 13:40:23,824 [INFO] Pacing: sleep 1.0s
2026-07-26 13:40:24,857 [INFO] Page 16 | Collected: 250
2026-07-26 13:40:25,142 [INFO] Pacing: sleep 1.4s
2026-07-26 13:40:26,517 [INFO] Page 17 | Collected: 250
2026-07-26 13:40:26,836 [INFO] Pacing: sleep 1.2s
2026-07-26 13:40:27,987 [INFO] Page 18 | Collected: 250
2026-07-26 13:40:28,309 [INFO] Pacing: sleep 0.8s
2026-07-26 13:40:29,159 [INFO] Page 19 | Collected: 250
2026-07-26 13:40:29,426 [INFO] Pacing: sleep 1.4s
2026-07-26 13:40:30,820 [INFO] Page 20 | Collected: 250
2026-07-26 13:40:31,191 [INFO] Pacing: sleep 1.4s
2026-07-26 13:40:32,582 [INFO] Page 21 | Collected: 500
2026-07-26 13:40:32,861 [INFO] Pacing: sleep 0.6s
2026-07-26 13:40:33,483 [INFO] Page 22 | Collected: 500
2026-07-26 13:40:33,808 [INFO] Pacing: sleep 0.7s
2026-07-26 13:40:34,492 [INFO] Page 23 | Collected: 500
2026-07-26 13:40:34,779 [INFO] Pacing: sleep 1.4s
2026-07-26 13:40:36,158 [INFO] Page 24 | Collected: 500
2026-07-26 13:40:36,413 [INFO] Pacing: sleep 1.1s
2026-07-26 13:40:37,520 [INFO] Page 25 | Collected: 500
2026-07-26 13:40:37,842 [INFO] Pacing: sleep 0.7s
2026-07-26 13:40:38,534 [INFO] Page 26 | Collected: 500
2026-07-26 13:40:38,803 [INFO] Pacing: sleep 0.9s
2026-07-26 13:40:39,692 [INFO] Page 27 | Collected: 500
2026-07-26 13:40:39,972 [INFO] Pacing: sleep 0.7s
2026-07-26 13:40:40,638 [INFO] Page 28 | Collected: 500
2026-07-26 13:40:40,952 [INFO] Pacing: sleep 1.0s
2026-07-26 13:40:42,000 [INFO] Page 29 | Collected: 500
2026-07-26 13:40:42,271 [INFO] Pacing: sleep 1.2s
2026-07-26 13:40:43,497 [INFO] Page 30 | Collected: 500
2026-07-26 13:40:43,837 [INFO] Pacing: sleep 1.4s
2026-07-26 13:40:45,228 [INFO] Page 31 | Collected: 750
2026-07-26 13:40:45,303 [WARNING] Block detected on page 31: HTTP 429
2026-07-26 13:40:45,304 [INFO] Saved raw HTML for debugging: blocked_0031.html
2026-07-26 13:40:45,304 [WARNING] Initiating ADAPTIVE THROTTLING. Sleeping 180s, switching to SAFE mode.
2026-07-26 13:43:45,304 [INFO] Pacing: sleep 42.3s | Short Cooldown: 35.2s
2026-07-26 13:44:27,643 [INFO] Page 31 | Collected: 750
2026-07-26 13:44:27,920 [INFO] Pacing: sleep 7.3s
2026-07-26 13:44:35,198 [INFO] Page 32 | Collected: 750
2026-07-26 13:44:35,478 [INFO] Pacing: sleep 7.3s
2026-07-26 13:44:42,779 [INFO] Page 33 | Collected: 750
2026-07-26 13:44:43,129 [INFO] Pacing: sleep 5.6s
2026-07-26 13:44:48,722 [INFO] Page 34 | Collected: 750
2026-07-26 13:44:48,989 [INFO] Pacing: sleep 6.2s
2026-07-26 13:44:55,212 [INFO] Page 35 | Collected: 750
2026-07-26 13:44:55,680 [INFO] Pacing: sleep 5.4s
2026-07-26 13:45:01,124 [INFO] Page 36 | Collected: 750
2026-07-26 13:45:01,407 [INFO] Pacing: sleep 4.7s
2026-07-26 13:45:06,075 [INFO] Page 37 | Collected: 750
2026-07-26 13:45:06,430 [INFO] Pacing: sleep 5.5s
2026-07-26 13:45:11,949 [INFO] Page 38 | Collected: 750
2026-07-26 13:45:12,277 [INFO] Pacing: sleep 6.0s
2026-07-26 13:45:18,274 [INFO] Page 39 | Collected: 750
2026-07-26 13:45:18,572 [INFO] Pacing: sleep 7.0s
2026-07-26 13:45:25,613 [INFO] Page 40 | Collected: 750
2026-07-26 13:45:25,941 [INFO] Pacing: sleep 146.2s | Long Cooldown: 141.6s
2026-07-26 13:47:52,167 [INFO] Page 41 | Collected: 1000
2026-07-26 13:47:52,458 [INFO] Pacing: sleep 6.7s
2026-07-26 13:47:59,178 [INFO] Page 42 | Collected: 1000
2026-07-26 13:47:59,464 [INFO] Pacing: sleep 7.5s
2026-07-26 13:48:07,010 [INFO] Page 43 | Collected: 1000
2026-07-26 13:48:07,363 [INFO] Pacing: sleep 6.4s
2026-07-26 13:48:13,743 [INFO] Page 44 | Collected: 1000
2026-07-26 13:48:14,006 [INFO] Pacing: sleep 5.7s
2026-07-26 13:48:19,752 [INFO] Page 45 | Collected: 1000
2026-07-26 13:48:20,073 [INFO] Pacing: sleep 4.4s
2026-07-26 13:48:24,455 [INFO] Page 46 | Collected: 1000
2026-07-26 13:48:24,797 [INFO] Pacing: sleep 7.0s
2026-07-26 13:48:31,819 [INFO] Page 47 | Collected: 1000
2026-07-26 13:48:32,120 [INFO] Pacing: sleep 4.8s
2026-07-26 13:48:36,930 [INFO] Page 48 | Collected: 1000
2026-07-26 13:48:37,259 [INFO] Pacing: sleep 4.2s
2026-07-26 13:48:41,410 [INFO] Page 49 | Collected: 1000
2026-07-26 13:48:41,575 [WARNING] Block detected on page 49: Suspicious term found: 'captcha'
2026-07-26 13:48:41,576 [INFO] Saved raw HTML for debugging: blocked_0049.html
2026-07-26 13:48:41,576 [ERROR] Blocked again even after safe mode. Stopping gracefully.
2026-07-26 13:48:41,578 [INFO] Crawl stopped. Reason: adaptive_throttle_failed_page_49. Finalizing...
2026-07-26 13:48:41,578 [INFO] Merging intermediate pages from work_dir: /home/runner/work/steam-diploma/steam-diploma/data/snapshots/data/snapshots/_in_progress/b4e9a374-0d6c-4e2f-93b1-ce088450ed0e
