2026-09-01 16:21:31,647 [INFO] Steam Snapshot Collector Started.
2026-09-01 16:21:31,647 [INFO] Speed Mode: fast
2026-09-01 16:21:31,647 [INFO] Work Dir: /home/runner/work/steam-diploma/steam-diploma/data/snapshots
2026-09-01 16:21:31,647 [INFO] Base Output Dir: .
2026-09-01 16:21:31,648 [INFO] Page 1 | Collected: 0
2026-09-01 16:21:32,095 [INFO] Pacing: sleep 1.2s
2026-09-01 16:21:33,330 [INFO] Page 2 | Collected: 0
2026-09-01 16:21:33,646 [INFO] Pacing: sleep 1.4s
2026-09-01 16:21:35,056 [INFO] Page 3 | Collected: 0
2026-09-01 16:21:35,312 [INFO] Pacing: sleep 1.1s
2026-09-01 16:21:36,367 [INFO] Page 4 | Collected: 0
2026-09-01 16:21:36,655 [INFO] Pacing: sleep 1.4s
2026-09-01 16:21:38,076 [INFO] Page 5 | Collected: 0
2026-09-01 16:21:38,329 [INFO] Pacing: sleep 1.1s
2026-09-01 16:21:39,409 [INFO] Page 6 | Collected: 0
2026-09-01 16:21:39,658 [INFO] Pacing: sleep 0.6s
2026-09-01 16:21:40,250 [INFO] Page 7 | Collected: 0
2026-09-01 16:21:40,546 [INFO] Pacing: sleep 0.8s
2026-09-01 16:21:41,377 [INFO] Page 8 | Collected: 0
2026-09-01 16:21:41,621 [INFO] Pacing: sleep 1.0s
2026-09-01 16:21:42,659 [INFO] Page 9 | Collected: 0
2026-09-01 16:21:42,904 [INFO] Pacing: sleep 0.9s
2026-09-01 16:21:43,853 [INFO] Page 10 | Collected: 0
2026-09-01 16:21:44,210 [INFO] Pacing: sleep 0.6s
2026-09-01 16:21:44,777 [INFO] Page 11 | Collected: 250
2026-09-01 16:21:44,988 [INFO] Pacing: sleep 0.7s
2026-09-01 16:21:45,669 [INFO] Page 12 | Collected: 250
2026-09-01 16:21:45,995 [INFO] Pacing: sleep 0.6s
2026-09-01 16:21:46,595 [INFO] Page 13 | Collected: 250
2026-09-01 16:21:46,822 [INFO] Pacing: sleep 1.3s
2026-09-01 16:21:48,073 [INFO] Page 14 | Collected: 250
2026-09-01 16:21:48,309 [INFO] Pacing: sleep 1.0s
2026-09-01 16:21:49,297 [INFO] Page 15 | Collected: 250
2026-09-01 16:21:49,582 [INFO] Pacing: sleep 0.9s
2026-09-01 16:21:50,515 [INFO] Page 16 | Collected: 250
2026-09-01 16:21:50,740 [INFO] Pacing: sleep 1.3s
2026-09-01 16:21:52,074 [INFO] Page 17 | Collected: 250
2026-09-01 16:21:52,435 [INFO] Pacing: sleep 1.1s
2026-09-01 16:21:53,549 [INFO] Page 18 | Collected: 250
2026-09-01 16:21:53,855 [INFO] Pacing: sleep 1.0s
2026-09-01 16:21:54,816 [INFO] Page 19 | Collected: 250
2026-09-01 16:21:55,054 [INFO] Pacing: sleep 1.4s
2026-09-01 16:21:56,491 [INFO] Page 20 | Collected: 250
2026-09-01 16:21:56,802 [INFO] Pacing: sleep 1.3s
2026-09-01 16:21:58,103 [INFO] Page 21 | Collected: 500
2026-09-01 16:21:58,448 [INFO] Pacing: sleep 1.3s
2026-09-01 16:21:59,719 [INFO] Page 22 | Collected: 500
2026-09-01 16:21:59,977 [INFO] Pacing: sleep 0.8s
2026-09-01 16:22:00,780 [INFO] Page 23 | Collected: 500
2026-09-01 16:22:01,099 [INFO] Pacing: sleep 1.3s
2026-09-01 16:22:02,364 [INFO] Page 24 | Collected: 500
2026-09-01 16:22:02,631 [INFO] Pacing: sleep 0.9s
2026-09-01 16:22:03,525 [INFO] Page 25 | Collected: 500
2026-09-01 16:22:03,871 [INFO] Pacing: sleep 0.8s
2026-09-01 16:22:04,680 [INFO] Page 26 | Collected: 500
2026-09-01 16:22:04,965 [INFO] Pacing: sleep 1.2s
2026-09-01 16:22:06,151 [INFO] Page 27 | Collected: 500
2026-09-01 16:22:06,477 [INFO] Pacing: sleep 0.7s
2026-09-01 16:22:07,188 [INFO] Page 28 | Collected: 500
2026-09-01 16:22:07,507 [INFO] Pacing: sleep 0.6s
2026-09-01 16:22:08,084 [INFO] Page 29 | Collected: 500
2026-09-01 16:22:08,377 [INFO] Pacing: sleep 1.3s
2026-09-01 16:22:09,673 [INFO] Page 30 | Collected: 500
2026-09-01 16:22:09,910 [INFO] Pacing: sleep 0.9s
2026-09-01 16:22:10,851 [INFO] Page 31 | Collected: 750
2026-09-01 16:22:10,941 [WARNING] Block detected on page 31: HTTP 429
2026-09-01 16:22:10,942 [INFO] Saved raw HTML for debugging: blocked_0031.html
2026-09-01 16:22:10,942 [WARNING] Initiating ADAPTIVE THROTTLING. Sleeping 180s, switching to SAFE mode.
2026-09-01 16:25:10,942 [INFO] Pacing: sleep 53.0s | Short Cooldown: 48.0s
2026-09-01 16:26:03,955 [INFO] Page 31 | Collected: 750
2026-09-01 16:26:04,321 [INFO] Pacing: sleep 7.2s
2026-09-01 16:26:11,522 [INFO] Page 32 | Collected: 750
2026-09-01 16:26:11,815 [INFO] Pacing: sleep 7.9s
2026-09-01 16:26:19,710 [INFO] Page 33 | Collected: 750
2026-09-01 16:26:20,021 [INFO] Pacing: sleep 6.7s
2026-09-01 16:26:26,729 [INFO] Page 34 | Collected: 750
2026-09-01 16:26:27,068 [INFO] Pacing: sleep 7.2s
2026-09-01 16:26:34,222 [INFO] Page 35 | Collected: 750
2026-09-01 16:26:34,472 [INFO] Pacing: sleep 7.2s
2026-09-01 16:26:41,722 [INFO] Page 36 | Collected: 750
2026-09-01 16:26:42,076 [INFO] Pacing: sleep 4.8s
2026-09-01 16:26:46,912 [INFO] Page 37 | Collected: 750
2026-09-01 16:26:47,212 [INFO] Pacing: sleep 4.5s
2026-09-01 16:26:51,726 [INFO] Page 38 | Collected: 750
2026-09-01 16:26:51,973 [INFO] Pacing: sleep 5.3s
2026-09-01 16:26:57,251 [INFO] Page 39 | Collected: 750
2026-09-01 16:26:57,703 [INFO] Pacing: sleep 6.8s
2026-09-01 16:27:04,467 [INFO] Page 40 | Collected: 750
2026-09-01 16:27:04,748 [INFO] Pacing: sleep 131.1s | Long Cooldown: 126.9s
2026-09-01 16:29:15,885 [INFO] Page 41 | Collected: 1000
2026-09-01 16:29:16,205 [INFO] Pacing: sleep 5.9s
2026-09-01 16:29:22,129 [INFO] Page 42 | Collected: 1000
2026-09-01 16:29:22,396 [INFO] Pacing: sleep 7.7s
2026-09-01 16:29:30,097 [INFO] Page 43 | Collected: 1000
2026-09-01 16:29:30,390 [INFO] Pacing: sleep 4.2s
2026-09-01 16:29:34,608 [INFO] Page 44 | Collected: 1000
2026-09-01 16:29:34,954 [INFO] Pacing: sleep 5.2s
2026-09-01 16:29:40,170 [INFO] Page 45 | Collected: 1000
2026-09-01 16:29:40,427 [INFO] Pacing: sleep 6.5s
2026-09-01 16:29:46,951 [INFO] Page 46 | Collected: 1000
2026-09-01 16:29:47,146 [WARNING] Block detected on page 46: Suspicious term found: 'captcha'
2026-09-01 16:29:47,147 [INFO] Saved raw HTML for debugging: blocked_0046.html
2026-09-01 16:29:47,147 [ERROR] Blocked again even after safe mode. Stopping gracefully.
2026-09-01 16:29:47,148 [INFO] Crawl stopped. Reason: adaptive_throttle_failed_page_46. Finalizing...
2026-09-01 16:29:47,149 [INFO] Merging intermediate pages from work_dir: /home/runner/work/steam-diploma/steam-diploma/data/snapshots/data/snapshots/_in_progress/757227dc-5fab-491f-8d3d-372d546de7e5
