2026-09-11 03:59:47,866 [INFO] Steam Snapshot Collector Started.
2026-09-11 03:59:47,866 [INFO] Speed Mode: fast
2026-09-11 03:59:47,866 [INFO] Work Dir: /home/runner/work/steam-diploma/steam-diploma/data/snapshots
2026-09-11 03:59:47,866 [INFO] Base Output Dir: .
2026-09-11 03:59:47,867 [INFO] Page 1 | Collected: 0
2026-09-11 03:59:48,264 [INFO] Pacing: sleep 1.0s
2026-09-11 03:59:49,269 [INFO] Page 2 | Collected: 0
2026-09-11 03:59:49,620 [INFO] Pacing: sleep 1.3s
2026-09-11 03:59:50,937 [INFO] Page 3 | Collected: 0
2026-09-11 03:59:51,218 [INFO] Pacing: sleep 1.3s
2026-09-11 03:59:52,489 [INFO] Page 4 | Collected: 0
2026-09-11 03:59:52,816 [INFO] Pacing: sleep 1.2s
2026-09-11 03:59:53,970 [INFO] Page 5 | Collected: 0
2026-09-11 03:59:54,324 [INFO] Pacing: sleep 0.8s
2026-09-11 03:59:55,171 [INFO] Page 6 | Collected: 0
2026-09-11 03:59:55,551 [INFO] Pacing: sleep 0.8s
2026-09-11 03:59:56,352 [INFO] Page 7 | Collected: 0
2026-09-11 03:59:56,718 [INFO] Pacing: sleep 1.3s
2026-09-11 03:59:58,029 [INFO] Page 8 | Collected: 0
2026-09-11 03:59:58,354 [INFO] Pacing: sleep 1.3s
2026-09-11 03:59:59,634 [INFO] Page 9 | Collected: 0
2026-09-11 03:59:59,923 [INFO] Pacing: sleep 0.6s
2026-09-11 04:00:00,571 [INFO] Page 10 | Collected: 0
2026-09-11 04:00:00,953 [INFO] Pacing: sleep 0.7s
2026-09-11 04:00:01,661 [INFO] Page 11 | Collected: 250
2026-09-11 04:00:01,936 [INFO] Pacing: sleep 0.5s
2026-09-11 04:00:02,466 [INFO] Page 12 | Collected: 250
2026-09-11 04:00:02,866 [INFO] Pacing: sleep 0.7s
2026-09-11 04:00:03,539 [INFO] Page 13 | Collected: 250
2026-09-11 04:00:03,830 [INFO] Pacing: sleep 0.7s
2026-09-11 04:00:04,515 [INFO] Page 14 | Collected: 250
2026-09-11 04:00:04,807 [INFO] Pacing: sleep 0.6s
2026-09-11 04:00:05,430 [INFO] Page 15 | Collected: 250
2026-09-11 04:00:05,822 [INFO] Pacing: sleep 0.5s
2026-09-11 04:00:06,342 [INFO] Page 16 | Collected: 250
2026-09-11 04:00:06,642 [INFO] Pacing: sleep 1.4s
2026-09-11 04:00:08,020 [INFO] Page 17 | Collected: 250
2026-09-11 04:00:08,321 [INFO] Pacing: sleep 1.4s
2026-09-11 04:00:09,723 [INFO] Page 18 | Collected: 250
2026-09-11 04:00:10,063 [INFO] Pacing: sleep 1.2s
2026-09-11 04:00:11,250 [INFO] Page 19 | Collected: 250
2026-09-11 04:00:11,535 [INFO] Pacing: sleep 1.4s
2026-09-11 04:00:12,903 [INFO] Page 20 | Collected: 250
2026-09-11 04:00:13,242 [INFO] Pacing: sleep 0.7s
2026-09-11 04:00:13,982 [INFO] Page 21 | Collected: 500
2026-09-11 04:00:14,250 [INFO] Pacing: sleep 1.3s
2026-09-11 04:00:15,591 [INFO] Page 22 | Collected: 500
2026-09-11 04:00:15,881 [INFO] Pacing: sleep 1.1s
2026-09-11 04:00:17,018 [INFO] Page 23 | Collected: 500
2026-09-11 04:00:17,384 [INFO] Pacing: sleep 0.9s
2026-09-11 04:00:18,306 [INFO] Page 24 | Collected: 500
2026-09-11 04:00:18,589 [INFO] Pacing: sleep 0.8s
2026-09-11 04:00:19,378 [INFO] Page 25 | Collected: 500
2026-09-11 04:00:19,683 [INFO] Pacing: sleep 1.1s
2026-09-11 04:00:20,742 [INFO] Page 26 | Collected: 500
2026-09-11 04:00:21,085 [INFO] Pacing: sleep 0.6s
2026-09-11 04:00:21,669 [INFO] Page 27 | Collected: 500
2026-09-11 04:00:21,943 [INFO] Pacing: sleep 1.3s
2026-09-11 04:00:23,246 [INFO] Page 28 | Collected: 500
2026-09-11 04:00:23,587 [INFO] Pacing: sleep 1.0s
2026-09-11 04:00:24,548 [INFO] Page 29 | Collected: 500
2026-09-11 04:00:24,852 [INFO] Pacing: sleep 1.1s
2026-09-11 04:00:25,994 [INFO] Page 30 | Collected: 500
2026-09-11 04:00:26,266 [INFO] Pacing: sleep 1.0s
2026-09-11 04:00:27,313 [INFO] Page 31 | Collected: 750
2026-09-11 04:00:27,463 [WARNING] Block detected on page 31: HTTP 429
2026-09-11 04:00:27,463 [INFO] Saved raw HTML for debugging: blocked_0031.html
2026-09-11 04:00:27,463 [WARNING] Initiating ADAPTIVE THROTTLING. Sleeping 180s, switching to SAFE mode.
2026-09-11 04:03:27,463 [INFO] Pacing: sleep 51.6s | Short Cooldown: 44.3s
2026-09-11 04:04:19,078 [INFO] Page 31 | Collected: 750
2026-09-11 04:04:19,421 [INFO] Pacing: sleep 4.3s
2026-09-11 04:04:23,759 [INFO] Page 32 | Collected: 750
2026-09-11 04:04:24,037 [INFO] Pacing: sleep 7.2s
2026-09-11 04:04:31,210 [INFO] Page 33 | Collected: 750
2026-09-11 04:04:31,538 [INFO] Pacing: sleep 5.6s
2026-09-11 04:04:37,143 [INFO] Page 34 | Collected: 750
2026-09-11 04:04:37,428 [INFO] Pacing: sleep 7.8s
2026-09-11 04:04:45,272 [INFO] Page 35 | Collected: 750
2026-09-11 04:04:45,558 [INFO] Pacing: sleep 6.6s
2026-09-11 04:04:52,208 [INFO] Page 36 | Collected: 750
2026-09-11 04:04:52,570 [INFO] Pacing: sleep 7.4s
2026-09-11 04:04:59,948 [INFO] Page 37 | Collected: 750
2026-09-11 04:05:00,232 [INFO] Pacing: sleep 4.2s
2026-09-11 04:05:04,403 [INFO] Page 38 | Collected: 750
2026-09-11 04:05:04,805 [INFO] Pacing: sleep 7.0s
2026-09-11 04:05:11,768 [INFO] Page 39 | Collected: 750
2026-09-11 04:05:12,135 [INFO] Pacing: sleep 7.7s
2026-09-11 04:05:19,786 [INFO] Page 40 | Collected: 750
2026-09-11 04:05:20,075 [INFO] Pacing: sleep 202.0s | Long Cooldown: 195.2s
2026-09-11 04:08:42,090 [INFO] Page 41 | Collected: 1000
2026-09-11 04:08:42,447 [INFO] Pacing: sleep 5.7s
2026-09-11 04:08:48,138 [INFO] Page 42 | Collected: 1000
2026-09-11 04:08:48,416 [INFO] Pacing: sleep 5.9s
2026-09-11 04:08:54,308 [INFO] Page 43 | Collected: 1000
2026-09-11 04:08:54,647 [INFO] Pacing: sleep 6.7s
2026-09-11 04:09:01,352 [INFO] Page 44 | Collected: 1000
2026-09-11 04:09:01,726 [INFO] Pacing: sleep 6.1s
2026-09-11 04:09:07,841 [INFO] Page 45 | Collected: 1000
2026-09-11 04:09:08,112 [INFO] Pacing: sleep 4.0s
2026-09-11 04:09:12,151 [INFO] Page 46 | Collected: 1000
2026-09-11 04:09:12,466 [INFO] Pacing: sleep 6.8s
2026-09-11 04:09:19,311 [INFO] Page 47 | Collected: 1000
2026-09-11 04:09:19,649 [INFO] Pacing: sleep 6.1s
2026-09-11 04:09:25,799 [INFO] Page 48 | Collected: 1000
2026-09-11 04:09:25,963 [WARNING] Block detected on page 48: Suspicious term found: 'captcha'
2026-09-11 04:09:25,964 [INFO] Saved raw HTML for debugging: blocked_0048.html
2026-09-11 04:09:25,964 [ERROR] Blocked again even after safe mode. Stopping gracefully.
2026-09-11 04:09:25,965 [INFO] Crawl stopped. Reason: adaptive_throttle_failed_page_48. Finalizing...
2026-09-11 04:09:25,966 [INFO] Merging intermediate pages from work_dir: /home/runner/work/steam-diploma/steam-diploma/data/snapshots/data/snapshots/_in_progress/ccfaf093-17ee-4452-b123-3e9c5a793c80
