2026-09-11 16:13:18,288 [INFO] Steam Snapshot Collector Started.
2026-09-11 16:13:18,288 [INFO] Speed Mode: fast
2026-09-11 16:13:18,288 [INFO] Work Dir: /home/runner/work/steam-diploma/steam-diploma/data/snapshots
2026-09-11 16:13:18,288 [INFO] Base Output Dir: .
2026-09-11 16:13:18,289 [INFO] Page 1 | Collected: 0
2026-09-11 16:13:18,740 [INFO] Pacing: sleep 1.2s
2026-09-11 16:13:19,968 [INFO] Page 2 | Collected: 0
2026-09-11 16:13:20,310 [INFO] Pacing: sleep 0.7s
2026-09-11 16:13:21,011 [INFO] Page 3 | Collected: 0
2026-09-11 16:13:21,321 [INFO] Pacing: sleep 0.7s
2026-09-11 16:13:22,008 [INFO] Page 4 | Collected: 0
2026-09-11 16:13:22,355 [INFO] Pacing: sleep 1.3s
2026-09-11 16:13:23,687 [INFO] Page 5 | Collected: 0
2026-09-11 16:13:23,990 [INFO] Pacing: sleep 0.9s
2026-09-11 16:13:24,910 [INFO] Page 6 | Collected: 0
2026-09-11 16:13:25,255 [INFO] Pacing: sleep 1.3s
2026-09-11 16:13:26,530 [INFO] Page 7 | Collected: 0
2026-09-11 16:13:26,956 [INFO] Pacing: sleep 1.4s
2026-09-11 16:13:28,381 [INFO] Page 8 | Collected: 0
2026-09-11 16:13:28,657 [INFO] Pacing: sleep 1.1s
2026-09-11 16:13:29,730 [INFO] Page 9 | Collected: 0
2026-09-11 16:13:29,997 [INFO] Pacing: sleep 1.3s
2026-09-11 16:13:31,305 [INFO] Page 10 | Collected: 0
2026-09-11 16:13:31,723 [INFO] Pacing: sleep 0.7s
2026-09-11 16:13:32,381 [INFO] Page 11 | Collected: 250
2026-09-11 16:13:32,674 [INFO] Pacing: sleep 0.6s
2026-09-11 16:13:33,316 [INFO] Page 12 | Collected: 250
2026-09-11 16:13:33,649 [INFO] Pacing: sleep 0.7s
2026-09-11 16:13:34,339 [INFO] Page 13 | Collected: 250
2026-09-11 16:13:34,656 [INFO] Pacing: sleep 0.7s
2026-09-11 16:13:35,385 [INFO] Page 14 | Collected: 250
2026-09-11 16:13:35,663 [INFO] Pacing: sleep 1.0s
2026-09-11 16:13:36,659 [INFO] Page 15 | Collected: 250
2026-09-11 16:13:37,008 [INFO] Pacing: sleep 0.6s
2026-09-11 16:13:37,626 [INFO] Page 16 | Collected: 250
2026-09-11 16:13:37,986 [INFO] Pacing: sleep 0.6s
2026-09-11 16:13:38,546 [INFO] Page 17 | Collected: 250
2026-09-11 16:13:38,881 [INFO] Pacing: sleep 1.2s
2026-09-11 16:13:40,045 [INFO] Page 18 | Collected: 250
2026-09-11 16:13:40,466 [INFO] Pacing: sleep 1.1s
2026-09-11 16:13:41,562 [INFO] Page 19 | Collected: 250
2026-09-11 16:13:41,854 [INFO] Pacing: sleep 1.4s
2026-09-11 16:13:43,295 [INFO] Page 20 | Collected: 250
2026-09-11 16:13:43,617 [INFO] Pacing: sleep 1.3s
2026-09-11 16:13:44,933 [INFO] Page 21 | Collected: 500
2026-09-11 16:13:45,228 [INFO] Pacing: sleep 1.3s
2026-09-11 16:13:46,572 [INFO] Page 22 | Collected: 500
2026-09-11 16:13:46,866 [INFO] Pacing: sleep 1.4s
2026-09-11 16:13:48,235 [INFO] Page 23 | Collected: 500
2026-09-11 16:13:48,594 [INFO] Pacing: sleep 1.3s
2026-09-11 16:13:49,861 [INFO] Page 24 | Collected: 500
2026-09-11 16:13:50,159 [INFO] Pacing: sleep 1.0s
2026-09-11 16:13:51,202 [INFO] Page 25 | Collected: 500
2026-09-11 16:13:51,533 [INFO] Pacing: sleep 0.8s
2026-09-11 16:13:52,379 [INFO] Page 26 | Collected: 500
2026-09-11 16:13:52,777 [INFO] Pacing: sleep 1.0s
2026-09-11 16:13:53,782 [INFO] Page 27 | Collected: 500
2026-09-11 16:13:54,089 [INFO] Pacing: sleep 1.4s
2026-09-11 16:13:55,484 [INFO] Page 28 | Collected: 500
2026-09-11 16:13:55,805 [INFO] Pacing: sleep 1.2s
2026-09-11 16:13:57,033 [INFO] Page 29 | Collected: 500
2026-09-11 16:13:57,332 [INFO] Pacing: sleep 1.0s
2026-09-11 16:13:58,319 [INFO] Page 30 | Collected: 500
2026-09-11 16:13:58,608 [INFO] Pacing: sleep 0.8s
2026-09-11 16:13:59,359 [INFO] Page 31 | Collected: 750
2026-09-11 16:13:59,452 [WARNING] Block detected on page 31: HTTP 429
2026-09-11 16:13:59,453 [INFO] Saved raw HTML for debugging: blocked_0031.html
2026-09-11 16:13:59,453 [WARNING] Initiating ADAPTIVE THROTTLING. Sleeping 180s, switching to SAFE mode.
2026-09-11 16:16:59,453 [INFO] Pacing: sleep 45.0s | Short Cooldown: 37.1s
2026-09-11 16:17:44,487 [INFO] Page 31 | Collected: 750
2026-09-11 16:17:44,837 [INFO] Pacing: sleep 4.1s
2026-09-11 16:17:48,889 [INFO] Page 32 | Collected: 750
2026-09-11 16:17:49,194 [INFO] Pacing: sleep 6.8s
2026-09-11 16:17:55,981 [INFO] Page 33 | Collected: 750
2026-09-11 16:17:56,346 [INFO] Pacing: sleep 4.5s
2026-09-11 16:18:00,816 [INFO] Page 34 | Collected: 750
2026-09-11 16:18:01,105 [INFO] Pacing: sleep 6.3s
2026-09-11 16:18:07,355 [INFO] Page 35 | Collected: 750
2026-09-11 16:18:07,642 [INFO] Pacing: sleep 5.1s
2026-09-11 16:18:12,727 [INFO] Page 36 | Collected: 750
2026-09-11 16:18:13,065 [INFO] Pacing: sleep 5.8s
2026-09-11 16:18:18,859 [INFO] Page 37 | Collected: 750
2026-09-11 16:18:19,169 [INFO] Pacing: sleep 6.2s
2026-09-11 16:18:25,419 [INFO] Page 38 | Collected: 750
2026-09-11 16:18:25,711 [INFO] Pacing: sleep 4.5s
2026-09-11 16:18:30,251 [INFO] Page 39 | Collected: 750
2026-09-11 16:18:30,596 [INFO] Pacing: sleep 6.3s
2026-09-11 16:18:36,856 [INFO] Page 40 | Collected: 750
2026-09-11 16:18:37,186 [INFO] Pacing: sleep 220.0s | Long Cooldown: 213.5s
2026-09-11 16:22:17,170 [INFO] Page 41 | Collected: 1000
2026-09-11 16:22:17,583 [INFO] Pacing: sleep 5.5s
2026-09-11 16:22:23,040 [INFO] Page 42 | Collected: 1000
2026-09-11 16:22:23,393 [INFO] Pacing: sleep 4.1s
2026-09-11 16:22:27,464 [INFO] Page 43 | Collected: 1000
2026-09-11 16:22:27,863 [INFO] Pacing: sleep 7.8s
2026-09-11 16:22:35,704 [INFO] Page 44 | Collected: 1000
2026-09-11 16:22:36,061 [INFO] Pacing: sleep 5.6s
2026-09-11 16:22:41,612 [INFO] Page 45 | Collected: 1000
2026-09-11 16:22:41,901 [INFO] Pacing: sleep 4.9s
2026-09-11 16:22:46,777 [INFO] Page 46 | Collected: 1000
2026-09-11 16:22:47,082 [INFO] Pacing: sleep 5.9s
2026-09-11 16:22:53,027 [INFO] Page 47 | Collected: 1000
2026-09-11 16:22:53,357 [INFO] Pacing: sleep 6.7s
2026-09-11 16:23:00,032 [INFO] Page 48 | Collected: 1000
2026-09-11 16:23:00,222 [WARNING] Block detected on page 48: Suspicious term found: 'captcha'
2026-09-11 16:23:00,222 [INFO] Saved raw HTML for debugging: blocked_0048.html
2026-09-11 16:23:00,223 [ERROR] Blocked again even after safe mode. Stopping gracefully.
2026-09-11 16:23:00,224 [INFO] Crawl stopped. Reason: adaptive_throttle_failed_page_48. Finalizing...
2026-09-11 16:23:00,224 [INFO] Merging intermediate pages from work_dir: /home/runner/work/steam-diploma/steam-diploma/data/snapshots/data/snapshots/_in_progress/2db515f4-370f-40dc-8254-8b7d9556cc9c
