2026-08-14 13:17:19,050 [INFO] Steam Snapshot Collector Started.
2026-08-14 13:17:19,050 [INFO] Speed Mode: fast
2026-08-14 13:17:19,050 [INFO] Work Dir: /home/runner/work/steam-diploma/steam-diploma/data/snapshots
2026-08-14 13:17:19,050 [INFO] Base Output Dir: .
2026-08-14 13:17:19,050 [INFO] Page 1 | Collected: 0
2026-08-14 13:17:19,479 [INFO] Pacing: sleep 0.8s
2026-08-14 13:17:20,292 [INFO] Page 2 | Collected: 0
2026-08-14 13:17:20,617 [INFO] Pacing: sleep 1.5s
2026-08-14 13:17:22,088 [INFO] Page 3 | Collected: 0
2026-08-14 13:17:22,378 [INFO] Pacing: sleep 1.0s
2026-08-14 13:17:23,409 [INFO] Page 4 | Collected: 0
2026-08-14 13:17:23,816 [INFO] Pacing: sleep 0.6s
2026-08-14 13:17:24,377 [INFO] Page 5 | Collected: 0
2026-08-14 13:17:24,700 [INFO] Pacing: sleep 0.7s
2026-08-14 13:17:25,388 [INFO] Page 6 | Collected: 0
2026-08-14 13:17:25,684 [INFO] Pacing: sleep 1.2s
2026-08-14 13:17:26,901 [INFO] Page 7 | Collected: 0
2026-08-14 13:17:27,302 [WARNING] Page 7 had 1 duplicate appids seen previously.
2026-08-14 13:17:27,302 [INFO] Pacing: sleep 0.8s
2026-08-14 13:17:28,064 [INFO] Page 8 | Collected: 0
2026-08-14 13:17:28,354 [INFO] Pacing: sleep 0.7s
2026-08-14 13:17:29,005 [INFO] Page 9 | Collected: 0
2026-08-14 13:17:29,277 [INFO] Pacing: sleep 0.6s
2026-08-14 13:17:29,876 [INFO] Page 10 | Collected: 0
2026-08-14 13:17:30,250 [INFO] Pacing: sleep 1.1s
2026-08-14 13:17:31,344 [INFO] Page 11 | Collected: 250
2026-08-14 13:17:31,615 [INFO] Pacing: sleep 1.2s
2026-08-14 13:17:32,844 [INFO] Page 12 | Collected: 250
2026-08-14 13:17:33,243 [INFO] Pacing: sleep 1.3s
2026-08-14 13:17:34,567 [INFO] Page 13 | Collected: 250
2026-08-14 13:17:34,856 [INFO] Pacing: sleep 0.5s
2026-08-14 13:17:35,404 [INFO] Page 14 | Collected: 250
2026-08-14 13:17:35,704 [INFO] Pacing: sleep 1.1s
2026-08-14 13:17:36,765 [INFO] Page 15 | Collected: 250
2026-08-14 13:17:37,173 [INFO] Pacing: sleep 1.0s
2026-08-14 13:17:38,135 [INFO] Page 16 | Collected: 250
2026-08-14 13:17:38,403 [INFO] Pacing: sleep 0.9s
2026-08-14 13:17:39,276 [INFO] Page 17 | Collected: 250
2026-08-14 13:17:39,599 [INFO] Pacing: sleep 0.5s
2026-08-14 13:17:40,128 [INFO] Page 18 | Collected: 250
2026-08-14 13:17:40,514 [INFO] Pacing: sleep 0.5s
2026-08-14 13:17:41,059 [INFO] Page 19 | Collected: 250
2026-08-14 13:17:41,324 [INFO] Pacing: sleep 1.0s
2026-08-14 13:17:42,363 [INFO] Page 20 | Collected: 250
2026-08-14 13:17:42,742 [INFO] Pacing: sleep 0.5s
2026-08-14 13:17:43,277 [INFO] Page 21 | Collected: 500
2026-08-14 13:17:43,567 [INFO] Pacing: sleep 1.0s
2026-08-14 13:17:44,594 [INFO] Page 22 | Collected: 500
2026-08-14 13:17:44,908 [INFO] Pacing: sleep 1.2s
2026-08-14 13:17:46,059 [INFO] Page 23 | Collected: 500
2026-08-14 13:17:46,412 [INFO] Pacing: sleep 1.3s
2026-08-14 13:17:47,716 [INFO] Page 24 | Collected: 500
2026-08-14 13:17:47,983 [INFO] Pacing: sleep 0.8s
2026-08-14 13:17:48,800 [INFO] Page 25 | Collected: 500
2026-08-14 13:17:49,179 [INFO] Pacing: sleep 1.1s
2026-08-14 13:17:50,261 [INFO] Page 26 | Collected: 500
2026-08-14 13:17:50,530 [INFO] Pacing: sleep 1.3s
2026-08-14 13:17:51,797 [INFO] Page 27 | Collected: 500
2026-08-14 13:17:52,050 [INFO] Pacing: sleep 0.9s
2026-08-14 13:17:52,907 [INFO] Page 28 | Collected: 500
2026-08-14 13:17:53,272 [INFO] Pacing: sleep 0.8s
2026-08-14 13:17:54,112 [INFO] Page 29 | Collected: 500
2026-08-14 13:17:54,420 [INFO] Pacing: sleep 1.3s
2026-08-14 13:17:55,752 [INFO] Page 30 | Collected: 500
2026-08-14 13:17:56,048 [INFO] Pacing: sleep 1.0s
2026-08-14 13:17:57,036 [INFO] Page 31 | Collected: 750
2026-08-14 13:17:57,133 [WARNING] Block detected on page 31: HTTP 429
2026-08-14 13:17:57,133 [INFO] Saved raw HTML for debugging: blocked_0031.html
2026-08-14 13:17:57,133 [WARNING] Initiating ADAPTIVE THROTTLING. Sleeping 180s, switching to SAFE mode.
2026-08-14 13:20:57,133 [INFO] Pacing: sleep 38.4s | Short Cooldown: 31.2s
2026-08-14 13:21:35,504 [INFO] Page 31 | Collected: 750
2026-08-14 13:21:35,874 [INFO] Pacing: sleep 5.6s
2026-08-14 13:21:41,511 [INFO] Page 32 | Collected: 750
2026-08-14 13:21:41,795 [INFO] Pacing: sleep 8.0s
2026-08-14 13:21:49,751 [INFO] Page 33 | Collected: 750
2026-08-14 13:21:50,102 [INFO] Pacing: sleep 6.4s
2026-08-14 13:21:56,483 [INFO] Page 34 | Collected: 750
2026-08-14 13:21:56,821 [INFO] Pacing: sleep 7.7s
2026-08-14 13:22:04,556 [INFO] Page 35 | Collected: 750
2026-08-14 13:22:04,872 [INFO] Pacing: sleep 5.7s
2026-08-14 13:22:10,539 [INFO] Page 36 | Collected: 750
2026-08-14 13:22:10,940 [INFO] Pacing: sleep 5.3s
2026-08-14 13:22:16,209 [INFO] Page 37 | Collected: 750
2026-08-14 13:22:16,531 [INFO] Pacing: sleep 6.2s
2026-08-14 13:22:22,734 [INFO] Page 38 | Collected: 750
2026-08-14 13:22:23,047 [INFO] Pacing: sleep 4.8s
2026-08-14 13:22:27,833 [INFO] Page 39 | Collected: 750
2026-08-14 13:22:28,236 [INFO] Pacing: sleep 7.5s
2026-08-14 13:22:35,715 [INFO] Page 40 | Collected: 750
2026-08-14 13:22:36,018 [INFO] Pacing: sleep 172.1s | Long Cooldown: 167.6s
2026-08-14 13:25:28,149 [INFO] Page 41 | Collected: 1000
2026-08-14 13:25:28,502 [INFO] Pacing: sleep 6.5s
2026-08-14 13:25:34,990 [INFO] Page 42 | Collected: 1000
2026-08-14 13:25:35,306 [INFO] Pacing: sleep 5.4s
2026-08-14 13:25:40,698 [INFO] Page 43 | Collected: 1000
2026-08-14 13:25:41,008 [INFO] Pacing: sleep 7.6s
2026-08-14 13:25:48,653 [INFO] Page 44 | Collected: 1000
2026-08-14 13:25:49,007 [INFO] Pacing: sleep 7.8s
2026-08-14 13:25:56,846 [INFO] Page 45 | Collected: 1000
2026-08-14 13:25:57,115 [INFO] Pacing: sleep 6.9s
2026-08-14 13:26:04,045 [INFO] Page 46 | Collected: 1000
2026-08-14 13:26:04,217 [WARNING] Block detected on page 46: Suspicious term found: 'captcha'
2026-08-14 13:26:04,218 [INFO] Saved raw HTML for debugging: blocked_0046.html
2026-08-14 13:26:04,218 [ERROR] Blocked again even after safe mode. Stopping gracefully.
2026-08-14 13:26:04,219 [INFO] Crawl stopped. Reason: adaptive_throttle_failed_page_46. Finalizing...
2026-08-14 13:26:04,219 [INFO] Merging intermediate pages from work_dir: /home/runner/work/steam-diploma/steam-diploma/data/snapshots/data/snapshots/_in_progress/186be6dc-788d-4fbc-a1a1-d67de8753089
2026-08-14 13:26:04,232 [WARNING] Found 1 duplicate appids across the snapshot.
