2026-08-23 12:49:41,831 [INFO] Steam Snapshot Collector Started.
2026-08-23 12:49:41,831 [INFO] Speed Mode: fast
2026-08-23 12:49:41,831 [INFO] Work Dir: /home/runner/work/steam-diploma/steam-diploma/data/snapshots
2026-08-23 12:49:41,831 [INFO] Base Output Dir: .
2026-08-23 12:49:41,832 [INFO] Page 1 | Collected: 0
2026-08-23 12:49:42,167 [INFO] Pacing: sleep 0.8s
2026-08-23 12:49:42,973 [INFO] Page 2 | Collected: 0
2026-08-23 12:49:43,243 [INFO] Pacing: sleep 0.9s
2026-08-23 12:49:44,128 [INFO] Page 3 | Collected: 0
2026-08-23 12:49:44,399 [INFO] Pacing: sleep 0.9s
2026-08-23 12:49:45,255 [INFO] Page 4 | Collected: 0
2026-08-23 12:49:45,541 [INFO] Pacing: sleep 1.1s
2026-08-23 12:49:46,664 [INFO] Page 5 | Collected: 0
2026-08-23 12:49:46,896 [INFO] Pacing: sleep 0.9s
2026-08-23 12:49:47,754 [INFO] Page 6 | Collected: 0
2026-08-23 12:49:48,084 [INFO] Pacing: sleep 0.8s
2026-08-23 12:49:48,872 [INFO] Page 7 | Collected: 0
2026-08-23 12:49:49,169 [INFO] Pacing: sleep 1.1s
2026-08-23 12:49:50,297 [INFO] Page 8 | Collected: 0
2026-08-23 12:49:50,511 [INFO] Pacing: sleep 0.8s
2026-08-23 12:49:51,317 [INFO] Page 9 | Collected: 0
2026-08-23 12:49:51,545 [INFO] Pacing: sleep 1.4s
2026-08-23 12:49:52,962 [INFO] Page 10 | Collected: 0
2026-08-23 12:49:53,279 [INFO] Pacing: sleep 1.2s
2026-08-23 12:49:54,444 [INFO] Page 11 | Collected: 250
2026-08-23 12:49:54,704 [INFO] Pacing: sleep 0.8s
2026-08-23 12:49:55,497 [INFO] Page 12 | Collected: 250
2026-08-23 12:49:55,777 [INFO] Pacing: sleep 0.8s
2026-08-23 12:49:56,569 [INFO] Page 13 | Collected: 250
2026-08-23 12:49:56,775 [INFO] Pacing: sleep 0.6s
2026-08-23 12:49:57,383 [INFO] Page 14 | Collected: 250
2026-08-23 12:49:57,602 [INFO] Pacing: sleep 0.5s
2026-08-23 12:49:58,122 [INFO] Page 15 | Collected: 250
2026-08-23 12:49:58,452 [INFO] Pacing: sleep 1.0s
2026-08-23 12:49:59,456 [INFO] Page 16 | Collected: 250
2026-08-23 12:49:59,773 [INFO] Pacing: sleep 0.5s
2026-08-23 12:50:00,315 [INFO] Page 17 | Collected: 250
2026-08-23 12:50:00,527 [INFO] Pacing: sleep 1.1s
2026-08-23 12:50:01,628 [INFO] Page 18 | Collected: 250
2026-08-23 12:50:02,026 [INFO] Pacing: sleep 1.0s
2026-08-23 12:50:03,066 [INFO] Page 19 | Collected: 250
2026-08-23 12:50:03,271 [INFO] Pacing: sleep 1.2s
2026-08-23 12:50:04,465 [INFO] Page 20 | Collected: 250
2026-08-23 12:50:04,829 [INFO] Pacing: sleep 1.2s
2026-08-23 12:50:06,007 [INFO] Page 21 | Collected: 500
2026-08-23 12:50:06,265 [INFO] Pacing: sleep 0.6s
2026-08-23 12:50:06,892 [INFO] Page 22 | Collected: 500
2026-08-23 12:50:07,172 [INFO] Pacing: sleep 1.2s
2026-08-23 12:50:08,359 [INFO] Page 23 | Collected: 500
2026-08-23 12:50:08,702 [INFO] Pacing: sleep 0.9s
2026-08-23 12:50:09,590 [INFO] Page 24 | Collected: 500
2026-08-23 12:50:09,829 [INFO] Pacing: sleep 1.0s
2026-08-23 12:50:10,808 [INFO] Page 25 | Collected: 500
2026-08-23 12:50:11,151 [INFO] Pacing: sleep 1.2s
2026-08-23 12:50:12,383 [INFO] Page 26 | Collected: 500
2026-08-23 12:50:12,617 [INFO] Pacing: sleep 1.2s
2026-08-23 12:50:13,802 [INFO] Page 27 | Collected: 500
2026-08-23 12:50:14,074 [INFO] Pacing: sleep 1.3s
2026-08-23 12:50:15,394 [INFO] Page 28 | Collected: 500
2026-08-23 12:50:15,725 [INFO] Pacing: sleep 1.0s
2026-08-23 12:50:16,769 [INFO] Page 29 | Collected: 500
2026-08-23 12:50:17,037 [INFO] Pacing: sleep 0.5s
2026-08-23 12:50:17,580 [INFO] Page 30 | Collected: 500
2026-08-23 12:50:17,800 [INFO] Pacing: sleep 0.7s
2026-08-23 12:50:18,501 [INFO] Page 31 | Collected: 750
2026-08-23 12:50:18,567 [WARNING] Block detected on page 31: HTTP 429
2026-08-23 12:50:18,567 [INFO] Saved raw HTML for debugging: blocked_0031.html
2026-08-23 12:50:18,567 [WARNING] Initiating ADAPTIVE THROTTLING. Sleeping 180s, switching to SAFE mode.
2026-08-23 12:53:18,567 [INFO] Pacing: sleep 51.7s | Short Cooldown: 43.9s
2026-08-23 12:54:10,259 [INFO] Page 31 | Collected: 750
2026-08-23 12:54:10,560 [INFO] Pacing: sleep 5.3s
2026-08-23 12:54:15,883 [INFO] Page 32 | Collected: 750
2026-08-23 12:54:16,150 [INFO] Pacing: sleep 5.2s
2026-08-23 12:54:21,360 [INFO] Page 33 | Collected: 750
2026-08-23 12:54:21,743 [INFO] Pacing: sleep 6.9s
2026-08-23 12:54:28,595 [INFO] Page 34 | Collected: 750
2026-08-23 12:54:28,801 [INFO] Pacing: sleep 5.9s
2026-08-23 12:54:34,685 [INFO] Page 35 | Collected: 750
2026-08-23 12:54:34,996 [INFO] Pacing: sleep 7.5s
2026-08-23 12:54:42,513 [INFO] Page 36 | Collected: 750
2026-08-23 12:54:42,849 [INFO] Pacing: sleep 6.4s
2026-08-23 12:54:49,238 [INFO] Page 37 | Collected: 750
2026-08-23 12:54:49,451 [INFO] Pacing: sleep 4.3s
2026-08-23 12:54:53,740 [INFO] Page 38 | Collected: 750
2026-08-23 12:54:53,978 [INFO] Pacing: sleep 4.5s
2026-08-23 12:54:58,439 [INFO] Page 39 | Collected: 750
2026-08-23 12:54:58,722 [INFO] Pacing: sleep 4.3s
2026-08-23 12:55:03,019 [INFO] Page 40 | Collected: 750
2026-08-23 12:55:03,268 [INFO] Pacing: sleep 221.9s | Long Cooldown: 217.0s
2026-08-23 12:58:45,167 [INFO] Page 41 | Collected: 1000
2026-08-23 12:58:45,438 [INFO] Pacing: sleep 5.8s
2026-08-23 12:58:51,224 [INFO] Page 42 | Collected: 1000
2026-08-23 12:58:51,469 [INFO] Pacing: sleep 6.8s
2026-08-23 12:58:58,241 [INFO] Page 43 | Collected: 1000
2026-08-23 12:58:58,473 [INFO] Pacing: sleep 5.6s
2026-08-23 12:59:04,085 [INFO] Page 44 | Collected: 1000
2026-08-23 12:59:04,418 [INFO] Pacing: sleep 5.6s
2026-08-23 12:59:10,049 [INFO] Page 45 | Collected: 1000
2026-08-23 12:59:10,363 [INFO] Pacing: sleep 5.1s
2026-08-23 12:59:15,448 [INFO] Page 46 | Collected: 1000
2026-08-23 12:59:15,690 [WARNING] Block detected on page 46: Suspicious term found: 'captcha'
2026-08-23 12:59:15,691 [INFO] Saved raw HTML for debugging: blocked_0046.html
2026-08-23 12:59:15,691 [ERROR] Blocked again even after safe mode. Stopping gracefully.
2026-08-23 12:59:15,692 [INFO] Crawl stopped. Reason: adaptive_throttle_failed_page_46. Finalizing...
2026-08-23 12:59:15,692 [INFO] Merging intermediate pages from work_dir: /home/runner/work/steam-diploma/steam-diploma/data/snapshots/data/snapshots/_in_progress/3e08f072-463c-496a-8821-355028110a05
