2026-07-28 14:22:08,762 [INFO] Steam Snapshot Collector Started.
2026-07-28 14:22:08,762 [INFO] Speed Mode: fast
2026-07-28 14:22:08,763 [INFO] Work Dir: /home/runner/work/steam-diploma/steam-diploma/data/snapshots
2026-07-28 14:22:08,763 [INFO] Base Output Dir: .
2026-07-28 14:22:08,763 [INFO] Page 1 | Collected: 0
2026-07-28 14:22:09,242 [INFO] Pacing: sleep 1.5s
2026-07-28 14:22:10,718 [INFO] Page 2 | Collected: 0
2026-07-28 14:22:10,974 [INFO] Pacing: sleep 1.4s
2026-07-28 14:22:12,335 [INFO] Page 3 | Collected: 0
2026-07-28 14:22:12,684 [INFO] Pacing: sleep 0.8s
2026-07-28 14:22:13,469 [INFO] Page 4 | Collected: 0
2026-07-28 14:22:13,758 [INFO] Pacing: sleep 1.3s
2026-07-28 14:22:15,041 [INFO] Page 5 | Collected: 0
2026-07-28 14:22:15,263 [INFO] Pacing: sleep 1.0s
2026-07-28 14:22:16,305 [INFO] Page 6 | Collected: 0
2026-07-28 14:22:16,555 [INFO] Pacing: sleep 0.6s
2026-07-28 14:22:17,149 [INFO] Page 7 | Collected: 0
2026-07-28 14:22:17,417 [INFO] Pacing: sleep 0.8s
2026-07-28 14:22:18,191 [INFO] Page 8 | Collected: 0
2026-07-28 14:22:18,412 [INFO] Pacing: sleep 1.5s
2026-07-28 14:22:19,911 [INFO] Page 9 | Collected: 0
2026-07-28 14:22:20,167 [INFO] Pacing: sleep 1.1s
2026-07-28 14:22:21,288 [INFO] Page 10 | Collected: 0
2026-07-28 14:22:21,772 [INFO] Pacing: sleep 1.1s
2026-07-28 14:22:22,918 [INFO] Page 11 | Collected: 250
2026-07-28 14:22:23,179 [INFO] Pacing: sleep 0.5s
2026-07-28 14:22:23,723 [INFO] Page 12 | Collected: 250
2026-07-28 14:22:24,001 [INFO] Pacing: sleep 0.9s
2026-07-28 14:22:24,939 [INFO] Page 13 | Collected: 250
2026-07-28 14:22:25,161 [INFO] Pacing: sleep 0.6s
2026-07-28 14:22:25,725 [INFO] Page 14 | Collected: 250
2026-07-28 14:22:25,984 [INFO] Pacing: sleep 0.6s
2026-07-28 14:22:26,621 [INFO] Page 15 | Collected: 250
2026-07-28 14:22:26,905 [INFO] Pacing: sleep 1.1s
2026-07-28 14:22:27,985 [INFO] Page 16 | Collected: 250
2026-07-28 14:22:28,250 [INFO] Pacing: sleep 1.0s
2026-07-28 14:22:29,291 [INFO] Page 17 | Collected: 250
2026-07-28 14:22:29,583 [INFO] Pacing: sleep 0.9s
2026-07-28 14:22:30,509 [INFO] Page 18 | Collected: 250
2026-07-28 14:22:30,883 [INFO] Pacing: sleep 1.2s
2026-07-28 14:22:32,095 [INFO] Page 19 | Collected: 250
2026-07-28 14:22:32,421 [INFO] Pacing: sleep 1.3s
2026-07-28 14:22:33,698 [INFO] Page 20 | Collected: 250
2026-07-28 14:22:34,091 [INFO] Pacing: sleep 1.0s
2026-07-28 14:22:35,105 [INFO] Page 21 | Collected: 500
2026-07-28 14:22:35,430 [INFO] Pacing: sleep 0.7s
2026-07-28 14:22:36,095 [INFO] Page 22 | Collected: 500
2026-07-28 14:22:36,428 [INFO] Pacing: sleep 1.5s
2026-07-28 14:22:37,884 [INFO] Page 23 | Collected: 500
2026-07-28 14:22:38,147 [INFO] Pacing: sleep 1.2s
2026-07-28 14:22:39,340 [INFO] Page 24 | Collected: 500
2026-07-28 14:22:39,576 [INFO] Pacing: sleep 0.7s
2026-07-28 14:22:40,321 [INFO] Page 25 | Collected: 500
2026-07-28 14:22:40,616 [INFO] Pacing: sleep 1.1s
2026-07-28 14:22:41,755 [INFO] Page 26 | Collected: 500
2026-07-28 14:22:42,008 [INFO] Pacing: sleep 0.5s
2026-07-28 14:22:42,533 [INFO] Page 27 | Collected: 500
2026-07-28 14:22:42,783 [INFO] Pacing: sleep 1.5s
2026-07-28 14:22:44,240 [INFO] Page 28 | Collected: 500
2026-07-28 14:22:44,549 [INFO] Pacing: sleep 0.9s
2026-07-28 14:22:45,492 [INFO] Page 29 | Collected: 500
2026-07-28 14:22:45,789 [INFO] Pacing: sleep 1.4s
2026-07-28 14:22:47,143 [INFO] Page 30 | Collected: 500
2026-07-28 14:22:47,426 [INFO] Pacing: sleep 0.6s
2026-07-28 14:22:48,017 [INFO] Page 31 | Collected: 750
2026-07-28 14:22:48,095 [WARNING] Block detected on page 31: HTTP 429
2026-07-28 14:22:48,095 [INFO] Saved raw HTML for debugging: blocked_0031.html
2026-07-28 14:22:48,095 [WARNING] Initiating ADAPTIVE THROTTLING. Sleeping 180s, switching to SAFE mode.
2026-07-28 14:25:48,095 [INFO] Pacing: sleep 43.6s | Short Cooldown: 39.2s
2026-07-28 14:26:31,698 [INFO] Page 31 | Collected: 750
2026-07-28 14:26:31,933 [INFO] Pacing: sleep 5.9s
2026-07-28 14:26:37,860 [INFO] Page 32 | Collected: 750
2026-07-28 14:26:38,094 [INFO] Pacing: sleep 4.5s
2026-07-28 14:26:42,600 [INFO] Page 33 | Collected: 750
2026-07-28 14:26:42,890 [INFO] Pacing: sleep 7.9s
2026-07-28 14:26:50,802 [INFO] Page 34 | Collected: 750
2026-07-28 14:26:51,171 [INFO] Pacing: sleep 4.7s
2026-07-28 14:26:55,854 [INFO] Page 35 | Collected: 750
2026-07-28 14:26:56,177 [INFO] Pacing: sleep 7.8s
2026-07-28 14:27:04,014 [INFO] Page 36 | Collected: 750
2026-07-28 14:27:04,426 [INFO] Pacing: sleep 7.3s
2026-07-28 14:27:11,746 [INFO] Page 37 | Collected: 750
2026-07-28 14:27:11,968 [INFO] Pacing: sleep 7.3s
2026-07-28 14:27:19,228 [INFO] Page 38 | Collected: 750
2026-07-28 14:27:19,596 [INFO] Pacing: sleep 7.1s
2026-07-28 14:27:26,695 [INFO] Page 39 | Collected: 750
2026-07-28 14:27:26,985 [INFO] Pacing: sleep 5.7s
2026-07-28 14:27:32,649 [INFO] Page 40 | Collected: 750
2026-07-28 14:27:32,941 [INFO] Pacing: sleep 201.0s | Long Cooldown: 195.4s
2026-07-28 14:30:53,904 [INFO] Page 41 | Collected: 1000
2026-07-28 14:30:54,119 [INFO] Pacing: sleep 6.2s
2026-07-28 14:31:00,365 [INFO] Page 42 | Collected: 1000
2026-07-28 14:31:00,591 [INFO] Pacing: sleep 7.5s
2026-07-28 14:31:08,127 [INFO] Page 43 | Collected: 1000
2026-07-28 14:31:08,458 [INFO] Pacing: sleep 5.1s
2026-07-28 14:31:13,591 [INFO] Page 44 | Collected: 1000
2026-07-28 14:31:13,848 [INFO] Pacing: sleep 7.5s
2026-07-28 14:31:21,388 [INFO] Page 45 | Collected: 1000
2026-07-28 14:31:21,631 [INFO] Pacing: sleep 4.3s
2026-07-28 14:31:25,957 [INFO] Page 46 | Collected: 1000
2026-07-28 14:31:26,263 [INFO] Pacing: sleep 5.8s
2026-07-28 14:31:32,070 [INFO] Page 47 | Collected: 1000
2026-07-28 14:31:32,325 [INFO] Pacing: sleep 7.9s
2026-07-28 14:31:40,216 [INFO] Page 48 | Collected: 1000
2026-07-28 14:31:40,505 [INFO] Pacing: sleep 5.2s
2026-07-28 14:31:45,712 [INFO] Page 49 | Collected: 1000
2026-07-28 14:31:45,881 [WARNING] Block detected on page 49: Suspicious term found: 'captcha'
2026-07-28 14:31:45,882 [INFO] Saved raw HTML for debugging: blocked_0049.html
2026-07-28 14:31:45,882 [ERROR] Blocked again even after safe mode. Stopping gracefully.
2026-07-28 14:31:45,883 [INFO] Crawl stopped. Reason: adaptive_throttle_failed_page_49. Finalizing...
2026-07-28 14:31:45,883 [INFO] Merging intermediate pages from work_dir: /home/runner/work/steam-diploma/steam-diploma/data/snapshots/data/snapshots/_in_progress/124a82a6-8030-4ea8-8919-2249f646c296
