2026-09-25 04:21:18,677 [INFO] Steam Snapshot Collector Started.
2026-09-25 04:21:18,677 [INFO] Speed Mode: fast
2026-09-25 04:21:18,677 [INFO] Work Dir: /home/runner/work/steam-diploma/steam-diploma/data/snapshots
2026-09-25 04:21:18,677 [INFO] Base Output Dir: .
2026-09-25 04:21:18,678 [INFO] Page 1 | Collected: 0
2026-09-25 04:21:19,066 [INFO] Pacing: sleep 0.9s
2026-09-25 04:21:19,921 [INFO] Page 2 | Collected: 0
2026-09-25 04:21:20,212 [INFO] Pacing: sleep 1.1s
2026-09-25 04:21:21,339 [INFO] Page 3 | Collected: 0
2026-09-25 04:21:21,592 [INFO] Pacing: sleep 0.7s
2026-09-25 04:21:22,276 [INFO] Page 4 | Collected: 0
2026-09-25 04:21:22,619 [INFO] Pacing: sleep 0.6s
2026-09-25 04:21:23,256 [INFO] Page 5 | Collected: 0
2026-09-25 04:21:23,505 [INFO] Pacing: sleep 0.7s
2026-09-25 04:21:24,248 [INFO] Page 6 | Collected: 0
2026-09-25 04:21:24,654 [INFO] Pacing: sleep 1.1s
2026-09-25 04:21:25,718 [INFO] Page 7 | Collected: 0
2026-09-25 04:21:26,042 [INFO] Pacing: sleep 1.0s
2026-09-25 04:21:27,021 [INFO] Page 8 | Collected: 0
2026-09-25 04:21:27,282 [INFO] Pacing: sleep 0.7s
2026-09-25 04:21:27,992 [INFO] Page 9 | Collected: 0
2026-09-25 04:21:28,252 [INFO] Pacing: sleep 1.4s
2026-09-25 04:21:29,608 [INFO] Page 10 | Collected: 0
2026-09-25 04:21:29,943 [INFO] Pacing: sleep 0.9s
2026-09-25 04:21:30,862 [INFO] Page 11 | Collected: 250
2026-09-25 04:21:31,113 [INFO] Pacing: sleep 0.9s
2026-09-25 04:21:32,039 [INFO] Page 12 | Collected: 250
2026-09-25 04:21:32,340 [INFO] Pacing: sleep 1.4s
2026-09-25 04:21:33,704 [INFO] Page 13 | Collected: 250
2026-09-25 04:21:33,963 [INFO] Pacing: sleep 0.6s
2026-09-25 04:21:34,541 [INFO] Page 14 | Collected: 250
2026-09-25 04:21:34,797 [INFO] Pacing: sleep 1.3s
2026-09-25 04:21:36,073 [INFO] Page 15 | Collected: 250
2026-09-25 04:21:36,429 [INFO] Pacing: sleep 0.7s
2026-09-25 04:21:37,169 [INFO] Page 16 | Collected: 250
2026-09-25 04:21:37,445 [INFO] Pacing: sleep 0.9s
2026-09-25 04:21:38,323 [INFO] Page 17 | Collected: 250
2026-09-25 04:21:38,573 [INFO] Pacing: sleep 0.9s
2026-09-25 04:21:39,427 [INFO] Page 18 | Collected: 250
2026-09-25 04:21:39,760 [INFO] Pacing: sleep 1.2s
2026-09-25 04:21:40,935 [INFO] Page 19 | Collected: 250
2026-09-25 04:21:41,194 [INFO] Pacing: sleep 1.2s
2026-09-25 04:21:42,421 [INFO] Page 20 | Collected: 250
2026-09-25 04:21:42,727 [INFO] Pacing: sleep 0.7s
2026-09-25 04:21:43,404 [INFO] Page 21 | Collected: 500
2026-09-25 04:21:43,659 [INFO] Pacing: sleep 0.8s
2026-09-25 04:21:44,502 [INFO] Page 22 | Collected: 500
2026-09-25 04:21:44,774 [INFO] Pacing: sleep 1.1s
2026-09-25 04:21:45,903 [INFO] Page 23 | Collected: 500
2026-09-25 04:21:46,222 [INFO] Pacing: sleep 0.9s
2026-09-25 04:21:47,111 [INFO] Page 24 | Collected: 500
2026-09-25 04:21:47,425 [INFO] Pacing: sleep 1.4s
2026-09-25 04:21:48,803 [INFO] Page 25 | Collected: 500
2026-09-25 04:21:49,102 [INFO] Pacing: sleep 1.0s
2026-09-25 04:21:50,062 [INFO] Page 26 | Collected: 500
2026-09-25 04:21:50,463 [INFO] Pacing: sleep 1.5s
2026-09-25 04:21:51,953 [INFO] Page 27 | Collected: 500
2026-09-25 04:21:52,234 [INFO] Pacing: sleep 0.9s
2026-09-25 04:21:53,088 [INFO] Page 28 | Collected: 500
2026-09-25 04:21:53,526 [INFO] Pacing: sleep 1.4s
2026-09-25 04:21:54,919 [INFO] Page 29 | Collected: 500
2026-09-25 04:21:55,176 [INFO] Pacing: sleep 1.0s
2026-09-25 04:21:56,201 [INFO] Page 30 | Collected: 500
2026-09-25 04:21:56,546 [INFO] Pacing: sleep 1.0s
2026-09-25 04:21:57,521 [INFO] Page 31 | Collected: 750
2026-09-25 04:21:57,686 [WARNING] Block detected on page 31: HTTP 429
2026-09-25 04:21:57,686 [INFO] Saved raw HTML for debugging: blocked_0031.html
2026-09-25 04:21:57,686 [WARNING] Initiating ADAPTIVE THROTTLING. Sleeping 180s, switching to SAFE mode.
2026-09-25 04:24:57,686 [INFO] Pacing: sleep 66.6s | Short Cooldown: 58.9s
2026-09-25 04:26:04,326 [INFO] Page 31 | Collected: 750
2026-09-25 04:26:04,668 [INFO] Pacing: sleep 8.0s
2026-09-25 04:26:12,647 [INFO] Page 32 | Collected: 750
2026-09-25 04:26:12,955 [INFO] Pacing: sleep 5.3s
2026-09-25 04:26:18,259 [INFO] Page 33 | Collected: 750
2026-09-25 04:26:18,616 [INFO] Pacing: sleep 4.7s
2026-09-25 04:26:23,329 [INFO] Page 34 | Collected: 750
2026-09-25 04:26:23,617 [INFO] Pacing: sleep 4.6s
2026-09-25 04:26:28,244 [INFO] Page 35 | Collected: 750
2026-09-25 04:26:28,566 [INFO] Pacing: sleep 4.3s
2026-09-25 04:26:32,856 [INFO] Page 36 | Collected: 750
2026-09-25 04:26:33,230 [INFO] Pacing: sleep 6.3s
2026-09-25 04:26:39,510 [INFO] Page 37 | Collected: 750
2026-09-25 04:26:39,784 [INFO] Pacing: sleep 7.1s
2026-09-25 04:26:46,913 [INFO] Page 38 | Collected: 750
2026-09-25 04:26:47,189 [INFO] Pacing: sleep 5.9s
2026-09-25 04:26:53,067 [INFO] Page 39 | Collected: 750
2026-09-25 04:26:53,400 [INFO] Pacing: sleep 6.7s
2026-09-25 04:27:00,117 [INFO] Page 40 | Collected: 750
2026-09-25 04:27:00,415 [INFO] Pacing: sleep 142.9s | Long Cooldown: 136.6s
2026-09-25 04:29:23,350 [INFO] Page 41 | Collected: 1000
2026-09-25 04:29:23,678 [INFO] Pacing: sleep 5.4s
2026-09-25 04:29:29,090 [INFO] Page 42 | Collected: 1000
2026-09-25 04:29:29,340 [INFO] Pacing: sleep 6.0s
2026-09-25 04:29:35,387 [INFO] Page 43 | Collected: 1000
2026-09-25 04:29:35,640 [INFO] Pacing: sleep 4.7s
2026-09-25 04:29:40,301 [INFO] Page 44 | Collected: 1000
2026-09-25 04:29:40,616 [INFO] Pacing: sleep 4.0s
2026-09-25 04:29:44,657 [INFO] Page 45 | Collected: 1000
2026-09-25 04:29:44,914 [INFO] Pacing: sleep 5.7s
2026-09-25 04:29:50,568 [INFO] Page 46 | Collected: 1000
2026-09-25 04:29:50,947 [INFO] Pacing: sleep 4.7s
2026-09-25 04:29:55,603 [INFO] Page 47 | Collected: 1000
2026-09-25 04:29:55,757 [WARNING] Block detected on page 47: Suspicious term found: 'captcha'
2026-09-25 04:29:55,758 [INFO] Saved raw HTML for debugging: blocked_0047.html
2026-09-25 04:29:55,758 [ERROR] Blocked again even after safe mode. Stopping gracefully.
2026-09-25 04:29:55,759 [INFO] Crawl stopped. Reason: adaptive_throttle_failed_page_47. Finalizing...
2026-09-25 04:29:55,759 [INFO] Merging intermediate pages from work_dir: /home/runner/work/steam-diploma/steam-diploma/data/snapshots/data/snapshots/_in_progress/a4d806d8-8c54-4efb-8856-a60e96cf3fa8
