2026-09-01 04:30:46,571 [INFO] Steam Snapshot Collector Started.
2026-09-01 04:30:46,571 [INFO] Speed Mode: fast
2026-09-01 04:30:46,571 [INFO] Work Dir: /home/runner/work/steam-diploma/steam-diploma/data/snapshots
2026-09-01 04:30:46,571 [INFO] Base Output Dir: .
2026-09-01 04:30:46,571 [INFO] Page 1 | Collected: 0
2026-09-01 04:30:46,950 [INFO] Pacing: sleep 1.2s
2026-09-01 04:30:48,107 [INFO] Page 2 | Collected: 0
2026-09-01 04:30:48,396 [INFO] Pacing: sleep 0.9s
2026-09-01 04:30:49,313 [INFO] Page 3 | Collected: 0
2026-09-01 04:30:49,617 [INFO] Pacing: sleep 1.2s
2026-09-01 04:30:50,852 [INFO] Page 4 | Collected: 0
2026-09-01 04:30:51,147 [INFO] Pacing: sleep 1.5s
2026-09-01 04:30:52,616 [INFO] Page 5 | Collected: 0
2026-09-01 04:30:52,872 [INFO] Pacing: sleep 0.5s
2026-09-01 04:30:53,395 [INFO] Page 6 | Collected: 0
2026-09-01 04:30:53,669 [INFO] Pacing: sleep 1.4s
2026-09-01 04:30:55,098 [INFO] Page 7 | Collected: 0
2026-09-01 04:30:55,433 [INFO] Pacing: sleep 0.9s
2026-09-01 04:30:56,324 [INFO] Page 8 | Collected: 0
2026-09-01 04:30:56,594 [INFO] Pacing: sleep 0.5s
2026-09-01 04:30:57,121 [INFO] Page 9 | Collected: 0
2026-09-01 04:30:57,395 [INFO] Pacing: sleep 0.6s
2026-09-01 04:30:57,981 [INFO] Page 10 | Collected: 0
2026-09-01 04:30:58,330 [INFO] Pacing: sleep 0.8s
2026-09-01 04:30:59,086 [INFO] Page 11 | Collected: 250
2026-09-01 04:30:59,427 [INFO] Pacing: sleep 0.6s
2026-09-01 04:31:00,064 [INFO] Page 12 | Collected: 250
2026-09-01 04:31:00,437 [INFO] Pacing: sleep 0.8s
2026-09-01 04:31:01,224 [INFO] Page 13 | Collected: 250
2026-09-01 04:31:01,475 [INFO] Pacing: sleep 1.1s
2026-09-01 04:31:02,569 [INFO] Page 14 | Collected: 250
2026-09-01 04:31:02,805 [INFO] Pacing: sleep 0.7s
2026-09-01 04:31:03,512 [INFO] Page 15 | Collected: 250
2026-09-01 04:31:03,844 [INFO] Pacing: sleep 1.0s
2026-09-01 04:31:04,864 [INFO] Page 16 | Collected: 250
2026-09-01 04:31:05,225 [INFO] Pacing: sleep 0.7s
2026-09-01 04:31:05,879 [INFO] Page 17 | Collected: 250
2026-09-01 04:31:06,164 [INFO] Pacing: sleep 1.3s
2026-09-01 04:31:07,507 [INFO] Page 18 | Collected: 250
2026-09-01 04:31:07,895 [INFO] Pacing: sleep 0.8s
2026-09-01 04:31:08,715 [INFO] Page 19 | Collected: 250
2026-09-01 04:31:09,071 [INFO] Pacing: sleep 1.0s
2026-09-01 04:31:10,113 [INFO] Page 20 | Collected: 250
2026-09-01 04:31:10,514 [INFO] Pacing: sleep 0.8s
2026-09-01 04:31:11,360 [INFO] Page 21 | Collected: 500
2026-09-01 04:31:11,658 [INFO] Pacing: sleep 1.4s
2026-09-01 04:31:13,088 [INFO] Page 22 | Collected: 500
2026-09-01 04:31:13,337 [INFO] Pacing: sleep 0.7s
2026-09-01 04:31:13,997 [INFO] Page 23 | Collected: 500
2026-09-01 04:31:14,312 [INFO] Pacing: sleep 0.5s
2026-09-01 04:31:14,859 [INFO] Page 24 | Collected: 500
2026-09-01 04:31:15,122 [INFO] Pacing: sleep 0.9s
2026-09-01 04:31:16,031 [INFO] Page 25 | Collected: 500
2026-09-01 04:31:16,347 [INFO] Pacing: sleep 0.9s
2026-09-01 04:31:17,201 [INFO] Page 26 | Collected: 500
2026-09-01 04:31:17,511 [INFO] Pacing: sleep 0.7s
2026-09-01 04:31:18,249 [INFO] Page 27 | Collected: 500
2026-09-01 04:31:18,565 [INFO] Pacing: sleep 1.2s
2026-09-01 04:31:19,776 [INFO] Page 28 | Collected: 500
2026-09-01 04:31:20,158 [INFO] Pacing: sleep 1.0s
2026-09-01 04:31:21,188 [INFO] Page 29 | Collected: 500
2026-09-01 04:31:21,437 [INFO] Pacing: sleep 1.0s
2026-09-01 04:31:22,407 [INFO] Page 30 | Collected: 500
2026-09-01 04:31:22,728 [INFO] Pacing: sleep 1.2s
2026-09-01 04:31:23,955 [INFO] Page 31 | Collected: 750
2026-09-01 04:31:24,004 [WARNING] Block detected on page 31: HTTP 429
2026-09-01 04:31:24,004 [INFO] Saved raw HTML for debugging: blocked_0031.html
2026-09-01 04:31:24,004 [WARNING] Initiating ADAPTIVE THROTTLING. Sleeping 180s, switching to SAFE mode.
2026-09-01 04:34:24,005 [INFO] Pacing: sleep 48.2s | Short Cooldown: 43.0s
2026-09-01 04:35:12,228 [INFO] Page 31 | Collected: 750
2026-09-01 04:35:12,704 [INFO] Pacing: sleep 8.0s
2026-09-01 04:35:20,702 [INFO] Page 32 | Collected: 750
2026-09-01 04:35:20,936 [INFO] Pacing: sleep 5.4s
2026-09-01 04:35:26,317 [INFO] Page 33 | Collected: 750
2026-09-01 04:35:26,605 [INFO] Pacing: sleep 7.8s
2026-09-01 04:35:34,396 [INFO] Page 34 | Collected: 750
2026-09-01 04:35:34,634 [INFO] Pacing: sleep 7.2s
2026-09-01 04:35:41,882 [INFO] Page 35 | Collected: 750
2026-09-01 04:35:42,125 [INFO] Pacing: sleep 4.7s
2026-09-01 04:35:46,822 [INFO] Page 36 | Collected: 750
2026-09-01 04:35:47,131 [INFO] Pacing: sleep 5.6s
2026-09-01 04:35:52,703 [INFO] Page 37 | Collected: 750
2026-09-01 04:35:52,963 [INFO] Pacing: sleep 6.5s
2026-09-01 04:35:59,485 [INFO] Page 38 | Collected: 750
2026-09-01 04:35:59,770 [INFO] Pacing: sleep 7.6s
2026-09-01 04:36:07,366 [INFO] Page 39 | Collected: 750
2026-09-01 04:36:07,678 [INFO] Pacing: sleep 4.9s
2026-09-01 04:36:12,562 [INFO] Page 40 | Collected: 750
2026-09-01 04:36:12,800 [INFO] Pacing: sleep 204.7s | Long Cooldown: 200.7s
2026-09-01 04:39:37,502 [INFO] Page 41 | Collected: 1000
2026-09-01 04:39:37,810 [INFO] Pacing: sleep 7.9s
2026-09-01 04:39:45,742 [INFO] Page 42 | Collected: 1000
2026-09-01 04:39:45,985 [INFO] Pacing: sleep 5.8s
2026-09-01 04:39:51,833 [INFO] Page 43 | Collected: 1000
2026-09-01 04:39:52,154 [INFO] Pacing: sleep 7.4s
2026-09-01 04:39:59,536 [INFO] Page 44 | Collected: 1000
2026-09-01 04:39:59,866 [INFO] Pacing: sleep 7.8s
2026-09-01 04:40:07,714 [INFO] Page 45 | Collected: 1000
2026-09-01 04:40:08,042 [INFO] Pacing: sleep 6.9s
2026-09-01 04:40:14,970 [INFO] Page 46 | Collected: 1000
2026-09-01 04:40:15,091 [WARNING] Block detected on page 46: Suspicious term found: 'captcha'
2026-09-01 04:40:15,092 [INFO] Saved raw HTML for debugging: blocked_0046.html
2026-09-01 04:40:15,092 [ERROR] Blocked again even after safe mode. Stopping gracefully.
2026-09-01 04:40:15,093 [INFO] Crawl stopped. Reason: adaptive_throttle_failed_page_46. Finalizing...
2026-09-01 04:40:15,093 [INFO] Merging intermediate pages from work_dir: /home/runner/work/steam-diploma/steam-diploma/data/snapshots/data/snapshots/_in_progress/10823831-3837-47e5-b495-ad46fe4789a0
