2026-08-27 08:34:39,556 [INFO] Steam Snapshot Collector Started.
2026-08-27 08:34:39,556 [INFO] Speed Mode: fast
2026-08-27 08:34:39,556 [INFO] Work Dir: /home/runner/work/steam-diploma/steam-diploma/data/snapshots
2026-08-27 08:34:39,556 [INFO] Base Output Dir: .
2026-08-27 08:34:39,556 [INFO] Page 1 | Collected: 0
2026-08-27 08:34:39,933 [INFO] Pacing: sleep 0.6s
2026-08-27 08:34:40,487 [INFO] Page 2 | Collected: 0
2026-08-27 08:34:40,761 [INFO] Pacing: sleep 0.6s
2026-08-27 08:34:41,363 [INFO] Page 3 | Collected: 0
2026-08-27 08:34:41,592 [INFO] Pacing: sleep 0.7s
2026-08-27 08:34:42,262 [INFO] Page 4 | Collected: 0
2026-08-27 08:34:42,542 [INFO] Pacing: sleep 0.7s
2026-08-27 08:34:43,234 [INFO] Page 5 | Collected: 0
2026-08-27 08:34:43,465 [INFO] Pacing: sleep 1.3s
2026-08-27 08:34:44,746 [INFO] Page 6 | Collected: 0
2026-08-27 08:34:44,972 [INFO] Pacing: sleep 1.1s
2026-08-27 08:34:46,063 [INFO] Page 7 | Collected: 0
2026-08-27 08:34:46,334 [INFO] Pacing: sleep 1.5s
2026-08-27 08:34:47,827 [INFO] Page 8 | Collected: 0
2026-08-27 08:34:48,071 [INFO] Pacing: sleep 0.9s
2026-08-27 08:34:48,969 [INFO] Page 9 | Collected: 0
2026-08-27 08:34:49,191 [INFO] Pacing: sleep 1.1s
2026-08-27 08:34:50,339 [INFO] Page 10 | Collected: 0
2026-08-27 08:34:50,623 [INFO] Pacing: sleep 1.0s
2026-08-27 08:34:51,584 [INFO] Page 11 | Collected: 250
2026-08-27 08:34:51,802 [INFO] Pacing: sleep 1.5s
2026-08-27 08:34:53,301 [INFO] Page 12 | Collected: 250
2026-08-27 08:34:53,545 [INFO] Pacing: sleep 0.8s
2026-08-27 08:34:54,307 [INFO] Page 13 | Collected: 250
2026-08-27 08:34:54,557 [INFO] Pacing: sleep 1.2s
2026-08-27 08:34:55,750 [INFO] Page 14 | Collected: 250
2026-08-27 08:34:55,989 [INFO] Pacing: sleep 0.9s
2026-08-27 08:34:56,903 [INFO] Page 15 | Collected: 250
2026-08-27 08:34:57,208 [INFO] Pacing: sleep 0.8s
2026-08-27 08:34:58,040 [INFO] Page 16 | Collected: 250
2026-08-27 08:34:58,266 [INFO] Pacing: sleep 1.0s
2026-08-27 08:34:59,297 [INFO] Page 17 | Collected: 250
2026-08-27 08:34:59,540 [INFO] Pacing: sleep 1.5s
2026-08-27 08:35:00,991 [INFO] Page 18 | Collected: 250
2026-08-27 08:35:01,260 [INFO] Pacing: sleep 0.5s
2026-08-27 08:35:01,793 [INFO] Page 19 | Collected: 250
2026-08-27 08:35:02,018 [INFO] Pacing: sleep 0.6s
2026-08-27 08:35:02,586 [INFO] Page 20 | Collected: 250
2026-08-27 08:35:02,858 [INFO] Pacing: sleep 1.1s
2026-08-27 08:35:04,000 [INFO] Page 21 | Collected: 500
2026-08-27 08:35:04,242 [INFO] Pacing: sleep 0.6s
2026-08-27 08:35:04,862 [INFO] Page 22 | Collected: 500
2026-08-27 08:35:05,090 [INFO] Pacing: sleep 1.0s
2026-08-27 08:35:06,091 [INFO] Page 23 | Collected: 500
2026-08-27 08:35:06,409 [INFO] Pacing: sleep 0.6s
2026-08-27 08:35:07,012 [INFO] Page 24 | Collected: 500
2026-08-27 08:35:07,265 [INFO] Pacing: sleep 0.6s
2026-08-27 08:35:07,823 [INFO] Page 25 | Collected: 500
2026-08-27 08:35:08,099 [INFO] Pacing: sleep 1.3s
2026-08-27 08:35:09,427 [INFO] Page 26 | Collected: 500
2026-08-27 08:35:09,656 [INFO] Pacing: sleep 1.1s
2026-08-27 08:35:10,804 [INFO] Page 27 | Collected: 500
2026-08-27 08:35:11,069 [INFO] Pacing: sleep 1.5s
2026-08-27 08:35:12,567 [INFO] Page 28 | Collected: 500
2026-08-27 08:35:12,861 [INFO] Pacing: sleep 1.4s
2026-08-27 08:35:14,229 [INFO] Page 29 | Collected: 500
2026-08-27 08:35:14,735 [INFO] Pacing: sleep 0.7s
2026-08-27 08:35:15,440 [INFO] Page 30 | Collected: 500
2026-08-27 08:35:15,682 [INFO] Pacing: sleep 1.2s
2026-08-27 08:35:16,865 [INFO] Page 31 | Collected: 750
2026-08-27 08:35:16,937 [WARNING] Block detected on page 31: HTTP 429
2026-08-27 08:35:16,937 [INFO] Saved raw HTML for debugging: blocked_0031.html
2026-08-27 08:35:16,937 [WARNING] Initiating ADAPTIVE THROTTLING. Sleeping 180s, switching to SAFE mode.
2026-08-27 08:38:16,937 [INFO] Pacing: sleep 59.9s | Short Cooldown: 55.6s
2026-08-27 08:39:16,854 [INFO] Page 31 | Collected: 750
2026-08-27 08:39:17,143 [INFO] Pacing: sleep 6.6s
2026-08-27 08:39:23,727 [INFO] Page 32 | Collected: 750
2026-08-27 08:39:23,976 [INFO] Pacing: sleep 6.2s
2026-08-27 08:39:30,175 [INFO] Page 33 | Collected: 750
2026-08-27 08:39:30,484 [INFO] Pacing: sleep 5.7s
2026-08-27 08:39:36,139 [INFO] Page 34 | Collected: 750
2026-08-27 08:39:36,375 [INFO] Pacing: sleep 6.1s
2026-08-27 08:39:42,431 [INFO] Page 35 | Collected: 750
2026-08-27 08:39:42,663 [INFO] Pacing: sleep 5.6s
2026-08-27 08:39:48,312 [INFO] Page 36 | Collected: 750
2026-08-27 08:39:48,600 [INFO] Pacing: sleep 4.4s
2026-08-27 08:39:53,008 [INFO] Page 37 | Collected: 750
2026-08-27 08:39:53,252 [INFO] Pacing: sleep 6.0s
2026-08-27 08:39:59,254 [INFO] Page 38 | Collected: 750
2026-08-27 08:39:59,500 [INFO] Pacing: sleep 7.2s
2026-08-27 08:40:06,723 [INFO] Page 39 | Collected: 750
2026-08-27 08:40:07,015 [INFO] Pacing: sleep 7.1s
2026-08-27 08:40:14,126 [INFO] Page 40 | Collected: 750
2026-08-27 08:40:14,372 [INFO] Pacing: sleep 136.2s | Long Cooldown: 128.4s
2026-08-27 08:42:30,588 [INFO] Page 41 | Collected: 1000
2026-08-27 08:42:30,855 [INFO] Pacing: sleep 4.0s
2026-08-27 08:42:34,881 [INFO] Page 42 | Collected: 1000
2026-08-27 08:42:35,152 [INFO] Pacing: sleep 7.9s
2026-08-27 08:42:43,047 [INFO] Page 43 | Collected: 1000
2026-08-27 08:42:43,268 [INFO] Pacing: sleep 5.1s
2026-08-27 08:42:48,387 [INFO] Page 44 | Collected: 1000
2026-08-27 08:42:48,661 [INFO] Pacing: sleep 7.1s
2026-08-27 08:42:55,738 [INFO] Page 45 | Collected: 1000
2026-08-27 08:42:55,982 [INFO] Pacing: sleep 4.2s
2026-08-27 08:43:00,229 [INFO] Page 46 | Collected: 1000
2026-08-27 08:43:00,395 [WARNING] Block detected on page 46: Suspicious term found: 'captcha'
2026-08-27 08:43:00,396 [INFO] Saved raw HTML for debugging: blocked_0046.html
2026-08-27 08:43:00,396 [ERROR] Blocked again even after safe mode. Stopping gracefully.
2026-08-27 08:43:00,397 [INFO] Crawl stopped. Reason: adaptive_throttle_failed_page_46. Finalizing...
2026-08-27 08:43:00,397 [INFO] Merging intermediate pages from work_dir: /home/runner/work/steam-diploma/steam-diploma/data/snapshots/data/snapshots/_in_progress/47cdaaa5-b2ca-4bb4-8853-a43b674709a2
