2026-09-27 16:44:21,070 [INFO] Steam Snapshot Collector Started.
2026-09-27 16:44:21,070 [INFO] Speed Mode: fast
2026-09-27 16:44:21,070 [INFO] Work Dir: /home/runner/work/steam-diploma/steam-diploma/data/snapshots
2026-09-27 16:44:21,070 [INFO] Base Output Dir: .
2026-09-27 16:44:21,070 [INFO] Page 1 | Collected: 0
2026-09-27 16:44:21,425 [INFO] Pacing: sleep 1.4s
2026-09-27 16:44:22,860 [INFO] Page 2 | Collected: 0
2026-09-27 16:44:23,130 [INFO] Pacing: sleep 0.6s
2026-09-27 16:44:23,723 [INFO] Page 3 | Collected: 0
2026-09-27 16:44:23,969 [INFO] Pacing: sleep 0.6s
2026-09-27 16:44:24,584 [INFO] Page 4 | Collected: 0
2026-09-27 16:44:24,861 [INFO] Pacing: sleep 0.7s
2026-09-27 16:44:25,529 [INFO] Page 5 | Collected: 0
2026-09-27 16:44:25,747 [INFO] Pacing: sleep 0.9s
2026-09-27 16:44:26,639 [INFO] Page 6 | Collected: 0
2026-09-27 16:44:27,038 [INFO] Pacing: sleep 0.5s
2026-09-27 16:44:27,579 [INFO] Page 7 | Collected: 0
2026-09-27 16:44:27,860 [INFO] Pacing: sleep 0.8s
2026-09-27 16:44:28,709 [INFO] Page 8 | Collected: 0
2026-09-27 16:44:29,034 [INFO] Pacing: sleep 1.3s
2026-09-27 16:44:30,333 [INFO] Page 9 | Collected: 0
2026-09-27 16:44:30,569 [INFO] Pacing: sleep 0.9s
2026-09-27 16:44:31,488 [INFO] Page 10 | Collected: 0
2026-09-27 16:44:31,801 [INFO] Pacing: sleep 1.1s
2026-09-27 16:44:32,905 [INFO] Page 11 | Collected: 250
2026-09-27 16:44:33,127 [INFO] Pacing: sleep 0.8s
2026-09-27 16:44:33,940 [INFO] Page 12 | Collected: 250
2026-09-27 16:44:34,237 [INFO] Pacing: sleep 0.7s
2026-09-27 16:44:34,955 [INFO] Page 13 | Collected: 250
2026-09-27 16:44:35,181 [INFO] Pacing: sleep 0.7s
2026-09-27 16:44:35,859 [INFO] Page 14 | Collected: 250
2026-09-27 16:44:36,086 [INFO] Pacing: sleep 0.7s
2026-09-27 16:44:36,824 [INFO] Page 15 | Collected: 250
2026-09-27 16:44:37,207 [INFO] Pacing: sleep 1.1s
2026-09-27 16:44:38,340 [INFO] Page 16 | Collected: 250
2026-09-27 16:44:38,573 [INFO] Pacing: sleep 1.4s
2026-09-27 16:44:39,935 [INFO] Page 17 | Collected: 250
2026-09-27 16:44:40,227 [INFO] Pacing: sleep 1.2s
2026-09-27 16:44:41,413 [INFO] Page 18 | Collected: 250
2026-09-27 16:44:41,711 [INFO] Pacing: sleep 1.0s
2026-09-27 16:44:42,760 [INFO] Page 19 | Collected: 250
2026-09-27 16:44:43,022 [INFO] Pacing: sleep 0.8s
2026-09-27 16:44:43,824 [INFO] Page 20 | Collected: 250
2026-09-27 16:44:44,113 [INFO] Pacing: sleep 1.4s
2026-09-27 16:44:45,545 [INFO] Page 21 | Collected: 500
2026-09-27 16:44:45,790 [INFO] Pacing: sleep 0.6s
2026-09-27 16:44:46,409 [INFO] Page 22 | Collected: 500
2026-09-27 16:44:46,641 [INFO] Pacing: sleep 1.3s
2026-09-27 16:44:47,966 [INFO] Page 23 | Collected: 500
2026-09-27 16:44:48,294 [INFO] Pacing: sleep 1.0s
2026-09-27 16:44:49,303 [INFO] Page 24 | Collected: 500
2026-09-27 16:44:49,518 [INFO] Pacing: sleep 1.4s
2026-09-27 16:44:50,958 [INFO] Page 25 | Collected: 500
2026-09-27 16:44:51,255 [INFO] Pacing: sleep 0.7s
2026-09-27 16:44:51,928 [INFO] Page 26 | Collected: 500
2026-09-27 16:44:52,246 [INFO] Pacing: sleep 0.8s
2026-09-27 16:44:53,040 [INFO] Page 27 | Collected: 500
2026-09-27 16:44:53,271 [INFO] Pacing: sleep 1.1s
2026-09-27 16:44:54,327 [INFO] Page 28 | Collected: 500
2026-09-27 16:44:54,643 [INFO] Pacing: sleep 0.9s
2026-09-27 16:44:55,538 [INFO] Page 29 | Collected: 500
2026-09-27 16:44:55,853 [INFO] Pacing: sleep 0.6s
2026-09-27 16:44:56,488 [INFO] Page 30 | Collected: 500
2026-09-27 16:44:56,724 [INFO] Pacing: sleep 0.7s
2026-09-27 16:44:57,382 [INFO] Page 31 | Collected: 750
2026-09-27 16:44:57,475 [WARNING] Block detected on page 31: HTTP 429
2026-09-27 16:44:57,475 [INFO] Saved raw HTML for debugging: blocked_0031.html
2026-09-27 16:44:57,476 [WARNING] Initiating ADAPTIVE THROTTLING. Sleeping 180s, switching to SAFE mode.
2026-09-27 16:47:57,476 [INFO] Pacing: sleep 52.5s | Short Cooldown: 46.2s
2026-09-27 16:48:49,955 [INFO] Page 31 | Collected: 750
2026-09-27 16:48:50,227 [INFO] Pacing: sleep 7.2s
2026-09-27 16:48:57,435 [INFO] Page 32 | Collected: 750
2026-09-27 16:48:57,688 [INFO] Pacing: sleep 5.6s
2026-09-27 16:49:03,277 [INFO] Page 33 | Collected: 750
2026-09-27 16:49:03,586 [INFO] Pacing: sleep 4.8s
2026-09-27 16:49:08,346 [INFO] Page 34 | Collected: 750
2026-09-27 16:49:08,557 [INFO] Pacing: sleep 5.6s
2026-09-27 16:49:14,116 [INFO] Page 35 | Collected: 750
2026-09-27 16:49:14,379 [INFO] Pacing: sleep 4.8s
2026-09-27 16:49:19,161 [INFO] Page 36 | Collected: 750
2026-09-27 16:49:19,444 [INFO] Pacing: sleep 6.1s
2026-09-27 16:49:25,557 [INFO] Page 37 | Collected: 750
2026-09-27 16:49:25,767 [INFO] Pacing: sleep 4.5s
2026-09-27 16:49:30,289 [INFO] Page 38 | Collected: 750
2026-09-27 16:49:30,518 [INFO] Pacing: sleep 5.0s
2026-09-27 16:49:35,471 [INFO] Page 39 | Collected: 750
2026-09-27 16:49:35,756 [INFO] Pacing: sleep 7.9s
2026-09-27 16:49:43,681 [INFO] Page 40 | Collected: 750
2026-09-27 16:49:43,908 [INFO] Pacing: sleep 180.3s | Long Cooldown: 173.9s
2026-09-27 16:52:44,180 [INFO] Page 41 | Collected: 1000
2026-09-27 16:52:44,480 [INFO] Pacing: sleep 4.9s
2026-09-27 16:52:49,349 [INFO] Page 42 | Collected: 1000
2026-09-27 16:52:49,597 [INFO] Pacing: sleep 6.2s
2026-09-27 16:52:55,765 [INFO] Page 43 | Collected: 1000
2026-09-27 16:52:55,981 [INFO] Pacing: sleep 6.9s
2026-09-27 16:53:02,891 [INFO] Page 44 | Collected: 1000
2026-09-27 16:53:03,208 [INFO] Pacing: sleep 6.8s
2026-09-27 16:53:09,963 [INFO] Page 45 | Collected: 1000
2026-09-27 16:53:10,204 [INFO] Pacing: sleep 5.9s
2026-09-27 16:53:16,117 [INFO] Page 46 | Collected: 1000
2026-09-27 16:53:16,344 [INFO] Pacing: sleep 4.8s
2026-09-27 16:53:21,116 [INFO] Page 47 | Collected: 1000
2026-09-27 16:53:21,268 [WARNING] Block detected on page 47: Suspicious term found: 'captcha'
2026-09-27 16:53:21,268 [INFO] Saved raw HTML for debugging: blocked_0047.html
2026-09-27 16:53:21,268 [ERROR] Blocked again even after safe mode. Stopping gracefully.
2026-09-27 16:53:21,269 [INFO] Crawl stopped. Reason: adaptive_throttle_failed_page_47. Finalizing...
2026-09-27 16:53:21,270 [INFO] Merging intermediate pages from work_dir: /home/runner/work/steam-diploma/steam-diploma/data/snapshots/data/snapshots/_in_progress/9cf46819-1a3f-461e-bf9a-60980a955c17
