2026-09-06 03:56:51,157 [INFO] Steam Snapshot Collector Started.
2026-09-06 03:56:51,157 [INFO] Speed Mode: fast
2026-09-06 03:56:51,157 [INFO] Work Dir: /home/runner/work/steam-diploma/steam-diploma/data/snapshots
2026-09-06 03:56:51,157 [INFO] Base Output Dir: .
2026-09-06 03:56:51,158 [INFO] Page 1 | Collected: 0
2026-09-06 03:56:51,503 [INFO] Pacing: sleep 0.7s
2026-09-06 03:56:52,246 [INFO] Page 2 | Collected: 0
2026-09-06 03:56:52,503 [INFO] Pacing: sleep 1.5s
2026-09-06 03:56:53,973 [INFO] Page 3 | Collected: 0
2026-09-06 03:56:54,295 [INFO] Pacing: sleep 0.6s
2026-09-06 03:56:54,868 [INFO] Page 4 | Collected: 0
2026-09-06 03:56:55,306 [INFO] Pacing: sleep 0.7s
2026-09-06 03:56:56,012 [INFO] Page 5 | Collected: 0
2026-09-06 03:56:56,409 [INFO] Pacing: sleep 1.4s
2026-09-06 03:56:57,792 [INFO] Page 6 | Collected: 0
2026-09-06 03:56:58,048 [INFO] Pacing: sleep 1.4s
2026-09-06 03:56:59,441 [INFO] Page 7 | Collected: 0
2026-09-06 03:56:59,894 [INFO] Pacing: sleep 1.4s
2026-09-06 03:57:01,313 [INFO] Page 8 | Collected: 0
2026-09-06 03:57:01,567 [INFO] Pacing: sleep 1.0s
2026-09-06 03:57:02,596 [INFO] Page 9 | Collected: 0
2026-09-06 03:57:02,875 [INFO] Pacing: sleep 1.4s
2026-09-06 03:57:04,323 [INFO] Page 10 | Collected: 0
2026-09-06 03:57:04,652 [INFO] Pacing: sleep 1.1s
2026-09-06 03:57:05,752 [INFO] Page 11 | Collected: 250
2026-09-06 03:57:05,993 [INFO] Pacing: sleep 0.9s
2026-09-06 03:57:06,931 [INFO] Page 12 | Collected: 250
2026-09-06 03:57:07,237 [INFO] Pacing: sleep 0.6s
2026-09-06 03:57:07,868 [INFO] Page 13 | Collected: 250
2026-09-06 03:57:08,211 [INFO] Pacing: sleep 0.6s
2026-09-06 03:57:08,852 [INFO] Page 14 | Collected: 250
2026-09-06 03:57:09,112 [INFO] Pacing: sleep 0.8s
2026-09-06 03:57:09,869 [INFO] Page 15 | Collected: 250
2026-09-06 03:57:10,151 [INFO] Pacing: sleep 1.3s
2026-09-06 03:57:11,475 [INFO] Page 16 | Collected: 250
2026-09-06 03:57:11,757 [INFO] Pacing: sleep 0.6s
2026-09-06 03:57:12,356 [INFO] Page 17 | Collected: 250
2026-09-06 03:57:12,608 [INFO] Pacing: sleep 0.8s
2026-09-06 03:57:13,380 [INFO] Page 18 | Collected: 250
2026-09-06 03:57:13,706 [INFO] Pacing: sleep 1.3s
2026-09-06 03:57:15,014 [INFO] Page 19 | Collected: 250
2026-09-06 03:57:15,264 [INFO] Pacing: sleep 1.1s
2026-09-06 03:57:16,411 [INFO] Page 20 | Collected: 250
2026-09-06 03:57:16,796 [INFO] Pacing: sleep 0.9s
2026-09-06 03:57:17,678 [INFO] Page 21 | Collected: 500
2026-09-06 03:57:17,933 [INFO] Pacing: sleep 0.7s
2026-09-06 03:57:18,659 [INFO] Page 22 | Collected: 500
2026-09-06 03:57:18,907 [INFO] Pacing: sleep 0.6s
2026-09-06 03:57:19,516 [INFO] Page 23 | Collected: 500
2026-09-06 03:57:19,879 [INFO] Pacing: sleep 0.9s
2026-09-06 03:57:20,802 [INFO] Page 24 | Collected: 500
2026-09-06 03:57:21,056 [INFO] Pacing: sleep 0.9s
2026-09-06 03:57:21,995 [INFO] Page 25 | Collected: 500
2026-09-06 03:57:22,298 [INFO] Pacing: sleep 1.0s
2026-09-06 03:57:23,336 [INFO] Page 26 | Collected: 500
2026-09-06 03:57:23,579 [INFO] Pacing: sleep 1.3s
2026-09-06 03:57:24,841 [INFO] Page 27 | Collected: 500
2026-09-06 03:57:25,169 [INFO] Pacing: sleep 0.6s
2026-09-06 03:57:25,753 [INFO] Page 28 | Collected: 500
2026-09-06 03:57:26,158 [INFO] Pacing: sleep 1.2s
2026-09-06 03:57:27,335 [INFO] Page 29 | Collected: 500
2026-09-06 03:57:27,577 [INFO] Pacing: sleep 0.5s
2026-09-06 03:57:28,115 [INFO] Page 30 | Collected: 500
2026-09-06 03:57:28,390 [INFO] Pacing: sleep 1.0s
2026-09-06 03:57:29,402 [INFO] Page 31 | Collected: 750
2026-09-06 03:57:29,501 [WARNING] Block detected on page 31: HTTP 429
2026-09-06 03:57:29,501 [INFO] Saved raw HTML for debugging: blocked_0031.html
2026-09-06 03:57:29,501 [WARNING] Initiating ADAPTIVE THROTTLING. Sleeping 180s, switching to SAFE mode.
2026-09-06 04:00:29,501 [INFO] Pacing: sleep 49.4s | Short Cooldown: 41.5s
2026-09-06 04:01:18,923 [INFO] Page 31 | Collected: 750
2026-09-06 04:01:19,279 [INFO] Pacing: sleep 7.8s
2026-09-06 04:01:27,065 [INFO] Page 32 | Collected: 750
2026-09-06 04:01:27,386 [INFO] Pacing: sleep 7.5s
2026-09-06 04:01:34,913 [INFO] Page 33 | Collected: 750
2026-09-06 04:01:35,273 [INFO] Pacing: sleep 5.7s
2026-09-06 04:01:40,965 [INFO] Page 34 | Collected: 750
2026-09-06 04:01:41,259 [INFO] Pacing: sleep 5.7s
2026-09-06 04:01:46,983 [INFO] Page 35 | Collected: 750
2026-09-06 04:01:47,335 [INFO] Pacing: sleep 5.4s
2026-09-06 04:01:52,775 [INFO] Page 36 | Collected: 750
2026-09-06 04:01:53,093 [INFO] Pacing: sleep 4.7s
2026-09-06 04:01:57,786 [INFO] Page 37 | Collected: 750
2026-09-06 04:01:58,095 [INFO] Pacing: sleep 6.5s
2026-09-06 04:02:04,594 [INFO] Page 38 | Collected: 750
2026-09-06 04:02:04,841 [INFO] Pacing: sleep 7.1s
2026-09-06 04:02:11,937 [INFO] Page 39 | Collected: 750
2026-09-06 04:02:12,381 [INFO] Pacing: sleep 6.7s
2026-09-06 04:02:19,045 [INFO] Page 40 | Collected: 750
2026-09-06 04:02:19,334 [INFO] Pacing: sleep 241.7s | Long Cooldown: 237.5s
2026-09-06 04:06:21,080 [INFO] Page 41 | Collected: 1000
2026-09-06 04:06:21,395 [INFO] Pacing: sleep 5.5s
2026-09-06 04:06:26,877 [INFO] Page 42 | Collected: 1000
2026-09-06 04:06:27,104 [INFO] Pacing: sleep 7.9s
2026-09-06 04:06:34,966 [INFO] Page 43 | Collected: 1000
2026-09-06 04:06:35,220 [INFO] Pacing: sleep 4.2s
2026-09-06 04:06:39,423 [INFO] Page 44 | Collected: 1000
2026-09-06 04:06:39,798 [INFO] Pacing: sleep 4.9s
2026-09-06 04:06:44,737 [INFO] Page 45 | Collected: 1000
2026-09-06 04:06:45,006 [INFO] Pacing: sleep 7.6s
2026-09-06 04:06:52,646 [INFO] Page 46 | Collected: 1000
2026-09-06 04:06:52,957 [INFO] Pacing: sleep 7.0s
2026-09-06 04:06:59,975 [INFO] Page 47 | Collected: 1000
2026-09-06 04:07:00,200 [INFO] Pacing: sleep 5.8s
2026-09-06 04:07:06,006 [INFO] Page 48 | Collected: 1000
2026-09-06 04:07:06,170 [WARNING] Block detected on page 48: Suspicious term found: 'captcha'
2026-09-06 04:07:06,171 [INFO] Saved raw HTML for debugging: blocked_0048.html
2026-09-06 04:07:06,171 [ERROR] Blocked again even after safe mode. Stopping gracefully.
2026-09-06 04:07:06,172 [INFO] Crawl stopped. Reason: adaptive_throttle_failed_page_48. Finalizing...
2026-09-06 04:07:06,172 [INFO] Merging intermediate pages from work_dir: /home/runner/work/steam-diploma/steam-diploma/data/snapshots/data/snapshots/_in_progress/09fe211e-ed84-47f4-9cac-15d04f64696c
