2026-08-14 02:22:17,035 [INFO] Steam Snapshot Collector Started.
2026-08-14 02:22:17,035 [INFO] Speed Mode: fast
2026-08-14 02:22:17,035 [INFO] Work Dir: /home/runner/work/steam-diploma/steam-diploma/data/snapshots
2026-08-14 02:22:17,035 [INFO] Base Output Dir: .
2026-08-14 02:22:17,035 [INFO] Page 1 | Collected: 0
2026-08-14 02:22:17,444 [INFO] Pacing: sleep 0.8s
2026-08-14 02:22:18,272 [INFO] Page 2 | Collected: 0
2026-08-14 02:22:18,613 [INFO] Pacing: sleep 1.1s
2026-08-14 02:22:19,716 [INFO] Page 3 | Collected: 0
2026-08-14 02:22:20,002 [INFO] Pacing: sleep 1.0s
2026-08-14 02:22:20,966 [INFO] Page 4 | Collected: 0
2026-08-14 02:22:21,291 [INFO] Pacing: sleep 0.9s
2026-08-14 02:22:22,145 [INFO] Page 5 | Collected: 0
2026-08-14 02:22:22,430 [INFO] Pacing: sleep 1.1s
2026-08-14 02:22:23,490 [INFO] Page 6 | Collected: 0
2026-08-14 02:22:23,786 [INFO] Pacing: sleep 0.9s
2026-08-14 02:22:24,637 [INFO] Page 7 | Collected: 0
2026-08-14 02:22:24,993 [WARNING] Page 7 had 1 duplicate appids seen previously.
2026-08-14 02:22:24,994 [INFO] Pacing: sleep 0.6s
2026-08-14 02:22:25,603 [INFO] Page 8 | Collected: 0
2026-08-14 02:22:25,940 [INFO] Pacing: sleep 0.9s
2026-08-14 02:22:26,799 [INFO] Page 9 | Collected: 0
2026-08-14 02:22:27,083 [INFO] Pacing: sleep 1.2s
2026-08-14 02:22:28,250 [INFO] Page 10 | Collected: 0
2026-08-14 02:22:28,569 [INFO] Pacing: sleep 1.4s
2026-08-14 02:22:29,952 [INFO] Page 11 | Collected: 250
2026-08-14 02:22:30,247 [INFO] Pacing: sleep 1.3s
2026-08-14 02:22:31,553 [INFO] Page 12 | Collected: 250
2026-08-14 02:22:31,883 [INFO] Pacing: sleep 1.4s
2026-08-14 02:22:33,237 [INFO] Page 13 | Collected: 250
2026-08-14 02:22:33,498 [INFO] Pacing: sleep 1.3s
2026-08-14 02:22:34,818 [INFO] Page 14 | Collected: 250
2026-08-14 02:22:35,090 [INFO] Pacing: sleep 1.3s
2026-08-14 02:22:36,428 [INFO] Page 15 | Collected: 250
2026-08-14 02:22:36,780 [INFO] Pacing: sleep 1.5s
2026-08-14 02:22:38,232 [INFO] Page 16 | Collected: 250
2026-08-14 02:22:38,529 [INFO] Pacing: sleep 0.7s
2026-08-14 02:22:39,190 [INFO] Page 17 | Collected: 250
2026-08-14 02:22:39,466 [INFO] Pacing: sleep 0.8s
2026-08-14 02:22:40,312 [INFO] Page 18 | Collected: 250
2026-08-14 02:22:40,794 [INFO] Pacing: sleep 0.6s
2026-08-14 02:22:41,419 [INFO] Page 19 | Collected: 250
2026-08-14 02:22:41,719 [INFO] Pacing: sleep 0.9s
2026-08-14 02:22:42,592 [INFO] Page 20 | Collected: 250
2026-08-14 02:22:42,936 [INFO] Pacing: sleep 0.5s
2026-08-14 02:22:43,448 [INFO] Page 21 | Collected: 500
2026-08-14 02:22:43,726 [INFO] Pacing: sleep 1.2s
2026-08-14 02:22:44,950 [INFO] Page 22 | Collected: 500
2026-08-14 02:22:45,230 [INFO] Pacing: sleep 0.6s
2026-08-14 02:22:45,861 [INFO] Page 23 | Collected: 500
2026-08-14 02:22:46,235 [INFO] Pacing: sleep 0.8s
2026-08-14 02:22:47,047 [INFO] Page 24 | Collected: 500
2026-08-14 02:22:47,342 [INFO] Pacing: sleep 0.7s
2026-08-14 02:22:48,059 [INFO] Page 25 | Collected: 500
2026-08-14 02:22:48,396 [INFO] Pacing: sleep 1.2s
2026-08-14 02:22:49,579 [INFO] Page 26 | Collected: 500
2026-08-14 02:22:49,869 [INFO] Pacing: sleep 0.6s
2026-08-14 02:22:50,452 [INFO] Page 27 | Collected: 500
2026-08-14 02:22:50,783 [INFO] Pacing: sleep 0.6s
2026-08-14 02:22:51,409 [INFO] Page 28 | Collected: 500
2026-08-14 02:22:51,759 [INFO] Pacing: sleep 0.9s
2026-08-14 02:22:52,625 [INFO] Page 29 | Collected: 500
2026-08-14 02:22:52,960 [INFO] Pacing: sleep 1.4s
2026-08-14 02:22:54,379 [INFO] Page 30 | Collected: 500
2026-08-14 02:22:54,671 [INFO] Pacing: sleep 0.6s
2026-08-14 02:22:55,299 [INFO] Page 31 | Collected: 750
2026-08-14 02:22:55,381 [WARNING] Block detected on page 31: HTTP 429
2026-08-14 02:22:55,381 [INFO] Saved raw HTML for debugging: blocked_0031.html
2026-08-14 02:22:55,381 [WARNING] Initiating ADAPTIVE THROTTLING. Sleeping 180s, switching to SAFE mode.
2026-08-14 02:25:55,382 [INFO] Pacing: sleep 48.9s | Short Cooldown: 44.2s
2026-08-14 02:26:44,323 [INFO] Page 31 | Collected: 750
2026-08-14 02:26:44,663 [INFO] Pacing: sleep 4.4s
2026-08-14 02:26:49,053 [INFO] Page 32 | Collected: 750
2026-08-14 02:26:49,344 [INFO] Pacing: sleep 5.0s
2026-08-14 02:26:54,310 [INFO] Page 33 | Collected: 750
2026-08-14 02:26:54,621 [INFO] Pacing: sleep 6.6s
2026-08-14 02:27:01,247 [INFO] Page 34 | Collected: 750
2026-08-14 02:27:01,514 [INFO] Pacing: sleep 4.4s
2026-08-14 02:27:05,964 [INFO] Page 35 | Collected: 750
2026-08-14 02:27:06,239 [INFO] Pacing: sleep 5.3s
2026-08-14 02:27:11,512 [INFO] Page 36 | Collected: 750
2026-08-14 02:27:11,850 [INFO] Pacing: sleep 5.4s
2026-08-14 02:27:17,259 [INFO] Page 37 | Collected: 750
2026-08-14 02:27:17,556 [INFO] Pacing: sleep 5.7s
2026-08-14 02:27:23,239 [INFO] Page 38 | Collected: 750
2026-08-14 02:27:23,528 [INFO] Pacing: sleep 6.4s
2026-08-14 02:27:29,965 [INFO] Page 39 | Collected: 750
2026-08-14 02:27:30,318 [INFO] Pacing: sleep 7.9s
2026-08-14 02:27:38,198 [INFO] Page 40 | Collected: 750
2026-08-14 02:27:38,459 [INFO] Pacing: sleep 243.0s | Long Cooldown: 237.2s
2026-08-14 02:31:41,444 [INFO] Page 41 | Collected: 1000
2026-08-14 02:31:41,772 [INFO] Pacing: sleep 5.1s
2026-08-14 02:31:46,852 [INFO] Page 42 | Collected: 1000
2026-08-14 02:31:47,120 [INFO] Pacing: sleep 6.9s
2026-08-14 02:31:53,987 [INFO] Page 43 | Collected: 1000
2026-08-14 02:31:54,278 [INFO] Pacing: sleep 4.4s
2026-08-14 02:31:58,692 [INFO] Page 44 | Collected: 1000
2026-08-14 02:31:59,012 [INFO] Pacing: sleep 7.5s
2026-08-14 02:32:06,559 [INFO] Page 45 | Collected: 1000
2026-08-14 02:32:06,845 [INFO] Pacing: sleep 6.8s
2026-08-14 02:32:13,676 [INFO] Page 46 | Collected: 1000
2026-08-14 02:32:13,854 [WARNING] Block detected on page 46: Suspicious term found: 'captcha'
2026-08-14 02:32:13,855 [INFO] Saved raw HTML for debugging: blocked_0046.html
2026-08-14 02:32:13,855 [ERROR] Blocked again even after safe mode. Stopping gracefully.
2026-08-14 02:32:13,856 [INFO] Crawl stopped. Reason: adaptive_throttle_failed_page_46. Finalizing...
2026-08-14 02:32:13,856 [INFO] Merging intermediate pages from work_dir: /home/runner/work/steam-diploma/steam-diploma/data/snapshots/data/snapshots/_in_progress/5c91770a-bd12-4f64-bf49-aafa257c5bff
2026-08-14 02:32:13,869 [WARNING] Found 1 duplicate appids across the snapshot.
