2026-10-01 05:12:16,245 [INFO] Steam Snapshot Collector Started.
2026-10-01 05:12:16,245 [INFO] Speed Mode: fast
2026-10-01 05:12:16,245 [INFO] Work Dir: /home/runner/work/steam-diploma/steam-diploma/data/snapshots
2026-10-01 05:12:16,245 [INFO] Base Output Dir: .
2026-10-01 05:12:16,246 [INFO] Page 1 | Collected: 0
2026-10-01 05:12:16,684 [INFO] Pacing: sleep 0.8s
2026-10-01 05:12:17,446 [INFO] Page 2 | Collected: 0
2026-10-01 05:12:17,747 [INFO] Pacing: sleep 1.1s
2026-10-01 05:12:18,799 [INFO] Page 3 | Collected: 0
2026-10-01 05:12:19,083 [INFO] Pacing: sleep 0.7s
2026-10-01 05:12:19,820 [INFO] Page 4 | Collected: 0
2026-10-01 05:12:20,179 [INFO] Pacing: sleep 1.3s
2026-10-01 05:12:21,466 [INFO] Page 5 | Collected: 0
2026-10-01 05:12:21,742 [INFO] Pacing: sleep 1.3s
2026-10-01 05:12:23,065 [INFO] Page 6 | Collected: 0
2026-10-01 05:12:23,357 [INFO] Pacing: sleep 1.1s
2026-10-01 05:12:24,428 [INFO] Page 7 | Collected: 0
2026-10-01 05:12:24,789 [INFO] Pacing: sleep 0.8s
2026-10-01 05:12:25,554 [INFO] Page 8 | Collected: 0
2026-10-01 05:12:25,835 [INFO] Pacing: sleep 0.6s
2026-10-01 05:12:26,411 [INFO] Page 9 | Collected: 0
2026-10-01 05:12:26,673 [INFO] Pacing: sleep 1.4s
2026-10-01 05:12:28,037 [INFO] Page 10 | Collected: 0
2026-10-01 05:12:28,376 [INFO] Pacing: sleep 0.6s
2026-10-01 05:12:29,025 [INFO] Page 11 | Collected: 250
2026-10-01 05:12:29,304 [INFO] Pacing: sleep 0.8s
2026-10-01 05:12:30,110 [INFO] Page 12 | Collected: 250
2026-10-01 05:12:30,444 [INFO] Pacing: sleep 0.6s
2026-10-01 05:12:31,064 [INFO] Page 13 | Collected: 250
2026-10-01 05:12:31,342 [INFO] Pacing: sleep 0.9s
2026-10-01 05:12:32,240 [INFO] Page 14 | Collected: 250
2026-10-01 05:12:32,519 [INFO] Pacing: sleep 1.1s
2026-10-01 05:12:33,590 [INFO] Page 15 | Collected: 250
2026-10-01 05:12:33,927 [INFO] Pacing: sleep 1.2s
2026-10-01 05:12:35,091 [INFO] Page 16 | Collected: 250
2026-10-01 05:12:35,413 [INFO] Pacing: sleep 0.6s
2026-10-01 05:12:36,004 [INFO] Page 17 | Collected: 250
2026-10-01 05:12:36,348 [INFO] Pacing: sleep 1.1s
2026-10-01 05:12:37,459 [INFO] Page 18 | Collected: 250
2026-10-01 05:12:37,830 [INFO] Pacing: sleep 1.3s
2026-10-01 05:12:39,133 [INFO] Page 19 | Collected: 250
2026-10-01 05:12:39,498 [INFO] Pacing: sleep 0.7s
2026-10-01 05:12:40,201 [INFO] Page 20 | Collected: 250
2026-10-01 05:12:40,569 [INFO] Pacing: sleep 1.0s
2026-10-01 05:12:41,575 [INFO] Page 21 | Collected: 500
2026-10-01 05:12:41,850 [INFO] Pacing: sleep 0.7s
2026-10-01 05:12:42,530 [INFO] Page 22 | Collected: 500
2026-10-01 05:12:42,816 [INFO] Pacing: sleep 0.5s
2026-10-01 05:12:43,320 [INFO] Page 23 | Collected: 500
2026-10-01 05:12:43,688 [INFO] Pacing: sleep 0.7s
2026-10-01 05:12:44,360 [INFO] Page 24 | Collected: 500
2026-10-01 05:12:44,625 [INFO] Pacing: sleep 1.0s
2026-10-01 05:12:45,645 [INFO] Page 25 | Collected: 500
2026-10-01 05:12:45,927 [INFO] Pacing: sleep 1.5s
2026-10-01 05:12:47,425 [INFO] Page 26 | Collected: 500
2026-10-01 05:12:47,787 [INFO] Pacing: sleep 1.4s
2026-10-01 05:12:49,207 [INFO] Page 27 | Collected: 500
2026-10-01 05:12:49,526 [INFO] Pacing: sleep 0.6s
2026-10-01 05:12:50,149 [INFO] Page 28 | Collected: 500
2026-10-01 05:12:50,484 [INFO] Pacing: sleep 1.3s
2026-10-01 05:12:51,738 [INFO] Page 29 | Collected: 500
2026-10-01 05:12:52,021 [INFO] Pacing: sleep 0.6s
2026-10-01 05:12:52,617 [INFO] Page 30 | Collected: 500
2026-10-01 05:12:52,904 [INFO] Pacing: sleep 0.7s
2026-10-01 05:12:53,617 [INFO] Page 31 | Collected: 750
2026-10-01 05:12:53,811 [WARNING] Block detected on page 31: HTTP 429
2026-10-01 05:12:53,811 [INFO] Saved raw HTML for debugging: blocked_0031.html
2026-10-01 05:12:53,811 [WARNING] Initiating ADAPTIVE THROTTLING. Sleeping 180s, switching to SAFE mode.
2026-10-01 05:15:53,812 [INFO] Pacing: sleep 65.8s | Short Cooldown: 58.3s
2026-10-01 05:16:59,620 [INFO] Page 31 | Collected: 750
2026-10-01 05:16:59,968 [INFO] Pacing: sleep 4.4s
2026-10-01 05:17:04,354 [INFO] Page 32 | Collected: 750
2026-10-01 05:17:04,650 [INFO] Pacing: sleep 5.0s
2026-10-01 05:17:09,622 [INFO] Page 33 | Collected: 750
2026-10-01 05:17:09,955 [INFO] Pacing: sleep 7.3s
2026-10-01 05:17:17,304 [INFO] Page 34 | Collected: 750
2026-10-01 05:17:17,577 [INFO] Pacing: sleep 5.0s
2026-10-01 05:17:22,586 [INFO] Page 35 | Collected: 750
2026-10-01 05:17:22,957 [INFO] Pacing: sleep 5.0s
2026-10-01 05:17:27,920 [INFO] Page 36 | Collected: 750
2026-10-01 05:17:28,333 [INFO] Pacing: sleep 7.5s
2026-10-01 05:17:35,806 [INFO] Page 37 | Collected: 750
2026-10-01 05:17:36,103 [INFO] Pacing: sleep 7.3s
2026-10-01 05:17:43,419 [INFO] Page 38 | Collected: 750
2026-10-01 05:17:43,700 [INFO] Pacing: sleep 7.7s
2026-10-01 05:17:51,377 [INFO] Page 39 | Collected: 750
2026-10-01 05:17:51,750 [INFO] Pacing: sleep 7.1s
2026-10-01 05:17:58,882 [INFO] Page 40 | Collected: 750
2026-10-01 05:17:59,176 [INFO] Pacing: sleep 190.6s | Long Cooldown: 186.1s
2026-10-01 05:21:09,775 [INFO] Page 41 | Collected: 1000
2026-10-01 05:21:10,136 [INFO] Pacing: sleep 5.6s
2026-10-01 05:21:15,753 [INFO] Page 42 | Collected: 1000
2026-10-01 05:21:16,097 [INFO] Pacing: sleep 7.7s
2026-10-01 05:21:23,754 [INFO] Page 43 | Collected: 1000
2026-10-01 05:21:24,075 [INFO] Pacing: sleep 4.8s
2026-10-01 05:21:28,897 [INFO] Page 44 | Collected: 1000
2026-10-01 05:21:29,269 [INFO] Pacing: sleep 4.7s
2026-10-01 05:21:33,937 [INFO] Page 45 | Collected: 1000
2026-10-01 05:21:34,234 [INFO] Pacing: sleep 7.9s
2026-10-01 05:21:42,143 [INFO] Page 46 | Collected: 1000
2026-10-01 05:21:42,465 [INFO] Pacing: sleep 6.2s
2026-10-01 05:21:48,623 [INFO] Page 47 | Collected: 1000
2026-10-01 05:21:48,777 [WARNING] Block detected on page 47: Suspicious term found: 'captcha'
2026-10-01 05:21:48,778 [INFO] Saved raw HTML for debugging: blocked_0047.html
2026-10-01 05:21:48,778 [ERROR] Blocked again even after safe mode. Stopping gracefully.
2026-10-01 05:21:48,779 [INFO] Crawl stopped. Reason: adaptive_throttle_failed_page_47. Finalizing...
2026-10-01 05:21:48,780 [INFO] Merging intermediate pages from work_dir: /home/runner/work/steam-diploma/steam-diploma/data/snapshots/data/snapshots/_in_progress/a3bf192a-4dfe-490f-8c79-ac5e137bf179
