2026-09-19 04:02:38,570 [INFO] Steam Snapshot Collector Started.
2026-09-19 04:02:38,570 [INFO] Speed Mode: fast
2026-09-19 04:02:38,570 [INFO] Work Dir: /home/runner/work/steam-diploma/steam-diploma/data/snapshots
2026-09-19 04:02:38,570 [INFO] Base Output Dir: .
2026-09-19 04:02:38,570 [INFO] Page 1 | Collected: 0
2026-09-19 04:02:39,095 [INFO] Pacing: sleep 0.7s
2026-09-19 04:02:39,760 [INFO] Page 2 | Collected: 0
2026-09-19 04:02:40,047 [INFO] Pacing: sleep 1.3s
2026-09-19 04:02:41,352 [INFO] Page 3 | Collected: 0
2026-09-19 04:02:41,662 [INFO] Pacing: sleep 1.5s
2026-09-19 04:02:43,137 [INFO] Page 4 | Collected: 0
2026-09-19 04:02:43,469 [INFO] Pacing: sleep 0.7s
2026-09-19 04:02:44,215 [INFO] Page 5 | Collected: 0
2026-09-19 04:02:44,492 [INFO] Pacing: sleep 0.9s
2026-09-19 04:02:45,348 [INFO] Page 6 | Collected: 0
2026-09-19 04:02:45,614 [INFO] Pacing: sleep 1.3s
2026-09-19 04:02:46,889 [INFO] Page 7 | Collected: 0
2026-09-19 04:02:47,310 [INFO] Pacing: sleep 1.2s
2026-09-19 04:02:48,550 [INFO] Page 8 | Collected: 0
2026-09-19 04:02:48,824 [INFO] Pacing: sleep 0.8s
2026-09-19 04:02:49,644 [INFO] Page 9 | Collected: 0
2026-09-19 04:02:49,955 [INFO] Pacing: sleep 0.7s
2026-09-19 04:02:50,661 [INFO] Page 10 | Collected: 0
2026-09-19 04:02:51,024 [INFO] Pacing: sleep 1.2s
2026-09-19 04:02:52,223 [INFO] Page 11 | Collected: 250
2026-09-19 04:02:52,546 [INFO] Pacing: sleep 1.3s
2026-09-19 04:02:53,840 [INFO] Page 12 | Collected: 250
2026-09-19 04:02:54,210 [INFO] Pacing: sleep 0.7s
2026-09-19 04:02:54,928 [INFO] Page 13 | Collected: 250
2026-09-19 04:02:55,229 [INFO] Pacing: sleep 0.8s
2026-09-19 04:02:56,070 [INFO] Page 14 | Collected: 250
2026-09-19 04:02:56,341 [INFO] Pacing: sleep 0.8s
2026-09-19 04:02:57,170 [INFO] Page 15 | Collected: 250
2026-09-19 04:02:57,492 [INFO] Pacing: sleep 1.3s
2026-09-19 04:02:58,839 [INFO] Page 16 | Collected: 250
2026-09-19 04:02:59,219 [INFO] Pacing: sleep 0.6s
2026-09-19 04:02:59,801 [INFO] Page 17 | Collected: 250
2026-09-19 04:03:00,098 [INFO] Pacing: sleep 1.5s
2026-09-19 04:03:01,587 [INFO] Page 18 | Collected: 250
2026-09-19 04:03:01,906 [INFO] Pacing: sleep 0.9s
2026-09-19 04:03:02,825 [INFO] Page 19 | Collected: 250
2026-09-19 04:03:03,131 [INFO] Pacing: sleep 0.7s
2026-09-19 04:03:03,859 [INFO] Page 20 | Collected: 250
2026-09-19 04:03:04,164 [INFO] Pacing: sleep 1.0s
2026-09-19 04:03:05,115 [INFO] Page 21 | Collected: 500
2026-09-19 04:03:05,410 [INFO] Pacing: sleep 0.9s
2026-09-19 04:03:06,261 [INFO] Page 22 | Collected: 500
2026-09-19 04:03:06,540 [INFO] Pacing: sleep 1.4s
2026-09-19 04:03:07,928 [INFO] Page 23 | Collected: 500
2026-09-19 04:03:08,293 [INFO] Pacing: sleep 0.6s
2026-09-19 04:03:08,891 [INFO] Page 24 | Collected: 500
2026-09-19 04:03:09,159 [INFO] Pacing: sleep 1.1s
2026-09-19 04:03:10,290 [INFO] Page 25 | Collected: 500
2026-09-19 04:03:10,558 [INFO] Pacing: sleep 1.2s
2026-09-19 04:03:11,768 [INFO] Page 26 | Collected: 500
2026-09-19 04:03:12,085 [INFO] Pacing: sleep 1.1s
2026-09-19 04:03:13,143 [INFO] Page 27 | Collected: 500
2026-09-19 04:03:13,419 [INFO] Pacing: sleep 1.2s
2026-09-19 04:03:14,594 [INFO] Page 28 | Collected: 500
2026-09-19 04:03:14,916 [INFO] Pacing: sleep 1.0s
2026-09-19 04:03:15,886 [INFO] Page 29 | Collected: 500
2026-09-19 04:03:16,215 [INFO] Pacing: sleep 0.9s
2026-09-19 04:03:17,086 [INFO] Page 30 | Collected: 500
2026-09-19 04:03:17,391 [INFO] Pacing: sleep 1.1s
2026-09-19 04:03:18,534 [INFO] Page 31 | Collected: 750
2026-09-19 04:03:18,679 [WARNING] Block detected on page 31: HTTP 429
2026-09-19 04:03:18,679 [INFO] Saved raw HTML for debugging: blocked_0031.html
2026-09-19 04:03:18,679 [WARNING] Initiating ADAPTIVE THROTTLING. Sleeping 180s, switching to SAFE mode.
2026-09-19 04:06:18,680 [INFO] Pacing: sleep 47.8s | Short Cooldown: 41.0s
2026-09-19 04:07:06,470 [INFO] Page 31 | Collected: 750
2026-09-19 04:07:06,800 [INFO] Pacing: sleep 7.7s
2026-09-19 04:07:14,532 [INFO] Page 32 | Collected: 750
2026-09-19 04:07:14,813 [INFO] Pacing: sleep 7.2s
2026-09-19 04:07:21,972 [INFO] Page 33 | Collected: 750
2026-09-19 04:07:22,283 [INFO] Pacing: sleep 7.6s
2026-09-19 04:07:29,844 [INFO] Page 34 | Collected: 750
2026-09-19 04:07:30,144 [INFO] Pacing: sleep 5.3s
2026-09-19 04:07:35,486 [INFO] Page 35 | Collected: 750
2026-09-19 04:07:35,789 [INFO] Pacing: sleep 5.2s
2026-09-19 04:07:41,036 [INFO] Page 36 | Collected: 750
2026-09-19 04:07:41,395 [INFO] Pacing: sleep 4.8s
2026-09-19 04:07:46,182 [INFO] Page 37 | Collected: 750
2026-09-19 04:07:46,445 [INFO] Pacing: sleep 6.4s
2026-09-19 04:07:52,832 [INFO] Page 38 | Collected: 750
2026-09-19 04:07:53,108 [INFO] Pacing: sleep 7.6s
2026-09-19 04:08:00,699 [INFO] Page 39 | Collected: 750
2026-09-19 04:08:01,467 [INFO] Pacing: sleep 5.3s
2026-09-19 04:08:06,743 [INFO] Page 40 | Collected: 750
2026-09-19 04:08:07,209 [INFO] Pacing: sleep 128.5s | Long Cooldown: 122.7s
2026-09-19 04:10:15,702 [INFO] Page 41 | Collected: 1000
2026-09-19 04:10:16,037 [INFO] Pacing: sleep 7.7s
2026-09-19 04:10:23,692 [INFO] Page 42 | Collected: 1000
2026-09-19 04:10:23,969 [INFO] Pacing: sleep 6.9s
2026-09-19 04:10:30,872 [INFO] Page 43 | Collected: 1000
2026-09-19 04:10:31,171 [INFO] Pacing: sleep 4.6s
2026-09-19 04:10:35,756 [INFO] Page 44 | Collected: 1000
2026-09-19 04:10:36,074 [INFO] Pacing: sleep 5.1s
2026-09-19 04:10:41,207 [INFO] Page 45 | Collected: 1000
2026-09-19 04:10:41,634 [INFO] Pacing: sleep 4.8s
2026-09-19 04:10:46,398 [INFO] Page 46 | Collected: 1000
2026-09-19 04:10:46,922 [INFO] Pacing: sleep 4.1s
2026-09-19 04:10:51,007 [INFO] Page 47 | Collected: 1000
2026-09-19 04:10:51,387 [INFO] Pacing: sleep 6.5s
2026-09-19 04:10:57,857 [INFO] Page 48 | Collected: 1000
2026-09-19 04:10:58,060 [WARNING] Block detected on page 48: Suspicious term found: 'captcha'
2026-09-19 04:10:58,061 [INFO] Saved raw HTML for debugging: blocked_0048.html
2026-09-19 04:10:58,061 [ERROR] Blocked again even after safe mode. Stopping gracefully.
2026-09-19 04:10:58,062 [INFO] Crawl stopped. Reason: adaptive_throttle_failed_page_48. Finalizing...
2026-09-19 04:10:58,063 [INFO] Merging intermediate pages from work_dir: /home/runner/work/steam-diploma/steam-diploma/data/snapshots/data/snapshots/_in_progress/fff0c90e-1ff1-4b71-b28a-887995268236
