2026-09-14 17:57:45,377 [INFO] Steam Snapshot Collector Started.
2026-09-14 17:57:45,377 [INFO] Speed Mode: fast
2026-09-14 17:57:45,377 [INFO] Work Dir: /home/runner/work/steam-diploma/steam-diploma/data/snapshots
2026-09-14 17:57:45,377 [INFO] Base Output Dir: .
2026-09-14 17:57:45,378 [INFO] Page 1 | Collected: 0
2026-09-14 17:57:45,767 [INFO] Pacing: sleep 0.7s
2026-09-14 17:57:46,460 [INFO] Page 2 | Collected: 0
2026-09-14 17:57:46,870 [INFO] Pacing: sleep 1.0s
2026-09-14 17:57:47,897 [INFO] Page 3 | Collected: 0
2026-09-14 17:57:48,148 [INFO] Pacing: sleep 1.0s
2026-09-14 17:57:49,190 [INFO] Page 4 | Collected: 0
2026-09-14 17:57:49,631 [INFO] Pacing: sleep 1.1s
2026-09-14 17:57:50,746 [INFO] Page 5 | Collected: 0
2026-09-14 17:57:51,047 [INFO] Pacing: sleep 0.6s
2026-09-14 17:57:51,604 [INFO] Page 6 | Collected: 0
2026-09-14 17:57:51,839 [INFO] Pacing: sleep 0.5s
2026-09-14 17:57:52,357 [INFO] Page 7 | Collected: 0
2026-09-14 17:57:52,685 [INFO] Pacing: sleep 0.8s
2026-09-14 17:57:53,521 [INFO] Page 8 | Collected: 0
2026-09-14 17:57:53,782 [INFO] Pacing: sleep 0.6s
2026-09-14 17:57:54,417 [INFO] Page 9 | Collected: 0
2026-09-14 17:57:54,669 [INFO] Pacing: sleep 1.2s
2026-09-14 17:57:55,879 [INFO] Page 10 | Collected: 0
2026-09-14 17:57:56,202 [INFO] Pacing: sleep 0.9s
2026-09-14 17:57:57,118 [INFO] Page 11 | Collected: 250
2026-09-14 17:57:57,428 [INFO] Pacing: sleep 1.3s
2026-09-14 17:57:58,723 [INFO] Page 12 | Collected: 250
2026-09-14 17:57:59,058 [INFO] Pacing: sleep 0.7s
2026-09-14 17:57:59,777 [INFO] Page 13 | Collected: 250
2026-09-14 17:58:00,227 [INFO] Pacing: sleep 1.0s
2026-09-14 17:58:01,242 [INFO] Page 14 | Collected: 250
2026-09-14 17:58:01,570 [INFO] Pacing: sleep 0.8s
2026-09-14 17:58:02,412 [INFO] Page 15 | Collected: 250
2026-09-14 17:58:02,744 [INFO] Pacing: sleep 0.8s
2026-09-14 17:58:03,584 [INFO] Page 16 | Collected: 250
2026-09-14 17:58:03,981 [INFO] Pacing: sleep 1.4s
2026-09-14 17:58:05,379 [INFO] Page 17 | Collected: 250
2026-09-14 17:58:05,639 [INFO] Pacing: sleep 1.3s
2026-09-14 17:58:06,965 [INFO] Page 18 | Collected: 250
2026-09-14 17:58:07,341 [INFO] Pacing: sleep 1.2s
2026-09-14 17:58:08,539 [INFO] Page 19 | Collected: 250
2026-09-14 17:58:08,870 [INFO] Pacing: sleep 1.2s
2026-09-14 17:58:10,103 [INFO] Page 20 | Collected: 250
2026-09-14 17:58:10,413 [INFO] Pacing: sleep 0.6s
2026-09-14 17:58:11,051 [INFO] Page 21 | Collected: 500
2026-09-14 17:58:11,501 [INFO] Pacing: sleep 1.1s
2026-09-14 17:58:12,585 [INFO] Page 22 | Collected: 500
2026-09-14 17:58:12,866 [INFO] Pacing: sleep 0.6s
2026-09-14 17:58:13,423 [INFO] Page 23 | Collected: 500
2026-09-14 17:58:13,760 [INFO] Pacing: sleep 0.7s
2026-09-14 17:58:14,491 [INFO] Page 24 | Collected: 500
2026-09-14 17:58:14,762 [INFO] Pacing: sleep 1.4s
2026-09-14 17:58:16,143 [INFO] Page 25 | Collected: 500
2026-09-14 17:58:16,411 [INFO] Pacing: sleep 0.6s
2026-09-14 17:58:16,978 [INFO] Page 26 | Collected: 500
2026-09-14 17:58:17,278 [INFO] Pacing: sleep 0.6s
2026-09-14 17:58:17,886 [INFO] Page 27 | Collected: 500
2026-09-14 17:58:18,240 [INFO] Pacing: sleep 0.9s
2026-09-14 17:58:19,151 [INFO] Page 28 | Collected: 500
2026-09-14 17:58:19,509 [INFO] Pacing: sleep 1.2s
2026-09-14 17:58:20,711 [INFO] Page 29 | Collected: 500
2026-09-14 17:58:20,984 [INFO] Pacing: sleep 1.4s
2026-09-14 17:58:22,385 [INFO] Page 30 | Collected: 500
2026-09-14 17:58:22,685 [INFO] Pacing: sleep 0.8s
2026-09-14 17:58:23,534 [INFO] Page 31 | Collected: 750
2026-09-14 17:58:23,671 [WARNING] Block detected on page 31: HTTP 429
2026-09-14 17:58:23,671 [INFO] Saved raw HTML for debugging: blocked_0031.html
2026-09-14 17:58:23,671 [WARNING] Initiating ADAPTIVE THROTTLING. Sleeping 180s, switching to SAFE mode.
2026-09-14 18:01:23,671 [INFO] Pacing: sleep 43.9s | Short Cooldown: 38.0s
2026-09-14 18:02:07,616 [INFO] Page 31 | Collected: 750
2026-09-14 18:02:08,119 [INFO] Pacing: sleep 7.0s
2026-09-14 18:02:15,083 [INFO] Page 32 | Collected: 750
2026-09-14 18:02:15,355 [INFO] Pacing: sleep 5.1s
2026-09-14 18:02:20,454 [INFO] Page 33 | Collected: 750
2026-09-14 18:02:20,838 [INFO] Pacing: sleep 4.0s
2026-09-14 18:02:24,876 [INFO] Page 34 | Collected: 750
2026-09-14 18:02:25,191 [INFO] Pacing: sleep 5.7s
2026-09-14 18:02:30,914 [INFO] Page 35 | Collected: 750
2026-09-14 18:02:31,269 [INFO] Pacing: sleep 7.5s
2026-09-14 18:02:38,725 [INFO] Page 36 | Collected: 750
2026-09-14 18:02:39,064 [INFO] Pacing: sleep 5.8s
2026-09-14 18:02:44,870 [INFO] Page 37 | Collected: 750
2026-09-14 18:02:45,186 [INFO] Pacing: sleep 7.3s
2026-09-14 18:02:52,527 [INFO] Page 38 | Collected: 750
2026-09-14 18:02:52,812 [INFO] Pacing: sleep 6.8s
2026-09-14 18:02:59,616 [INFO] Page 39 | Collected: 750
2026-09-14 18:02:59,991 [INFO] Pacing: sleep 5.0s
2026-09-14 18:03:05,021 [INFO] Page 40 | Collected: 750
2026-09-14 18:03:05,408 [INFO] Pacing: sleep 219.6s | Long Cooldown: 212.2s
2026-09-14 18:06:44,975 [INFO] Page 41 | Collected: 1000
2026-09-14 18:06:45,281 [INFO] Pacing: sleep 4.0s
2026-09-14 18:06:49,304 [INFO] Page 42 | Collected: 1000
2026-09-14 18:06:49,743 [INFO] Pacing: sleep 7.3s
2026-09-14 18:06:57,090 [INFO] Page 43 | Collected: 1000
2026-09-14 18:06:57,412 [WARNING] Page 43 had 1 duplicate appids seen previously.
2026-09-14 18:06:57,412 [INFO] Pacing: sleep 6.2s
2026-09-14 18:07:03,609 [INFO] Page 44 | Collected: 1000
2026-09-14 18:07:04,001 [INFO] Pacing: sleep 7.8s
2026-09-14 18:07:11,851 [INFO] Page 45 | Collected: 1000
2026-09-14 18:07:12,105 [INFO] Pacing: sleep 6.0s
2026-09-14 18:07:18,097 [INFO] Page 46 | Collected: 1000
2026-09-14 18:07:18,440 [INFO] Pacing: sleep 7.8s
2026-09-14 18:07:26,214 [INFO] Page 47 | Collected: 1000
2026-09-14 18:07:26,697 [WARNING] Page 47 had 1 duplicate appids seen previously.
2026-09-14 18:07:26,697 [INFO] Pacing: sleep 4.8s
2026-09-14 18:07:31,489 [INFO] Page 48 | Collected: 1000
2026-09-14 18:07:31,741 [WARNING] Block detected on page 48: Suspicious term found: 'captcha'
2026-09-14 18:07:31,742 [INFO] Saved raw HTML for debugging: blocked_0048.html
2026-09-14 18:07:31,742 [ERROR] Blocked again even after safe mode. Stopping gracefully.
2026-09-14 18:07:31,743 [INFO] Crawl stopped. Reason: adaptive_throttle_failed_page_48. Finalizing...
2026-09-14 18:07:31,743 [INFO] Merging intermediate pages from work_dir: /home/runner/work/steam-diploma/steam-diploma/data/snapshots/data/snapshots/_in_progress/29cf207a-c07e-4ac6-a901-9c13b6c48f0a
2026-09-14 18:07:31,756 [WARNING] Found 2 duplicate appids across the snapshot.
