2026-08-30 16:25:36,706 [INFO] Steam Snapshot Collector Started.
2026-08-30 16:25:36,706 [INFO] Speed Mode: fast
2026-08-30 16:25:36,706 [INFO] Work Dir: /home/runner/work/steam-diploma/steam-diploma/data/snapshots
2026-08-30 16:25:36,706 [INFO] Base Output Dir: .
2026-08-30 16:25:36,706 [INFO] Page 1 | Collected: 0
2026-08-30 16:25:37,121 [INFO] Pacing: sleep 0.7s
2026-08-30 16:25:37,798 [INFO] Page 2 | Collected: 0
2026-08-30 16:25:38,139 [INFO] Pacing: sleep 0.7s
2026-08-30 16:25:38,794 [INFO] Page 3 | Collected: 0
2026-08-30 16:25:39,161 [INFO] Pacing: sleep 0.6s
2026-08-30 16:25:39,756 [INFO] Page 4 | Collected: 0
2026-08-30 16:25:40,096 [INFO] Pacing: sleep 0.8s
2026-08-30 16:25:40,896 [INFO] Page 5 | Collected: 0
2026-08-30 16:25:41,221 [INFO] Pacing: sleep 0.7s
2026-08-30 16:25:41,895 [INFO] Page 6 | Collected: 0
2026-08-30 16:25:42,210 [INFO] Pacing: sleep 1.4s
2026-08-30 16:25:43,561 [INFO] Page 7 | Collected: 0
2026-08-30 16:25:44,023 [INFO] Pacing: sleep 1.3s
2026-08-30 16:25:45,318 [INFO] Page 8 | Collected: 0
2026-08-30 16:25:45,616 [INFO] Pacing: sleep 1.4s
2026-08-30 16:25:46,996 [INFO] Page 9 | Collected: 0
2026-08-30 16:25:47,278 [INFO] Pacing: sleep 0.6s
2026-08-30 16:25:47,866 [INFO] Page 10 | Collected: 0
2026-08-30 16:25:48,226 [INFO] Pacing: sleep 1.1s
2026-08-30 16:25:49,350 [INFO] Page 11 | Collected: 250
2026-08-30 16:25:49,681 [INFO] Pacing: sleep 1.1s
2026-08-30 16:25:50,802 [INFO] Page 12 | Collected: 250
2026-08-30 16:25:51,182 [INFO] Pacing: sleep 1.0s
2026-08-30 16:25:52,194 [INFO] Page 13 | Collected: 250
2026-08-30 16:25:52,499 [INFO] Pacing: sleep 1.0s
2026-08-30 16:25:53,450 [INFO] Page 14 | Collected: 250
2026-08-30 16:25:53,845 [INFO] Pacing: sleep 1.4s
2026-08-30 16:25:55,253 [INFO] Page 15 | Collected: 250
2026-08-30 16:25:55,785 [INFO] Pacing: sleep 1.5s
2026-08-30 16:25:57,274 [INFO] Page 16 | Collected: 250
2026-08-30 16:25:57,621 [INFO] Pacing: sleep 1.1s
2026-08-30 16:25:58,755 [INFO] Page 17 | Collected: 250
2026-08-30 16:25:59,167 [INFO] Pacing: sleep 0.7s
2026-08-30 16:25:59,842 [INFO] Page 18 | Collected: 250
2026-08-30 16:26:00,187 [INFO] Pacing: sleep 0.5s
2026-08-30 16:26:00,708 [INFO] Page 19 | Collected: 250
2026-08-30 16:26:01,037 [INFO] Pacing: sleep 0.6s
2026-08-30 16:26:01,637 [INFO] Page 20 | Collected: 250
2026-08-30 16:26:02,001 [INFO] Pacing: sleep 1.0s
2026-08-30 16:26:02,993 [INFO] Page 21 | Collected: 500
2026-08-30 16:26:03,356 [INFO] Pacing: sleep 0.7s
2026-08-30 16:26:04,021 [INFO] Page 22 | Collected: 500
2026-08-30 16:26:04,367 [INFO] Pacing: sleep 1.3s
2026-08-30 16:26:05,619 [INFO] Page 23 | Collected: 500
2026-08-30 16:26:06,011 [INFO] Pacing: sleep 1.1s
2026-08-30 16:26:07,089 [INFO] Page 24 | Collected: 500
2026-08-30 16:26:07,433 [INFO] Pacing: sleep 0.8s
2026-08-30 16:26:08,217 [INFO] Page 25 | Collected: 500
2026-08-30 16:26:08,677 [INFO] Pacing: sleep 0.7s
2026-08-30 16:26:09,347 [INFO] Page 26 | Collected: 500
2026-08-30 16:26:09,649 [INFO] Pacing: sleep 1.2s
2026-08-30 16:26:10,857 [INFO] Page 27 | Collected: 500
2026-08-30 16:26:11,159 [INFO] Pacing: sleep 1.1s
2026-08-30 16:26:12,293 [INFO] Page 28 | Collected: 500
2026-08-30 16:26:12,681 [INFO] Pacing: sleep 1.1s
2026-08-30 16:26:13,818 [INFO] Page 29 | Collected: 500
2026-08-30 16:26:14,113 [INFO] Pacing: sleep 0.7s
2026-08-30 16:26:14,783 [INFO] Page 30 | Collected: 500
2026-08-30 16:26:15,125 [INFO] Pacing: sleep 1.4s
2026-08-30 16:26:16,495 [INFO] Page 31 | Collected: 750
2026-08-30 16:26:16,589 [WARNING] Block detected on page 31: HTTP 429
2026-08-30 16:26:16,589 [INFO] Saved raw HTML for debugging: blocked_0031.html
2026-08-30 16:26:16,589 [WARNING] Initiating ADAPTIVE THROTTLING. Sleeping 180s, switching to SAFE mode.
2026-08-30 16:29:16,589 [INFO] Pacing: sleep 57.6s | Short Cooldown: 51.5s
2026-08-30 16:30:14,183 [INFO] Page 31 | Collected: 750
2026-08-30 16:30:14,552 [INFO] Pacing: sleep 6.8s
2026-08-30 16:30:21,311 [INFO] Page 32 | Collected: 750
2026-08-30 16:30:21,621 [INFO] Pacing: sleep 6.2s
2026-08-30 16:30:27,789 [INFO] Page 33 | Collected: 750
2026-08-30 16:30:28,204 [INFO] Pacing: sleep 7.4s
2026-08-30 16:30:35,594 [INFO] Page 34 | Collected: 750
2026-08-30 16:30:35,917 [INFO] Pacing: sleep 7.7s
2026-08-30 16:30:43,655 [INFO] Page 35 | Collected: 750
2026-08-30 16:30:43,950 [INFO] Pacing: sleep 6.6s
2026-08-30 16:30:50,540 [INFO] Page 36 | Collected: 750
2026-08-30 16:30:50,953 [INFO] Pacing: sleep 7.9s
2026-08-30 16:30:58,819 [INFO] Page 37 | Collected: 750
2026-08-30 16:30:59,144 [INFO] Pacing: sleep 6.1s
2026-08-30 16:31:05,289 [INFO] Page 38 | Collected: 750
2026-08-30 16:31:05,578 [INFO] Pacing: sleep 4.5s
2026-08-30 16:31:10,052 [INFO] Page 39 | Collected: 750
2026-08-30 16:31:10,394 [INFO] Pacing: sleep 7.5s
2026-08-30 16:31:17,899 [INFO] Page 40 | Collected: 750
2026-08-30 16:31:18,205 [INFO] Pacing: sleep 142.2s | Long Cooldown: 136.1s
2026-08-30 16:33:40,404 [INFO] Page 41 | Collected: 1000
2026-08-30 16:33:40,842 [INFO] Pacing: sleep 5.4s
2026-08-30 16:33:46,209 [INFO] Page 42 | Collected: 1000
2026-08-30 16:33:46,525 [INFO] Pacing: sleep 6.6s
2026-08-30 16:33:53,131 [INFO] Page 43 | Collected: 1000
2026-08-30 16:33:53,490 [INFO] Pacing: sleep 4.9s
2026-08-30 16:33:58,353 [INFO] Page 44 | Collected: 1000
2026-08-30 16:33:58,752 [INFO] Pacing: sleep 4.3s
2026-08-30 16:34:03,052 [INFO] Page 45 | Collected: 1000
2026-08-30 16:34:03,383 [INFO] Pacing: sleep 7.2s
2026-08-30 16:34:10,615 [INFO] Page 46 | Collected: 1000
2026-08-30 16:34:10,805 [WARNING] Block detected on page 46: Suspicious term found: 'captcha'
2026-08-30 16:34:10,805 [INFO] Saved raw HTML for debugging: blocked_0046.html
2026-08-30 16:34:10,805 [ERROR] Blocked again even after safe mode. Stopping gracefully.
2026-08-30 16:34:10,807 [INFO] Crawl stopped. Reason: adaptive_throttle_failed_page_46. Finalizing...
2026-08-30 16:34:10,807 [INFO] Merging intermediate pages from work_dir: /home/runner/work/steam-diploma/steam-diploma/data/snapshots/data/snapshots/_in_progress/a0ad2ce5-d542-4b2f-80e1-4367e0904848
