2026-08-12 02:22:28,139 [INFO] Steam Snapshot Collector Started.
2026-08-12 02:22:28,139 [INFO] Speed Mode: fast
2026-08-12 02:22:28,139 [INFO] Work Dir: /home/runner/work/steam-diploma/steam-diploma/data/snapshots
2026-08-12 02:22:28,139 [INFO] Base Output Dir: .
2026-08-12 02:22:28,140 [INFO] Page 1 | Collected: 0
2026-08-12 02:22:28,519 [INFO] Pacing: sleep 0.6s
2026-08-12 02:22:29,153 [INFO] Page 2 | Collected: 0
2026-08-12 02:22:29,545 [INFO] Pacing: sleep 0.6s
2026-08-12 02:22:30,114 [INFO] Page 3 | Collected: 0
2026-08-12 02:22:30,457 [INFO] Pacing: sleep 1.1s
2026-08-12 02:22:31,530 [INFO] Page 4 | Collected: 0
2026-08-12 02:22:31,985 [INFO] Pacing: sleep 1.5s
2026-08-12 02:22:33,445 [INFO] Page 5 | Collected: 0
2026-08-12 02:22:33,758 [INFO] Pacing: sleep 1.1s
2026-08-12 02:22:34,835 [INFO] Page 6 | Collected: 0
2026-08-12 02:22:35,130 [INFO] Pacing: sleep 0.8s
2026-08-12 02:22:35,890 [INFO] Page 7 | Collected: 0
2026-08-12 02:22:36,257 [WARNING] Page 7 had 1 duplicate appids seen previously.
2026-08-12 02:22:36,257 [INFO] Pacing: sleep 0.5s
2026-08-12 02:22:36,783 [INFO] Page 8 | Collected: 0
2026-08-12 02:22:37,107 [INFO] Pacing: sleep 0.8s
2026-08-12 02:22:37,891 [INFO] Page 9 | Collected: 0
2026-08-12 02:22:38,185 [INFO] Pacing: sleep 0.7s
2026-08-12 02:22:38,914 [INFO] Page 10 | Collected: 0
2026-08-12 02:22:39,335 [INFO] Pacing: sleep 1.0s
2026-08-12 02:22:40,367 [INFO] Page 11 | Collected: 250
2026-08-12 02:22:40,629 [INFO] Pacing: sleep 1.5s
2026-08-12 02:22:42,086 [INFO] Page 12 | Collected: 250
2026-08-12 02:22:42,511 [INFO] Pacing: sleep 1.4s
2026-08-12 02:22:43,910 [INFO] Page 13 | Collected: 250
2026-08-12 02:22:44,198 [INFO] Pacing: sleep 1.4s
2026-08-12 02:22:45,589 [INFO] Page 14 | Collected: 250
2026-08-12 02:22:45,897 [INFO] Pacing: sleep 0.6s
2026-08-12 02:22:46,464 [INFO] Page 15 | Collected: 250
2026-08-12 02:22:46,920 [INFO] Pacing: sleep 0.7s
2026-08-12 02:22:47,615 [INFO] Page 16 | Collected: 250
2026-08-12 02:22:47,964 [INFO] Pacing: sleep 1.3s
2026-08-12 02:22:49,286 [INFO] Page 17 | Collected: 250
2026-08-12 02:22:49,752 [INFO] Pacing: sleep 1.1s
2026-08-12 02:22:50,876 [INFO] Page 18 | Collected: 250
2026-08-12 02:22:51,181 [INFO] Pacing: sleep 1.1s
2026-08-12 02:22:52,260 [INFO] Page 19 | Collected: 250
2026-08-12 02:22:52,595 [INFO] Pacing: sleep 1.0s
2026-08-12 02:22:53,581 [INFO] Page 20 | Collected: 250
2026-08-12 02:22:54,059 [INFO] Pacing: sleep 0.9s
2026-08-12 02:22:54,977 [INFO] Page 21 | Collected: 500
2026-08-12 02:22:55,275 [INFO] Pacing: sleep 0.8s
2026-08-12 02:22:56,079 [INFO] Page 22 | Collected: 500
2026-08-12 02:22:56,444 [INFO] Pacing: sleep 1.1s
2026-08-12 02:22:57,536 [INFO] Page 23 | Collected: 500
2026-08-12 02:22:57,830 [INFO] Pacing: sleep 1.3s
2026-08-12 02:22:59,105 [INFO] Page 24 | Collected: 500
2026-08-12 02:22:59,416 [INFO] Pacing: sleep 0.7s
2026-08-12 02:23:00,156 [INFO] Page 25 | Collected: 500
2026-08-12 02:23:00,540 [INFO] Pacing: sleep 1.4s
2026-08-12 02:23:01,931 [INFO] Page 26 | Collected: 500
2026-08-12 02:23:02,234 [INFO] Pacing: sleep 0.9s
2026-08-12 02:23:03,174 [INFO] Page 27 | Collected: 500
2026-08-12 02:23:03,498 [INFO] Pacing: sleep 1.2s
2026-08-12 02:23:04,715 [INFO] Page 28 | Collected: 500
2026-08-12 02:23:05,450 [INFO] Pacing: sleep 1.5s
2026-08-12 02:23:06,940 [INFO] Page 29 | Collected: 500
2026-08-12 02:23:07,239 [INFO] Pacing: sleep 0.9s
2026-08-12 02:23:08,150 [INFO] Page 30 | Collected: 500
2026-08-12 02:23:08,524 [INFO] Pacing: sleep 1.3s
2026-08-12 02:23:09,781 [INFO] Page 31 | Collected: 750
2026-08-12 02:23:09,907 [WARNING] Block detected on page 31: HTTP 429
2026-08-12 02:23:09,908 [INFO] Saved raw HTML for debugging: blocked_0031.html
2026-08-12 02:23:09,908 [WARNING] Initiating ADAPTIVE THROTTLING. Sleeping 180s, switching to SAFE mode.
2026-08-12 02:26:09,908 [INFO] Pacing: sleep 55.0s | Short Cooldown: 47.1s
2026-08-12 02:27:04,942 [INFO] Page 31 | Collected: 750
2026-08-12 02:27:05,342 [INFO] Pacing: sleep 7.2s
2026-08-12 02:27:12,497 [INFO] Page 32 | Collected: 750
2026-08-12 02:27:12,819 [INFO] Pacing: sleep 7.9s
2026-08-12 02:27:20,690 [INFO] Page 33 | Collected: 750
2026-08-12 02:27:21,141 [INFO] Pacing: sleep 4.3s
2026-08-12 02:27:25,395 [INFO] Page 34 | Collected: 750
2026-08-12 02:27:25,782 [INFO] Pacing: sleep 6.9s
2026-08-12 02:27:32,688 [INFO] Page 35 | Collected: 750
2026-08-12 02:27:33,063 [INFO] Pacing: sleep 7.9s
2026-08-12 02:27:40,983 [INFO] Page 36 | Collected: 750
2026-08-12 02:27:41,346 [INFO] Pacing: sleep 4.3s
2026-08-12 02:27:45,653 [INFO] Page 37 | Collected: 750
2026-08-12 02:27:45,948 [INFO] Pacing: sleep 5.1s
2026-08-12 02:27:51,044 [INFO] Page 38 | Collected: 750
2026-08-12 02:27:51,440 [INFO] Pacing: sleep 7.1s
2026-08-12 02:27:58,545 [INFO] Page 39 | Collected: 750
2026-08-12 02:27:58,878 [INFO] Pacing: sleep 4.5s
2026-08-12 02:28:03,369 [INFO] Page 40 | Collected: 750
2026-08-12 02:28:03,728 [INFO] Pacing: sleep 134.2s | Long Cooldown: 126.2s
2026-08-12 02:30:17,913 [INFO] Page 41 | Collected: 1000
2026-08-12 02:30:18,308 [INFO] Pacing: sleep 7.1s
2026-08-12 02:30:25,384 [INFO] Page 42 | Collected: 1000
2026-08-12 02:30:25,842 [INFO] Pacing: sleep 7.2s
2026-08-12 02:30:33,008 [INFO] Page 43 | Collected: 1000
2026-08-12 02:30:33,435 [INFO] Pacing: sleep 6.5s
2026-08-12 02:30:39,964 [INFO] Page 44 | Collected: 1000
2026-08-12 02:30:40,267 [INFO] Pacing: sleep 5.8s
2026-08-12 02:30:46,067 [INFO] Page 45 | Collected: 1000
2026-08-12 02:30:46,406 [INFO] Pacing: sleep 4.2s
2026-08-12 02:30:50,648 [INFO] Page 46 | Collected: 1000
2026-08-12 02:30:51,033 [INFO] Pacing: sleep 7.7s
2026-08-12 02:30:58,716 [INFO] Page 47 | Collected: 1000
2026-08-12 02:30:58,890 [WARNING] Block detected on page 47: Suspicious term found: 'captcha'
2026-08-12 02:30:58,891 [INFO] Saved raw HTML for debugging: blocked_0047.html
2026-08-12 02:30:58,891 [ERROR] Blocked again even after safe mode. Stopping gracefully.
2026-08-12 02:30:58,893 [INFO] Crawl stopped. Reason: adaptive_throttle_failed_page_47. Finalizing...
2026-08-12 02:30:58,893 [INFO] Merging intermediate pages from work_dir: /home/runner/work/steam-diploma/steam-diploma/data/snapshots/data/snapshots/_in_progress/d261a55a-9cd6-46c7-9a76-9c910b9f4b97
2026-08-12 02:30:58,905 [WARNING] Found 1 duplicate appids across the snapshot.
