2026-10-10 17:11:16,766 [INFO] Steam Snapshot Collector Started.
2026-10-10 17:11:16,766 [INFO] Speed Mode: fast
2026-10-10 17:11:16,766 [INFO] Work Dir: /home/runner/work/steam-diploma/steam-diploma/data/snapshots
2026-10-10 17:11:16,766 [INFO] Base Output Dir: .
2026-10-10 17:11:16,766 [INFO] Page 1 | Collected: 0
2026-10-10 17:11:17,077 [INFO] Pacing: sleep 0.8s
2026-10-10 17:11:17,831 [INFO] Page 2 | Collected: 0
2026-10-10 17:11:18,260 [INFO] Pacing: sleep 0.9s
2026-10-10 17:11:19,176 [INFO] Page 3 | Collected: 0
2026-10-10 17:11:19,432 [INFO] Pacing: sleep 1.0s
2026-10-10 17:11:20,426 [INFO] Page 4 | Collected: 0
2026-10-10 17:11:20,774 [INFO] Pacing: sleep 0.8s
2026-10-10 17:11:21,578 [INFO] Page 5 | Collected: 0
2026-10-10 17:11:21,916 [INFO] Pacing: sleep 0.5s
2026-10-10 17:11:22,443 [INFO] Page 6 | Collected: 0
2026-10-10 17:11:22,651 [INFO] Pacing: sleep 1.5s
2026-10-10 17:11:24,144 [INFO] Page 7 | Collected: 0
2026-10-10 17:11:24,544 [INFO] Pacing: sleep 0.6s
2026-10-10 17:11:25,124 [INFO] Page 8 | Collected: 0
2026-10-10 17:11:25,369 [INFO] Pacing: sleep 1.3s
2026-10-10 17:11:26,625 [INFO] Page 9 | Collected: 0
2026-10-10 17:11:26,939 [INFO] Pacing: sleep 1.0s
2026-10-10 17:11:27,983 [INFO] Page 10 | Collected: 0
2026-10-10 17:11:28,327 [INFO] Pacing: sleep 0.6s
2026-10-10 17:11:28,927 [INFO] Page 11 | Collected: 250
2026-10-10 17:11:29,262 [INFO] Pacing: sleep 1.3s
2026-10-10 17:11:30,559 [INFO] Page 12 | Collected: 250
2026-10-10 17:11:30,857 [INFO] Pacing: sleep 0.8s
2026-10-10 17:11:31,675 [INFO] Page 13 | Collected: 250
2026-10-10 17:11:31,961 [INFO] Pacing: sleep 1.0s
2026-10-10 17:11:32,976 [INFO] Page 14 | Collected: 250
2026-10-10 17:11:33,274 [INFO] Pacing: sleep 0.8s
2026-10-10 17:11:34,039 [INFO] Page 15 | Collected: 250
2026-10-10 17:11:34,418 [INFO] Pacing: sleep 1.5s
2026-10-10 17:11:35,882 [INFO] Page 16 | Collected: 250
2026-10-10 17:11:36,122 [INFO] Pacing: sleep 1.3s
2026-10-10 17:11:37,416 [INFO] Page 17 | Collected: 250
2026-10-10 17:11:37,655 [INFO] Pacing: sleep 0.7s
2026-10-10 17:11:38,349 [INFO] Page 18 | Collected: 250
2026-10-10 17:11:38,641 [INFO] Pacing: sleep 1.3s
2026-10-10 17:11:39,941 [INFO] Page 19 | Collected: 250
2026-10-10 17:11:40,191 [INFO] Pacing: sleep 0.7s
2026-10-10 17:11:40,872 [INFO] Page 20 | Collected: 250
2026-10-10 17:11:41,156 [INFO] Pacing: sleep 0.9s
2026-10-10 17:11:42,101 [INFO] Page 21 | Collected: 500
2026-10-10 17:11:42,308 [INFO] Pacing: sleep 0.8s
2026-10-10 17:11:43,075 [INFO] Page 22 | Collected: 500
2026-10-10 17:11:43,377 [INFO] Pacing: sleep 1.1s
2026-10-10 17:11:44,451 [INFO] Page 23 | Collected: 500
2026-10-10 17:11:44,740 [INFO] Pacing: sleep 0.8s
2026-10-10 17:11:45,498 [INFO] Page 24 | Collected: 500
2026-10-10 17:11:45,717 [INFO] Pacing: sleep 0.8s
2026-10-10 17:11:46,504 [INFO] Page 25 | Collected: 500
2026-10-10 17:11:46,815 [INFO] Pacing: sleep 1.2s
2026-10-10 17:11:47,991 [INFO] Page 26 | Collected: 500
2026-10-10 17:11:48,238 [INFO] Pacing: sleep 1.5s
2026-10-10 17:11:49,736 [INFO] Page 27 | Collected: 500
2026-10-10 17:11:49,942 [INFO] Pacing: sleep 0.8s
2026-10-10 17:11:50,769 [INFO] Page 28 | Collected: 500
2026-10-10 17:11:51,090 [INFO] Pacing: sleep 0.9s
2026-10-10 17:11:51,997 [INFO] Page 29 | Collected: 500
2026-10-10 17:11:52,253 [INFO] Pacing: sleep 0.6s
2026-10-10 17:11:52,890 [INFO] Page 30 | Collected: 500
2026-10-10 17:11:53,136 [INFO] Pacing: sleep 1.3s
2026-10-10 17:11:54,436 [INFO] Page 31 | Collected: 750
2026-10-10 17:11:54,548 [WARNING] Block detected on page 31: HTTP 429
2026-10-10 17:11:54,548 [INFO] Saved raw HTML for debugging: blocked_0031.html
2026-10-10 17:11:54,548 [WARNING] Initiating ADAPTIVE THROTTLING. Sleeping 180s, switching to SAFE mode.
2026-10-10 17:14:54,548 [INFO] Pacing: sleep 51.2s | Short Cooldown: 47.0s
2026-10-10 17:15:45,724 [INFO] Page 31 | Collected: 750
2026-10-10 17:15:46,024 [INFO] Pacing: sleep 4.4s
2026-10-10 17:15:50,421 [INFO] Page 32 | Collected: 750
2026-10-10 17:15:50,694 [INFO] Pacing: sleep 5.9s
2026-10-10 17:15:56,595 [INFO] Page 33 | Collected: 750
2026-10-10 17:15:56,962 [INFO] Pacing: sleep 4.0s
2026-10-10 17:16:00,972 [INFO] Page 34 | Collected: 750
2026-10-10 17:16:01,215 [INFO] Pacing: sleep 7.1s
2026-10-10 17:16:08,315 [INFO] Page 35 | Collected: 750
2026-10-10 17:16:08,578 [INFO] Pacing: sleep 6.0s
2026-10-10 17:16:14,563 [INFO] Page 36 | Collected: 750
2026-10-10 17:16:14,848 [INFO] Pacing: sleep 5.8s
2026-10-10 17:16:20,696 [INFO] Page 37 | Collected: 750
2026-10-10 17:16:20,929 [INFO] Pacing: sleep 6.4s
2026-10-10 17:16:27,283 [INFO] Page 38 | Collected: 750
2026-10-10 17:16:27,523 [INFO] Pacing: sleep 6.6s
2026-10-10 17:16:34,134 [INFO] Page 39 | Collected: 750
2026-10-10 17:16:34,516 [INFO] Pacing: sleep 7.4s
2026-10-10 17:16:41,913 [INFO] Page 40 | Collected: 750
2026-10-10 17:16:42,111 [INFO] Pacing: sleep 167.2s | Long Cooldown: 159.8s
2026-10-10 17:19:29,352 [INFO] Page 41 | Collected: 1000
2026-10-10 17:19:29,623 [INFO] Pacing: sleep 4.2s
2026-10-10 17:19:33,786 [INFO] Page 42 | Collected: 1000
2026-10-10 17:19:34,324 [INFO] Pacing: sleep 7.2s
2026-10-10 17:19:41,501 [INFO] Page 43 | Collected: 1000
2026-10-10 17:19:41,714 [INFO] Pacing: sleep 7.2s
2026-10-10 17:19:48,867 [INFO] Page 44 | Collected: 1000
2026-10-10 17:19:49,166 [INFO] Pacing: sleep 7.4s
2026-10-10 17:19:56,548 [INFO] Page 45 | Collected: 1000
2026-10-10 17:19:56,787 [INFO] Pacing: sleep 7.0s
2026-10-10 17:20:03,775 [INFO] Page 46 | Collected: 1000
2026-10-10 17:20:04,026 [WARNING] Block detected on page 46: Suspicious term found: 'captcha'
2026-10-10 17:20:04,027 [INFO] Saved raw HTML for debugging: blocked_0046.html
2026-10-10 17:20:04,027 [ERROR] Blocked again even after safe mode. Stopping gracefully.
2026-10-10 17:20:04,027 [INFO] Crawl stopped. Reason: adaptive_throttle_failed_page_46. Finalizing...
2026-10-10 17:20:04,028 [INFO] Merging intermediate pages from work_dir: /home/runner/work/steam-diploma/steam-diploma/data/snapshots/data/snapshots/_in_progress/81da5767-5086-444f-91ed-37262ae15a19
