2026-09-28 04:45:07,861 [INFO] Steam Snapshot Collector Started.
2026-09-28 04:45:07,861 [INFO] Speed Mode: fast
2026-09-28 04:45:07,861 [INFO] Work Dir: /home/runner/work/steam-diploma/steam-diploma/data/snapshots
2026-09-28 04:45:07,861 [INFO] Base Output Dir: .
2026-09-28 04:45:07,861 [INFO] Page 1 | Collected: 0
2026-09-28 04:45:10,337 [INFO] Pacing: sleep 1.1s
2026-09-28 04:45:11,452 [INFO] Page 2 | Collected: 0
2026-09-28 04:45:11,734 [INFO] Pacing: sleep 0.8s
2026-09-28 04:45:12,578 [INFO] Page 3 | Collected: 0
2026-09-28 04:45:12,840 [INFO] Pacing: sleep 1.2s
2026-09-28 04:45:14,017 [INFO] Page 4 | Collected: 0
2026-09-28 04:45:14,326 [INFO] Pacing: sleep 1.4s
2026-09-28 04:45:15,701 [INFO] Page 5 | Collected: 0
2026-09-28 04:45:15,986 [INFO] Pacing: sleep 0.9s
2026-09-28 04:45:16,875 [INFO] Page 6 | Collected: 0
2026-09-28 04:45:17,125 [INFO] Pacing: sleep 1.3s
2026-09-28 04:45:18,441 [INFO] Page 7 | Collected: 0
2026-09-28 04:45:18,767 [INFO] Pacing: sleep 1.1s
2026-09-28 04:45:19,882 [INFO] Page 8 | Collected: 0
2026-09-28 04:45:20,153 [INFO] Pacing: sleep 1.2s
2026-09-28 04:45:21,308 [INFO] Page 9 | Collected: 0
2026-09-28 04:45:21,577 [INFO] Pacing: sleep 0.9s
2026-09-28 04:45:22,433 [INFO] Page 10 | Collected: 0
2026-09-28 04:45:22,748 [INFO] Pacing: sleep 0.8s
2026-09-28 04:45:23,571 [INFO] Page 11 | Collected: 250
2026-09-28 04:45:23,817 [INFO] Pacing: sleep 1.4s
2026-09-28 04:45:25,185 [INFO] Page 12 | Collected: 250
2026-09-28 04:45:25,509 [INFO] Pacing: sleep 1.5s
2026-09-28 04:45:26,967 [INFO] Page 13 | Collected: 250
2026-09-28 04:45:27,234 [INFO] Pacing: sleep 1.4s
2026-09-28 04:45:28,644 [INFO] Page 14 | Collected: 250
2026-09-28 04:45:28,910 [INFO] Pacing: sleep 1.1s
2026-09-28 04:45:29,966 [INFO] Page 15 | Collected: 250
2026-09-28 04:45:30,305 [INFO] Pacing: sleep 1.2s
2026-09-28 04:45:31,495 [INFO] Page 16 | Collected: 250
2026-09-28 04:45:31,741 [INFO] Pacing: sleep 1.1s
2026-09-28 04:45:32,837 [INFO] Page 17 | Collected: 250
2026-09-28 04:45:33,114 [INFO] Pacing: sleep 1.1s
2026-09-28 04:45:34,233 [INFO] Page 18 | Collected: 250
2026-09-28 04:45:34,556 [INFO] Pacing: sleep 1.0s
2026-09-28 04:45:35,581 [INFO] Page 19 | Collected: 250
2026-09-28 04:45:35,849 [INFO] Pacing: sleep 1.2s
2026-09-28 04:45:37,045 [INFO] Page 20 | Collected: 250
2026-09-28 04:45:37,356 [INFO] Pacing: sleep 0.6s
2026-09-28 04:45:37,928 [INFO] Page 21 | Collected: 500
2026-09-28 04:45:38,192 [INFO] Pacing: sleep 1.2s
2026-09-28 04:45:39,413 [INFO] Page 22 | Collected: 500
2026-09-28 04:45:39,673 [INFO] Pacing: sleep 0.9s
2026-09-28 04:45:40,609 [INFO] Page 23 | Collected: 500
2026-09-28 04:45:40,973 [INFO] Pacing: sleep 1.5s
2026-09-28 04:45:42,440 [INFO] Page 24 | Collected: 500
2026-09-28 04:45:42,717 [INFO] Pacing: sleep 1.3s
2026-09-28 04:45:43,979 [INFO] Page 25 | Collected: 500
2026-09-28 04:45:44,228 [INFO] Pacing: sleep 0.7s
2026-09-28 04:45:44,886 [INFO] Page 26 | Collected: 500
2026-09-28 04:45:45,211 [INFO] Pacing: sleep 0.8s
2026-09-28 04:45:45,999 [INFO] Page 27 | Collected: 500
2026-09-28 04:45:46,248 [INFO] Pacing: sleep 0.7s
2026-09-28 04:45:46,909 [INFO] Page 28 | Collected: 500
2026-09-28 04:45:47,288 [INFO] Pacing: sleep 0.7s
2026-09-28 04:45:48,026 [INFO] Page 29 | Collected: 500
2026-09-28 04:45:48,274 [INFO] Pacing: sleep 0.6s
2026-09-28 04:45:48,885 [INFO] Page 30 | Collected: 500
2026-09-28 04:45:49,145 [INFO] Pacing: sleep 1.3s
2026-09-28 04:45:50,431 [INFO] Page 31 | Collected: 750
2026-09-28 04:45:50,508 [WARNING] Block detected on page 31: HTTP 429
2026-09-28 04:45:50,508 [INFO] Saved raw HTML for debugging: blocked_0031.html
2026-09-28 04:45:50,508 [WARNING] Initiating ADAPTIVE THROTTLING. Sleeping 180s, switching to SAFE mode.
2026-09-28 04:48:50,508 [INFO] Pacing: sleep 55.0s | Short Cooldown: 48.1s
2026-09-28 04:49:45,558 [INFO] Page 31 | Collected: 750
2026-09-28 04:49:45,882 [INFO] Pacing: sleep 4.7s
2026-09-28 04:49:50,549 [INFO] Page 32 | Collected: 750
2026-09-28 04:49:50,813 [INFO] Pacing: sleep 5.6s
2026-09-28 04:49:56,392 [INFO] Page 33 | Collected: 750
2026-09-28 04:49:56,703 [INFO] Pacing: sleep 5.3s
2026-09-28 04:50:01,987 [INFO] Page 34 | Collected: 750
2026-09-28 04:50:02,252 [INFO] Pacing: sleep 6.4s
2026-09-28 04:50:08,641 [INFO] Page 35 | Collected: 750
2026-09-28 04:50:08,885 [INFO] Pacing: sleep 4.2s
2026-09-28 04:50:13,067 [INFO] Page 36 | Collected: 750
2026-09-28 04:50:13,443 [INFO] Pacing: sleep 7.7s
2026-09-28 04:50:21,160 [INFO] Page 37 | Collected: 750
2026-09-28 04:50:21,504 [INFO] Pacing: sleep 4.2s
2026-09-28 04:50:25,688 [INFO] Page 38 | Collected: 750
2026-09-28 04:50:25,946 [INFO] Pacing: sleep 6.7s
2026-09-28 04:50:32,680 [INFO] Page 39 | Collected: 750
2026-09-28 04:50:33,005 [INFO] Pacing: sleep 7.4s
2026-09-28 04:50:40,382 [INFO] Page 40 | Collected: 750
2026-09-28 04:50:40,653 [INFO] Pacing: sleep 225.1s | Long Cooldown: 219.3s
2026-09-28 04:54:25,763 [INFO] Page 41 | Collected: 1000
2026-09-28 04:54:26,078 [INFO] Pacing: sleep 6.4s
2026-09-28 04:54:32,472 [INFO] Page 42 | Collected: 1000
2026-09-28 04:54:32,731 [INFO] Pacing: sleep 5.9s
2026-09-28 04:54:38,605 [INFO] Page 43 | Collected: 1000
2026-09-28 04:54:38,880 [INFO] Pacing: sleep 5.4s
2026-09-28 04:54:44,294 [INFO] Page 44 | Collected: 1000
2026-09-28 04:54:44,614 [INFO] Pacing: sleep 5.2s
2026-09-28 04:54:49,793 [INFO] Page 45 | Collected: 1000
2026-09-28 04:54:50,062 [INFO] Pacing: sleep 5.5s
2026-09-28 04:54:55,606 [INFO] Page 46 | Collected: 1000
2026-09-28 04:54:55,854 [INFO] Pacing: sleep 5.4s
2026-09-28 04:55:01,274 [INFO] Page 47 | Collected: 1000
2026-09-28 04:55:01,415 [WARNING] Block detected on page 47: Suspicious term found: 'captcha'
2026-09-28 04:55:01,416 [INFO] Saved raw HTML for debugging: blocked_0047.html
2026-09-28 04:55:01,416 [ERROR] Blocked again even after safe mode. Stopping gracefully.
2026-09-28 04:55:01,418 [INFO] Crawl stopped. Reason: adaptive_throttle_failed_page_47. Finalizing...
2026-09-28 04:55:01,418 [INFO] Merging intermediate pages from work_dir: /home/runner/work/steam-diploma/steam-diploma/data/snapshots/data/snapshots/_in_progress/3e12ac75-8814-45f4-81bf-e5b9b8d04241
