2026-08-01 13:39:10,223 [INFO] Steam Snapshot Collector Started.
2026-08-01 13:39:10,223 [INFO] Speed Mode: fast
2026-08-01 13:39:10,223 [INFO] Work Dir: /home/runner/work/steam-diploma/steam-diploma/data/snapshots
2026-08-01 13:39:10,223 [INFO] Base Output Dir: .
2026-08-01 13:39:10,223 [INFO] Page 1 | Collected: 0
2026-08-01 13:39:10,681 [INFO] Pacing: sleep 1.2s
2026-08-01 13:39:11,855 [INFO] Page 2 | Collected: 0
2026-08-01 13:39:12,192 [INFO] Pacing: sleep 1.4s
2026-08-01 13:39:13,567 [INFO] Page 3 | Collected: 0
2026-08-01 13:39:13,975 [INFO] Pacing: sleep 1.4s
2026-08-01 13:39:15,405 [INFO] Page 4 | Collected: 0
2026-08-01 13:39:15,766 [INFO] Pacing: sleep 0.5s
2026-08-01 13:39:16,308 [INFO] Page 5 | Collected: 0
2026-08-01 13:39:16,599 [INFO] Pacing: sleep 0.6s
2026-08-01 13:39:17,224 [INFO] Page 6 | Collected: 0
2026-08-01 13:39:17,574 [INFO] Pacing: sleep 1.3s
2026-08-01 13:39:18,911 [INFO] Page 7 | Collected: 0
2026-08-01 13:39:19,285 [INFO] Pacing: sleep 1.5s
2026-08-01 13:39:20,740 [INFO] Page 8 | Collected: 0
2026-08-01 13:39:21,068 [INFO] Pacing: sleep 1.2s
2026-08-01 13:39:22,318 [INFO] Page 9 | Collected: 0
2026-08-01 13:39:22,663 [INFO] Pacing: sleep 1.2s
2026-08-01 13:39:23,896 [INFO] Page 10 | Collected: 0
2026-08-01 13:39:24,280 [INFO] Pacing: sleep 0.8s
2026-08-01 13:39:25,095 [INFO] Page 11 | Collected: 250
2026-08-01 13:39:25,399 [INFO] Pacing: sleep 0.9s
2026-08-01 13:39:26,317 [INFO] Page 12 | Collected: 250
2026-08-01 13:39:26,668 [INFO] Pacing: sleep 1.3s
2026-08-01 13:39:27,976 [INFO] Page 13 | Collected: 250
2026-08-01 13:39:28,289 [INFO] Pacing: sleep 0.8s
2026-08-01 13:39:29,128 [INFO] Page 14 | Collected: 250
2026-08-01 13:39:29,443 [INFO] Pacing: sleep 1.5s
2026-08-01 13:39:30,927 [INFO] Page 15 | Collected: 250
2026-08-01 13:39:31,324 [INFO] Pacing: sleep 1.2s
2026-08-01 13:39:32,562 [INFO] Page 16 | Collected: 250
2026-08-01 13:39:32,869 [INFO] Pacing: sleep 0.6s
2026-08-01 13:39:33,466 [INFO] Page 17 | Collected: 250
2026-08-01 13:39:33,826 [INFO] Pacing: sleep 1.4s
2026-08-01 13:39:35,208 [INFO] Page 18 | Collected: 250
2026-08-01 13:39:35,501 [INFO] Pacing: sleep 0.7s
2026-08-01 13:39:36,228 [INFO] Page 19 | Collected: 250
2026-08-01 13:39:36,550 [INFO] Pacing: sleep 1.0s
2026-08-01 13:39:37,539 [INFO] Page 20 | Collected: 250
2026-08-01 13:39:37,940 [INFO] Pacing: sleep 1.0s
2026-08-01 13:39:38,898 [INFO] Page 21 | Collected: 500
2026-08-01 13:39:39,197 [INFO] Pacing: sleep 0.7s
2026-08-01 13:39:39,923 [INFO] Page 22 | Collected: 500
2026-08-01 13:39:40,306 [INFO] Pacing: sleep 0.9s
2026-08-01 13:39:41,197 [INFO] Page 23 | Collected: 500
2026-08-01 13:39:41,519 [INFO] Pacing: sleep 1.0s
2026-08-01 13:39:42,470 [INFO] Page 24 | Collected: 500
2026-08-01 13:39:42,791 [INFO] Pacing: sleep 0.7s
2026-08-01 13:39:43,516 [INFO] Page 25 | Collected: 500
2026-08-01 13:39:43,923 [INFO] Pacing: sleep 0.8s
2026-08-01 13:39:44,699 [INFO] Page 26 | Collected: 500
2026-08-01 13:39:44,984 [INFO] Pacing: sleep 1.2s
2026-08-01 13:39:46,177 [INFO] Page 27 | Collected: 500
2026-08-01 13:39:46,487 [INFO] Pacing: sleep 1.1s
2026-08-01 13:39:47,539 [INFO] Page 28 | Collected: 500
2026-08-01 13:39:47,888 [INFO] Pacing: sleep 1.0s
2026-08-01 13:39:48,916 [INFO] Page 29 | Collected: 500
2026-08-01 13:39:49,235 [INFO] Pacing: sleep 1.3s
2026-08-01 13:39:50,506 [INFO] Page 30 | Collected: 500
2026-08-01 13:39:50,866 [INFO] Pacing: sleep 1.4s
2026-08-01 13:39:52,256 [INFO] Page 31 | Collected: 750
2026-08-01 13:39:52,348 [WARNING] Block detected on page 31: HTTP 429
2026-08-01 13:39:52,349 [INFO] Saved raw HTML for debugging: blocked_0031.html
2026-08-01 13:39:52,349 [WARNING] Initiating ADAPTIVE THROTTLING. Sleeping 180s, switching to SAFE mode.
2026-08-01 13:42:52,349 [INFO] Pacing: sleep 37.8s | Short Cooldown: 32.2s
2026-08-01 13:43:30,190 [INFO] Page 31 | Collected: 750
2026-08-01 13:43:30,497 [INFO] Pacing: sleep 7.1s
2026-08-01 13:43:37,570 [INFO] Page 32 | Collected: 750
2026-08-01 13:43:37,970 [INFO] Pacing: sleep 5.5s
2026-08-01 13:43:43,494 [INFO] Page 33 | Collected: 750
2026-08-01 13:43:43,856 [INFO] Pacing: sleep 5.9s
2026-08-01 13:43:49,801 [INFO] Page 34 | Collected: 750
2026-08-01 13:43:50,125 [INFO] Pacing: sleep 5.6s
2026-08-01 13:43:55,700 [INFO] Page 35 | Collected: 750
2026-08-01 13:43:56,140 [INFO] Pacing: sleep 6.5s
2026-08-01 13:44:02,644 [INFO] Page 36 | Collected: 750
2026-08-01 13:44:02,943 [INFO] Pacing: sleep 5.1s
2026-08-01 13:44:08,032 [INFO] Page 37 | Collected: 750
2026-08-01 13:44:08,347 [INFO] Pacing: sleep 5.7s
2026-08-01 13:44:14,007 [INFO] Page 38 | Collected: 750
2026-08-01 13:44:14,412 [INFO] Pacing: sleep 7.5s
2026-08-01 13:44:21,891 [INFO] Page 39 | Collected: 750
2026-08-01 13:44:22,188 [INFO] Pacing: sleep 6.8s
2026-08-01 13:44:28,963 [INFO] Page 40 | Collected: 750
2026-08-01 13:44:29,347 [INFO] Pacing: sleep 188.7s | Long Cooldown: 184.2s
2026-08-01 13:47:38,053 [INFO] Page 41 | Collected: 1000
2026-08-01 13:47:38,691 [INFO] Pacing: sleep 6.0s
2026-08-01 13:47:44,663 [INFO] Page 42 | Collected: 1000
2026-08-01 13:47:44,993 [INFO] Pacing: sleep 5.2s
2026-08-01 13:47:50,184 [INFO] Page 43 | Collected: 1000
2026-08-01 13:47:50,547 [INFO] Pacing: sleep 6.8s
2026-08-01 13:47:57,357 [INFO] Page 44 | Collected: 1000
2026-08-01 13:47:57,666 [INFO] Pacing: sleep 4.8s
2026-08-01 13:48:02,509 [INFO] Page 45 | Collected: 1000
2026-08-01 13:48:02,847 [INFO] Pacing: sleep 5.2s
2026-08-01 13:48:08,033 [INFO] Page 46 | Collected: 1000
2026-08-01 13:48:08,397 [INFO] Pacing: sleep 5.6s
2026-08-01 13:48:13,992 [INFO] Page 47 | Collected: 1000
2026-08-01 13:48:14,294 [INFO] Pacing: sleep 6.7s
2026-08-01 13:48:21,014 [INFO] Page 48 | Collected: 1000
2026-08-01 13:48:21,216 [WARNING] Block detected on page 48: Suspicious term found: 'captcha'
2026-08-01 13:48:21,217 [INFO] Saved raw HTML for debugging: blocked_0048.html
2026-08-01 13:48:21,217 [ERROR] Blocked again even after safe mode. Stopping gracefully.
2026-08-01 13:48:21,218 [INFO] Crawl stopped. Reason: adaptive_throttle_failed_page_48. Finalizing...
2026-08-01 13:48:21,218 [INFO] Merging intermediate pages from work_dir: /home/runner/work/steam-diploma/steam-diploma/data/snapshots/data/snapshots/_in_progress/c2c50fe4-9224-4f15-8e68-d75eb7309ed0
