2026-10-09 18:12:21,508 [INFO] Steam Snapshot Collector Started.
2026-10-09 18:12:21,508 [INFO] Speed Mode: fast
2026-10-09 18:12:21,508 [INFO] Work Dir: /home/runner/work/steam-diploma/steam-diploma/data/snapshots
2026-10-09 18:12:21,508 [INFO] Base Output Dir: .
2026-10-09 18:12:21,508 [INFO] Page 1 | Collected: 0
2026-10-09 18:12:21,879 [INFO] Pacing: sleep 1.2s
2026-10-09 18:12:23,090 [INFO] Page 2 | Collected: 0
2026-10-09 18:12:23,368 [INFO] Pacing: sleep 1.4s
2026-10-09 18:12:24,764 [INFO] Page 3 | Collected: 0
2026-10-09 18:12:24,970 [INFO] Pacing: sleep 1.0s
2026-10-09 18:12:25,983 [INFO] Page 4 | Collected: 0
2026-10-09 18:12:26,256 [INFO] Pacing: sleep 1.4s
2026-10-09 18:12:27,687 [INFO] Page 5 | Collected: 0
2026-10-09 18:12:27,893 [INFO] Pacing: sleep 1.0s
2026-10-09 18:12:28,853 [INFO] Page 6 | Collected: 0
2026-10-09 18:12:29,147 [INFO] Pacing: sleep 1.0s
2026-10-09 18:12:30,126 [INFO] Page 7 | Collected: 0
2026-10-09 18:12:30,413 [INFO] Pacing: sleep 1.2s
2026-10-09 18:12:31,639 [INFO] Page 8 | Collected: 0
2026-10-09 18:12:31,921 [INFO] Pacing: sleep 1.0s
2026-10-09 18:12:32,898 [INFO] Page 9 | Collected: 0
2026-10-09 18:12:33,175 [INFO] Pacing: sleep 0.5s
2026-10-09 18:12:33,691 [INFO] Page 10 | Collected: 0
2026-10-09 18:12:34,003 [INFO] Pacing: sleep 0.9s
2026-10-09 18:12:34,924 [INFO] Page 11 | Collected: 250
2026-10-09 18:12:35,225 [INFO] Pacing: sleep 1.1s
2026-10-09 18:12:36,349 [INFO] Page 12 | Collected: 250
2026-10-09 18:12:36,655 [INFO] Pacing: sleep 1.0s
2026-10-09 18:12:37,621 [INFO] Page 13 | Collected: 250
2026-10-09 18:12:37,851 [INFO] Pacing: sleep 0.6s
2026-10-09 18:12:38,452 [INFO] Page 14 | Collected: 250
2026-10-09 18:12:38,812 [INFO] Pacing: sleep 1.2s
2026-10-09 18:12:40,015 [INFO] Page 15 | Collected: 250
2026-10-09 18:12:40,358 [INFO] Pacing: sleep 0.7s
2026-10-09 18:12:41,041 [INFO] Page 16 | Collected: 250
2026-10-09 18:12:41,266 [INFO] Pacing: sleep 1.0s
2026-10-09 18:12:42,281 [INFO] Page 17 | Collected: 250
2026-10-09 18:12:42,495 [INFO] Pacing: sleep 1.3s
2026-10-09 18:12:43,841 [INFO] Page 18 | Collected: 250
2026-10-09 18:12:44,133 [INFO] Pacing: sleep 1.3s
2026-10-09 18:12:45,442 [INFO] Page 19 | Collected: 250
2026-10-09 18:12:45,682 [INFO] Pacing: sleep 1.3s
2026-10-09 18:12:46,958 [INFO] Page 20 | Collected: 250
2026-10-09 18:12:47,288 [INFO] Pacing: sleep 0.6s
2026-10-09 18:12:47,879 [INFO] Page 21 | Collected: 500
2026-10-09 18:12:48,185 [INFO] Pacing: sleep 1.0s
2026-10-09 18:12:49,225 [INFO] Page 22 | Collected: 500
2026-10-09 18:12:49,418 [INFO] Pacing: sleep 0.9s
2026-10-09 18:12:50,310 [INFO] Page 23 | Collected: 500
2026-10-09 18:12:50,736 [INFO] Pacing: sleep 1.2s
2026-10-09 18:12:51,920 [INFO] Page 24 | Collected: 500
2026-10-09 18:12:52,139 [INFO] Pacing: sleep 0.8s
2026-10-09 18:12:52,928 [INFO] Page 25 | Collected: 500
2026-10-09 18:12:53,321 [INFO] Pacing: sleep 0.7s
2026-10-09 18:12:54,066 [INFO] Page 26 | Collected: 500
2026-10-09 18:12:54,566 [INFO] Pacing: sleep 0.7s
2026-10-09 18:12:55,310 [INFO] Page 27 | Collected: 500
2026-10-09 18:12:55,522 [INFO] Pacing: sleep 0.7s
2026-10-09 18:12:56,264 [INFO] Page 28 | Collected: 500
2026-10-09 18:12:56,692 [INFO] Pacing: sleep 0.9s
2026-10-09 18:12:57,627 [INFO] Page 29 | Collected: 500
2026-10-09 18:12:57,836 [INFO] Pacing: sleep 0.6s
2026-10-09 18:12:58,407 [INFO] Page 30 | Collected: 500
2026-10-09 18:12:58,608 [INFO] Pacing: sleep 0.9s
2026-10-09 18:12:59,460 [INFO] Page 31 | Collected: 750
2026-10-09 18:12:59,704 [WARNING] Block detected on page 31: HTTP 429
2026-10-09 18:12:59,704 [INFO] Saved raw HTML for debugging: blocked_0031.html
2026-10-09 18:12:59,704 [WARNING] Initiating ADAPTIVE THROTTLING. Sleeping 180s, switching to SAFE mode.
2026-10-09 18:15:59,704 [INFO] Pacing: sleep 38.5s | Short Cooldown: 33.6s
2026-10-09 18:16:38,210 [INFO] Page 31 | Collected: 750
2026-10-09 18:16:38,521 [INFO] Pacing: sleep 4.1s
2026-10-09 18:16:42,613 [INFO] Page 32 | Collected: 750
2026-10-09 18:16:42,859 [INFO] Pacing: sleep 4.2s
2026-10-09 18:16:47,051 [INFO] Page 33 | Collected: 750
2026-10-09 18:16:47,350 [INFO] Pacing: sleep 4.0s
2026-10-09 18:16:51,399 [INFO] Page 34 | Collected: 750
2026-10-09 18:16:51,611 [INFO] Pacing: sleep 4.9s
2026-10-09 18:16:56,554 [INFO] Page 35 | Collected: 750
2026-10-09 18:16:56,770 [INFO] Pacing: sleep 7.7s
2026-10-09 18:17:04,506 [INFO] Page 36 | Collected: 750
2026-10-09 18:17:04,846 [INFO] Pacing: sleep 6.2s
2026-10-09 18:17:11,030 [INFO] Page 37 | Collected: 750
2026-10-09 18:17:11,449 [INFO] Pacing: sleep 6.1s
2026-10-09 18:17:17,558 [INFO] Page 38 | Collected: 750
2026-10-09 18:17:17,766 [INFO] Pacing: sleep 4.1s
2026-10-09 18:17:21,891 [INFO] Page 39 | Collected: 750
2026-10-09 18:17:22,156 [INFO] Pacing: sleep 7.1s
2026-10-09 18:17:29,250 [INFO] Page 40 | Collected: 750
2026-10-09 18:17:29,586 [INFO] Pacing: sleep 211.3s | Long Cooldown: 205.3s
2026-10-09 18:21:00,929 [INFO] Page 41 | Collected: 1000
2026-10-09 18:21:01,194 [INFO] Pacing: sleep 7.3s
2026-10-09 18:21:08,529 [INFO] Page 42 | Collected: 1000
2026-10-09 18:21:08,724 [INFO] Pacing: sleep 7.8s
2026-10-09 18:21:16,551 [INFO] Page 43 | Collected: 1000
2026-10-09 18:21:16,814 [INFO] Pacing: sleep 6.1s
2026-10-09 18:21:22,918 [INFO] Page 44 | Collected: 1000
2026-10-09 18:21:23,240 [INFO] Pacing: sleep 4.1s
2026-10-09 18:21:27,357 [INFO] Page 45 | Collected: 1000
2026-10-09 18:21:27,562 [INFO] Pacing: sleep 7.0s
2026-10-09 18:21:34,537 [INFO] Page 46 | Collected: 1000
2026-10-09 18:21:34,801 [INFO] Pacing: sleep 6.4s
2026-10-09 18:21:41,251 [INFO] Page 47 | Collected: 1000
2026-10-09 18:21:41,425 [WARNING] Block detected on page 47: Suspicious term found: 'captcha'
2026-10-09 18:21:41,426 [INFO] Saved raw HTML for debugging: blocked_0047.html
2026-10-09 18:21:41,426 [ERROR] Blocked again even after safe mode. Stopping gracefully.
2026-10-09 18:21:41,427 [INFO] Crawl stopped. Reason: adaptive_throttle_failed_page_47. Finalizing...
2026-10-09 18:21:41,427 [INFO] Merging intermediate pages from work_dir: /home/runner/work/steam-diploma/steam-diploma/data/snapshots/data/snapshots/_in_progress/6c6f3b0c-75ad-4db6-b3ab-4344d73332fb
