2026-08-13 13:22:45,147 [INFO] Steam Snapshot Collector Started.
2026-08-13 13:22:45,147 [INFO] Speed Mode: fast
2026-08-13 13:22:45,147 [INFO] Work Dir: /home/runner/work/steam-diploma/steam-diploma/data/snapshots
2026-08-13 13:22:45,147 [INFO] Base Output Dir: .
2026-08-13 13:22:45,148 [INFO] Page 1 | Collected: 0
2026-08-13 13:22:45,548 [INFO] Pacing: sleep 0.9s
2026-08-13 13:22:46,482 [INFO] Page 2 | Collected: 0
2026-08-13 13:22:46,773 [INFO] Pacing: sleep 0.8s
2026-08-13 13:22:47,602 [INFO] Page 3 | Collected: 0
2026-08-13 13:22:47,881 [INFO] Pacing: sleep 1.1s
2026-08-13 13:22:49,015 [INFO] Page 4 | Collected: 0
2026-08-13 13:22:49,336 [INFO] Pacing: sleep 0.8s
2026-08-13 13:22:50,097 [INFO] Page 5 | Collected: 0
2026-08-13 13:22:50,336 [INFO] Pacing: sleep 1.3s
2026-08-13 13:22:51,600 [INFO] Page 6 | Collected: 0
2026-08-13 13:22:51,923 [INFO] Pacing: sleep 0.7s
2026-08-13 13:22:52,663 [INFO] Page 7 | Collected: 0
2026-08-13 13:22:53,075 [WARNING] Page 7 had 1 duplicate appids seen previously.
2026-08-13 13:22:53,076 [INFO] Pacing: sleep 1.4s
2026-08-13 13:22:54,494 [INFO] Page 8 | Collected: 0
2026-08-13 13:22:54,798 [INFO] Pacing: sleep 1.0s
2026-08-13 13:22:55,767 [INFO] Page 9 | Collected: 0
2026-08-13 13:22:56,056 [INFO] Pacing: sleep 0.9s
2026-08-13 13:22:56,947 [INFO] Page 10 | Collected: 0
2026-08-13 13:22:57,279 [INFO] Pacing: sleep 1.3s
2026-08-13 13:22:58,583 [INFO] Page 11 | Collected: 250
2026-08-13 13:22:58,882 [INFO] Pacing: sleep 1.2s
2026-08-13 13:23:00,124 [INFO] Page 12 | Collected: 250
2026-08-13 13:23:00,504 [INFO] Pacing: sleep 1.4s
2026-08-13 13:23:01,924 [INFO] Page 13 | Collected: 250
2026-08-13 13:23:02,180 [INFO] Pacing: sleep 0.8s
2026-08-13 13:23:02,972 [INFO] Page 14 | Collected: 250
2026-08-13 13:23:03,356 [INFO] Pacing: sleep 0.6s
2026-08-13 13:23:03,984 [INFO] Page 15 | Collected: 250
2026-08-13 13:23:04,308 [INFO] Pacing: sleep 0.9s
2026-08-13 13:23:05,232 [INFO] Page 16 | Collected: 250
2026-08-13 13:23:05,498 [INFO] Pacing: sleep 1.0s
2026-08-13 13:23:06,528 [INFO] Page 17 | Collected: 250
2026-08-13 13:23:06,853 [INFO] Pacing: sleep 1.2s
2026-08-13 13:23:08,050 [INFO] Page 18 | Collected: 250
2026-08-13 13:23:08,404 [INFO] Pacing: sleep 0.9s
2026-08-13 13:23:09,321 [INFO] Page 19 | Collected: 250
2026-08-13 13:23:09,623 [INFO] Pacing: sleep 1.3s
2026-08-13 13:23:10,897 [INFO] Page 20 | Collected: 250
2026-08-13 13:23:11,196 [INFO] Pacing: sleep 1.2s
2026-08-13 13:23:12,428 [INFO] Page 21 | Collected: 500
2026-08-13 13:23:12,683 [INFO] Pacing: sleep 1.3s
2026-08-13 13:23:14,004 [INFO] Page 22 | Collected: 500
2026-08-13 13:23:14,291 [INFO] Pacing: sleep 1.0s
2026-08-13 13:23:15,315 [INFO] Page 23 | Collected: 500
2026-08-13 13:23:15,622 [INFO] Pacing: sleep 1.4s
2026-08-13 13:23:16,990 [INFO] Page 24 | Collected: 500
2026-08-13 13:23:17,239 [INFO] Pacing: sleep 0.9s
2026-08-13 13:23:18,152 [INFO] Page 25 | Collected: 500
2026-08-13 13:23:18,458 [INFO] Pacing: sleep 0.7s
2026-08-13 13:23:19,164 [INFO] Page 26 | Collected: 500
2026-08-13 13:23:19,453 [INFO] Pacing: sleep 1.0s
2026-08-13 13:23:20,456 [INFO] Page 27 | Collected: 500
2026-08-13 13:23:20,705 [INFO] Pacing: sleep 0.8s
2026-08-13 13:23:21,489 [INFO] Page 28 | Collected: 500
2026-08-13 13:23:21,835 [INFO] Pacing: sleep 1.4s
2026-08-13 13:23:23,205 [INFO] Page 29 | Collected: 500
2026-08-13 13:23:23,445 [INFO] Pacing: sleep 0.6s
2026-08-13 13:23:24,025 [INFO] Page 30 | Collected: 500
2026-08-13 13:23:24,271 [INFO] Pacing: sleep 0.9s
2026-08-13 13:23:25,128 [INFO] Page 31 | Collected: 750
2026-08-13 13:23:25,176 [WARNING] Block detected on page 31: HTTP 429
2026-08-13 13:23:25,176 [INFO] Saved raw HTML for debugging: blocked_0031.html
2026-08-13 13:23:25,176 [WARNING] Initiating ADAPTIVE THROTTLING. Sleeping 180s, switching to SAFE mode.
2026-08-13 13:26:25,176 [INFO] Pacing: sleep 44.8s | Short Cooldown: 39.1s
2026-08-13 13:27:10,012 [INFO] Page 31 | Collected: 750
2026-08-13 13:27:10,338 [INFO] Pacing: sleep 5.8s
2026-08-13 13:27:16,172 [INFO] Page 32 | Collected: 750
2026-08-13 13:27:16,436 [INFO] Pacing: sleep 4.9s
2026-08-13 13:27:21,320 [INFO] Page 33 | Collected: 750
2026-08-13 13:27:21,650 [INFO] Pacing: sleep 4.2s
2026-08-13 13:27:25,877 [INFO] Page 34 | Collected: 750
2026-08-13 13:27:26,133 [INFO] Pacing: sleep 7.9s
2026-08-13 13:27:34,028 [INFO] Page 35 | Collected: 750
2026-08-13 13:27:34,276 [INFO] Pacing: sleep 5.0s
2026-08-13 13:27:39,297 [INFO] Page 36 | Collected: 750
2026-08-13 13:27:39,647 [INFO] Pacing: sleep 6.3s
2026-08-13 13:27:45,987 [INFO] Page 37 | Collected: 750
2026-08-13 13:27:46,226 [INFO] Pacing: sleep 7.1s
2026-08-13 13:27:53,358 [INFO] Page 38 | Collected: 750
2026-08-13 13:27:53,603 [INFO] Pacing: sleep 6.0s
2026-08-13 13:27:59,639 [INFO] Page 39 | Collected: 750
2026-08-13 13:27:59,965 [INFO] Pacing: sleep 6.8s
2026-08-13 13:28:06,794 [INFO] Page 40 | Collected: 750
2026-08-13 13:28:07,104 [INFO] Pacing: sleep 240.0s | Long Cooldown: 232.8s
2026-08-13 13:32:07,075 [INFO] Page 41 | Collected: 1000
2026-08-13 13:32:07,390 [INFO] Pacing: sleep 5.5s
2026-08-13 13:32:12,880 [INFO] Page 42 | Collected: 1000
2026-08-13 13:32:13,155 [INFO] Pacing: sleep 6.6s
2026-08-13 13:32:19,727 [INFO] Page 43 | Collected: 1000
2026-08-13 13:32:20,016 [INFO] Pacing: sleep 6.2s
2026-08-13 13:32:26,191 [INFO] Page 44 | Collected: 1000
2026-08-13 13:32:26,560 [INFO] Pacing: sleep 4.8s
2026-08-13 13:32:31,363 [INFO] Page 45 | Collected: 1000
2026-08-13 13:32:31,643 [INFO] Pacing: sleep 7.6s
2026-08-13 13:32:39,270 [INFO] Page 46 | Collected: 1000
2026-08-13 13:32:39,615 [INFO] Pacing: sleep 4.8s
2026-08-13 13:32:44,439 [INFO] Page 47 | Collected: 1000
2026-08-13 13:32:44,564 [WARNING] Block detected on page 47: Suspicious term found: 'captcha'
2026-08-13 13:32:44,565 [INFO] Saved raw HTML for debugging: blocked_0047.html
2026-08-13 13:32:44,565 [ERROR] Blocked again even after safe mode. Stopping gracefully.
2026-08-13 13:32:44,566 [INFO] Crawl stopped. Reason: adaptive_throttle_failed_page_47. Finalizing...
2026-08-13 13:32:44,567 [INFO] Merging intermediate pages from work_dir: /home/runner/work/steam-diploma/steam-diploma/data/snapshots/data/snapshots/_in_progress/0d3c7a47-c608-456b-8ffd-b9e9474a129c
2026-08-13 13:32:44,579 [WARNING] Found 1 duplicate appids across the snapshot.
