2026-09-20 04:21:59,441 [INFO] Steam Snapshot Collector Started.
2026-09-20 04:21:59,441 [INFO] Speed Mode: fast
2026-09-20 04:21:59,441 [INFO] Work Dir: /home/runner/work/steam-diploma/steam-diploma/data/snapshots
2026-09-20 04:21:59,441 [INFO] Base Output Dir: .
2026-09-20 04:21:59,441 [INFO] Page 1 | Collected: 0
2026-09-20 04:21:59,886 [INFO] Pacing: sleep 1.0s
2026-09-20 04:22:00,854 [INFO] Page 2 | Collected: 0
2026-09-20 04:22:01,175 [INFO] Pacing: sleep 1.1s
2026-09-20 04:22:02,244 [INFO] Page 3 | Collected: 0
2026-09-20 04:22:02,543 [INFO] Pacing: sleep 0.7s
2026-09-20 04:22:03,270 [INFO] Page 4 | Collected: 0
2026-09-20 04:22:03,598 [INFO] Pacing: sleep 1.2s
2026-09-20 04:22:04,782 [INFO] Page 5 | Collected: 0
2026-09-20 04:22:05,115 [INFO] Pacing: sleep 1.3s
2026-09-20 04:22:06,421 [INFO] Page 6 | Collected: 0
2026-09-20 04:22:06,712 [INFO] Pacing: sleep 1.0s
2026-09-20 04:22:07,700 [INFO] Page 7 | Collected: 0
2026-09-20 04:22:08,050 [INFO] Pacing: sleep 0.6s
2026-09-20 04:22:08,653 [INFO] Page 8 | Collected: 0
2026-09-20 04:22:08,941 [INFO] Pacing: sleep 1.3s
2026-09-20 04:22:10,216 [INFO] Page 9 | Collected: 0
2026-09-20 04:22:10,500 [INFO] Pacing: sleep 1.0s
2026-09-20 04:22:11,454 [INFO] Page 10 | Collected: 0
2026-09-20 04:22:11,808 [INFO] Pacing: sleep 1.3s
2026-09-20 04:22:13,102 [INFO] Page 11 | Collected: 250
2026-09-20 04:22:13,372 [INFO] Pacing: sleep 1.4s
2026-09-20 04:22:14,756 [INFO] Page 12 | Collected: 250
2026-09-20 04:22:15,087 [INFO] Pacing: sleep 1.5s
2026-09-20 04:22:16,566 [INFO] Page 13 | Collected: 250
2026-09-20 04:22:16,846 [INFO] Pacing: sleep 1.4s
2026-09-20 04:22:18,224 [INFO] Page 14 | Collected: 250
2026-09-20 04:22:18,518 [INFO] Pacing: sleep 1.2s
2026-09-20 04:22:19,680 [INFO] Page 15 | Collected: 250
2026-09-20 04:22:20,014 [INFO] Pacing: sleep 1.1s
2026-09-20 04:22:21,102 [INFO] Page 16 | Collected: 250
2026-09-20 04:22:21,386 [INFO] Pacing: sleep 0.9s
2026-09-20 04:22:22,260 [INFO] Page 17 | Collected: 250
2026-09-20 04:22:22,543 [INFO] Pacing: sleep 0.9s
2026-09-20 04:22:23,463 [INFO] Page 18 | Collected: 250
2026-09-20 04:22:23,836 [INFO] Pacing: sleep 1.1s
2026-09-20 04:22:24,908 [INFO] Page 19 | Collected: 250
2026-09-20 04:22:25,180 [INFO] Pacing: sleep 1.3s
2026-09-20 04:22:26,484 [INFO] Page 20 | Collected: 250
2026-09-20 04:22:26,819 [INFO] Pacing: sleep 1.3s
2026-09-20 04:22:28,080 [INFO] Page 21 | Collected: 500
2026-09-20 04:22:28,360 [INFO] Pacing: sleep 1.5s
2026-09-20 04:22:29,857 [INFO] Page 22 | Collected: 500
2026-09-20 04:22:30,140 [INFO] Pacing: sleep 1.3s
2026-09-20 04:22:31,421 [INFO] Page 23 | Collected: 500
2026-09-20 04:22:32,105 [INFO] Pacing: sleep 0.7s
2026-09-20 04:22:32,826 [INFO] Page 24 | Collected: 500
2026-09-20 04:22:33,136 [INFO] Pacing: sleep 1.3s
2026-09-20 04:22:34,432 [INFO] Page 25 | Collected: 500
2026-09-20 04:22:34,891 [INFO] Pacing: sleep 0.6s
2026-09-20 04:22:35,499 [INFO] Page 26 | Collected: 500
2026-09-20 04:22:35,849 [INFO] Pacing: sleep 0.6s
2026-09-20 04:22:36,404 [INFO] Page 27 | Collected: 500
2026-09-20 04:22:36,743 [INFO] Pacing: sleep 0.5s
2026-09-20 04:22:37,244 [INFO] Page 28 | Collected: 500
2026-09-20 04:22:37,660 [INFO] Pacing: sleep 1.4s
2026-09-20 04:22:39,073 [INFO] Page 29 | Collected: 500
2026-09-20 04:22:39,406 [INFO] Pacing: sleep 0.5s
2026-09-20 04:22:39,951 [INFO] Page 30 | Collected: 500
2026-09-20 04:22:40,295 [INFO] Pacing: sleep 1.2s
2026-09-20 04:22:41,447 [INFO] Page 31 | Collected: 750
2026-09-20 04:22:41,534 [WARNING] Block detected on page 31: HTTP 429
2026-09-20 04:22:41,534 [INFO] Saved raw HTML for debugging: blocked_0031.html
2026-09-20 04:22:41,535 [WARNING] Initiating ADAPTIVE THROTTLING. Sleeping 180s, switching to SAFE mode.
2026-09-20 04:25:41,535 [INFO] Pacing: sleep 38.5s | Short Cooldown: 31.1s
2026-09-20 04:26:20,001 [INFO] Page 31 | Collected: 750
2026-09-20 04:26:20,360 [INFO] Pacing: sleep 7.9s
2026-09-20 04:26:28,241 [INFO] Page 32 | Collected: 750
2026-09-20 04:26:28,518 [INFO] Pacing: sleep 5.2s
2026-09-20 04:26:33,701 [INFO] Page 33 | Collected: 750
2026-09-20 04:26:34,043 [INFO] Pacing: sleep 4.8s
2026-09-20 04:26:38,825 [INFO] Page 34 | Collected: 750
2026-09-20 04:26:39,088 [INFO] Pacing: sleep 5.2s
2026-09-20 04:26:44,275 [INFO] Page 35 | Collected: 750
2026-09-20 04:26:44,553 [INFO] Pacing: sleep 6.4s
2026-09-20 04:26:50,944 [INFO] Page 36 | Collected: 750
2026-09-20 04:26:51,283 [INFO] Pacing: sleep 4.7s
2026-09-20 04:26:56,004 [INFO] Page 37 | Collected: 750
2026-09-20 04:26:56,298 [INFO] Pacing: sleep 4.8s
2026-09-20 04:27:01,112 [INFO] Page 38 | Collected: 750
2026-09-20 04:27:01,387 [INFO] Pacing: sleep 5.7s
2026-09-20 04:27:07,038 [INFO] Page 39 | Collected: 750
2026-09-20 04:27:07,374 [INFO] Pacing: sleep 7.9s
2026-09-20 04:27:15,284 [INFO] Page 40 | Collected: 750
2026-09-20 04:27:15,597 [INFO] Pacing: sleep 143.2s | Long Cooldown: 136.0s
2026-09-20 04:29:38,812 [INFO] Page 41 | Collected: 1000
2026-09-20 04:29:39,294 [INFO] Pacing: sleep 6.1s
2026-09-20 04:29:45,401 [INFO] Page 42 | Collected: 1000
2026-09-20 04:29:45,689 [INFO] Pacing: sleep 5.0s
2026-09-20 04:29:50,672 [INFO] Page 43 | Collected: 1000
2026-09-20 04:29:50,949 [INFO] Pacing: sleep 5.2s
2026-09-20 04:29:56,125 [INFO] Page 44 | Collected: 1000
2026-09-20 04:29:56,462 [INFO] Pacing: sleep 4.6s
2026-09-20 04:30:01,085 [INFO] Page 45 | Collected: 1000
2026-09-20 04:30:01,396 [INFO] Pacing: sleep 5.8s
2026-09-20 04:30:07,241 [INFO] Page 46 | Collected: 1000
2026-09-20 04:30:07,515 [INFO] Pacing: sleep 7.7s
2026-09-20 04:30:15,188 [INFO] Page 47 | Collected: 1000
2026-09-20 04:30:15,546 [INFO] Pacing: sleep 5.4s
2026-09-20 04:30:20,995 [INFO] Page 48 | Collected: 1000
2026-09-20 04:30:21,183 [WARNING] Block detected on page 48: Suspicious term found: 'captcha'
2026-09-20 04:30:21,183 [INFO] Saved raw HTML for debugging: blocked_0048.html
2026-09-20 04:30:21,184 [ERROR] Blocked again even after safe mode. Stopping gracefully.
2026-09-20 04:30:21,185 [INFO] Crawl stopped. Reason: adaptive_throttle_failed_page_48. Finalizing...
2026-09-20 04:30:21,185 [INFO] Merging intermediate pages from work_dir: /home/runner/work/steam-diploma/steam-diploma/data/snapshots/data/snapshots/_in_progress/657ced20-42cf-4a12-8935-06b7f1f0129e
