2026-07-27 03:38:24,160 [INFO] Steam Snapshot Collector Started.
2026-07-27 03:38:24,160 [INFO] Speed Mode: fast
2026-07-27 03:38:24,160 [INFO] Work Dir: /home/runner/work/steam-diploma/steam-diploma/data/snapshots
2026-07-27 03:38:24,160 [INFO] Base Output Dir: .
2026-07-27 03:38:24,161 [INFO] Page 1 | Collected: 0
2026-07-27 03:38:24,591 [INFO] Pacing: sleep 0.9s
2026-07-27 03:38:25,477 [INFO] Page 2 | Collected: 0
2026-07-27 03:38:25,765 [INFO] Pacing: sleep 0.6s
2026-07-27 03:38:26,371 [INFO] Page 3 | Collected: 0
2026-07-27 03:38:26,621 [INFO] Pacing: sleep 1.4s
2026-07-27 03:38:28,056 [INFO] Page 4 | Collected: 0
2026-07-27 03:38:28,359 [INFO] Pacing: sleep 0.6s
2026-07-27 03:38:28,955 [INFO] Page 5 | Collected: 0
2026-07-27 03:38:29,194 [INFO] Pacing: sleep 0.7s
2026-07-27 03:38:29,912 [INFO] Page 6 | Collected: 0
2026-07-27 03:38:30,175 [INFO] Pacing: sleep 0.8s
2026-07-27 03:38:30,945 [INFO] Page 7 | Collected: 0
2026-07-27 03:38:31,338 [INFO] Pacing: sleep 1.2s
2026-07-27 03:38:32,573 [INFO] Page 8 | Collected: 0
2026-07-27 03:38:32,913 [INFO] Pacing: sleep 0.8s
2026-07-27 03:38:33,667 [INFO] Page 9 | Collected: 0
2026-07-27 03:38:33,912 [INFO] Pacing: sleep 0.5s
2026-07-27 03:38:34,441 [INFO] Page 10 | Collected: 0
2026-07-27 03:38:34,750 [INFO] Pacing: sleep 0.9s
2026-07-27 03:38:35,697 [INFO] Page 11 | Collected: 250
2026-07-27 03:38:35,923 [INFO] Pacing: sleep 1.2s
2026-07-27 03:38:37,109 [INFO] Page 12 | Collected: 250
2026-07-27 03:38:37,411 [INFO] Pacing: sleep 1.5s
2026-07-27 03:38:38,902 [INFO] Page 13 | Collected: 250
2026-07-27 03:38:39,144 [INFO] Pacing: sleep 1.0s
2026-07-27 03:38:40,113 [INFO] Page 14 | Collected: 250
2026-07-27 03:38:40,382 [INFO] Pacing: sleep 1.5s
2026-07-27 03:38:41,849 [INFO] Page 15 | Collected: 250
2026-07-27 03:38:42,211 [INFO] Pacing: sleep 0.7s
2026-07-27 03:38:42,880 [INFO] Page 16 | Collected: 250
2026-07-27 03:38:43,112 [INFO] Pacing: sleep 1.3s
2026-07-27 03:38:44,456 [INFO] Page 17 | Collected: 250
2026-07-27 03:38:44,750 [INFO] Pacing: sleep 1.5s
2026-07-27 03:38:46,226 [INFO] Page 18 | Collected: 250
2026-07-27 03:38:46,491 [INFO] Pacing: sleep 1.2s
2026-07-27 03:38:47,649 [INFO] Page 19 | Collected: 250
2026-07-27 03:38:47,897 [INFO] Pacing: sleep 0.9s
2026-07-27 03:38:48,830 [INFO] Page 20 | Collected: 250
2026-07-27 03:38:49,250 [INFO] Pacing: sleep 1.0s
2026-07-27 03:38:50,244 [INFO] Page 21 | Collected: 500
2026-07-27 03:38:50,481 [INFO] Pacing: sleep 0.7s
2026-07-27 03:38:51,206 [INFO] Page 22 | Collected: 500
2026-07-27 03:38:51,546 [INFO] Pacing: sleep 1.2s
2026-07-27 03:38:52,787 [INFO] Page 23 | Collected: 500
2026-07-27 03:38:53,033 [INFO] Pacing: sleep 0.9s
2026-07-27 03:38:53,957 [INFO] Page 24 | Collected: 500
2026-07-27 03:38:54,200 [INFO] Pacing: sleep 1.5s
2026-07-27 03:38:55,665 [INFO] Page 25 | Collected: 500
2026-07-27 03:38:56,007 [INFO] Pacing: sleep 1.4s
2026-07-27 03:38:57,398 [INFO] Page 26 | Collected: 500
2026-07-27 03:38:57,626 [INFO] Pacing: sleep 0.6s
2026-07-27 03:38:58,275 [INFO] Page 27 | Collected: 500
2026-07-27 03:38:58,551 [INFO] Pacing: sleep 0.5s
2026-07-27 03:38:59,057 [INFO] Page 28 | Collected: 500
2026-07-27 03:38:59,520 [INFO] Pacing: sleep 0.8s
2026-07-27 03:39:00,365 [INFO] Page 29 | Collected: 500
2026-07-27 03:39:00,604 [INFO] Pacing: sleep 1.0s
2026-07-27 03:39:01,555 [INFO] Page 30 | Collected: 500
2026-07-27 03:39:01,892 [INFO] Pacing: sleep 0.6s
2026-07-27 03:39:02,465 [INFO] Page 31 | Collected: 750
2026-07-27 03:39:02,519 [WARNING] Block detected on page 31: HTTP 429
2026-07-27 03:39:02,519 [INFO] Saved raw HTML for debugging: blocked_0031.html
2026-07-27 03:39:02,519 [WARNING] Initiating ADAPTIVE THROTTLING. Sleeping 180s, switching to SAFE mode.
2026-07-27 03:42:02,519 [INFO] Pacing: sleep 52.2s | Short Cooldown: 46.3s
2026-07-27 03:42:54,719 [INFO] Page 31 | Collected: 750
2026-07-27 03:42:54,946 [INFO] Pacing: sleep 7.8s
2026-07-27 03:43:02,719 [INFO] Page 32 | Collected: 750
2026-07-27 03:43:03,003 [INFO] Pacing: sleep 5.3s
2026-07-27 03:43:08,258 [INFO] Page 33 | Collected: 750
2026-07-27 03:43:08,614 [INFO] Pacing: sleep 6.2s
2026-07-27 03:43:14,768 [INFO] Page 34 | Collected: 750
2026-07-27 03:43:15,006 [INFO] Pacing: sleep 6.8s
2026-07-27 03:43:21,767 [INFO] Page 35 | Collected: 750
2026-07-27 03:43:22,106 [INFO] Pacing: sleep 7.0s
2026-07-27 03:43:29,148 [INFO] Page 36 | Collected: 750
2026-07-27 03:43:29,409 [INFO] Pacing: sleep 4.7s
2026-07-27 03:43:34,105 [INFO] Page 37 | Collected: 750
2026-07-27 03:43:34,320 [INFO] Pacing: sleep 5.9s
2026-07-27 03:43:40,240 [INFO] Page 38 | Collected: 750
2026-07-27 03:43:40,731 [INFO] Pacing: sleep 6.4s
2026-07-27 03:43:47,139 [INFO] Page 39 | Collected: 750
2026-07-27 03:43:47,382 [INFO] Pacing: sleep 5.9s
2026-07-27 03:43:53,262 [INFO] Page 40 | Collected: 750
2026-07-27 03:43:53,572 [INFO] Pacing: sleep 227.1s | Long Cooldown: 221.8s
2026-07-27 03:47:40,703 [INFO] Page 41 | Collected: 1000
2026-07-27 03:47:40,935 [INFO] Pacing: sleep 7.4s
2026-07-27 03:47:48,327 [INFO] Page 42 | Collected: 1000
2026-07-27 03:47:48,576 [INFO] Pacing: sleep 7.0s
2026-07-27 03:47:55,622 [INFO] Page 43 | Collected: 1000
2026-07-27 03:47:55,983 [INFO] Pacing: sleep 4.0s
2026-07-27 03:48:00,013 [INFO] Page 44 | Collected: 1000
2026-07-27 03:48:00,244 [INFO] Pacing: sleep 5.7s
2026-07-27 03:48:05,986 [INFO] Page 45 | Collected: 1000
2026-07-27 03:48:06,217 [INFO] Pacing: sleep 4.7s
2026-07-27 03:48:10,908 [INFO] Page 46 | Collected: 1000
2026-07-27 03:48:11,267 [INFO] Pacing: sleep 7.0s
2026-07-27 03:48:18,264 [INFO] Page 47 | Collected: 1000
2026-07-27 03:48:18,496 [INFO] Pacing: sleep 7.0s
2026-07-27 03:48:25,515 [INFO] Page 48 | Collected: 1000
2026-07-27 03:48:25,794 [INFO] Pacing: sleep 7.3s
2026-07-27 03:48:33,103 [INFO] Page 49 | Collected: 1000
2026-07-27 03:48:33,262 [WARNING] Block detected on page 49: Suspicious term found: 'captcha'
2026-07-27 03:48:33,263 [INFO] Saved raw HTML for debugging: blocked_0049.html
2026-07-27 03:48:33,263 [ERROR] Blocked again even after safe mode. Stopping gracefully.
2026-07-27 03:48:33,265 [INFO] Crawl stopped. Reason: adaptive_throttle_failed_page_49. Finalizing...
2026-07-27 03:48:33,265 [INFO] Merging intermediate pages from work_dir: /home/runner/work/steam-diploma/steam-diploma/data/snapshots/data/snapshots/_in_progress/d265191a-b604-42b2-b90f-e15afa202248
