2026-09-22 16:39:54,862 [INFO] Steam Snapshot Collector Started.
2026-09-22 16:39:54,862 [INFO] Speed Mode: fast
2026-09-22 16:39:54,862 [INFO] Work Dir: /home/runner/work/steam-diploma/steam-diploma/data/snapshots
2026-09-22 16:39:54,862 [INFO] Base Output Dir: .
2026-09-22 16:39:54,863 [INFO] Page 1 | Collected: 0
2026-09-22 16:39:55,222 [INFO] Pacing: sleep 1.3s
2026-09-22 16:39:56,541 [INFO] Page 2 | Collected: 0
2026-09-22 16:39:56,836 [INFO] Pacing: sleep 1.1s
2026-09-22 16:39:57,898 [INFO] Page 3 | Collected: 0
2026-09-22 16:39:58,190 [INFO] Pacing: sleep 1.2s
2026-09-22 16:39:59,394 [INFO] Page 4 | Collected: 0
2026-09-22 16:39:59,691 [INFO] Pacing: sleep 1.0s
2026-09-22 16:40:00,662 [INFO] Page 5 | Collected: 0
2026-09-22 16:40:00,880 [INFO] Pacing: sleep 0.6s
2026-09-22 16:40:01,471 [INFO] Page 6 | Collected: 0
2026-09-22 16:40:01,765 [INFO] Pacing: sleep 0.7s
2026-09-22 16:40:02,513 [INFO] Page 7 | Collected: 0
2026-09-22 16:40:02,810 [INFO] Pacing: sleep 1.4s
2026-09-22 16:40:04,241 [INFO] Page 8 | Collected: 0
2026-09-22 16:40:04,638 [INFO] Pacing: sleep 1.5s
2026-09-22 16:40:06,088 [INFO] Page 9 | Collected: 0
2026-09-22 16:40:06,333 [INFO] Pacing: sleep 1.1s
2026-09-22 16:40:07,449 [INFO] Page 10 | Collected: 0
2026-09-22 16:40:07,727 [INFO] Pacing: sleep 0.8s
2026-09-22 16:40:08,479 [INFO] Page 11 | Collected: 250
2026-09-22 16:40:08,729 [INFO] Pacing: sleep 1.2s
2026-09-22 16:40:09,963 [INFO] Page 12 | Collected: 250
2026-09-22 16:40:10,269 [INFO] Pacing: sleep 1.2s
2026-09-22 16:40:11,477 [INFO] Page 13 | Collected: 250
2026-09-22 16:40:11,808 [INFO] Pacing: sleep 1.5s
2026-09-22 16:40:13,302 [INFO] Page 14 | Collected: 250
2026-09-22 16:40:13,554 [INFO] Pacing: sleep 1.0s
2026-09-22 16:40:14,580 [INFO] Page 15 | Collected: 250
2026-09-22 16:40:14,898 [INFO] Pacing: sleep 1.4s
2026-09-22 16:40:16,334 [INFO] Page 16 | Collected: 250
2026-09-22 16:40:16,591 [INFO] Pacing: sleep 1.4s
2026-09-22 16:40:18,002 [INFO] Page 17 | Collected: 250
2026-09-22 16:40:18,214 [INFO] Pacing: sleep 0.5s
2026-09-22 16:40:18,747 [INFO] Page 18 | Collected: 250
2026-09-22 16:40:19,040 [INFO] Pacing: sleep 1.3s
2026-09-22 16:40:20,357 [INFO] Page 19 | Collected: 250
2026-09-22 16:40:20,623 [INFO] Pacing: sleep 0.7s
2026-09-22 16:40:21,308 [INFO] Page 20 | Collected: 250
2026-09-22 16:40:21,612 [INFO] Pacing: sleep 1.4s
2026-09-22 16:40:23,019 [INFO] Page 21 | Collected: 500
2026-09-22 16:40:23,263 [INFO] Pacing: sleep 1.2s
2026-09-22 16:40:24,495 [INFO] Page 22 | Collected: 500
2026-09-22 16:40:24,739 [INFO] Pacing: sleep 0.7s
2026-09-22 16:40:25,461 [INFO] Page 23 | Collected: 500
2026-09-22 16:40:25,796 [INFO] Pacing: sleep 1.4s
2026-09-22 16:40:27,225 [INFO] Page 24 | Collected: 500
2026-09-22 16:40:27,578 [INFO] Pacing: sleep 1.4s
2026-09-22 16:40:28,935 [INFO] Page 25 | Collected: 500
2026-09-22 16:40:29,177 [INFO] Pacing: sleep 0.7s
2026-09-22 16:40:29,915 [INFO] Page 26 | Collected: 500
2026-09-22 16:40:30,359 [INFO] Pacing: sleep 0.8s
2026-09-22 16:40:31,150 [INFO] Page 27 | Collected: 500
2026-09-22 16:40:31,486 [INFO] Pacing: sleep 0.7s
2026-09-22 16:40:32,187 [INFO] Page 28 | Collected: 500
2026-09-22 16:40:32,768 [INFO] Pacing: sleep 1.5s
2026-09-22 16:40:34,219 [INFO] Page 29 | Collected: 500
2026-09-22 16:40:34,475 [INFO] Pacing: sleep 1.3s
2026-09-22 16:40:35,728 [INFO] Page 30 | Collected: 500
2026-09-22 16:40:36,031 [INFO] Pacing: sleep 1.2s
2026-09-22 16:40:37,181 [INFO] Page 31 | Collected: 750
2026-09-22 16:40:37,314 [WARNING] Block detected on page 31: HTTP 429
2026-09-22 16:40:37,315 [INFO] Saved raw HTML for debugging: blocked_0031.html
2026-09-22 16:40:37,315 [WARNING] Initiating ADAPTIVE THROTTLING. Sleeping 180s, switching to SAFE mode.
2026-09-22 16:43:37,315 [INFO] Pacing: sleep 51.8s | Short Cooldown: 43.9s
2026-09-22 16:44:29,130 [INFO] Page 31 | Collected: 750
2026-09-22 16:44:29,455 [INFO] Pacing: sleep 4.1s
2026-09-22 16:44:33,565 [INFO] Page 32 | Collected: 750
2026-09-22 16:44:33,816 [INFO] Pacing: sleep 5.6s
2026-09-22 16:44:39,376 [INFO] Page 33 | Collected: 750
2026-09-22 16:44:39,685 [INFO] Pacing: sleep 6.7s
2026-09-22 16:44:46,397 [INFO] Page 34 | Collected: 750
2026-09-22 16:44:46,663 [INFO] Pacing: sleep 6.9s
2026-09-22 16:44:53,603 [INFO] Page 35 | Collected: 750
2026-09-22 16:44:53,824 [INFO] Pacing: sleep 4.0s
2026-09-22 16:44:57,836 [INFO] Page 36 | Collected: 750
2026-09-22 16:44:58,144 [INFO] Pacing: sleep 7.1s
2026-09-22 16:45:05,276 [INFO] Page 37 | Collected: 750
2026-09-22 16:45:05,525 [INFO] Pacing: sleep 6.3s
2026-09-22 16:45:11,873 [INFO] Page 38 | Collected: 750
2026-09-22 16:45:12,121 [INFO] Pacing: sleep 7.5s
2026-09-22 16:45:19,664 [INFO] Page 39 | Collected: 750
2026-09-22 16:45:19,985 [INFO] Pacing: sleep 7.6s
2026-09-22 16:45:27,536 [INFO] Page 40 | Collected: 750
2026-09-22 16:45:27,770 [INFO] Pacing: sleep 126.7s | Long Cooldown: 120.1s
2026-09-22 16:47:34,470 [INFO] Page 41 | Collected: 1000
2026-09-22 16:47:34,815 [INFO] Pacing: sleep 5.4s
2026-09-22 16:47:40,243 [INFO] Page 42 | Collected: 1000
2026-09-22 16:47:40,511 [INFO] Pacing: sleep 6.5s
2026-09-22 16:47:46,995 [INFO] Page 43 | Collected: 1000
2026-09-22 16:47:47,239 [INFO] Pacing: sleep 4.5s
2026-09-22 16:47:51,732 [INFO] Page 44 | Collected: 1000
2026-09-22 16:47:52,210 [INFO] Pacing: sleep 7.3s
2026-09-22 16:47:59,464 [INFO] Page 45 | Collected: 1000
2026-09-22 16:47:59,738 [INFO] Pacing: sleep 5.9s
2026-09-22 16:48:05,674 [INFO] Page 46 | Collected: 1000
2026-09-22 16:48:06,124 [INFO] Pacing: sleep 4.2s
2026-09-22 16:48:10,366 [INFO] Page 47 | Collected: 1000
2026-09-22 16:48:10,653 [WARNING] Block detected on page 47: Suspicious term found: 'captcha'
2026-09-22 16:48:10,654 [INFO] Saved raw HTML for debugging: blocked_0047.html
2026-09-22 16:48:10,654 [ERROR] Blocked again even after safe mode. Stopping gracefully.
2026-09-22 16:48:10,655 [INFO] Crawl stopped. Reason: adaptive_throttle_failed_page_47. Finalizing...
2026-09-22 16:48:10,655 [INFO] Merging intermediate pages from work_dir: /home/runner/work/steam-diploma/steam-diploma/data/snapshots/data/snapshots/_in_progress/09480806-c3a1-4ad3-a139-01cfbee5e27d
