2026-07-29 03:13:45,922 [INFO] Steam Snapshot Collector Started.
2026-07-29 03:13:45,922 [INFO] Speed Mode: fast
2026-07-29 03:13:45,922 [INFO] Work Dir: /home/runner/work/steam-diploma/steam-diploma/data/snapshots
2026-07-29 03:13:45,922 [INFO] Base Output Dir: .
2026-07-29 03:13:45,923 [INFO] Page 1 | Collected: 0
2026-07-29 03:13:46,260 [INFO] Pacing: sleep 1.3s
2026-07-29 03:13:47,533 [INFO] Page 2 | Collected: 0
2026-07-29 03:13:47,841 [INFO] Pacing: sleep 1.5s
2026-07-29 03:13:49,321 [INFO] Page 3 | Collected: 0
2026-07-29 03:13:49,590 [INFO] Pacing: sleep 0.6s
2026-07-29 03:13:50,218 [INFO] Page 4 | Collected: 0
2026-07-29 03:13:50,565 [INFO] Pacing: sleep 1.0s
2026-07-29 03:13:51,606 [INFO] Page 5 | Collected: 0
2026-07-29 03:13:51,843 [INFO] Pacing: sleep 0.8s
2026-07-29 03:13:52,646 [INFO] Page 6 | Collected: 0
2026-07-29 03:13:52,904 [INFO] Pacing: sleep 1.2s
2026-07-29 03:13:54,068 [INFO] Page 7 | Collected: 0
2026-07-29 03:13:54,461 [INFO] Pacing: sleep 1.2s
2026-07-29 03:13:55,676 [INFO] Page 8 | Collected: 0
2026-07-29 03:13:56,003 [INFO] Pacing: sleep 1.5s
2026-07-29 03:13:57,466 [INFO] Page 9 | Collected: 0
2026-07-29 03:13:57,795 [INFO] Pacing: sleep 1.1s
2026-07-29 03:13:58,918 [INFO] Page 10 | Collected: 0
2026-07-29 03:13:59,278 [INFO] Pacing: sleep 0.7s
2026-07-29 03:13:59,973 [INFO] Page 11 | Collected: 250
2026-07-29 03:14:00,236 [INFO] Pacing: sleep 0.6s
2026-07-29 03:14:00,877 [INFO] Page 12 | Collected: 250
2026-07-29 03:14:01,219 [INFO] Pacing: sleep 1.1s
2026-07-29 03:14:02,354 [INFO] Page 13 | Collected: 250
2026-07-29 03:14:02,610 [INFO] Pacing: sleep 0.7s
2026-07-29 03:14:03,333 [INFO] Page 14 | Collected: 250
2026-07-29 03:14:03,588 [INFO] Pacing: sleep 0.7s
2026-07-29 03:14:04,281 [INFO] Page 15 | Collected: 250
2026-07-29 03:14:04,700 [INFO] Pacing: sleep 1.0s
2026-07-29 03:14:05,726 [INFO] Page 16 | Collected: 250
2026-07-29 03:14:06,011 [INFO] Pacing: sleep 0.5s
2026-07-29 03:14:06,529 [INFO] Page 17 | Collected: 250
2026-07-29 03:14:06,899 [INFO] Pacing: sleep 1.1s
2026-07-29 03:14:08,013 [INFO] Page 18 | Collected: 250
2026-07-29 03:14:08,292 [INFO] Pacing: sleep 0.6s
2026-07-29 03:14:08,895 [INFO] Page 19 | Collected: 250
2026-07-29 03:14:09,155 [INFO] Pacing: sleep 1.1s
2026-07-29 03:14:10,222 [INFO] Page 20 | Collected: 250
2026-07-29 03:14:10,572 [INFO] Pacing: sleep 0.6s
2026-07-29 03:14:11,183 [INFO] Page 21 | Collected: 500
2026-07-29 03:14:11,444 [INFO] Pacing: sleep 0.9s
2026-07-29 03:14:12,375 [INFO] Page 22 | Collected: 500
2026-07-29 03:14:12,711 [INFO] Pacing: sleep 0.7s
2026-07-29 03:14:13,394 [INFO] Page 23 | Collected: 500
2026-07-29 03:14:13,652 [INFO] Pacing: sleep 1.4s
2026-07-29 03:14:15,013 [INFO] Page 24 | Collected: 500
2026-07-29 03:14:15,272 [INFO] Pacing: sleep 1.5s
2026-07-29 03:14:16,765 [INFO] Page 25 | Collected: 500
2026-07-29 03:14:17,103 [INFO] Pacing: sleep 1.0s
2026-07-29 03:14:18,101 [INFO] Page 26 | Collected: 500
2026-07-29 03:14:18,389 [INFO] Pacing: sleep 0.6s
2026-07-29 03:14:19,007 [INFO] Page 27 | Collected: 500
2026-07-29 03:14:19,263 [INFO] Pacing: sleep 1.4s
2026-07-29 03:14:20,659 [INFO] Page 28 | Collected: 500
2026-07-29 03:14:21,005 [INFO] Pacing: sleep 0.7s
2026-07-29 03:14:21,693 [INFO] Page 29 | Collected: 500
2026-07-29 03:14:21,957 [INFO] Pacing: sleep 0.7s
2026-07-29 03:14:22,626 [INFO] Page 30 | Collected: 500
2026-07-29 03:14:22,970 [INFO] Pacing: sleep 1.2s
2026-07-29 03:14:24,173 [INFO] Page 31 | Collected: 750
2026-07-29 03:14:24,278 [WARNING] Block detected on page 31: HTTP 429
2026-07-29 03:14:24,278 [INFO] Saved raw HTML for debugging: blocked_0031.html
2026-07-29 03:14:24,278 [WARNING] Initiating ADAPTIVE THROTTLING. Sleeping 180s, switching to SAFE mode.
2026-07-29 03:17:24,279 [INFO] Pacing: sleep 37.3s | Short Cooldown: 31.9s
2026-07-29 03:18:01,582 [INFO] Page 31 | Collected: 750
2026-07-29 03:18:01,865 [INFO] Pacing: sleep 4.6s
2026-07-29 03:18:06,434 [INFO] Page 32 | Collected: 750
2026-07-29 03:18:06,706 [INFO] Pacing: sleep 7.5s
2026-07-29 03:18:14,244 [INFO] Page 33 | Collected: 750
2026-07-29 03:18:14,617 [INFO] Pacing: sleep 4.3s
2026-07-29 03:18:18,950 [INFO] Page 34 | Collected: 750
2026-07-29 03:18:19,229 [INFO] Pacing: sleep 4.7s
2026-07-29 03:18:23,882 [INFO] Page 35 | Collected: 750
2026-07-29 03:18:24,278 [INFO] Pacing: sleep 8.0s
2026-07-29 03:18:32,228 [INFO] Page 36 | Collected: 750
2026-07-29 03:18:32,514 [INFO] Pacing: sleep 4.9s
2026-07-29 03:18:37,366 [INFO] Page 37 | Collected: 750
2026-07-29 03:18:37,630 [INFO] Pacing: sleep 6.0s
2026-07-29 03:18:43,644 [INFO] Page 38 | Collected: 750
2026-07-29 03:18:44,066 [INFO] Pacing: sleep 4.8s
2026-07-29 03:18:48,894 [INFO] Page 39 | Collected: 750
2026-07-29 03:18:49,195 [INFO] Pacing: sleep 4.7s
2026-07-29 03:18:53,906 [INFO] Page 40 | Collected: 750
2026-07-29 03:18:54,251 [INFO] Pacing: sleep 152.9s | Long Cooldown: 145.4s
2026-07-29 03:21:27,111 [INFO] Page 41 | Collected: 1000
2026-07-29 03:21:27,398 [INFO] Pacing: sleep 6.9s
2026-07-29 03:21:34,328 [INFO] Page 42 | Collected: 1000
2026-07-29 03:21:34,605 [INFO] Pacing: sleep 7.0s
2026-07-29 03:21:41,625 [INFO] Page 43 | Collected: 1000
2026-07-29 03:21:41,970 [INFO] Pacing: sleep 4.6s
2026-07-29 03:21:46,604 [INFO] Page 44 | Collected: 1000
2026-07-29 03:21:46,882 [INFO] Pacing: sleep 5.2s
2026-07-29 03:21:52,110 [INFO] Page 45 | Collected: 1000
2026-07-29 03:21:52,355 [INFO] Pacing: sleep 7.6s
2026-07-29 03:21:59,996 [INFO] Page 46 | Collected: 1000
2026-07-29 03:22:00,380 [INFO] Pacing: sleep 7.2s
2026-07-29 03:22:07,544 [INFO] Page 47 | Collected: 1000
2026-07-29 03:22:07,827 [INFO] Pacing: sleep 4.1s
2026-07-29 03:22:11,891 [INFO] Page 48 | Collected: 1000
2026-07-29 03:22:12,062 [WARNING] Block detected on page 48: Suspicious term found: 'captcha'
2026-07-29 03:22:12,063 [INFO] Saved raw HTML for debugging: blocked_0048.html
2026-07-29 03:22:12,063 [ERROR] Blocked again even after safe mode. Stopping gracefully.
2026-07-29 03:22:12,065 [INFO] Crawl stopped. Reason: adaptive_throttle_failed_page_48. Finalizing...
2026-07-29 03:22:12,065 [INFO] Merging intermediate pages from work_dir: /home/runner/work/steam-diploma/steam-diploma/data/snapshots/data/snapshots/_in_progress/69935639-ebeb-4e1e-8a71-935667f555d6
