2026-07-30 02:46:23,103 [INFO] Steam Snapshot Collector Started.
2026-07-30 02:46:23,103 [INFO] Speed Mode: fast
2026-07-30 02:46:23,103 [INFO] Work Dir: /home/runner/work/steam-diploma/steam-diploma/data/snapshots
2026-07-30 02:46:23,103 [INFO] Base Output Dir: .
2026-07-30 02:46:23,104 [INFO] Page 1 | Collected: 0
2026-07-30 02:46:23,545 [INFO] Pacing: sleep 0.7s
2026-07-30 02:46:24,223 [INFO] Page 2 | Collected: 0
2026-07-30 02:46:24,585 [INFO] Pacing: sleep 0.6s
2026-07-30 02:46:25,233 [INFO] Page 3 | Collected: 0
2026-07-30 02:46:25,559 [INFO] Pacing: sleep 0.9s
2026-07-30 02:46:26,463 [INFO] Page 4 | Collected: 0
2026-07-30 02:46:26,953 [INFO] Pacing: sleep 0.9s
2026-07-30 02:46:27,820 [INFO] Page 5 | Collected: 0
2026-07-30 02:46:28,136 [INFO] Pacing: sleep 1.3s
2026-07-30 02:46:29,444 [INFO] Page 6 | Collected: 0
2026-07-30 02:46:29,758 [INFO] Pacing: sleep 0.8s
2026-07-30 02:46:30,600 [INFO] Page 7 | Collected: 0
2026-07-30 02:46:31,144 [INFO] Pacing: sleep 1.0s
2026-07-30 02:46:32,150 [INFO] Page 8 | Collected: 0
2026-07-30 02:46:32,476 [INFO] Pacing: sleep 1.3s
2026-07-30 02:46:33,823 [INFO] Page 9 | Collected: 0
2026-07-30 02:46:34,168 [INFO] Pacing: sleep 1.0s
2026-07-30 02:46:35,190 [INFO] Page 10 | Collected: 0
2026-07-30 02:46:35,733 [INFO] Pacing: sleep 1.1s
2026-07-30 02:46:36,867 [INFO] Page 11 | Collected: 250
2026-07-30 02:46:37,194 [INFO] Pacing: sleep 0.6s
2026-07-30 02:46:37,771 [INFO] Page 12 | Collected: 250
2026-07-30 02:46:38,274 [INFO] Pacing: sleep 1.3s
2026-07-30 02:46:39,548 [INFO] Page 13 | Collected: 250
2026-07-30 02:46:39,860 [INFO] Pacing: sleep 1.1s
2026-07-30 02:46:41,004 [INFO] Page 14 | Collected: 250
2026-07-30 02:46:41,315 [INFO] Pacing: sleep 0.9s
2026-07-30 02:46:42,243 [INFO] Page 15 | Collected: 250
2026-07-30 02:46:42,798 [INFO] Pacing: sleep 1.2s
2026-07-30 02:46:43,976 [INFO] Page 16 | Collected: 250
2026-07-30 02:46:44,282 [INFO] Pacing: sleep 1.1s
2026-07-30 02:46:45,335 [INFO] Page 17 | Collected: 250
2026-07-30 02:46:45,872 [INFO] Pacing: sleep 0.6s
2026-07-30 02:46:46,437 [INFO] Page 18 | Collected: 250
2026-07-30 02:46:46,746 [INFO] Pacing: sleep 1.4s
2026-07-30 02:46:48,167 [INFO] Page 19 | Collected: 250
2026-07-30 02:46:48,452 [INFO] Pacing: sleep 0.6s
2026-07-30 02:46:49,053 [INFO] Page 20 | Collected: 250
2026-07-30 02:46:49,556 [INFO] Pacing: sleep 1.1s
2026-07-30 02:46:50,678 [INFO] Page 21 | Collected: 500
2026-07-30 02:46:50,988 [INFO] Pacing: sleep 1.3s
2026-07-30 02:46:52,248 [INFO] Page 22 | Collected: 500
2026-07-30 02:46:52,697 [INFO] Pacing: sleep 1.0s
2026-07-30 02:46:53,727 [INFO] Page 23 | Collected: 500
2026-07-30 02:46:54,130 [INFO] Pacing: sleep 1.4s
2026-07-30 02:46:55,507 [INFO] Page 24 | Collected: 500
2026-07-30 02:46:55,821 [INFO] Pacing: sleep 1.3s
2026-07-30 02:46:57,104 [INFO] Page 25 | Collected: 500
2026-07-30 02:46:57,647 [INFO] Pacing: sleep 1.5s
2026-07-30 02:46:59,130 [INFO] Page 26 | Collected: 500
2026-07-30 02:46:59,479 [INFO] Pacing: sleep 0.6s
2026-07-30 02:47:00,067 [INFO] Page 27 | Collected: 500
2026-07-30 02:47:00,386 [INFO] Pacing: sleep 1.1s
2026-07-30 02:47:01,441 [INFO] Page 28 | Collected: 500
2026-07-30 02:47:01,930 [INFO] Pacing: sleep 0.9s
2026-07-30 02:47:02,825 [INFO] Page 29 | Collected: 500
2026-07-30 02:47:03,228 [INFO] Pacing: sleep 0.9s
2026-07-30 02:47:04,120 [INFO] Page 30 | Collected: 500
2026-07-30 02:47:04,644 [INFO] Pacing: sleep 1.1s
2026-07-30 02:47:05,779 [INFO] Page 31 | Collected: 750
2026-07-30 02:47:05,866 [WARNING] Block detected on page 31: HTTP 429
2026-07-30 02:47:05,866 [INFO] Saved raw HTML for debugging: blocked_0031.html
2026-07-30 02:47:05,866 [WARNING] Initiating ADAPTIVE THROTTLING. Sleeping 180s, switching to SAFE mode.
2026-07-30 02:50:05,867 [INFO] Pacing: sleep 45.0s | Short Cooldown: 40.9s
2026-07-30 02:50:50,851 [INFO] Page 31 | Collected: 750
2026-07-30 02:50:51,173 [INFO] Pacing: sleep 7.0s
2026-07-30 02:50:58,204 [INFO] Page 32 | Collected: 750
2026-07-30 02:50:58,506 [INFO] Pacing: sleep 7.6s
2026-07-30 02:51:06,081 [INFO] Page 33 | Collected: 750
2026-07-30 02:51:06,578 [INFO] Pacing: sleep 6.7s
2026-07-30 02:51:13,306 [INFO] Page 34 | Collected: 750
2026-07-30 02:51:13,605 [INFO] Pacing: sleep 6.3s
2026-07-30 02:51:19,896 [INFO] Page 35 | Collected: 750
2026-07-30 02:51:20,372 [INFO] Pacing: sleep 6.2s
2026-07-30 02:51:26,623 [INFO] Page 36 | Collected: 750
2026-07-30 02:51:26,977 [INFO] Pacing: sleep 4.2s
2026-07-30 02:51:31,220 [INFO] Page 37 | Collected: 750
2026-07-30 02:51:31,521 [INFO] Pacing: sleep 4.8s
2026-07-30 02:51:36,285 [INFO] Page 38 | Collected: 750
2026-07-30 02:51:36,811 [INFO] Pacing: sleep 7.6s
2026-07-30 02:51:44,396 [INFO] Page 39 | Collected: 750
2026-07-30 02:51:44,716 [INFO] Pacing: sleep 5.9s
2026-07-30 02:51:50,575 [INFO] Page 40 | Collected: 750
2026-07-30 02:51:51,062 [INFO] Pacing: sleep 219.3s | Long Cooldown: 212.9s
2026-07-30 02:55:30,361 [INFO] Page 41 | Collected: 1000
2026-07-30 02:55:30,651 [INFO] Pacing: sleep 6.0s
2026-07-30 02:55:36,695 [INFO] Page 42 | Collected: 1000
2026-07-30 02:55:36,986 [INFO] Pacing: sleep 7.3s
2026-07-30 02:55:44,267 [INFO] Page 43 | Collected: 1000
2026-07-30 02:55:44,863 [INFO] Pacing: sleep 5.4s
2026-07-30 02:55:50,265 [INFO] Page 44 | Collected: 1000
2026-07-30 02:55:50,560 [INFO] Pacing: sleep 4.7s
2026-07-30 02:55:55,257 [INFO] Page 45 | Collected: 1000
2026-07-30 02:55:55,554 [INFO] Pacing: sleep 5.5s
2026-07-30 02:56:01,064 [INFO] Page 46 | Collected: 1000
2026-07-30 02:56:01,635 [INFO] Pacing: sleep 7.2s
2026-07-30 02:56:08,791 [INFO] Page 47 | Collected: 1000
2026-07-30 02:56:09,129 [INFO] Pacing: sleep 4.7s
2026-07-30 02:56:13,858 [INFO] Page 48 | Collected: 1000
2026-07-30 02:56:14,004 [WARNING] Block detected on page 48: Suspicious term found: 'captcha'
2026-07-30 02:56:14,005 [INFO] Saved raw HTML for debugging: blocked_0048.html
2026-07-30 02:56:14,005 [ERROR] Blocked again even after safe mode. Stopping gracefully.
2026-07-30 02:56:14,007 [INFO] Crawl stopped. Reason: adaptive_throttle_failed_page_48. Finalizing...
2026-07-30 02:56:14,008 [INFO] Merging intermediate pages from work_dir: /home/runner/work/steam-diploma/steam-diploma/data/snapshots/data/snapshots/_in_progress/aea7e9dd-d70c-46e4-840a-6a3dbac3fdb0
