2026-09-12 04:01:29,824 [INFO] Steam Snapshot Collector Started.
2026-09-12 04:01:29,824 [INFO] Speed Mode: fast
2026-09-12 04:01:29,825 [INFO] Work Dir: /home/runner/work/steam-diploma/steam-diploma/data/snapshots
2026-09-12 04:01:29,825 [INFO] Base Output Dir: .
2026-09-12 04:01:29,825 [INFO] Page 1 | Collected: 0
2026-09-12 04:01:30,141 [INFO] Pacing: sleep 0.7s
2026-09-12 04:01:30,811 [INFO] Page 2 | Collected: 0
2026-09-12 04:01:31,099 [INFO] Pacing: sleep 0.8s
2026-09-12 04:01:31,934 [INFO] Page 3 | Collected: 0
2026-09-12 04:01:32,200 [INFO] Pacing: sleep 0.6s
2026-09-12 04:01:32,790 [INFO] Page 4 | Collected: 0
2026-09-12 04:01:33,119 [INFO] Pacing: sleep 1.2s
2026-09-12 04:01:34,332 [INFO] Page 5 | Collected: 0
2026-09-12 04:01:34,600 [INFO] Pacing: sleep 1.1s
2026-09-12 04:01:35,731 [INFO] Page 6 | Collected: 0
2026-09-12 04:01:36,044 [INFO] Pacing: sleep 1.0s
2026-09-12 04:01:37,076 [INFO] Page 7 | Collected: 0
2026-09-12 04:01:37,441 [INFO] Pacing: sleep 1.4s
2026-09-12 04:01:38,880 [INFO] Page 8 | Collected: 0
2026-09-12 04:01:39,156 [INFO] Pacing: sleep 0.8s
2026-09-12 04:01:39,913 [INFO] Page 9 | Collected: 0
2026-09-12 04:01:40,160 [INFO] Pacing: sleep 1.2s
2026-09-12 04:01:41,377 [INFO] Page 10 | Collected: 0
2026-09-12 04:01:41,724 [INFO] Pacing: sleep 1.1s
2026-09-12 04:01:42,806 [INFO] Page 11 | Collected: 250
2026-09-12 04:01:43,056 [INFO] Pacing: sleep 1.2s
2026-09-12 04:01:44,233 [INFO] Page 12 | Collected: 250
2026-09-12 04:01:44,560 [INFO] Pacing: sleep 1.2s
2026-09-12 04:01:45,749 [INFO] Page 13 | Collected: 250
2026-09-12 04:01:45,994 [INFO] Pacing: sleep 1.3s
2026-09-12 04:01:47,338 [INFO] Page 14 | Collected: 250
2026-09-12 04:01:47,609 [INFO] Pacing: sleep 1.1s
2026-09-12 04:01:48,743 [INFO] Page 15 | Collected: 250
2026-09-12 04:01:49,167 [INFO] Pacing: sleep 1.2s
2026-09-12 04:01:50,317 [INFO] Page 16 | Collected: 250
2026-09-12 04:01:50,566 [INFO] Pacing: sleep 0.7s
2026-09-12 04:01:51,243 [INFO] Page 17 | Collected: 250
2026-09-12 04:01:51,479 [INFO] Pacing: sleep 0.9s
2026-09-12 04:01:52,403 [INFO] Page 18 | Collected: 250
2026-09-12 04:01:52,804 [INFO] Pacing: sleep 1.4s
2026-09-12 04:01:54,209 [INFO] Page 19 | Collected: 250
2026-09-12 04:01:54,472 [INFO] Pacing: sleep 1.1s
2026-09-12 04:01:55,551 [INFO] Page 20 | Collected: 250
2026-09-12 04:01:55,888 [INFO] Pacing: sleep 0.9s
2026-09-12 04:01:56,832 [INFO] Page 21 | Collected: 500
2026-09-12 04:01:57,077 [INFO] Pacing: sleep 0.7s
2026-09-12 04:01:57,756 [INFO] Page 22 | Collected: 500
2026-09-12 04:01:58,011 [INFO] Pacing: sleep 0.7s
2026-09-12 04:01:58,697 [INFO] Page 23 | Collected: 500
2026-09-12 04:01:59,083 [INFO] Pacing: sleep 1.5s
2026-09-12 04:02:00,576 [INFO] Page 24 | Collected: 500
2026-09-12 04:02:01,009 [INFO] Pacing: sleep 1.2s
2026-09-12 04:02:02,234 [INFO] Page 25 | Collected: 500
2026-09-12 04:02:02,480 [INFO] Pacing: sleep 1.2s
2026-09-12 04:02:03,696 [INFO] Page 26 | Collected: 500
2026-09-12 04:02:04,042 [INFO] Pacing: sleep 0.8s
2026-09-12 04:02:04,861 [INFO] Page 27 | Collected: 500
2026-09-12 04:02:05,122 [INFO] Pacing: sleep 0.6s
2026-09-12 04:02:05,763 [INFO] Page 28 | Collected: 500
2026-09-12 04:02:06,148 [INFO] Pacing: sleep 1.3s
2026-09-12 04:02:07,463 [INFO] Page 29 | Collected: 500
2026-09-12 04:02:07,742 [INFO] Pacing: sleep 1.0s
2026-09-12 04:02:08,759 [INFO] Page 30 | Collected: 500
2026-09-12 04:02:09,010 [INFO] Pacing: sleep 1.3s
2026-09-12 04:02:10,309 [INFO] Page 31 | Collected: 750
2026-09-12 04:02:10,408 [WARNING] Block detected on page 31: HTTP 429
2026-09-12 04:02:10,408 [INFO] Saved raw HTML for debugging: blocked_0031.html
2026-09-12 04:02:10,408 [WARNING] Initiating ADAPTIVE THROTTLING. Sleeping 180s, switching to SAFE mode.
2026-09-12 04:05:10,408 [INFO] Pacing: sleep 62.0s | Short Cooldown: 57.6s
2026-09-12 04:06:12,445 [INFO] Page 31 | Collected: 750
2026-09-12 04:06:12,812 [INFO] Pacing: sleep 5.3s
2026-09-12 04:06:18,103 [INFO] Page 32 | Collected: 750
2026-09-12 04:06:18,426 [INFO] Pacing: sleep 5.7s
2026-09-12 04:06:24,128 [INFO] Page 33 | Collected: 750
2026-09-12 04:06:24,492 [INFO] Pacing: sleep 5.3s
2026-09-12 04:06:29,809 [INFO] Page 34 | Collected: 750
2026-09-12 04:06:30,138 [INFO] Pacing: sleep 6.7s
2026-09-12 04:06:36,829 [INFO] Page 35 | Collected: 750
2026-09-12 04:06:37,115 [INFO] Pacing: sleep 7.0s
2026-09-12 04:06:44,097 [INFO] Page 36 | Collected: 750
2026-09-12 04:06:44,472 [INFO] Pacing: sleep 7.2s
2026-09-12 04:06:51,640 [INFO] Page 37 | Collected: 750
2026-09-12 04:06:51,899 [INFO] Pacing: sleep 4.8s
2026-09-12 04:06:56,724 [INFO] Page 38 | Collected: 750
2026-09-12 04:06:57,016 [INFO] Pacing: sleep 7.8s
2026-09-12 04:07:04,822 [INFO] Page 39 | Collected: 750
2026-09-12 04:07:05,175 [INFO] Pacing: sleep 7.0s
2026-09-12 04:07:12,224 [INFO] Page 40 | Collected: 750
2026-09-12 04:07:12,494 [INFO] Pacing: sleep 222.2s | Long Cooldown: 217.5s
2026-09-12 04:10:54,719 [INFO] Page 41 | Collected: 1000
2026-09-12 04:10:55,070 [INFO] Pacing: sleep 4.5s
2026-09-12 04:10:59,614 [INFO] Page 42 | Collected: 1000
2026-09-12 04:10:59,904 [INFO] Pacing: sleep 6.1s
2026-09-12 04:11:06,008 [INFO] Page 43 | Collected: 1000
2026-09-12 04:11:06,273 [INFO] Pacing: sleep 6.0s
2026-09-12 04:11:12,317 [INFO] Page 44 | Collected: 1000
2026-09-12 04:11:12,705 [INFO] Pacing: sleep 4.8s
2026-09-12 04:11:17,521 [INFO] Page 45 | Collected: 1000
2026-09-12 04:11:17,804 [INFO] Pacing: sleep 5.0s
2026-09-12 04:11:22,849 [INFO] Page 46 | Collected: 1000
2026-09-12 04:11:23,149 [INFO] Pacing: sleep 5.6s
2026-09-12 04:11:28,751 [INFO] Page 47 | Collected: 1000
2026-09-12 04:11:29,143 [INFO] Pacing: sleep 4.6s
2026-09-12 04:11:33,700 [INFO] Page 48 | Collected: 1000
2026-09-12 04:11:33,865 [WARNING] Block detected on page 48: Suspicious term found: 'captcha'
2026-09-12 04:11:33,866 [INFO] Saved raw HTML for debugging: blocked_0048.html
2026-09-12 04:11:33,866 [ERROR] Blocked again even after safe mode. Stopping gracefully.
2026-09-12 04:11:33,868 [INFO] Crawl stopped. Reason: adaptive_throttle_failed_page_48. Finalizing...
2026-09-12 04:11:33,868 [INFO] Merging intermediate pages from work_dir: /home/runner/work/steam-diploma/steam-diploma/data/snapshots/data/snapshots/_in_progress/a8186bde-0df2-4c0f-a408-dbcac3d2a6ee
