2026-08-31 04:51:26,641 [INFO] Steam Snapshot Collector Started.
2026-08-31 04:51:26,642 [INFO] Speed Mode: fast
2026-08-31 04:51:26,642 [INFO] Work Dir: /home/runner/work/steam-diploma/steam-diploma/data/snapshots
2026-08-31 04:51:26,642 [INFO] Base Output Dir: .
2026-08-31 04:51:26,642 [INFO] Page 1 | Collected: 0
2026-08-31 04:51:26,978 [INFO] Pacing: sleep 1.2s
2026-08-31 04:51:28,129 [INFO] Page 2 | Collected: 0
2026-08-31 04:51:28,461 [INFO] Pacing: sleep 0.7s
2026-08-31 04:51:29,143 [INFO] Page 3 | Collected: 0
2026-08-31 04:51:29,442 [INFO] Pacing: sleep 1.1s
2026-08-31 04:51:30,547 [INFO] Page 4 | Collected: 0
2026-08-31 04:51:30,930 [INFO] Pacing: sleep 0.6s
2026-08-31 04:51:31,482 [INFO] Page 5 | Collected: 0
2026-08-31 04:51:31,837 [INFO] Pacing: sleep 0.7s
2026-08-31 04:51:32,526 [INFO] Page 6 | Collected: 0
2026-08-31 04:51:32,882 [INFO] Pacing: sleep 1.4s
2026-08-31 04:51:34,248 [INFO] Page 7 | Collected: 0
2026-08-31 04:51:34,647 [INFO] Pacing: sleep 1.4s
2026-08-31 04:51:36,040 [INFO] Page 8 | Collected: 0
2026-08-31 04:51:36,399 [INFO] Pacing: sleep 1.3s
2026-08-31 04:51:37,713 [INFO] Page 9 | Collected: 0
2026-08-31 04:51:38,005 [INFO] Pacing: sleep 1.0s
2026-08-31 04:51:39,008 [INFO] Page 10 | Collected: 0
2026-08-31 04:51:39,591 [INFO] Pacing: sleep 0.8s
2026-08-31 04:51:40,418 [INFO] Page 11 | Collected: 250
2026-08-31 04:51:40,687 [INFO] Pacing: sleep 1.4s
2026-08-31 04:51:42,112 [INFO] Page 12 | Collected: 250
2026-08-31 04:51:42,500 [INFO] Pacing: sleep 1.1s
2026-08-31 04:51:43,576 [INFO] Page 13 | Collected: 250
2026-08-31 04:51:43,983 [INFO] Pacing: sleep 0.8s
2026-08-31 04:51:44,779 [INFO] Page 14 | Collected: 250
2026-08-31 04:51:45,108 [INFO] Pacing: sleep 1.4s
2026-08-31 04:51:46,553 [INFO] Page 15 | Collected: 250
2026-08-31 04:51:46,967 [INFO] Pacing: sleep 0.6s
2026-08-31 04:51:47,588 [INFO] Page 16 | Collected: 250
2026-08-31 04:51:47,955 [INFO] Pacing: sleep 1.4s
2026-08-31 04:51:49,400 [INFO] Page 17 | Collected: 250
2026-08-31 04:51:49,707 [INFO] Pacing: sleep 0.7s
2026-08-31 04:51:50,411 [INFO] Page 18 | Collected: 250
2026-08-31 04:51:50,837 [INFO] Pacing: sleep 0.9s
2026-08-31 04:51:51,706 [INFO] Page 19 | Collected: 250
2026-08-31 04:51:52,008 [INFO] Pacing: sleep 1.4s
2026-08-31 04:51:53,381 [INFO] Page 20 | Collected: 250
2026-08-31 04:51:53,781 [INFO] Pacing: sleep 1.0s
2026-08-31 04:51:54,756 [INFO] Page 21 | Collected: 500
2026-08-31 04:51:55,045 [INFO] Pacing: sleep 1.1s
2026-08-31 04:51:56,144 [INFO] Page 22 | Collected: 500
2026-08-31 04:51:56,484 [INFO] Pacing: sleep 1.3s
2026-08-31 04:51:57,785 [INFO] Page 23 | Collected: 500
2026-08-31 04:51:58,258 [INFO] Pacing: sleep 1.2s
2026-08-31 04:51:59,469 [INFO] Page 24 | Collected: 500
2026-08-31 04:51:59,791 [INFO] Pacing: sleep 0.6s
2026-08-31 04:52:00,384 [INFO] Page 25 | Collected: 500
2026-08-31 04:52:00,787 [INFO] Pacing: sleep 1.1s
2026-08-31 04:52:01,920 [INFO] Page 26 | Collected: 500
2026-08-31 04:52:02,214 [INFO] Pacing: sleep 0.9s
2026-08-31 04:52:03,146 [INFO] Page 27 | Collected: 500
2026-08-31 04:52:03,445 [INFO] Pacing: sleep 0.9s
2026-08-31 04:52:04,375 [INFO] Page 28 | Collected: 500
2026-08-31 04:52:04,864 [INFO] Pacing: sleep 0.5s
2026-08-31 04:52:05,413 [INFO] Page 29 | Collected: 500
2026-08-31 04:52:05,715 [INFO] Pacing: sleep 1.1s
2026-08-31 04:52:06,853 [INFO] Page 30 | Collected: 500
2026-08-31 04:52:07,135 [INFO] Pacing: sleep 1.0s
2026-08-31 04:52:08,164 [INFO] Page 31 | Collected: 750
2026-08-31 04:52:08,250 [WARNING] Block detected on page 31: HTTP 429
2026-08-31 04:52:08,250 [INFO] Saved raw HTML for debugging: blocked_0031.html
2026-08-31 04:52:08,251 [WARNING] Initiating ADAPTIVE THROTTLING. Sleeping 180s, switching to SAFE mode.
2026-08-31 04:55:08,251 [INFO] Pacing: sleep 46.4s | Short Cooldown: 39.7s
2026-08-31 04:55:54,666 [INFO] Page 31 | Collected: 750
2026-08-31 04:55:55,053 [INFO] Pacing: sleep 7.2s
2026-08-31 04:56:02,279 [INFO] Page 32 | Collected: 750
2026-08-31 04:56:02,561 [INFO] Pacing: sleep 7.7s
2026-08-31 04:56:10,240 [INFO] Page 33 | Collected: 750
2026-08-31 04:56:10,640 [INFO] Pacing: sleep 6.8s
2026-08-31 04:56:17,461 [INFO] Page 34 | Collected: 750
2026-08-31 04:56:17,760 [INFO] Pacing: sleep 4.4s
2026-08-31 04:56:22,178 [INFO] Page 35 | Collected: 750
2026-08-31 04:56:22,460 [INFO] Pacing: sleep 5.7s
2026-08-31 04:56:28,150 [INFO] Page 36 | Collected: 750
2026-08-31 04:56:28,538 [INFO] Pacing: sleep 7.2s
2026-08-31 04:56:35,696 [INFO] Page 37 | Collected: 750
2026-08-31 04:56:36,004 [INFO] Pacing: sleep 8.0s
2026-08-31 04:56:43,979 [INFO] Page 38 | Collected: 750
2026-08-31 04:56:44,259 [INFO] Pacing: sleep 5.5s
2026-08-31 04:56:49,787 [INFO] Page 39 | Collected: 750
2026-08-31 04:56:50,167 [INFO] Pacing: sleep 6.7s
2026-08-31 04:56:56,837 [INFO] Page 40 | Collected: 750
2026-08-31 04:56:57,135 [INFO] Pacing: sleep 246.6s | Long Cooldown: 239.5s
2026-08-31 05:01:03,752 [INFO] Page 41 | Collected: 1000
2026-08-31 05:01:04,235 [INFO] Pacing: sleep 7.2s
2026-08-31 05:01:11,386 [INFO] Page 42 | Collected: 1000
2026-08-31 05:01:11,672 [INFO] Pacing: sleep 6.9s
2026-08-31 05:01:18,619 [INFO] Page 43 | Collected: 1000
2026-08-31 05:01:18,931 [INFO] Pacing: sleep 5.0s
2026-08-31 05:01:23,955 [INFO] Page 44 | Collected: 1000
2026-08-31 05:01:24,450 [INFO] Pacing: sleep 7.9s
2026-08-31 05:01:32,347 [INFO] Page 45 | Collected: 1000
2026-08-31 05:01:32,729 [INFO] Pacing: sleep 7.1s
2026-08-31 05:01:39,839 [INFO] Page 46 | Collected: 1000
2026-08-31 05:01:40,004 [WARNING] Block detected on page 46: Suspicious term found: 'captcha'
2026-08-31 05:01:40,005 [INFO] Saved raw HTML for debugging: blocked_0046.html
2026-08-31 05:01:40,005 [ERROR] Blocked again even after safe mode. Stopping gracefully.
2026-08-31 05:01:40,007 [INFO] Crawl stopped. Reason: adaptive_throttle_failed_page_46. Finalizing...
2026-08-31 05:01:40,007 [INFO] Merging intermediate pages from work_dir: /home/runner/work/steam-diploma/steam-diploma/data/snapshots/data/snapshots/_in_progress/df048088-3493-414a-b70e-79f60279b085
