2026-09-23 04:12:09,746 [INFO] Steam Snapshot Collector Started.
2026-09-23 04:12:09,746 [INFO] Speed Mode: fast
2026-09-23 04:12:09,746 [INFO] Work Dir: /home/runner/work/steam-diploma/steam-diploma/data/snapshots
2026-09-23 04:12:09,746 [INFO] Base Output Dir: .
2026-09-23 04:12:09,747 [INFO] Page 1 | Collected: 0
2026-09-23 04:12:10,182 [INFO] Pacing: sleep 0.7s
2026-09-23 04:12:10,892 [INFO] Page 2 | Collected: 0
2026-09-23 04:12:11,101 [INFO] Pacing: sleep 0.7s
2026-09-23 04:12:11,847 [INFO] Page 3 | Collected: 0
2026-09-23 04:12:12,032 [INFO] Pacing: sleep 0.6s
2026-09-23 04:12:12,664 [INFO] Page 4 | Collected: 0
2026-09-23 04:12:12,919 [INFO] Pacing: sleep 1.0s
2026-09-23 04:12:13,914 [INFO] Page 5 | Collected: 0
2026-09-23 04:12:14,119 [INFO] Pacing: sleep 0.6s
2026-09-23 04:12:14,741 [INFO] Page 6 | Collected: 0
2026-09-23 04:12:14,924 [INFO] Pacing: sleep 1.1s
2026-09-23 04:12:15,999 [INFO] Page 7 | Collected: 0
2026-09-23 04:12:16,256 [INFO] Pacing: sleep 1.2s
2026-09-23 04:12:17,438 [INFO] Page 8 | Collected: 0
2026-09-23 04:12:17,621 [INFO] Pacing: sleep 0.9s
2026-09-23 04:12:18,568 [INFO] Page 9 | Collected: 0
2026-09-23 04:12:18,811 [INFO] Pacing: sleep 0.7s
2026-09-23 04:12:19,535 [INFO] Page 10 | Collected: 0
2026-09-23 04:12:19,793 [INFO] Pacing: sleep 1.2s
2026-09-23 04:12:21,027 [INFO] Page 11 | Collected: 250
2026-09-23 04:12:21,211 [INFO] Pacing: sleep 0.9s
2026-09-23 04:12:22,107 [INFO] Page 12 | Collected: 250
2026-09-23 04:12:22,358 [INFO] Pacing: sleep 1.1s
2026-09-23 04:12:23,416 [INFO] Page 13 | Collected: 250
2026-09-23 04:12:23,604 [INFO] Pacing: sleep 1.4s
2026-09-23 04:12:25,013 [INFO] Page 14 | Collected: 250
2026-09-23 04:12:25,191 [INFO] Pacing: sleep 1.0s
2026-09-23 04:12:26,180 [INFO] Page 15 | Collected: 250
2026-09-23 04:12:26,441 [INFO] Pacing: sleep 0.7s
2026-09-23 04:12:27,167 [INFO] Page 16 | Collected: 250
2026-09-23 04:12:27,374 [INFO] Pacing: sleep 1.4s
2026-09-23 04:12:28,789 [INFO] Page 17 | Collected: 250
2026-09-23 04:12:29,006 [INFO] Pacing: sleep 1.5s
2026-09-23 04:12:30,479 [INFO] Page 18 | Collected: 250
2026-09-23 04:12:30,786 [INFO] Pacing: sleep 1.4s
2026-09-23 04:12:32,143 [INFO] Page 19 | Collected: 250
2026-09-23 04:12:32,367 [INFO] Pacing: sleep 1.4s
2026-09-23 04:12:33,746 [INFO] Page 20 | Collected: 250
2026-09-23 04:12:34,014 [INFO] Pacing: sleep 1.3s
2026-09-23 04:12:35,319 [INFO] Page 21 | Collected: 500
2026-09-23 04:12:35,509 [INFO] Pacing: sleep 0.5s
2026-09-23 04:12:36,037 [INFO] Page 22 | Collected: 500
2026-09-23 04:12:36,215 [INFO] Pacing: sleep 1.1s
2026-09-23 04:12:37,296 [INFO] Page 23 | Collected: 500
2026-09-23 04:12:37,564 [INFO] Pacing: sleep 1.4s
2026-09-23 04:12:38,983 [INFO] Page 24 | Collected: 500
2026-09-23 04:12:39,166 [INFO] Pacing: sleep 1.1s
2026-09-23 04:12:40,304 [INFO] Page 25 | Collected: 500
2026-09-23 04:12:40,491 [INFO] Pacing: sleep 0.7s
2026-09-23 04:12:41,177 [INFO] Page 26 | Collected: 500
2026-09-23 04:12:41,459 [INFO] Pacing: sleep 0.6s
2026-09-23 04:12:42,061 [INFO] Page 27 | Collected: 500
2026-09-23 04:12:42,248 [INFO] Pacing: sleep 1.3s
2026-09-23 04:12:43,550 [INFO] Page 28 | Collected: 500
2026-09-23 04:12:43,800 [INFO] Pacing: sleep 1.1s
2026-09-23 04:12:44,894 [INFO] Page 29 | Collected: 500
2026-09-23 04:12:45,094 [INFO] Pacing: sleep 1.3s
2026-09-23 04:12:46,423 [INFO] Page 30 | Collected: 500
2026-09-23 04:12:46,606 [INFO] Pacing: sleep 1.3s
2026-09-23 04:12:47,873 [INFO] Page 31 | Collected: 750
2026-09-23 04:12:47,963 [WARNING] Block detected on page 31: HTTP 429
2026-09-23 04:12:47,963 [INFO] Saved raw HTML for debugging: blocked_0031.html
2026-09-23 04:12:47,963 [WARNING] Initiating ADAPTIVE THROTTLING. Sleeping 180s, switching to SAFE mode.
2026-09-23 04:15:47,963 [INFO] Pacing: sleep 40.8s | Short Cooldown: 33.6s
2026-09-23 04:16:28,731 [INFO] Page 31 | Collected: 750
2026-09-23 04:16:29,016 [INFO] Pacing: sleep 5.7s
2026-09-23 04:16:34,700 [INFO] Page 32 | Collected: 750
2026-09-23 04:16:34,961 [INFO] Pacing: sleep 5.8s
2026-09-23 04:16:40,731 [INFO] Page 33 | Collected: 750
2026-09-23 04:16:40,973 [INFO] Pacing: sleep 7.7s
2026-09-23 04:16:48,708 [INFO] Page 34 | Collected: 750
2026-09-23 04:16:48,918 [INFO] Pacing: sleep 6.6s
2026-09-23 04:16:55,481 [INFO] Page 35 | Collected: 750
2026-09-23 04:16:55,677 [INFO] Pacing: sleep 5.2s
2026-09-23 04:17:00,906 [INFO] Page 36 | Collected: 750
2026-09-23 04:17:01,162 [INFO] Pacing: sleep 5.5s
2026-09-23 04:17:06,682 [INFO] Page 37 | Collected: 750
2026-09-23 04:17:06,914 [INFO] Pacing: sleep 7.1s
2026-09-23 04:17:14,050 [INFO] Page 38 | Collected: 750
2026-09-23 04:17:14,242 [INFO] Pacing: sleep 7.2s
2026-09-23 04:17:21,456 [INFO] Page 39 | Collected: 750
2026-09-23 04:17:21,706 [INFO] Pacing: sleep 4.1s
2026-09-23 04:17:25,811 [INFO] Page 40 | Collected: 750
2026-09-23 04:17:26,045 [INFO] Pacing: sleep 130.1s | Long Cooldown: 124.1s
2026-09-23 04:19:36,160 [INFO] Page 41 | Collected: 1000
2026-09-23 04:19:36,398 [INFO] Pacing: sleep 5.4s
2026-09-23 04:19:41,757 [INFO] Page 42 | Collected: 1000
2026-09-23 04:19:41,937 [INFO] Pacing: sleep 7.1s
2026-09-23 04:19:49,082 [INFO] Page 43 | Collected: 1000
2026-09-23 04:19:49,286 [INFO] Pacing: sleep 4.0s
2026-09-23 04:19:53,325 [INFO] Page 44 | Collected: 1000
2026-09-23 04:19:53,582 [INFO] Pacing: sleep 4.9s
2026-09-23 04:19:58,523 [INFO] Page 45 | Collected: 1000
2026-09-23 04:19:58,724 [INFO] Pacing: sleep 5.3s
2026-09-23 04:20:04,024 [INFO] Page 46 | Collected: 1000
2026-09-23 04:20:04,208 [INFO] Pacing: sleep 6.8s
2026-09-23 04:20:11,057 [INFO] Page 47 | Collected: 1000
2026-09-23 04:20:11,195 [WARNING] Block detected on page 47: Suspicious term found: 'captcha'
2026-09-23 04:20:11,195 [INFO] Saved raw HTML for debugging: blocked_0047.html
2026-09-23 04:20:11,196 [ERROR] Blocked again even after safe mode. Stopping gracefully.
2026-09-23 04:20:11,196 [INFO] Crawl stopped. Reason: adaptive_throttle_failed_page_47. Finalizing...
2026-09-23 04:20:11,196 [INFO] Merging intermediate pages from work_dir: /home/runner/work/steam-diploma/steam-diploma/data/snapshots/data/snapshots/_in_progress/e4a18cf9-2bc5-4585-8f01-f53a789dc33f
