2026-08-17 12:53:18,335 [INFO] Steam Snapshot Collector Started.
2026-08-17 12:53:18,335 [INFO] Speed Mode: fast
2026-08-17 12:53:18,335 [INFO] Work Dir: /home/runner/work/steam-diploma/steam-diploma/data/snapshots
2026-08-17 12:53:18,335 [INFO] Base Output Dir: .
2026-08-17 12:53:18,336 [INFO] Page 1 | Collected: 0
2026-08-17 12:53:18,751 [INFO] Pacing: sleep 1.3s
2026-08-17 12:53:20,090 [INFO] Page 2 | Collected: 0
2026-08-17 12:53:20,443 [INFO] Pacing: sleep 1.5s
2026-08-17 12:53:21,918 [INFO] Page 3 | Collected: 0
2026-08-17 12:53:22,288 [INFO] Pacing: sleep 0.7s
2026-08-17 12:53:22,950 [INFO] Page 4 | Collected: 0
2026-08-17 12:53:23,311 [INFO] Pacing: sleep 1.0s
2026-08-17 12:53:24,336 [INFO] Page 5 | Collected: 0
2026-08-17 12:53:24,671 [INFO] Pacing: sleep 0.7s
2026-08-17 12:53:25,397 [INFO] Page 6 | Collected: 0
2026-08-17 12:53:25,818 [WARNING] Page 6 had 1 duplicate appids seen previously.
2026-08-17 12:53:25,819 [INFO] Pacing: sleep 1.3s
2026-08-17 12:53:27,101 [INFO] Page 7 | Collected: 0
2026-08-17 12:53:27,527 [INFO] Pacing: sleep 1.3s
2026-08-17 12:53:28,810 [INFO] Page 8 | Collected: 0
2026-08-17 12:53:29,116 [INFO] Pacing: sleep 0.8s
2026-08-17 12:53:29,944 [INFO] Page 9 | Collected: 0
2026-08-17 12:53:30,306 [INFO] Pacing: sleep 0.9s
2026-08-17 12:53:31,233 [INFO] Page 10 | Collected: 0
2026-08-17 12:53:31,722 [INFO] Pacing: sleep 1.0s
2026-08-17 12:53:32,770 [INFO] Page 11 | Collected: 250
2026-08-17 12:53:33,073 [INFO] Pacing: sleep 1.3s
2026-08-17 12:53:34,355 [INFO] Page 12 | Collected: 250
2026-08-17 12:53:34,777 [INFO] Pacing: sleep 1.3s
2026-08-17 12:53:36,056 [INFO] Page 13 | Collected: 250
2026-08-17 12:53:36,354 [INFO] Pacing: sleep 0.6s
2026-08-17 12:53:36,924 [INFO] Page 14 | Collected: 250
2026-08-17 12:53:37,222 [INFO] Pacing: sleep 0.6s
2026-08-17 12:53:37,786 [INFO] Page 15 | Collected: 250
2026-08-17 12:53:38,201 [INFO] Pacing: sleep 1.4s
2026-08-17 12:53:39,555 [INFO] Page 16 | Collected: 250
2026-08-17 12:53:39,859 [INFO] Pacing: sleep 1.3s
2026-08-17 12:53:41,174 [INFO] Page 17 | Collected: 250
2026-08-17 12:53:41,520 [INFO] Pacing: sleep 1.1s
2026-08-17 12:53:42,581 [INFO] Page 18 | Collected: 250
2026-08-17 12:53:43,121 [INFO] Pacing: sleep 1.4s
2026-08-17 12:53:44,478 [INFO] Page 19 | Collected: 250
2026-08-17 12:53:44,803 [INFO] Pacing: sleep 1.3s
2026-08-17 12:53:46,096 [INFO] Page 20 | Collected: 250
2026-08-17 12:53:46,584 [INFO] Pacing: sleep 1.3s
2026-08-17 12:53:47,905 [INFO] Page 21 | Collected: 500
2026-08-17 12:53:48,291 [INFO] Pacing: sleep 1.4s
2026-08-17 12:53:49,736 [INFO] Page 22 | Collected: 500
2026-08-17 12:53:50,062 [INFO] Pacing: sleep 0.6s
2026-08-17 12:53:50,652 [INFO] Page 23 | Collected: 500
2026-08-17 12:53:51,067 [INFO] Pacing: sleep 0.6s
2026-08-17 12:53:51,674 [INFO] Page 24 | Collected: 500
2026-08-17 12:53:51,983 [INFO] Pacing: sleep 1.4s
2026-08-17 12:53:53,360 [INFO] Page 25 | Collected: 500
2026-08-17 12:53:53,781 [INFO] Pacing: sleep 1.0s
2026-08-17 12:53:54,824 [INFO] Page 26 | Collected: 500
2026-08-17 12:53:55,151 [INFO] Pacing: sleep 1.3s
2026-08-17 12:53:56,490 [INFO] Page 27 | Collected: 500
2026-08-17 12:53:56,888 [INFO] Pacing: sleep 1.2s
2026-08-17 12:53:58,089 [INFO] Page 28 | Collected: 500
2026-08-17 12:53:58,597 [INFO] Pacing: sleep 0.6s
2026-08-17 12:53:59,155 [INFO] Page 29 | Collected: 500
2026-08-17 12:53:59,477 [INFO] Pacing: sleep 0.7s
2026-08-17 12:54:00,149 [INFO] Page 30 | Collected: 500
2026-08-17 12:54:00,495 [INFO] Pacing: sleep 1.1s
2026-08-17 12:54:01,562 [INFO] Page 31 | Collected: 750
2026-08-17 12:54:01,649 [WARNING] Block detected on page 31: HTTP 429
2026-08-17 12:54:01,650 [INFO] Saved raw HTML for debugging: blocked_0031.html
2026-08-17 12:54:01,650 [WARNING] Initiating ADAPTIVE THROTTLING. Sleeping 180s, switching to SAFE mode.
2026-08-17 12:57:01,650 [INFO] Pacing: sleep 56.3s | Short Cooldown: 50.4s
2026-08-17 12:57:57,915 [INFO] Page 31 | Collected: 750
2026-08-17 12:57:58,339 [INFO] Pacing: sleep 7.3s
2026-08-17 12:58:05,638 [INFO] Page 32 | Collected: 750
2026-08-17 12:58:05,985 [INFO] Pacing: sleep 7.8s
2026-08-17 12:58:13,800 [INFO] Page 33 | Collected: 750
2026-08-17 12:58:14,211 [INFO] Pacing: sleep 5.6s
2026-08-17 12:58:19,783 [INFO] Page 34 | Collected: 750
2026-08-17 12:58:20,111 [INFO] Pacing: sleep 4.1s
2026-08-17 12:58:24,216 [INFO] Page 35 | Collected: 750
2026-08-17 12:58:24,540 [INFO] Pacing: sleep 6.7s
2026-08-17 12:58:31,261 [INFO] Page 36 | Collected: 750
2026-08-17 12:58:31,745 [INFO] Pacing: sleep 4.8s
2026-08-17 12:58:36,517 [INFO] Page 37 | Collected: 750
2026-08-17 12:58:36,905 [INFO] Pacing: sleep 7.7s
2026-08-17 12:58:44,609 [INFO] Page 38 | Collected: 750
2026-08-17 12:58:44,926 [INFO] Pacing: sleep 5.9s
2026-08-17 12:58:50,870 [INFO] Page 39 | Collected: 750
2026-08-17 12:58:51,321 [INFO] Pacing: sleep 5.6s
2026-08-17 12:58:56,912 [INFO] Page 40 | Collected: 750
2026-08-17 12:58:57,298 [INFO] Pacing: sleep 190.3s | Long Cooldown: 186.3s
2026-08-17 13:02:07,612 [INFO] Page 41 | Collected: 1000
2026-08-17 13:02:08,109 [INFO] Pacing: sleep 4.4s
2026-08-17 13:02:12,480 [INFO] Page 42 | Collected: 1000
2026-08-17 13:02:12,775 [INFO] Pacing: sleep 5.5s
2026-08-17 13:02:18,288 [INFO] Page 43 | Collected: 1000
2026-08-17 13:02:18,591 [INFO] Pacing: sleep 4.3s
2026-08-17 13:02:22,879 [INFO] Page 44 | Collected: 1000
2026-08-17 13:02:23,369 [INFO] Pacing: sleep 6.0s
2026-08-17 13:02:29,329 [INFO] Page 45 | Collected: 1000
2026-08-17 13:02:29,632 [INFO] Pacing: sleep 4.7s
2026-08-17 13:02:34,305 [INFO] Page 46 | Collected: 1000
2026-08-17 13:02:34,496 [WARNING] Block detected on page 46: Suspicious term found: 'captcha'
2026-08-17 13:02:34,497 [INFO] Saved raw HTML for debugging: blocked_0046.html
2026-08-17 13:02:34,497 [ERROR] Blocked again even after safe mode. Stopping gracefully.
2026-08-17 13:02:34,498 [INFO] Crawl stopped. Reason: adaptive_throttle_failed_page_46. Finalizing...
2026-08-17 13:02:34,499 [INFO] Merging intermediate pages from work_dir: /home/runner/work/steam-diploma/steam-diploma/data/snapshots/data/snapshots/_in_progress/027e2615-479f-4d2a-ad9b-1099d7aa5483
2026-08-17 13:02:34,515 [WARNING] Found 1 duplicate appids across the snapshot.
