2026-08-16 01:41:12,789 [INFO] Steam Snapshot Collector Started.
2026-08-16 01:41:12,790 [INFO] Speed Mode: fast
2026-08-16 01:41:12,790 [INFO] Work Dir: /home/runner/work/steam-diploma/steam-diploma/data/snapshots
2026-08-16 01:41:12,790 [INFO] Base Output Dir: .
2026-08-16 01:41:12,790 [INFO] Page 1 | Collected: 0
2026-08-16 01:41:13,182 [INFO] Pacing: sleep 0.6s
2026-08-16 01:41:13,778 [INFO] Page 2 | Collected: 0
2026-08-16 01:41:14,037 [INFO] Pacing: sleep 0.5s
2026-08-16 01:41:14,538 [INFO] Page 3 | Collected: 0
2026-08-16 01:41:14,848 [INFO] Pacing: sleep 1.1s
2026-08-16 01:41:15,936 [INFO] Page 4 | Collected: 0
2026-08-16 01:41:16,210 [INFO] Pacing: sleep 0.9s
2026-08-16 01:41:17,151 [INFO] Page 5 | Collected: 0
2026-08-16 01:41:17,423 [INFO] Pacing: sleep 1.3s
2026-08-16 01:41:18,679 [INFO] Page 6 | Collected: 0
2026-08-16 01:41:18,913 [INFO] Pacing: sleep 0.6s
2026-08-16 01:41:19,514 [INFO] Page 7 | Collected: 0
2026-08-16 01:41:19,851 [WARNING] Page 7 had 1 duplicate appids seen previously.
2026-08-16 01:41:19,851 [INFO] Pacing: sleep 1.3s
2026-08-16 01:41:21,172 [INFO] Page 8 | Collected: 0
2026-08-16 01:41:21,452 [INFO] Pacing: sleep 1.2s
2026-08-16 01:41:22,616 [INFO] Page 9 | Collected: 0
2026-08-16 01:41:22,859 [INFO] Pacing: sleep 0.9s
2026-08-16 01:41:23,732 [INFO] Page 10 | Collected: 0
2026-08-16 01:41:24,036 [INFO] Pacing: sleep 0.9s
2026-08-16 01:41:24,985 [INFO] Page 11 | Collected: 250
2026-08-16 01:41:25,416 [INFO] Pacing: sleep 1.4s
2026-08-16 01:41:26,797 [INFO] Page 12 | Collected: 250
2026-08-16 01:41:27,075 [INFO] Pacing: sleep 1.4s
2026-08-16 01:41:28,436 [INFO] Page 13 | Collected: 250
2026-08-16 01:41:28,675 [INFO] Pacing: sleep 1.0s
2026-08-16 01:41:29,649 [INFO] Page 14 | Collected: 250
2026-08-16 01:41:29,882 [INFO] Pacing: sleep 0.8s
2026-08-16 01:41:30,730 [INFO] Page 15 | Collected: 250
2026-08-16 01:41:31,041 [INFO] Pacing: sleep 0.7s
2026-08-16 01:41:31,776 [INFO] Page 16 | Collected: 250
2026-08-16 01:41:32,046 [INFO] Pacing: sleep 0.8s
2026-08-16 01:41:32,858 [INFO] Page 17 | Collected: 250
2026-08-16 01:41:33,096 [INFO] Pacing: sleep 1.1s
2026-08-16 01:41:34,202 [INFO] Page 18 | Collected: 250
2026-08-16 01:41:34,500 [INFO] Pacing: sleep 1.1s
2026-08-16 01:41:35,630 [INFO] Page 19 | Collected: 250
2026-08-16 01:41:35,857 [INFO] Pacing: sleep 1.2s
2026-08-16 01:41:37,080 [INFO] Page 20 | Collected: 250
2026-08-16 01:41:37,384 [INFO] Pacing: sleep 0.6s
2026-08-16 01:41:37,964 [INFO] Page 21 | Collected: 500
2026-08-16 01:41:38,297 [INFO] Pacing: sleep 1.4s
2026-08-16 01:41:39,690 [INFO] Page 22 | Collected: 500
2026-08-16 01:41:40,001 [INFO] Pacing: sleep 1.0s
2026-08-16 01:41:41,049 [INFO] Page 23 | Collected: 500
2026-08-16 01:41:41,415 [INFO] Pacing: sleep 1.1s
2026-08-16 01:41:42,471 [INFO] Page 24 | Collected: 500
2026-08-16 01:41:42,784 [INFO] Pacing: sleep 0.6s
2026-08-16 01:41:43,418 [INFO] Page 25 | Collected: 500
2026-08-16 01:41:43,731 [INFO] Pacing: sleep 0.7s
2026-08-16 01:41:44,450 [INFO] Page 26 | Collected: 500
2026-08-16 01:41:44,709 [INFO] Pacing: sleep 0.7s
2026-08-16 01:41:45,400 [INFO] Page 27 | Collected: 500
2026-08-16 01:41:45,660 [INFO] Pacing: sleep 0.7s
2026-08-16 01:41:46,326 [INFO] Page 28 | Collected: 500
2026-08-16 01:41:46,819 [INFO] Pacing: sleep 0.7s
2026-08-16 01:41:47,543 [INFO] Page 29 | Collected: 500
2026-08-16 01:41:47,950 [INFO] Pacing: sleep 1.5s
2026-08-16 01:41:49,426 [INFO] Page 30 | Collected: 500
2026-08-16 01:41:49,723 [INFO] Pacing: sleep 1.2s
2026-08-16 01:41:50,893 [INFO] Page 31 | Collected: 750
2026-08-16 01:41:50,993 [WARNING] Block detected on page 31: HTTP 429
2026-08-16 01:41:50,993 [INFO] Saved raw HTML for debugging: blocked_0031.html
2026-08-16 01:41:50,993 [WARNING] Initiating ADAPTIVE THROTTLING. Sleeping 180s, switching to SAFE mode.
2026-08-16 01:44:50,994 [INFO] Pacing: sleep 48.6s | Short Cooldown: 43.3s
2026-08-16 01:45:39,629 [INFO] Page 31 | Collected: 750
2026-08-16 01:45:39,962 [INFO] Pacing: sleep 5.2s
2026-08-16 01:45:45,175 [INFO] Page 32 | Collected: 750
2026-08-16 01:45:45,450 [INFO] Pacing: sleep 6.1s
2026-08-16 01:45:51,562 [INFO] Page 33 | Collected: 750
2026-08-16 01:45:51,864 [INFO] Pacing: sleep 4.9s
2026-08-16 01:45:56,738 [INFO] Page 34 | Collected: 750
2026-08-16 01:45:56,995 [INFO] Pacing: sleep 6.6s
2026-08-16 01:46:03,578 [INFO] Page 35 | Collected: 750
2026-08-16 01:46:03,875 [INFO] Pacing: sleep 6.2s
2026-08-16 01:46:10,049 [INFO] Page 36 | Collected: 750
2026-08-16 01:46:10,422 [INFO] Pacing: sleep 6.7s
2026-08-16 01:46:17,150 [INFO] Page 37 | Collected: 750
2026-08-16 01:46:17,428 [INFO] Pacing: sleep 6.9s
2026-08-16 01:46:24,375 [INFO] Page 38 | Collected: 750
2026-08-16 01:46:24,680 [INFO] Pacing: sleep 6.1s
2026-08-16 01:46:30,827 [INFO] Page 39 | Collected: 750
2026-08-16 01:46:31,139 [INFO] Pacing: sleep 6.3s
2026-08-16 01:46:37,466 [INFO] Page 40 | Collected: 750
2026-08-16 01:46:37,717 [INFO] Pacing: sleep 163.9s | Long Cooldown: 159.0s
2026-08-16 01:49:21,662 [INFO] Page 41 | Collected: 1000
2026-08-16 01:49:22,004 [INFO] Pacing: sleep 5.0s
2026-08-16 01:49:27,039 [INFO] Page 42 | Collected: 1000
2026-08-16 01:49:27,305 [INFO] Pacing: sleep 4.8s
2026-08-16 01:49:32,064 [INFO] Page 43 | Collected: 1000
2026-08-16 01:49:32,313 [INFO] Pacing: sleep 6.0s
2026-08-16 01:49:38,314 [INFO] Page 44 | Collected: 1000
2026-08-16 01:49:38,816 [INFO] Pacing: sleep 4.0s
2026-08-16 01:49:42,859 [INFO] Page 45 | Collected: 1000
2026-08-16 01:49:43,175 [INFO] Pacing: sleep 7.8s
2026-08-16 01:49:50,965 [INFO] Page 46 | Collected: 1000
2026-08-16 01:49:51,100 [WARNING] Block detected on page 46: Suspicious term found: 'captcha'
2026-08-16 01:49:51,101 [INFO] Saved raw HTML for debugging: blocked_0046.html
2026-08-16 01:49:51,101 [ERROR] Blocked again even after safe mode. Stopping gracefully.
2026-08-16 01:49:51,103 [INFO] Crawl stopped. Reason: adaptive_throttle_failed_page_46. Finalizing...
2026-08-16 01:49:51,103 [INFO] Merging intermediate pages from work_dir: /home/runner/work/steam-diploma/steam-diploma/data/snapshots/data/snapshots/_in_progress/9251319f-2d63-4669-b09e-d55c612a1a19
2026-08-16 01:49:51,116 [WARNING] Found 1 duplicate appids across the snapshot.
