2026-08-18 12:55:13,422 [INFO] Steam Snapshot Collector Started.
2026-08-18 12:55:13,423 [INFO] Speed Mode: fast
2026-08-18 12:55:13,423 [INFO] Work Dir: /home/runner/work/steam-diploma/steam-diploma/data/snapshots
2026-08-18 12:55:13,423 [INFO] Base Output Dir: .
2026-08-18 12:55:13,423 [INFO] Page 1 | Collected: 0
2026-08-18 12:55:13,880 [INFO] Pacing: sleep 0.6s
2026-08-18 12:55:14,483 [INFO] Page 2 | Collected: 0
2026-08-18 12:55:14,800 [INFO] Pacing: sleep 1.4s
2026-08-18 12:55:16,159 [INFO] Page 3 | Collected: 0
2026-08-18 12:55:16,455 [INFO] Pacing: sleep 1.3s
2026-08-18 12:55:17,738 [INFO] Page 4 | Collected: 0
2026-08-18 12:55:18,078 [INFO] Pacing: sleep 1.2s
2026-08-18 12:55:19,255 [INFO] Page 5 | Collected: 0
2026-08-18 12:55:19,539 [INFO] Pacing: sleep 1.1s
2026-08-18 12:55:20,670 [INFO] Page 6 | Collected: 0
2026-08-18 12:55:20,959 [WARNING] Page 6 had 1 duplicate appids seen previously.
2026-08-18 12:55:20,959 [INFO] Pacing: sleep 1.2s
2026-08-18 12:55:22,163 [INFO] Page 7 | Collected: 0
2026-08-18 12:55:22,503 [INFO] Pacing: sleep 0.9s
2026-08-18 12:55:23,356 [INFO] Page 8 | Collected: 0
2026-08-18 12:55:23,631 [INFO] Pacing: sleep 0.7s
2026-08-18 12:55:24,310 [INFO] Page 9 | Collected: 0
2026-08-18 12:55:24,565 [INFO] Pacing: sleep 0.9s
2026-08-18 12:55:25,419 [INFO] Page 10 | Collected: 0
2026-08-18 12:55:25,807 [INFO] Pacing: sleep 1.3s
2026-08-18 12:55:27,133 [INFO] Page 11 | Collected: 250
2026-08-18 12:55:27,417 [INFO] Pacing: sleep 1.5s
2026-08-18 12:55:28,891 [INFO] Page 12 | Collected: 250
2026-08-18 12:55:29,188 [INFO] Pacing: sleep 1.5s
2026-08-18 12:55:30,686 [INFO] Page 13 | Collected: 250
2026-08-18 12:55:30,947 [INFO] Pacing: sleep 0.8s
2026-08-18 12:55:31,752 [INFO] Page 14 | Collected: 250
2026-08-18 12:55:32,007 [INFO] Pacing: sleep 0.8s
2026-08-18 12:55:32,775 [INFO] Page 15 | Collected: 250
2026-08-18 12:55:33,125 [INFO] Pacing: sleep 1.1s
2026-08-18 12:55:34,242 [INFO] Page 16 | Collected: 250
2026-08-18 12:55:34,554 [INFO] Pacing: sleep 0.5s
2026-08-18 12:55:35,100 [INFO] Page 17 | Collected: 250
2026-08-18 12:55:35,349 [INFO] Pacing: sleep 1.0s
2026-08-18 12:55:36,362 [INFO] Page 18 | Collected: 250
2026-08-18 12:55:36,690 [INFO] Pacing: sleep 0.9s
2026-08-18 12:55:37,566 [INFO] Page 19 | Collected: 250
2026-08-18 12:55:37,869 [INFO] Pacing: sleep 0.9s
2026-08-18 12:55:38,806 [INFO] Page 20 | Collected: 250
2026-08-18 12:55:39,128 [INFO] Pacing: sleep 1.0s
2026-08-18 12:55:40,107 [INFO] Page 21 | Collected: 500
2026-08-18 12:55:40,355 [INFO] Pacing: sleep 1.1s
2026-08-18 12:55:41,468 [INFO] Page 22 | Collected: 500
2026-08-18 12:55:41,736 [INFO] Pacing: sleep 1.4s
2026-08-18 12:55:43,097 [INFO] Page 23 | Collected: 500
2026-08-18 12:55:43,441 [INFO] Pacing: sleep 1.4s
2026-08-18 12:55:44,802 [INFO] Page 24 | Collected: 500
2026-08-18 12:55:45,091 [INFO] Pacing: sleep 0.5s
2026-08-18 12:55:45,605 [INFO] Page 25 | Collected: 500
2026-08-18 12:55:45,910 [INFO] Pacing: sleep 0.7s
2026-08-18 12:55:46,626 [INFO] Page 26 | Collected: 500
2026-08-18 12:55:46,915 [INFO] Pacing: sleep 1.1s
2026-08-18 12:55:48,059 [INFO] Page 27 | Collected: 500
2026-08-18 12:55:48,334 [INFO] Pacing: sleep 1.1s
2026-08-18 12:55:49,385 [INFO] Page 28 | Collected: 500
2026-08-18 12:55:49,728 [INFO] Pacing: sleep 1.4s
2026-08-18 12:55:51,092 [INFO] Page 29 | Collected: 500
2026-08-18 12:55:51,361 [INFO] Pacing: sleep 1.4s
2026-08-18 12:55:52,757 [INFO] Page 30 | Collected: 500
2026-08-18 12:55:53,028 [INFO] Pacing: sleep 1.3s
2026-08-18 12:55:54,338 [INFO] Page 31 | Collected: 750
2026-08-18 12:55:54,408 [WARNING] Block detected on page 31: HTTP 429
2026-08-18 12:55:54,408 [INFO] Saved raw HTML for debugging: blocked_0031.html
2026-08-18 12:55:54,408 [WARNING] Initiating ADAPTIVE THROTTLING. Sleeping 180s, switching to SAFE mode.
2026-08-18 12:58:54,409 [INFO] Pacing: sleep 43.7s | Short Cooldown: 38.1s
2026-08-18 12:59:38,098 [INFO] Page 31 | Collected: 750
2026-08-18 12:59:38,417 [INFO] Pacing: sleep 6.2s
2026-08-18 12:59:44,586 [INFO] Page 32 | Collected: 750
2026-08-18 12:59:44,853 [INFO] Pacing: sleep 6.3s
2026-08-18 12:59:51,171 [INFO] Page 33 | Collected: 750
2026-08-18 12:59:51,504 [INFO] Pacing: sleep 4.5s
2026-08-18 12:59:55,960 [INFO] Page 34 | Collected: 750
2026-08-18 12:59:56,247 [INFO] Pacing: sleep 4.1s
2026-08-18 13:00:00,308 [INFO] Page 35 | Collected: 750
2026-08-18 13:00:00,568 [INFO] Pacing: sleep 6.9s
2026-08-18 13:00:07,507 [INFO] Page 36 | Collected: 750
2026-08-18 13:00:07,826 [INFO] Pacing: sleep 7.6s
2026-08-18 13:00:15,379 [INFO] Page 37 | Collected: 750
2026-08-18 13:00:15,704 [INFO] Pacing: sleep 7.4s
2026-08-18 13:00:23,146 [INFO] Page 38 | Collected: 750
2026-08-18 13:00:23,443 [INFO] Pacing: sleep 4.0s
2026-08-18 13:00:27,473 [INFO] Page 39 | Collected: 750
2026-08-18 13:00:27,786 [INFO] Pacing: sleep 5.8s
2026-08-18 13:00:33,543 [INFO] Page 40 | Collected: 750
2026-08-18 13:00:33,833 [INFO] Pacing: sleep 200.0s | Long Cooldown: 192.8s
2026-08-18 13:03:53,821 [INFO] Page 41 | Collected: 1000
2026-08-18 13:03:54,150 [INFO] Pacing: sleep 6.8s
2026-08-18 13:04:00,979 [INFO] Page 42 | Collected: 1000
2026-08-18 13:04:01,285 [INFO] Pacing: sleep 5.3s
2026-08-18 13:04:06,625 [INFO] Page 43 | Collected: 1000
2026-08-18 13:04:06,885 [INFO] Pacing: sleep 4.5s
2026-08-18 13:04:11,376 [INFO] Page 44 | Collected: 1000
2026-08-18 13:04:11,664 [INFO] Pacing: sleep 6.7s
2026-08-18 13:04:18,341 [INFO] Page 45 | Collected: 1000
2026-08-18 13:04:18,587 [INFO] Pacing: sleep 7.5s
2026-08-18 13:04:26,136 [INFO] Page 46 | Collected: 1000
2026-08-18 13:04:26,346 [WARNING] Block detected on page 46: Suspicious term found: 'captcha'
2026-08-18 13:04:26,347 [INFO] Saved raw HTML for debugging: blocked_0046.html
2026-08-18 13:04:26,347 [ERROR] Blocked again even after safe mode. Stopping gracefully.
2026-08-18 13:04:26,348 [INFO] Crawl stopped. Reason: adaptive_throttle_failed_page_46. Finalizing...
2026-08-18 13:04:26,348 [INFO] Merging intermediate pages from work_dir: /home/runner/work/steam-diploma/steam-diploma/data/snapshots/data/snapshots/_in_progress/0e2ad39f-96ff-45c4-b367-a993107dab8a
2026-08-18 13:04:26,361 [WARNING] Found 1 duplicate appids across the snapshot.
