2026-09-20 15:47:40,196 [INFO] Steam Snapshot Collector Started.
2026-09-20 15:47:40,196 [INFO] Speed Mode: fast
2026-09-20 15:47:40,196 [INFO] Work Dir: /home/runner/work/steam-diploma/steam-diploma/data/snapshots
2026-09-20 15:47:40,196 [INFO] Base Output Dir: .
2026-09-20 15:47:40,197 [INFO] Page 1 | Collected: 0
2026-09-20 15:47:40,576 [INFO] Pacing: sleep 0.6s
2026-09-20 15:47:41,160 [INFO] Page 2 | Collected: 0
2026-09-20 15:47:41,458 [INFO] Pacing: sleep 0.9s
2026-09-20 15:47:42,346 [INFO] Page 3 | Collected: 0
2026-09-20 15:47:42,641 [INFO] Pacing: sleep 1.4s
2026-09-20 15:47:43,994 [INFO] Page 4 | Collected: 0
2026-09-20 15:47:44,375 [INFO] Pacing: sleep 0.6s
2026-09-20 15:47:44,931 [INFO] Page 5 | Collected: 0
2026-09-20 15:47:45,217 [INFO] Pacing: sleep 0.5s
2026-09-20 15:47:45,745 [INFO] Page 6 | Collected: 0
2026-09-20 15:47:46,033 [INFO] Pacing: sleep 1.4s
2026-09-20 15:47:47,389 [INFO] Page 7 | Collected: 0
2026-09-20 15:47:47,726 [INFO] Pacing: sleep 0.7s
2026-09-20 15:47:48,379 [INFO] Page 8 | Collected: 0
2026-09-20 15:47:48,691 [INFO] Pacing: sleep 0.7s
2026-09-20 15:47:49,412 [INFO] Page 9 | Collected: 0
2026-09-20 15:47:49,697 [INFO] Pacing: sleep 1.1s
2026-09-20 15:47:50,829 [INFO] Page 10 | Collected: 0
2026-09-20 15:47:51,207 [INFO] Pacing: sleep 1.1s
2026-09-20 15:47:52,271 [INFO] Page 11 | Collected: 250
2026-09-20 15:47:52,544 [INFO] Pacing: sleep 0.9s
2026-09-20 15:47:53,486 [INFO] Page 12 | Collected: 250
2026-09-20 15:47:53,880 [INFO] Pacing: sleep 0.9s
2026-09-20 15:47:54,740 [INFO] Page 13 | Collected: 250
2026-09-20 15:47:55,018 [INFO] Pacing: sleep 0.6s
2026-09-20 15:47:55,574 [INFO] Page 14 | Collected: 250
2026-09-20 15:47:55,965 [INFO] Pacing: sleep 0.8s
2026-09-20 15:47:56,815 [INFO] Page 15 | Collected: 250
2026-09-20 15:47:57,146 [INFO] Pacing: sleep 0.8s
2026-09-20 15:47:57,928 [INFO] Page 16 | Collected: 250
2026-09-20 15:47:58,237 [INFO] Pacing: sleep 1.5s
2026-09-20 15:47:59,731 [INFO] Page 17 | Collected: 250
2026-09-20 15:48:00,002 [INFO] Pacing: sleep 1.2s
2026-09-20 15:48:01,248 [INFO] Page 18 | Collected: 250
2026-09-20 15:48:01,592 [INFO] Pacing: sleep 0.7s
2026-09-20 15:48:02,249 [INFO] Page 19 | Collected: 250
2026-09-20 15:48:02,546 [INFO] Pacing: sleep 1.2s
2026-09-20 15:48:03,774 [INFO] Page 20 | Collected: 250
2026-09-20 15:48:04,136 [INFO] Pacing: sleep 1.3s
2026-09-20 15:48:05,398 [INFO] Page 21 | Collected: 500
2026-09-20 15:48:05,706 [INFO] Pacing: sleep 0.8s
2026-09-20 15:48:06,556 [INFO] Page 22 | Collected: 500
2026-09-20 15:48:06,896 [INFO] Pacing: sleep 1.1s
2026-09-20 15:48:07,969 [INFO] Page 23 | Collected: 500
2026-09-20 15:48:08,328 [INFO] Pacing: sleep 1.2s
2026-09-20 15:48:09,537 [INFO] Page 24 | Collected: 500
2026-09-20 15:48:09,823 [INFO] Pacing: sleep 1.4s
2026-09-20 15:48:11,242 [INFO] Page 25 | Collected: 500
2026-09-20 15:48:11,542 [INFO] Pacing: sleep 1.1s
2026-09-20 15:48:12,667 [INFO] Page 26 | Collected: 500
2026-09-20 15:48:13,020 [INFO] Pacing: sleep 1.0s
2026-09-20 15:48:13,980 [INFO] Page 27 | Collected: 500
2026-09-20 15:48:14,330 [INFO] Pacing: sleep 0.8s
2026-09-20 15:48:15,148 [INFO] Page 28 | Collected: 500
2026-09-20 15:48:15,660 [INFO] Pacing: sleep 1.3s
2026-09-20 15:48:16,922 [INFO] Page 29 | Collected: 500
2026-09-20 15:48:17,261 [INFO] Pacing: sleep 1.2s
2026-09-20 15:48:18,455 [INFO] Page 30 | Collected: 500
2026-09-20 15:48:18,750 [INFO] Pacing: sleep 0.6s
2026-09-20 15:48:19,376 [INFO] Page 31 | Collected: 750
2026-09-20 15:48:19,524 [WARNING] Block detected on page 31: HTTP 429
2026-09-20 15:48:19,524 [INFO] Saved raw HTML for debugging: blocked_0031.html
2026-09-20 15:48:19,524 [WARNING] Initiating ADAPTIVE THROTTLING. Sleeping 180s, switching to SAFE mode.
2026-09-20 15:51:19,525 [INFO] Pacing: sleep 44.5s | Short Cooldown: 39.5s
2026-09-20 15:52:04,015 [INFO] Page 31 | Collected: 750
2026-09-20 15:52:04,394 [INFO] Pacing: sleep 5.2s
2026-09-20 15:52:09,614 [INFO] Page 32 | Collected: 750
2026-09-20 15:52:10,036 [INFO] Pacing: sleep 4.3s
2026-09-20 15:52:14,298 [INFO] Page 33 | Collected: 750
2026-09-20 15:52:14,649 [INFO] Pacing: sleep 5.3s
2026-09-20 15:52:19,913 [INFO] Page 34 | Collected: 750
2026-09-20 15:52:20,201 [INFO] Pacing: sleep 4.1s
2026-09-20 15:52:24,306 [INFO] Page 35 | Collected: 750
2026-09-20 15:52:24,589 [INFO] Pacing: sleep 5.1s
2026-09-20 15:52:29,725 [INFO] Page 36 | Collected: 750
2026-09-20 15:52:30,188 [INFO] Pacing: sleep 4.4s
2026-09-20 15:52:34,578 [INFO] Page 37 | Collected: 750
2026-09-20 15:52:34,901 [INFO] Pacing: sleep 4.7s
2026-09-20 15:52:39,611 [INFO] Page 38 | Collected: 750
2026-09-20 15:52:39,926 [INFO] Pacing: sleep 5.9s
2026-09-20 15:52:45,827 [INFO] Page 39 | Collected: 750
2026-09-20 15:52:46,191 [INFO] Pacing: sleep 5.3s
2026-09-20 15:52:51,473 [INFO] Page 40 | Collected: 750
2026-09-20 15:52:51,738 [INFO] Pacing: sleep 233.8s | Long Cooldown: 229.4s
2026-09-20 15:56:45,559 [INFO] Page 41 | Collected: 1000
2026-09-20 15:56:45,874 [INFO] Pacing: sleep 4.4s
2026-09-20 15:56:50,280 [INFO] Page 42 | Collected: 1000
2026-09-20 15:56:50,573 [INFO] Pacing: sleep 4.4s
2026-09-20 15:56:54,924 [INFO] Page 43 | Collected: 1000
2026-09-20 15:56:55,240 [INFO] Pacing: sleep 6.3s
2026-09-20 15:57:01,589 [INFO] Page 44 | Collected: 1000
2026-09-20 15:57:01,995 [INFO] Pacing: sleep 6.4s
2026-09-20 15:57:08,387 [INFO] Page 45 | Collected: 1000
2026-09-20 15:57:08,658 [INFO] Pacing: sleep 6.1s
2026-09-20 15:57:14,710 [INFO] Page 46 | Collected: 1000
2026-09-20 15:57:15,047 [INFO] Pacing: sleep 7.7s
2026-09-20 15:57:22,742 [INFO] Page 47 | Collected: 1000
2026-09-20 15:57:23,178 [INFO] Pacing: sleep 6.7s
2026-09-20 15:57:29,834 [INFO] Page 48 | Collected: 1000
2026-09-20 15:57:30,034 [WARNING] Block detected on page 48: Suspicious term found: 'captcha'
2026-09-20 15:57:30,035 [INFO] Saved raw HTML for debugging: blocked_0048.html
2026-09-20 15:57:30,035 [ERROR] Blocked again even after safe mode. Stopping gracefully.
2026-09-20 15:57:30,036 [INFO] Crawl stopped. Reason: adaptive_throttle_failed_page_48. Finalizing...
2026-09-20 15:57:30,036 [INFO] Merging intermediate pages from work_dir: /home/runner/work/steam-diploma/steam-diploma/data/snapshots/data/snapshots/_in_progress/aa1d6c94-5779-458f-bd96-b71ce8e6ea21
