2026-08-23 01:43:05,397 [INFO] Steam Snapshot Collector Started.
2026-08-23 01:43:05,398 [INFO] Speed Mode: fast
2026-08-23 01:43:05,398 [INFO] Work Dir: /home/runner/work/steam-diploma/steam-diploma/data/snapshots
2026-08-23 01:43:05,398 [INFO] Base Output Dir: .
2026-08-23 01:43:05,398 [INFO] Page 1 | Collected: 0
2026-08-23 01:43:05,745 [INFO] Pacing: sleep 0.6s
2026-08-23 01:43:06,383 [INFO] Page 2 | Collected: 0
2026-08-23 01:43:06,658 [INFO] Pacing: sleep 0.6s
2026-08-23 01:43:07,239 [INFO] Page 3 | Collected: 0
2026-08-23 01:43:07,510 [INFO] Pacing: sleep 0.8s
2026-08-23 01:43:08,263 [INFO] Page 4 | Collected: 0
2026-08-23 01:43:08,585 [INFO] Pacing: sleep 1.3s
2026-08-23 01:43:09,866 [INFO] Page 5 | Collected: 0
2026-08-23 01:43:10,110 [INFO] Pacing: sleep 1.0s
2026-08-23 01:43:11,143 [INFO] Page 6 | Collected: 0
2026-08-23 01:43:11,443 [INFO] Pacing: sleep 0.5s
2026-08-23 01:43:11,991 [INFO] Page 7 | Collected: 0
2026-08-23 01:43:12,348 [INFO] Pacing: sleep 1.5s
2026-08-23 01:43:13,844 [INFO] Page 8 | Collected: 0
2026-08-23 01:43:14,102 [INFO] Pacing: sleep 0.8s
2026-08-23 01:43:14,931 [INFO] Page 9 | Collected: 0
2026-08-23 01:43:15,175 [INFO] Pacing: sleep 1.0s
2026-08-23 01:43:16,202 [INFO] Page 10 | Collected: 0
2026-08-23 01:43:16,490 [INFO] Pacing: sleep 1.1s
2026-08-23 01:43:17,580 [INFO] Page 11 | Collected: 250
2026-08-23 01:43:17,810 [INFO] Pacing: sleep 1.2s
2026-08-23 01:43:18,971 [INFO] Page 12 | Collected: 250
2026-08-23 01:43:19,306 [INFO] Pacing: sleep 1.5s
2026-08-23 01:43:20,799 [INFO] Page 13 | Collected: 250
2026-08-23 01:43:21,027 [INFO] Pacing: sleep 1.1s
2026-08-23 01:43:22,080 [INFO] Page 14 | Collected: 250
2026-08-23 01:43:22,337 [INFO] Pacing: sleep 1.3s
2026-08-23 01:43:23,661 [INFO] Page 15 | Collected: 250
2026-08-23 01:43:24,005 [INFO] Pacing: sleep 0.8s
2026-08-23 01:43:24,758 [INFO] Page 16 | Collected: 250
2026-08-23 01:43:25,015 [INFO] Pacing: sleep 1.4s
2026-08-23 01:43:26,386 [INFO] Page 17 | Collected: 250
2026-08-23 01:43:26,634 [INFO] Pacing: sleep 1.4s
2026-08-23 01:43:28,003 [INFO] Page 18 | Collected: 250
2026-08-23 01:43:28,334 [INFO] Pacing: sleep 0.5s
2026-08-23 01:43:28,837 [INFO] Page 19 | Collected: 250
2026-08-23 01:43:29,115 [INFO] Pacing: sleep 1.0s
2026-08-23 01:43:30,087 [INFO] Page 20 | Collected: 250
2026-08-23 01:43:30,406 [INFO] Pacing: sleep 0.8s
2026-08-23 01:43:31,204 [INFO] Page 21 | Collected: 500
2026-08-23 01:43:31,456 [INFO] Pacing: sleep 1.0s
2026-08-23 01:43:32,479 [INFO] Page 22 | Collected: 500
2026-08-23 01:43:32,765 [INFO] Pacing: sleep 1.1s
2026-08-23 01:43:33,836 [INFO] Page 23 | Collected: 500
2026-08-23 01:43:34,182 [INFO] Pacing: sleep 1.1s
2026-08-23 01:43:35,314 [INFO] Page 24 | Collected: 500
2026-08-23 01:43:35,547 [INFO] Pacing: sleep 1.3s
2026-08-23 01:43:36,860 [INFO] Page 25 | Collected: 500
2026-08-23 01:43:37,218 [INFO] Pacing: sleep 1.4s
2026-08-23 01:43:38,572 [INFO] Page 26 | Collected: 500
2026-08-23 01:43:38,852 [INFO] Pacing: sleep 0.7s
2026-08-23 01:43:39,574 [INFO] Page 27 | Collected: 500
2026-08-23 01:43:39,839 [INFO] Pacing: sleep 1.1s
2026-08-23 01:43:40,904 [INFO] Page 28 | Collected: 500
2026-08-23 01:43:41,274 [INFO] Pacing: sleep 1.4s
2026-08-23 01:43:42,723 [INFO] Page 29 | Collected: 500
2026-08-23 01:43:42,993 [INFO] Pacing: sleep 0.7s
2026-08-23 01:43:43,689 [INFO] Page 30 | Collected: 500
2026-08-23 01:43:43,971 [INFO] Pacing: sleep 0.7s
2026-08-23 01:43:44,669 [INFO] Page 31 | Collected: 750
2026-08-23 01:43:44,763 [WARNING] Block detected on page 31: HTTP 429
2026-08-23 01:43:44,764 [INFO] Saved raw HTML for debugging: blocked_0031.html
2026-08-23 01:43:44,764 [WARNING] Initiating ADAPTIVE THROTTLING. Sleeping 180s, switching to SAFE mode.
2026-08-23 01:46:44,764 [INFO] Pacing: sleep 48.2s | Short Cooldown: 42.3s
2026-08-23 01:47:33,000 [INFO] Page 31 | Collected: 750
2026-08-23 01:47:33,363 [INFO] Pacing: sleep 5.0s
2026-08-23 01:47:38,341 [INFO] Page 32 | Collected: 750
2026-08-23 01:47:38,582 [INFO] Pacing: sleep 4.9s
2026-08-23 01:47:43,526 [INFO] Page 33 | Collected: 750
2026-08-23 01:47:43,821 [INFO] Pacing: sleep 5.3s
2026-08-23 01:47:49,158 [INFO] Page 34 | Collected: 750
2026-08-23 01:47:49,391 [INFO] Pacing: sleep 7.2s
2026-08-23 01:47:56,595 [INFO] Page 35 | Collected: 750
2026-08-23 01:47:56,856 [INFO] Pacing: sleep 7.9s
2026-08-23 01:48:04,737 [INFO] Page 36 | Collected: 750
2026-08-23 01:48:05,058 [INFO] Pacing: sleep 7.3s
2026-08-23 01:48:12,344 [INFO] Page 37 | Collected: 750
2026-08-23 01:48:12,596 [INFO] Pacing: sleep 4.0s
2026-08-23 01:48:16,602 [INFO] Page 38 | Collected: 750
2026-08-23 01:48:16,854 [INFO] Pacing: sleep 5.1s
2026-08-23 01:48:21,965 [INFO] Page 39 | Collected: 750
2026-08-23 01:48:22,301 [INFO] Pacing: sleep 4.8s
2026-08-23 01:48:27,057 [INFO] Page 40 | Collected: 750
2026-08-23 01:48:27,317 [INFO] Pacing: sleep 173.5s | Long Cooldown: 168.2s
2026-08-23 01:51:20,816 [INFO] Page 41 | Collected: 1000
2026-08-23 01:51:21,147 [INFO] Pacing: sleep 7.4s
2026-08-23 01:51:28,532 [INFO] Page 42 | Collected: 1000
2026-08-23 01:51:28,782 [INFO] Pacing: sleep 6.6s
2026-08-23 01:51:35,350 [INFO] Page 43 | Collected: 1000
2026-08-23 01:51:35,626 [INFO] Pacing: sleep 6.1s
2026-08-23 01:51:41,761 [INFO] Page 44 | Collected: 1000
2026-08-23 01:51:42,119 [INFO] Pacing: sleep 6.1s
2026-08-23 01:51:48,201 [INFO] Page 45 | Collected: 1000
2026-08-23 01:51:48,464 [INFO] Pacing: sleep 7.0s
2026-08-23 01:51:55,459 [INFO] Page 46 | Collected: 1000
2026-08-23 01:51:55,629 [WARNING] Block detected on page 46: Suspicious term found: 'captcha'
2026-08-23 01:51:55,630 [INFO] Saved raw HTML for debugging: blocked_0046.html
2026-08-23 01:51:55,630 [ERROR] Blocked again even after safe mode. Stopping gracefully.
2026-08-23 01:51:55,631 [INFO] Crawl stopped. Reason: adaptive_throttle_failed_page_46. Finalizing...
2026-08-23 01:51:55,631 [INFO] Merging intermediate pages from work_dir: /home/runner/work/steam-diploma/steam-diploma/data/snapshots/data/snapshots/_in_progress/b204bab2-a09a-4441-b7b6-09d8836b769f
