2026-08-18 01:34:12,470 [INFO] Steam Snapshot Collector Started.
2026-08-18 01:34:12,470 [INFO] Speed Mode: fast
2026-08-18 01:34:12,470 [INFO] Work Dir: /home/runner/work/steam-diploma/steam-diploma/data/snapshots
2026-08-18 01:34:12,470 [INFO] Base Output Dir: .
2026-08-18 01:34:12,471 [INFO] Page 1 | Collected: 0
2026-08-18 01:34:12,811 [INFO] Pacing: sleep 1.3s
2026-08-18 01:34:14,078 [INFO] Page 2 | Collected: 0
2026-08-18 01:34:14,415 [INFO] Pacing: sleep 1.1s
2026-08-18 01:34:15,492 [INFO] Page 3 | Collected: 0
2026-08-18 01:34:15,786 [INFO] Pacing: sleep 0.7s
2026-08-18 01:34:16,471 [INFO] Page 4 | Collected: 0
2026-08-18 01:34:16,885 [INFO] Pacing: sleep 1.4s
2026-08-18 01:34:18,286 [INFO] Page 5 | Collected: 0
2026-08-18 01:34:18,597 [INFO] Pacing: sleep 1.3s
2026-08-18 01:34:19,855 [INFO] Page 6 | Collected: 0
2026-08-18 01:34:20,174 [WARNING] Page 6 had 1 duplicate appids seen previously.
2026-08-18 01:34:20,174 [INFO] Pacing: sleep 1.1s
2026-08-18 01:34:21,301 [INFO] Page 7 | Collected: 0
2026-08-18 01:34:21,635 [INFO] Pacing: sleep 1.1s
2026-08-18 01:34:22,710 [INFO] Page 8 | Collected: 0
2026-08-18 01:34:23,016 [INFO] Pacing: sleep 1.0s
2026-08-18 01:34:24,038 [INFO] Page 9 | Collected: 0
2026-08-18 01:34:24,316 [INFO] Pacing: sleep 1.3s
2026-08-18 01:34:25,657 [INFO] Page 10 | Collected: 0
2026-08-18 01:34:26,017 [INFO] Pacing: sleep 1.3s
2026-08-18 01:34:27,331 [INFO] Page 11 | Collected: 250
2026-08-18 01:34:27,630 [INFO] Pacing: sleep 1.1s
2026-08-18 01:34:28,701 [INFO] Page 12 | Collected: 250
2026-08-18 01:34:29,063 [INFO] Pacing: sleep 0.8s
2026-08-18 01:34:29,863 [INFO] Page 13 | Collected: 250
2026-08-18 01:34:30,171 [INFO] Pacing: sleep 1.4s
2026-08-18 01:34:31,529 [INFO] Page 14 | Collected: 250
2026-08-18 01:34:31,833 [INFO] Pacing: sleep 0.6s
2026-08-18 01:34:32,403 [INFO] Page 15 | Collected: 250
2026-08-18 01:34:32,798 [INFO] Pacing: sleep 1.5s
2026-08-18 01:34:34,284 [INFO] Page 16 | Collected: 250
2026-08-18 01:34:34,610 [INFO] Pacing: sleep 1.3s
2026-08-18 01:34:35,905 [INFO] Page 17 | Collected: 250
2026-08-18 01:34:36,198 [INFO] Pacing: sleep 0.7s
2026-08-18 01:34:36,857 [INFO] Page 18 | Collected: 250
2026-08-18 01:34:37,259 [INFO] Pacing: sleep 1.2s
2026-08-18 01:34:38,496 [INFO] Page 19 | Collected: 250
2026-08-18 01:34:38,849 [INFO] Pacing: sleep 0.8s
2026-08-18 01:34:39,691 [INFO] Page 20 | Collected: 250
2026-08-18 01:34:40,126 [INFO] Pacing: sleep 1.1s
2026-08-18 01:34:41,236 [INFO] Page 21 | Collected: 500
2026-08-18 01:34:41,590 [INFO] Pacing: sleep 1.5s
2026-08-18 01:34:43,044 [INFO] Page 22 | Collected: 500
2026-08-18 01:34:43,360 [INFO] Pacing: sleep 0.6s
2026-08-18 01:34:43,946 [INFO] Page 23 | Collected: 500
2026-08-18 01:34:44,341 [INFO] Pacing: sleep 1.0s
2026-08-18 01:34:45,373 [INFO] Page 24 | Collected: 500
2026-08-18 01:34:45,685 [INFO] Pacing: sleep 1.1s
2026-08-18 01:34:46,813 [INFO] Page 25 | Collected: 500
2026-08-18 01:34:47,242 [INFO] Pacing: sleep 1.1s
2026-08-18 01:34:48,355 [INFO] Page 26 | Collected: 500
2026-08-18 01:34:48,678 [INFO] Pacing: sleep 0.8s
2026-08-18 01:34:49,436 [INFO] Page 27 | Collected: 500
2026-08-18 01:34:49,727 [INFO] Pacing: sleep 0.7s
2026-08-18 01:34:50,475 [INFO] Page 28 | Collected: 500
2026-08-18 01:34:51,088 [INFO] Pacing: sleep 1.3s
2026-08-18 01:34:52,414 [INFO] Page 29 | Collected: 500
2026-08-18 01:34:52,723 [INFO] Pacing: sleep 1.1s
2026-08-18 01:34:53,821 [INFO] Page 30 | Collected: 500
2026-08-18 01:34:54,143 [INFO] Pacing: sleep 0.8s
2026-08-18 01:34:54,894 [INFO] Page 31 | Collected: 750
2026-08-18 01:34:55,043 [WARNING] Block detected on page 31: HTTP 429
2026-08-18 01:34:55,044 [INFO] Saved raw HTML for debugging: blocked_0031.html
2026-08-18 01:34:55,044 [WARNING] Initiating ADAPTIVE THROTTLING. Sleeping 180s, switching to SAFE mode.
2026-08-18 01:37:55,044 [INFO] Pacing: sleep 50.1s | Short Cooldown: 44.1s
2026-08-18 01:38:45,189 [INFO] Page 31 | Collected: 750
2026-08-18 01:38:45,603 [INFO] Pacing: sleep 5.1s
2026-08-18 01:38:50,745 [INFO] Page 32 | Collected: 750
2026-08-18 01:38:51,028 [INFO] Pacing: sleep 6.1s
2026-08-18 01:38:57,178 [INFO] Page 33 | Collected: 750
2026-08-18 01:38:57,596 [INFO] Pacing: sleep 5.8s
2026-08-18 01:39:03,446 [INFO] Page 34 | Collected: 750
2026-08-18 01:39:03,746 [INFO] Pacing: sleep 5.0s
2026-08-18 01:39:08,707 [INFO] Page 35 | Collected: 750
2026-08-18 01:39:08,991 [INFO] Pacing: sleep 5.8s
2026-08-18 01:39:14,827 [INFO] Page 36 | Collected: 750
2026-08-18 01:39:15,209 [INFO] Pacing: sleep 5.6s
2026-08-18 01:39:20,766 [INFO] Page 37 | Collected: 750
2026-08-18 01:39:21,072 [INFO] Pacing: sleep 4.9s
2026-08-18 01:39:25,937 [INFO] Page 38 | Collected: 750
2026-08-18 01:39:26,260 [INFO] Pacing: sleep 4.2s
2026-08-18 01:39:30,452 [INFO] Page 39 | Collected: 750
2026-08-18 01:39:30,845 [INFO] Pacing: sleep 7.1s
2026-08-18 01:39:37,936 [INFO] Page 40 | Collected: 750
2026-08-18 01:39:38,224 [INFO] Pacing: sleep 195.1s | Long Cooldown: 190.1s
2026-08-18 01:42:53,339 [INFO] Page 41 | Collected: 1000
2026-08-18 01:42:53,702 [INFO] Pacing: sleep 4.4s
2026-08-18 01:42:58,064 [INFO] Page 42 | Collected: 1000
2026-08-18 01:42:58,388 [INFO] Pacing: sleep 6.1s
2026-08-18 01:43:04,535 [INFO] Page 43 | Collected: 1000
2026-08-18 01:43:04,838 [INFO] Pacing: sleep 5.5s
2026-08-18 01:43:10,311 [INFO] Page 44 | Collected: 1000
2026-08-18 01:43:10,682 [INFO] Pacing: sleep 5.3s
2026-08-18 01:43:15,962 [INFO] Page 45 | Collected: 1000
2026-08-18 01:43:16,279 [INFO] Pacing: sleep 7.2s
2026-08-18 01:43:23,489 [INFO] Page 46 | Collected: 1000
2026-08-18 01:43:23,690 [WARNING] Block detected on page 46: Suspicious term found: 'captcha'
2026-08-18 01:43:23,691 [INFO] Saved raw HTML for debugging: blocked_0046.html
2026-08-18 01:43:23,691 [ERROR] Blocked again even after safe mode. Stopping gracefully.
2026-08-18 01:43:23,692 [INFO] Crawl stopped. Reason: adaptive_throttle_failed_page_46. Finalizing...
2026-08-18 01:43:23,692 [INFO] Merging intermediate pages from work_dir: /home/runner/work/steam-diploma/steam-diploma/data/snapshots/data/snapshots/_in_progress/f472c359-7153-4769-ad14-4da512bc5126
2026-08-18 01:43:23,706 [WARNING] Found 1 duplicate appids across the snapshot.
