2026-09-06 15:15:25,229 [INFO] Steam Snapshot Collector Started.
2026-09-06 15:15:25,229 [INFO] Speed Mode: fast
2026-09-06 15:15:25,229 [INFO] Work Dir: /home/runner/work/steam-diploma/steam-diploma/data/snapshots
2026-09-06 15:15:25,229 [INFO] Base Output Dir: .
2026-09-06 15:15:25,230 [INFO] Page 1 | Collected: 0
2026-09-06 15:15:25,609 [INFO] Pacing: sleep 1.5s
2026-09-06 15:15:27,108 [INFO] Page 2 | Collected: 0
2026-09-06 15:15:27,526 [INFO] Pacing: sleep 0.9s
2026-09-06 15:15:28,466 [INFO] Page 3 | Collected: 0
2026-09-06 15:15:28,721 [INFO] Pacing: sleep 0.6s
2026-09-06 15:15:29,286 [INFO] Page 4 | Collected: 0
2026-09-06 15:15:29,621 [INFO] Pacing: sleep 1.3s
2026-09-06 15:15:30,903 [INFO] Page 5 | Collected: 0
2026-09-06 15:15:31,167 [INFO] Pacing: sleep 1.0s
2026-09-06 15:15:32,214 [INFO] Page 6 | Collected: 0
2026-09-06 15:15:32,542 [INFO] Pacing: sleep 0.9s
2026-09-06 15:15:33,421 [INFO] Page 7 | Collected: 0
2026-09-06 15:15:33,836 [INFO] Pacing: sleep 1.5s
2026-09-06 15:15:35,296 [INFO] Page 8 | Collected: 0
2026-09-06 15:15:35,547 [INFO] Pacing: sleep 0.7s
2026-09-06 15:15:36,220 [INFO] Page 9 | Collected: 0
2026-09-06 15:15:36,507 [INFO] Pacing: sleep 1.1s
2026-09-06 15:15:37,611 [INFO] Page 10 | Collected: 0
2026-09-06 15:15:37,971 [INFO] Pacing: sleep 1.1s
2026-09-06 15:15:39,117 [INFO] Page 11 | Collected: 250
2026-09-06 15:15:39,404 [INFO] Pacing: sleep 1.4s
2026-09-06 15:15:40,839 [INFO] Page 12 | Collected: 250
2026-09-06 15:15:41,191 [INFO] Pacing: sleep 0.6s
2026-09-06 15:15:41,792 [INFO] Page 13 | Collected: 250
2026-09-06 15:15:42,076 [INFO] Pacing: sleep 0.7s
2026-09-06 15:15:42,783 [INFO] Page 14 | Collected: 250
2026-09-06 15:15:43,041 [INFO] Pacing: sleep 1.0s
2026-09-06 15:15:44,049 [INFO] Page 15 | Collected: 250
2026-09-06 15:15:44,435 [INFO] Pacing: sleep 1.0s
2026-09-06 15:15:45,474 [INFO] Page 16 | Collected: 250
2026-09-06 15:15:45,731 [INFO] Pacing: sleep 1.1s
2026-09-06 15:15:46,878 [INFO] Page 17 | Collected: 250
2026-09-06 15:15:47,155 [INFO] Pacing: sleep 0.9s
2026-09-06 15:15:48,054 [INFO] Page 18 | Collected: 250
2026-09-06 15:15:48,414 [INFO] Pacing: sleep 1.1s
2026-09-06 15:15:49,531 [INFO] Page 19 | Collected: 250
2026-09-06 15:15:49,803 [INFO] Pacing: sleep 1.5s
2026-09-06 15:15:51,258 [INFO] Page 20 | Collected: 250
2026-09-06 15:15:51,597 [INFO] Pacing: sleep 0.6s
2026-09-06 15:15:52,225 [INFO] Page 21 | Collected: 500
2026-09-06 15:15:52,504 [INFO] Pacing: sleep 0.6s
2026-09-06 15:15:53,144 [INFO] Page 22 | Collected: 500
2026-09-06 15:15:53,413 [INFO] Pacing: sleep 1.1s
2026-09-06 15:15:54,543 [INFO] Page 23 | Collected: 500
2026-09-06 15:15:54,915 [INFO] Pacing: sleep 0.9s
2026-09-06 15:15:55,831 [INFO] Page 24 | Collected: 500
2026-09-06 15:15:56,108 [INFO] Pacing: sleep 0.7s
2026-09-06 15:15:56,768 [INFO] Page 25 | Collected: 500
2026-09-06 15:15:57,131 [INFO] Pacing: sleep 0.7s
2026-09-06 15:15:57,809 [INFO] Page 26 | Collected: 500
2026-09-06 15:15:58,072 [INFO] Pacing: sleep 0.9s
2026-09-06 15:15:58,963 [INFO] Page 27 | Collected: 500
2026-09-06 15:15:59,242 [INFO] Pacing: sleep 1.5s
2026-09-06 15:16:00,697 [INFO] Page 28 | Collected: 500
2026-09-06 15:16:01,055 [INFO] Pacing: sleep 1.4s
2026-09-06 15:16:02,458 [INFO] Page 29 | Collected: 500
2026-09-06 15:16:02,714 [INFO] Pacing: sleep 0.8s
2026-09-06 15:16:03,530 [INFO] Page 30 | Collected: 500
2026-09-06 15:16:03,810 [INFO] Pacing: sleep 1.0s
2026-09-06 15:16:04,839 [INFO] Page 31 | Collected: 750
2026-09-06 15:16:04,926 [WARNING] Block detected on page 31: HTTP 429
2026-09-06 15:16:04,926 [INFO] Saved raw HTML for debugging: blocked_0031.html
2026-09-06 15:16:04,926 [WARNING] Initiating ADAPTIVE THROTTLING. Sleeping 180s, switching to SAFE mode.
2026-09-06 15:19:04,926 [INFO] Pacing: sleep 61.1s | Short Cooldown: 54.1s
2026-09-06 15:20:05,998 [INFO] Page 31 | Collected: 750
2026-09-06 15:20:06,504 [INFO] Pacing: sleep 5.3s
2026-09-06 15:20:11,769 [INFO] Page 32 | Collected: 750
2026-09-06 15:20:12,051 [INFO] Pacing: sleep 6.3s
2026-09-06 15:20:18,325 [INFO] Page 33 | Collected: 750
2026-09-06 15:20:18,685 [INFO] Pacing: sleep 5.4s
2026-09-06 15:20:24,074 [INFO] Page 34 | Collected: 750
2026-09-06 15:20:24,366 [INFO] Pacing: sleep 5.3s
2026-09-06 15:20:29,672 [INFO] Page 35 | Collected: 750
2026-09-06 15:20:29,953 [INFO] Pacing: sleep 7.9s
2026-09-06 15:20:37,891 [INFO] Page 36 | Collected: 750
2026-09-06 15:20:38,319 [INFO] Pacing: sleep 7.0s
2026-09-06 15:20:45,365 [INFO] Page 37 | Collected: 750
2026-09-06 15:20:45,645 [INFO] Pacing: sleep 5.2s
2026-09-06 15:20:50,856 [INFO] Page 38 | Collected: 750
2026-09-06 15:20:51,144 [INFO] Pacing: sleep 5.7s
2026-09-06 15:20:56,802 [INFO] Page 39 | Collected: 750
2026-09-06 15:20:57,182 [INFO] Pacing: sleep 7.1s
2026-09-06 15:21:04,249 [INFO] Page 40 | Collected: 750
2026-09-06 15:21:04,536 [INFO] Pacing: sleep 234.7s | Long Cooldown: 230.2s
2026-09-06 15:24:59,203 [INFO] Page 41 | Collected: 1000
2026-09-06 15:24:59,554 [INFO] Pacing: sleep 7.3s
2026-09-06 15:25:06,882 [INFO] Page 42 | Collected: 1000
2026-09-06 15:25:07,197 [INFO] Pacing: sleep 7.9s
2026-09-06 15:25:15,144 [INFO] Page 43 | Collected: 1000
2026-09-06 15:25:15,446 [INFO] Pacing: sleep 7.9s
2026-09-06 15:25:23,381 [INFO] Page 44 | Collected: 1000
2026-09-06 15:25:23,859 [INFO] Pacing: sleep 8.0s
2026-09-06 15:25:31,815 [INFO] Page 45 | Collected: 1000
2026-09-06 15:25:32,086 [INFO] Pacing: sleep 6.4s
2026-09-06 15:25:38,513 [INFO] Page 46 | Collected: 1000
2026-09-06 15:25:38,885 [INFO] Pacing: sleep 6.0s
2026-09-06 15:25:44,872 [INFO] Page 47 | Collected: 1000
2026-09-06 15:25:45,170 [INFO] Pacing: sleep 6.2s
2026-09-06 15:25:51,397 [INFO] Page 48 | Collected: 1000
2026-09-06 15:25:51,585 [WARNING] Block detected on page 48: Suspicious term found: 'captcha'
2026-09-06 15:25:51,586 [INFO] Saved raw HTML for debugging: blocked_0048.html
2026-09-06 15:25:51,586 [ERROR] Blocked again even after safe mode. Stopping gracefully.
2026-09-06 15:25:51,587 [INFO] Crawl stopped. Reason: adaptive_throttle_failed_page_48. Finalizing...
2026-09-06 15:25:51,588 [INFO] Merging intermediate pages from work_dir: /home/runner/work/steam-diploma/steam-diploma/data/snapshots/data/snapshots/_in_progress/f6d395a6-4039-4c52-ad86-e811ab7ba1bb
