2026-08-22 01:33:16,702 [INFO] Steam Snapshot Collector Started.
2026-08-22 01:33:16,702 [INFO] Speed Mode: fast
2026-08-22 01:33:16,702 [INFO] Work Dir: /home/runner/work/steam-diploma/steam-diploma/data/snapshots
2026-08-22 01:33:16,702 [INFO] Base Output Dir: .
2026-08-22 01:33:16,703 [INFO] Page 1 | Collected: 0
2026-08-22 01:33:17,243 [INFO] Pacing: sleep 1.4s
2026-08-22 01:33:18,617 [INFO] Page 2 | Collected: 0
2026-08-22 01:33:19,061 [INFO] Pacing: sleep 0.6s
2026-08-22 01:33:19,674 [INFO] Page 3 | Collected: 0
2026-08-22 01:33:19,937 [INFO] Pacing: sleep 0.8s
2026-08-22 01:33:20,742 [INFO] Page 4 | Collected: 0
2026-08-22 01:33:21,094 [INFO] Pacing: sleep 0.5s
2026-08-22 01:33:21,600 [INFO] Page 5 | Collected: 0
2026-08-22 01:33:21,928 [INFO] Pacing: sleep 1.3s
2026-08-22 01:33:23,222 [INFO] Page 6 | Collected: 0
2026-08-22 01:33:23,470 [INFO] Pacing: sleep 1.0s
2026-08-22 01:33:24,429 [INFO] Page 7 | Collected: 0
2026-08-22 01:33:24,753 [INFO] Pacing: sleep 1.2s
2026-08-22 01:33:25,994 [INFO] Page 8 | Collected: 0
2026-08-22 01:33:26,283 [INFO] Pacing: sleep 0.7s
2026-08-22 01:33:27,019 [INFO] Page 9 | Collected: 0
2026-08-22 01:33:27,252 [INFO] Pacing: sleep 1.2s
2026-08-22 01:33:28,483 [INFO] Page 10 | Collected: 0
2026-08-22 01:33:28,772 [INFO] Pacing: sleep 1.5s
2026-08-22 01:33:30,271 [INFO] Page 11 | Collected: 250
2026-08-22 01:33:30,509 [INFO] Pacing: sleep 1.5s
2026-08-22 01:33:31,976 [INFO] Page 12 | Collected: 250
2026-08-22 01:33:32,282 [INFO] Pacing: sleep 0.9s
2026-08-22 01:33:33,217 [INFO] Page 13 | Collected: 250
2026-08-22 01:33:33,457 [INFO] Pacing: sleep 0.9s
2026-08-22 01:33:34,320 [INFO] Page 14 | Collected: 250
2026-08-22 01:33:34,590 [INFO] Pacing: sleep 1.1s
2026-08-22 01:33:35,725 [INFO] Page 15 | Collected: 250
2026-08-22 01:33:36,049 [INFO] Pacing: sleep 0.8s
2026-08-22 01:33:36,833 [INFO] Page 16 | Collected: 250
2026-08-22 01:33:37,128 [INFO] Pacing: sleep 1.1s
2026-08-22 01:33:38,257 [INFO] Page 17 | Collected: 250
2026-08-22 01:33:38,549 [INFO] Pacing: sleep 0.9s
2026-08-22 01:33:39,473 [INFO] Page 18 | Collected: 250
2026-08-22 01:33:39,834 [INFO] Pacing: sleep 1.0s
2026-08-22 01:33:40,851 [INFO] Page 19 | Collected: 250
2026-08-22 01:33:41,093 [INFO] Pacing: sleep 0.5s
2026-08-22 01:33:41,605 [INFO] Page 20 | Collected: 250
2026-08-22 01:33:41,954 [INFO] Pacing: sleep 1.0s
2026-08-22 01:33:42,946 [INFO] Page 21 | Collected: 500
2026-08-22 01:33:43,204 [INFO] Pacing: sleep 0.5s
2026-08-22 01:33:43,737 [INFO] Page 22 | Collected: 500
2026-08-22 01:33:44,008 [INFO] Pacing: sleep 1.2s
2026-08-22 01:33:45,164 [INFO] Page 23 | Collected: 500
2026-08-22 01:33:45,464 [INFO] Pacing: sleep 1.0s
2026-08-22 01:33:46,478 [INFO] Page 24 | Collected: 500
2026-08-22 01:33:46,778 [INFO] Pacing: sleep 0.6s
2026-08-22 01:33:47,357 [INFO] Page 25 | Collected: 500
2026-08-22 01:33:47,685 [INFO] Pacing: sleep 1.2s
2026-08-22 01:33:48,840 [INFO] Page 26 | Collected: 500
2026-08-22 01:33:49,153 [WARNING] Page 26 had 1 duplicate appids seen previously.
2026-08-22 01:33:49,153 [INFO] Pacing: sleep 0.7s
2026-08-22 01:33:49,868 [INFO] Page 27 | Collected: 500
2026-08-22 01:33:50,098 [INFO] Pacing: sleep 1.2s
2026-08-22 01:33:51,264 [INFO] Page 28 | Collected: 500
2026-08-22 01:33:51,554 [INFO] Pacing: sleep 1.4s
2026-08-22 01:33:52,964 [INFO] Page 29 | Collected: 500
2026-08-22 01:33:53,232 [INFO] Pacing: sleep 0.7s
2026-08-22 01:33:53,937 [INFO] Page 30 | Collected: 500
2026-08-22 01:33:54,225 [INFO] Pacing: sleep 1.0s
2026-08-22 01:33:55,230 [INFO] Page 31 | Collected: 750
2026-08-22 01:33:55,300 [WARNING] Block detected on page 31: HTTP 429
2026-08-22 01:33:55,301 [INFO] Saved raw HTML for debugging: blocked_0031.html
2026-08-22 01:33:55,301 [WARNING] Initiating ADAPTIVE THROTTLING. Sleeping 180s, switching to SAFE mode.
2026-08-22 01:36:55,301 [INFO] Pacing: sleep 38.4s | Short Cooldown: 31.8s
2026-08-22 01:37:33,675 [INFO] Page 31 | Collected: 750
2026-08-22 01:37:33,989 [INFO] Pacing: sleep 4.8s
2026-08-22 01:37:38,806 [INFO] Page 32 | Collected: 750
2026-08-22 01:37:39,032 [INFO] Pacing: sleep 5.1s
2026-08-22 01:37:44,160 [INFO] Page 33 | Collected: 750
2026-08-22 01:37:44,495 [INFO] Pacing: sleep 5.5s
2026-08-22 01:37:49,966 [INFO] Page 34 | Collected: 750
2026-08-22 01:37:50,220 [INFO] Pacing: sleep 5.4s
2026-08-22 01:37:55,611 [INFO] Page 35 | Collected: 750
2026-08-22 01:37:55,831 [INFO] Pacing: sleep 5.7s
2026-08-22 01:38:01,511 [INFO] Page 36 | Collected: 750
2026-08-22 01:38:01,831 [INFO] Pacing: sleep 4.3s
2026-08-22 01:38:06,178 [INFO] Page 37 | Collected: 750
2026-08-22 01:38:06,447 [INFO] Pacing: sleep 5.5s
2026-08-22 01:38:11,992 [INFO] Page 38 | Collected: 750
2026-08-22 01:38:12,287 [INFO] Pacing: sleep 7.5s
2026-08-22 01:38:19,820 [INFO] Page 39 | Collected: 750
2026-08-22 01:38:20,143 [INFO] Pacing: sleep 6.9s
2026-08-22 01:38:27,072 [INFO] Page 40 | Collected: 750
2026-08-22 01:38:27,317 [INFO] Pacing: sleep 197.6s | Long Cooldown: 192.6s
2026-08-22 01:41:44,922 [INFO] Page 41 | Collected: 1000
2026-08-22 01:41:45,235 [INFO] Pacing: sleep 7.0s
2026-08-22 01:41:52,284 [INFO] Page 42 | Collected: 1000
2026-08-22 01:41:52,547 [INFO] Pacing: sleep 6.0s
2026-08-22 01:41:58,540 [INFO] Page 43 | Collected: 1000
2026-08-22 01:41:58,791 [INFO] Pacing: sleep 7.6s
2026-08-22 01:42:06,366 [INFO] Page 44 | Collected: 1000
2026-08-22 01:42:06,661 [INFO] Pacing: sleep 5.0s
2026-08-22 01:42:11,617 [INFO] Page 45 | Collected: 1000
2026-08-22 01:42:11,783 [WARNING] Block detected on page 45: Suspicious term found: 'captcha'
2026-08-22 01:42:11,784 [INFO] Saved raw HTML for debugging: blocked_0045.html
2026-08-22 01:42:11,784 [ERROR] Blocked again even after safe mode. Stopping gracefully.
2026-08-22 01:42:11,784 [INFO] Crawl stopped. Reason: adaptive_throttle_failed_page_45. Finalizing...
2026-08-22 01:42:11,785 [INFO] Merging intermediate pages from work_dir: /home/runner/work/steam-diploma/steam-diploma/data/snapshots/data/snapshots/_in_progress/2e2bbcf2-ccb5-4528-81f1-ca36026a61de
2026-08-22 01:42:11,796 [WARNING] Found 1 duplicate appids across the snapshot.
