2026-07-25 13:46:20,603 [INFO] Steam Snapshot Collector Started.
2026-07-25 13:46:20,603 [INFO] Speed Mode: fast
2026-07-25 13:46:20,603 [INFO] Work Dir: /home/runner/work/steam-diploma/steam-diploma/data/snapshots
2026-07-25 13:46:20,603 [INFO] Base Output Dir: .
2026-07-25 13:46:20,603 [INFO] Page 1 | Collected: 0
2026-07-25 13:46:20,966 [INFO] Pacing: sleep 1.1s
2026-07-25 13:46:22,052 [INFO] Page 2 | Collected: 0
2026-07-25 13:46:22,410 [INFO] Pacing: sleep 0.9s
2026-07-25 13:46:23,350 [INFO] Page 3 | Collected: 0
2026-07-25 13:46:23,647 [INFO] Pacing: sleep 1.5s
2026-07-25 13:46:25,101 [INFO] Page 4 | Collected: 0
2026-07-25 13:46:25,425 [INFO] Pacing: sleep 0.6s
2026-07-25 13:46:26,039 [INFO] Page 5 | Collected: 0
2026-07-25 13:46:26,330 [INFO] Pacing: sleep 1.3s
2026-07-25 13:46:27,644 [INFO] Page 6 | Collected: 0
2026-07-25 13:46:27,955 [INFO] Pacing: sleep 1.1s
2026-07-25 13:46:29,016 [INFO] Page 7 | Collected: 0
2026-07-25 13:46:29,362 [INFO] Pacing: sleep 1.0s
2026-07-25 13:46:30,395 [INFO] Page 8 | Collected: 0
2026-07-25 13:46:30,691 [INFO] Pacing: sleep 1.1s
2026-07-25 13:46:31,785 [INFO] Page 9 | Collected: 0
2026-07-25 13:46:32,082 [INFO] Pacing: sleep 0.8s
2026-07-25 13:46:32,837 [INFO] Page 10 | Collected: 0
2026-07-25 13:46:33,161 [INFO] Pacing: sleep 1.1s
2026-07-25 13:46:34,311 [INFO] Page 11 | Collected: 250
2026-07-25 13:46:34,574 [INFO] Pacing: sleep 1.0s
2026-07-25 13:46:35,583 [INFO] Page 12 | Collected: 250
2026-07-25 13:46:35,925 [INFO] Pacing: sleep 1.3s
2026-07-25 13:46:37,241 [INFO] Page 13 | Collected: 250
2026-07-25 13:46:37,533 [INFO] Pacing: sleep 0.9s
2026-07-25 13:46:38,413 [INFO] Page 14 | Collected: 250
2026-07-25 13:46:38,752 [INFO] Pacing: sleep 0.9s
2026-07-25 13:46:39,676 [INFO] Page 15 | Collected: 250
2026-07-25 13:46:40,060 [INFO] Pacing: sleep 1.3s
2026-07-25 13:46:41,394 [INFO] Page 16 | Collected: 250
2026-07-25 13:46:41,701 [INFO] Pacing: sleep 0.9s
2026-07-25 13:46:42,608 [INFO] Page 17 | Collected: 250
2026-07-25 13:46:42,971 [INFO] Pacing: sleep 1.2s
2026-07-25 13:46:44,189 [INFO] Page 18 | Collected: 250
2026-07-25 13:46:44,455 [INFO] Pacing: sleep 0.9s
2026-07-25 13:46:45,343 [INFO] Page 19 | Collected: 250
2026-07-25 13:46:45,618 [INFO] Pacing: sleep 1.3s
2026-07-25 13:46:46,951 [INFO] Page 20 | Collected: 250
2026-07-25 13:46:47,390 [INFO] Pacing: sleep 1.0s
2026-07-25 13:46:48,408 [INFO] Page 21 | Collected: 500
2026-07-25 13:46:48,709 [INFO] Pacing: sleep 1.3s
2026-07-25 13:46:50,021 [INFO] Page 22 | Collected: 500
2026-07-25 13:46:50,419 [INFO] Pacing: sleep 1.1s
2026-07-25 13:46:51,470 [INFO] Page 23 | Collected: 500
2026-07-25 13:46:51,757 [INFO] Pacing: sleep 0.6s
2026-07-25 13:46:52,329 [INFO] Page 24 | Collected: 500
2026-07-25 13:46:52,642 [INFO] Pacing: sleep 1.1s
2026-07-25 13:46:53,706 [INFO] Page 25 | Collected: 500
2026-07-25 13:46:54,071 [INFO] Pacing: sleep 0.6s
2026-07-25 13:46:54,705 [INFO] Page 26 | Collected: 500
2026-07-25 13:46:55,226 [INFO] Pacing: sleep 1.4s
2026-07-25 13:46:56,674 [INFO] Page 27 | Collected: 500
2026-07-25 13:46:56,971 [INFO] Pacing: sleep 1.5s
2026-07-25 13:46:58,465 [INFO] Page 28 | Collected: 500
2026-07-25 13:46:58,810 [INFO] Pacing: sleep 0.9s
2026-07-25 13:46:59,747 [INFO] Page 29 | Collected: 500
2026-07-25 13:47:00,023 [INFO] Pacing: sleep 1.2s
2026-07-25 13:47:01,231 [INFO] Page 30 | Collected: 500
2026-07-25 13:47:01,619 [INFO] Pacing: sleep 0.5s
2026-07-25 13:47:02,135 [INFO] Page 31 | Collected: 750
2026-07-25 13:47:02,219 [WARNING] Block detected on page 31: HTTP 429
2026-07-25 13:47:02,219 [INFO] Saved raw HTML for debugging: blocked_0031.html
2026-07-25 13:47:02,219 [WARNING] Initiating ADAPTIVE THROTTLING. Sleeping 180s, switching to SAFE mode.
2026-07-25 13:50:02,219 [INFO] Pacing: sleep 64.6s | Short Cooldown: 57.1s
2026-07-25 13:51:06,781 [INFO] Page 31 | Collected: 750
2026-07-25 13:51:07,101 [INFO] Pacing: sleep 6.5s
2026-07-25 13:51:13,641 [INFO] Page 32 | Collected: 750
2026-07-25 13:51:13,904 [INFO] Pacing: sleep 7.9s
2026-07-25 13:51:21,769 [INFO] Page 33 | Collected: 750
2026-07-25 13:51:22,094 [INFO] Pacing: sleep 5.2s
2026-07-25 13:51:27,330 [INFO] Page 34 | Collected: 750
2026-07-25 13:51:27,627 [INFO] Pacing: sleep 5.4s
2026-07-25 13:51:33,072 [INFO] Page 35 | Collected: 750
2026-07-25 13:51:33,423 [INFO] Pacing: sleep 4.1s
2026-07-25 13:51:37,564 [INFO] Page 36 | Collected: 750
2026-07-25 13:51:37,862 [INFO] Pacing: sleep 5.9s
2026-07-25 13:51:43,719 [INFO] Page 37 | Collected: 750
2026-07-25 13:51:43,997 [INFO] Pacing: sleep 6.5s
2026-07-25 13:51:50,526 [INFO] Page 38 | Collected: 750
2026-07-25 13:51:50,903 [INFO] Pacing: sleep 5.8s
2026-07-25 13:51:56,736 [INFO] Page 39 | Collected: 750
2026-07-25 13:51:57,023 [INFO] Pacing: sleep 5.2s
2026-07-25 13:52:02,239 [INFO] Page 40 | Collected: 750
2026-07-25 13:52:02,661 [INFO] Pacing: sleep 171.0s | Long Cooldown: 163.3s
2026-07-25 13:54:53,679 [INFO] Page 41 | Collected: 1000
2026-07-25 13:54:53,954 [INFO] Pacing: sleep 4.2s
2026-07-25 13:54:58,182 [INFO] Page 42 | Collected: 1000
2026-07-25 13:54:58,462 [INFO] Pacing: sleep 7.6s
2026-07-25 13:55:06,029 [INFO] Page 43 | Collected: 1000
2026-07-25 13:55:06,411 [INFO] Pacing: sleep 5.7s
2026-07-25 13:55:12,064 [INFO] Page 44 | Collected: 1000
2026-07-25 13:55:12,322 [INFO] Pacing: sleep 6.9s
2026-07-25 13:55:19,208 [INFO] Page 45 | Collected: 1000
2026-07-25 13:55:19,488 [INFO] Pacing: sleep 5.8s
2026-07-25 13:55:25,333 [INFO] Page 46 | Collected: 1000
2026-07-25 13:55:25,741 [INFO] Pacing: sleep 7.9s
2026-07-25 13:55:33,652 [INFO] Page 47 | Collected: 1000
2026-07-25 13:55:33,940 [INFO] Pacing: sleep 6.1s
2026-07-25 13:55:39,990 [INFO] Page 48 | Collected: 1000
2026-07-25 13:55:40,344 [INFO] Pacing: sleep 7.9s
2026-07-25 13:55:48,212 [INFO] Page 49 | Collected: 1000
2026-07-25 13:55:48,390 [WARNING] Block detected on page 49: Suspicious term found: 'captcha'
2026-07-25 13:55:48,391 [INFO] Saved raw HTML for debugging: blocked_0049.html
2026-07-25 13:55:48,391 [ERROR] Blocked again even after safe mode. Stopping gracefully.
2026-07-25 13:55:48,392 [INFO] Crawl stopped. Reason: adaptive_throttle_failed_page_49. Finalizing...
2026-07-25 13:55:48,393 [INFO] Merging intermediate pages from work_dir: /home/runner/work/steam-diploma/steam-diploma/data/snapshots/data/snapshots/_in_progress/f0f56f9e-a547-4a7c-8476-7419e2bcc1a6
