2026-09-15 04:19:41,174 [INFO] Steam Snapshot Collector Started.
2026-09-15 04:19:41,174 [INFO] Speed Mode: fast
2026-09-15 04:19:41,175 [INFO] Work Dir: /home/runner/work/steam-diploma/steam-diploma/data/snapshots
2026-09-15 04:19:41,175 [INFO] Base Output Dir: .
2026-09-15 04:19:41,175 [INFO] Page 1 | Collected: 0
2026-09-15 04:19:41,513 [INFO] Pacing: sleep 1.3s
2026-09-15 04:19:42,858 [INFO] Page 2 | Collected: 0
2026-09-15 04:19:43,140 [INFO] Pacing: sleep 0.8s
2026-09-15 04:19:43,919 [INFO] Page 3 | Collected: 0
2026-09-15 04:19:44,162 [INFO] Pacing: sleep 1.3s
2026-09-15 04:19:45,433 [INFO] Page 4 | Collected: 0
2026-09-15 04:19:45,731 [INFO] Pacing: sleep 0.9s
2026-09-15 04:19:46,669 [INFO] Page 5 | Collected: 0
2026-09-15 04:19:46,905 [INFO] Pacing: sleep 0.7s
2026-09-15 04:19:47,567 [INFO] Page 6 | Collected: 0
2026-09-15 04:19:47,806 [INFO] Pacing: sleep 1.1s
2026-09-15 04:19:48,940 [INFO] Page 7 | Collected: 0
2026-09-15 04:19:49,287 [INFO] Pacing: sleep 0.7s
2026-09-15 04:19:49,957 [INFO] Page 8 | Collected: 0
2026-09-15 04:19:50,167 [INFO] Pacing: sleep 1.2s
2026-09-15 04:19:51,414 [INFO] Page 9 | Collected: 0
2026-09-15 04:19:51,653 [INFO] Pacing: sleep 1.4s
2026-09-15 04:19:53,031 [INFO] Page 10 | Collected: 0
2026-09-15 04:19:53,320 [INFO] Pacing: sleep 1.5s
2026-09-15 04:19:54,813 [INFO] Page 11 | Collected: 250
2026-09-15 04:19:55,034 [INFO] Pacing: sleep 1.2s
2026-09-15 04:19:56,283 [INFO] Page 12 | Collected: 250
2026-09-15 04:19:56,562 [INFO] Pacing: sleep 0.8s
2026-09-15 04:19:57,407 [INFO] Page 13 | Collected: 250
2026-09-15 04:19:57,629 [INFO] Pacing: sleep 0.8s
2026-09-15 04:19:58,400 [INFO] Page 14 | Collected: 250
2026-09-15 04:19:58,615 [INFO] Pacing: sleep 0.7s
2026-09-15 04:19:59,296 [INFO] Page 15 | Collected: 250
2026-09-15 04:19:59,598 [INFO] Pacing: sleep 0.7s
2026-09-15 04:20:00,264 [INFO] Page 16 | Collected: 250
2026-09-15 04:20:00,491 [INFO] Pacing: sleep 1.4s
2026-09-15 04:20:01,880 [INFO] Page 17 | Collected: 250
2026-09-15 04:20:02,112 [INFO] Pacing: sleep 1.0s
2026-09-15 04:20:03,118 [INFO] Page 18 | Collected: 250
2026-09-15 04:20:03,392 [INFO] Pacing: sleep 0.8s
2026-09-15 04:20:04,215 [INFO] Page 19 | Collected: 250
2026-09-15 04:20:04,441 [INFO] Pacing: sleep 0.7s
2026-09-15 04:20:05,175 [INFO] Page 20 | Collected: 250
2026-09-15 04:20:05,441 [INFO] Pacing: sleep 1.2s
2026-09-15 04:20:06,637 [INFO] Page 21 | Collected: 500
2026-09-15 04:20:06,904 [INFO] Pacing: sleep 0.7s
2026-09-15 04:20:07,643 [INFO] Page 22 | Collected: 500
2026-09-15 04:20:07,897 [INFO] Pacing: sleep 0.9s
2026-09-15 04:20:08,762 [INFO] Page 23 | Collected: 500
2026-09-15 04:20:09,066 [INFO] Pacing: sleep 1.0s
2026-09-15 04:20:10,079 [INFO] Page 24 | Collected: 500
2026-09-15 04:20:10,355 [INFO] Pacing: sleep 0.9s
2026-09-15 04:20:11,243 [INFO] Page 25 | Collected: 500
2026-09-15 04:20:11,486 [INFO] Pacing: sleep 1.2s
2026-09-15 04:20:12,706 [INFO] Page 26 | Collected: 500
2026-09-15 04:20:12,996 [INFO] Pacing: sleep 1.2s
2026-09-15 04:20:14,159 [INFO] Page 27 | Collected: 500
2026-09-15 04:20:14,448 [INFO] Pacing: sleep 1.4s
2026-09-15 04:20:15,879 [INFO] Page 28 | Collected: 500
2026-09-15 04:20:16,239 [INFO] Pacing: sleep 0.9s
2026-09-15 04:20:17,159 [INFO] Page 29 | Collected: 500
2026-09-15 04:20:17,364 [INFO] Pacing: sleep 1.1s
2026-09-15 04:20:18,447 [INFO] Page 30 | Collected: 500
2026-09-15 04:20:18,698 [INFO] Pacing: sleep 0.6s
2026-09-15 04:20:19,253 [INFO] Page 31 | Collected: 750
2026-09-15 04:20:19,287 [WARNING] Block detected on page 31: HTTP 429
2026-09-15 04:20:19,287 [INFO] Saved raw HTML for debugging: blocked_0031.html
2026-09-15 04:20:19,287 [WARNING] Initiating ADAPTIVE THROTTLING. Sleeping 180s, switching to SAFE mode.
2026-09-15 04:23:19,287 [INFO] Pacing: sleep 57.8s | Short Cooldown: 52.2s
2026-09-15 04:24:17,090 [INFO] Page 31 | Collected: 750
2026-09-15 04:24:17,369 [INFO] Pacing: sleep 6.4s
2026-09-15 04:24:23,810 [INFO] Page 32 | Collected: 750
2026-09-15 04:24:24,035 [INFO] Pacing: sleep 5.6s
2026-09-15 04:24:29,646 [INFO] Page 33 | Collected: 750
2026-09-15 04:24:29,910 [INFO] Pacing: sleep 5.0s
2026-09-15 04:24:34,907 [INFO] Page 34 | Collected: 750
2026-09-15 04:24:35,121 [INFO] Pacing: sleep 5.7s
2026-09-15 04:24:40,856 [INFO] Page 35 | Collected: 750
2026-09-15 04:24:41,101 [INFO] Pacing: sleep 6.3s
2026-09-15 04:24:47,408 [INFO] Page 36 | Collected: 750
2026-09-15 04:24:47,678 [INFO] Pacing: sleep 7.4s
2026-09-15 04:24:55,127 [INFO] Page 37 | Collected: 750
2026-09-15 04:24:55,361 [INFO] Pacing: sleep 6.6s
2026-09-15 04:25:01,928 [INFO] Page 38 | Collected: 750
2026-09-15 04:25:02,240 [INFO] Pacing: sleep 6.9s
2026-09-15 04:25:09,129 [INFO] Page 39 | Collected: 750
2026-09-15 04:25:09,416 [INFO] Pacing: sleep 4.2s
2026-09-15 04:25:13,590 [INFO] Page 40 | Collected: 750
2026-09-15 04:25:13,807 [INFO] Pacing: sleep 192.8s | Long Cooldown: 185.3s
2026-09-15 04:28:26,630 [INFO] Page 41 | Collected: 1000
2026-09-15 04:28:26,995 [INFO] Pacing: sleep 7.0s
2026-09-15 04:28:34,041 [INFO] Page 42 | Collected: 1000
2026-09-15 04:28:34,285 [INFO] Pacing: sleep 7.9s
2026-09-15 04:28:42,217 [INFO] Page 43 | Collected: 1000
2026-09-15 04:28:42,580 [INFO] Pacing: sleep 7.9s
2026-09-15 04:28:50,477 [INFO] Page 44 | Collected: 1000
2026-09-15 04:28:50,895 [INFO] Pacing: sleep 7.6s
2026-09-15 04:28:58,509 [INFO] Page 45 | Collected: 1000
2026-09-15 04:28:58,737 [INFO] Pacing: sleep 5.7s
2026-09-15 04:29:04,409 [INFO] Page 46 | Collected: 1000
2026-09-15 04:29:04,673 [INFO] Pacing: sleep 5.2s
2026-09-15 04:29:09,857 [INFO] Page 47 | Collected: 1000
2026-09-15 04:29:10,154 [INFO] Pacing: sleep 7.4s
2026-09-15 04:29:17,559 [INFO] Page 48 | Collected: 1000
2026-09-15 04:29:17,723 [WARNING] Block detected on page 48: Suspicious term found: 'captcha'
2026-09-15 04:29:17,724 [INFO] Saved raw HTML for debugging: blocked_0048.html
2026-09-15 04:29:17,724 [ERROR] Blocked again even after safe mode. Stopping gracefully.
2026-09-15 04:29:17,726 [INFO] Crawl stopped. Reason: adaptive_throttle_failed_page_48. Finalizing...
2026-09-15 04:29:17,726 [INFO] Merging intermediate pages from work_dir: /home/runner/work/steam-diploma/steam-diploma/data/snapshots/data/snapshots/_in_progress/17fa533c-09c8-4410-afa4-85f5ce7d72af
