2026-10-04 16:41:53,402 [INFO] Steam Snapshot Collector Started.
2026-10-04 16:41:53,402 [INFO] Speed Mode: fast
2026-10-04 16:41:53,402 [INFO] Work Dir: /home/runner/work/steam-diploma/steam-diploma/data/snapshots
2026-10-04 16:41:53,402 [INFO] Base Output Dir: .
2026-10-04 16:41:53,402 [INFO] Page 1 | Collected: 0
2026-10-04 16:41:53,778 [INFO] Pacing: sleep 0.6s
2026-10-04 16:41:54,370 [INFO] Page 2 | Collected: 0
2026-10-04 16:41:54,674 [INFO] Pacing: sleep 1.1s
2026-10-04 16:41:55,784 [INFO] Page 3 | Collected: 0
2026-10-04 16:41:56,013 [INFO] Pacing: sleep 1.1s
2026-10-04 16:41:57,075 [INFO] Page 4 | Collected: 0
2026-10-04 16:41:57,350 [INFO] Pacing: sleep 0.9s
2026-10-04 16:41:58,201 [INFO] Page 5 | Collected: 0
2026-10-04 16:41:58,504 [INFO] Pacing: sleep 1.0s
2026-10-04 16:41:59,537 [INFO] Page 6 | Collected: 0
2026-10-04 16:41:59,763 [INFO] Pacing: sleep 0.9s
2026-10-04 16:42:00,703 [INFO] Page 7 | Collected: 0
2026-10-04 16:42:01,205 [INFO] Pacing: sleep 1.1s
2026-10-04 16:42:02,287 [INFO] Page 8 | Collected: 0
2026-10-04 16:42:02,595 [INFO] Pacing: sleep 0.8s
2026-10-04 16:42:03,399 [INFO] Page 9 | Collected: 0
2026-10-04 16:42:03,644 [INFO] Pacing: sleep 0.6s
2026-10-04 16:42:04,269 [INFO] Page 10 | Collected: 0
2026-10-04 16:42:04,577 [INFO] Pacing: sleep 1.0s
2026-10-04 16:42:05,531 [INFO] Page 11 | Collected: 250
2026-10-04 16:42:05,846 [INFO] Pacing: sleep 1.2s
2026-10-04 16:42:07,009 [INFO] Page 12 | Collected: 250
2026-10-04 16:42:07,269 [INFO] Pacing: sleep 0.7s
2026-10-04 16:42:07,960 [INFO] Page 13 | Collected: 250
2026-10-04 16:42:08,196 [INFO] Pacing: sleep 1.0s
2026-10-04 16:42:09,221 [INFO] Page 14 | Collected: 250
2026-10-04 16:42:09,596 [INFO] Pacing: sleep 1.4s
2026-10-04 16:42:10,955 [INFO] Page 15 | Collected: 250
2026-10-04 16:42:11,235 [INFO] Pacing: sleep 0.8s
2026-10-04 16:42:11,986 [INFO] Page 16 | Collected: 250
2026-10-04 16:42:12,212 [INFO] Pacing: sleep 0.9s
2026-10-04 16:42:13,114 [INFO] Page 17 | Collected: 250
2026-10-04 16:42:13,342 [INFO] Pacing: sleep 0.5s
2026-10-04 16:42:13,872 [INFO] Page 18 | Collected: 250
2026-10-04 16:42:14,191 [INFO] Pacing: sleep 0.8s
2026-10-04 16:42:14,974 [INFO] Page 19 | Collected: 250
2026-10-04 16:42:15,178 [INFO] Pacing: sleep 0.7s
2026-10-04 16:42:15,916 [INFO] Page 20 | Collected: 250
2026-10-04 16:42:16,240 [INFO] Pacing: sleep 0.8s
2026-10-04 16:42:17,061 [INFO] Page 21 | Collected: 500
2026-10-04 16:42:17,260 [WARNING] Page 21 had 1 duplicate appids seen previously.
2026-10-04 16:42:17,260 [INFO] Pacing: sleep 1.1s
2026-10-04 16:42:18,344 [INFO] Page 22 | Collected: 500
2026-10-04 16:42:19,045 [INFO] Pacing: sleep 1.0s
2026-10-04 16:42:20,048 [INFO] Page 23 | Collected: 500
2026-10-04 16:42:20,372 [INFO] Pacing: sleep 0.8s
2026-10-04 16:42:21,203 [INFO] Page 24 | Collected: 500
2026-10-04 16:42:21,476 [INFO] Pacing: sleep 1.0s
2026-10-04 16:42:22,438 [INFO] Page 25 | Collected: 500
2026-10-04 16:42:22,679 [INFO] Pacing: sleep 1.4s
2026-10-04 16:42:24,113 [INFO] Page 26 | Collected: 500
2026-10-04 16:42:24,387 [INFO] Pacing: sleep 1.1s
2026-10-04 16:42:25,460 [INFO] Page 27 | Collected: 500
2026-10-04 16:42:25,722 [INFO] Pacing: sleep 0.7s
2026-10-04 16:42:26,389 [INFO] Page 28 | Collected: 500
2026-10-04 16:42:26,680 [INFO] Pacing: sleep 1.0s
2026-10-04 16:42:27,638 [INFO] Page 29 | Collected: 500
2026-10-04 16:42:27,872 [INFO] Pacing: sleep 1.5s
2026-10-04 16:42:29,332 [INFO] Page 30 | Collected: 500
2026-10-04 16:42:29,568 [INFO] Pacing: sleep 0.8s
2026-10-04 16:42:30,412 [INFO] Page 31 | Collected: 750
2026-10-04 16:42:30,451 [WARNING] Block detected on page 31: HTTP 429
2026-10-04 16:42:30,452 [INFO] Saved raw HTML for debugging: blocked_0031.html
2026-10-04 16:42:30,452 [WARNING] Initiating ADAPTIVE THROTTLING. Sleeping 180s, switching to SAFE mode.
2026-10-04 16:45:30,452 [INFO] Pacing: sleep 64.3s | Short Cooldown: 56.8s
2026-10-04 16:46:34,744 [INFO] Page 31 | Collected: 750
2026-10-04 16:46:35,043 [INFO] Pacing: sleep 5.3s
2026-10-04 16:46:40,305 [INFO] Page 32 | Collected: 750
2026-10-04 16:46:40,514 [INFO] Pacing: sleep 7.0s
2026-10-04 16:46:47,522 [INFO] Page 33 | Collected: 750
2026-10-04 16:46:47,796 [INFO] Pacing: sleep 8.0s
2026-10-04 16:46:55,752 [INFO] Page 34 | Collected: 750
2026-10-04 16:46:55,992 [INFO] Pacing: sleep 5.5s
2026-10-04 16:47:01,512 [INFO] Page 35 | Collected: 750
2026-10-04 16:47:01,731 [INFO] Pacing: sleep 6.3s
2026-10-04 16:47:07,987 [INFO] Page 36 | Collected: 750
2026-10-04 16:47:08,272 [WARNING] Page 36 had 1 duplicate appids seen previously.
2026-10-04 16:47:08,272 [INFO] Pacing: sleep 4.5s
2026-10-04 16:47:12,727 [INFO] Page 37 | Collected: 750
2026-10-04 16:47:12,929 [INFO] Pacing: sleep 8.0s
2026-10-04 16:47:20,884 [INFO] Page 38 | Collected: 750
2026-10-04 16:47:21,107 [INFO] Pacing: sleep 7.9s
2026-10-04 16:47:28,987 [INFO] Page 39 | Collected: 750
2026-10-04 16:47:29,311 [WARNING] Page 39 had 1 duplicate appids seen previously.
2026-10-04 16:47:29,311 [INFO] Pacing: sleep 4.0s
2026-10-04 16:47:33,349 [INFO] Page 40 | Collected: 750
2026-10-04 16:47:33,611 [INFO] Pacing: sleep 218.5s | Long Cooldown: 214.3s
2026-10-04 16:51:12,086 [INFO] Page 41 | Collected: 1000
2026-10-04 16:51:12,384 [INFO] Pacing: sleep 5.2s
2026-10-04 16:51:17,620 [INFO] Page 42 | Collected: 1000
2026-10-04 16:51:17,888 [INFO] Pacing: sleep 6.6s
2026-10-04 16:51:24,495 [INFO] Page 43 | Collected: 1000
2026-10-04 16:51:24,764 [INFO] Pacing: sleep 7.7s
2026-10-04 16:51:32,477 [INFO] Page 44 | Collected: 1000
2026-10-04 16:51:32,863 [INFO] Pacing: sleep 6.9s
2026-10-04 16:51:39,777 [INFO] Page 45 | Collected: 1000
2026-10-04 16:51:40,079 [INFO] Pacing: sleep 5.5s
2026-10-04 16:51:45,571 [INFO] Page 46 | Collected: 1000
2026-10-04 16:51:46,237 [INFO] Pacing: sleep 7.0s
2026-10-04 16:51:53,227 [INFO] Page 47 | Collected: 1000
2026-10-04 16:51:53,340 [WARNING] Block detected on page 47: Suspicious term found: 'captcha'
2026-10-04 16:51:53,341 [INFO] Saved raw HTML for debugging: blocked_0047.html
2026-10-04 16:51:53,341 [ERROR] Blocked again even after safe mode. Stopping gracefully.
2026-10-04 16:51:53,343 [INFO] Crawl stopped. Reason: adaptive_throttle_failed_page_47. Finalizing...
2026-10-04 16:51:53,343 [INFO] Merging intermediate pages from work_dir: /home/runner/work/steam-diploma/steam-diploma/data/snapshots/data/snapshots/_in_progress/7cbc72ac-ec68-428c-94fd-4658f2bc581b
2026-10-04 16:51:53,355 [WARNING] Found 3 duplicate appids across the snapshot.
