2026-10-05 20:26:10,746 [INFO] Steam Snapshot Collector Started.
2026-10-05 20:26:10,746 [INFO] Speed Mode: fast
2026-10-05 20:26:10,746 [INFO] Work Dir: /home/runner/work/steam-diploma/steam-diploma/data/snapshots
2026-10-05 20:26:10,746 [INFO] Base Output Dir: .
2026-10-05 20:26:10,746 [INFO] Page 1 | Collected: 0
2026-10-05 20:26:11,205 [INFO] Pacing: sleep 0.7s
2026-10-05 20:26:11,941 [INFO] Page 2 | Collected: 0
2026-10-05 20:26:12,357 [INFO] Pacing: sleep 0.6s
2026-10-05 20:26:12,968 [INFO] Page 3 | Collected: 0
2026-10-05 20:26:13,278 [INFO] Pacing: sleep 0.6s
2026-10-05 20:26:13,906 [INFO] Page 4 | Collected: 0
2026-10-05 20:26:14,284 [INFO] Pacing: sleep 1.2s
2026-10-05 20:26:15,438 [INFO] Page 5 | Collected: 0
2026-10-05 20:26:15,783 [INFO] Pacing: sleep 0.8s
2026-10-05 20:26:16,560 [INFO] Page 6 | Collected: 0
2026-10-05 20:26:16,845 [INFO] Pacing: sleep 0.9s
2026-10-05 20:26:17,695 [INFO] Page 7 | Collected: 0
2026-10-05 20:26:18,079 [INFO] Pacing: sleep 1.0s
2026-10-05 20:26:19,117 [INFO] Page 8 | Collected: 0
2026-10-05 20:26:19,381 [INFO] Pacing: sleep 1.4s
2026-10-05 20:26:20,794 [INFO] Page 9 | Collected: 0
2026-10-05 20:26:21,139 [INFO] Pacing: sleep 1.2s
2026-10-05 20:26:22,359 [INFO] Page 10 | Collected: 0
2026-10-05 20:26:22,747 [INFO] Pacing: sleep 1.5s
2026-10-05 20:26:24,201 [INFO] Page 11 | Collected: 250
2026-10-05 20:26:24,502 [INFO] Pacing: sleep 1.3s
2026-10-05 20:26:25,820 [INFO] Page 12 | Collected: 250
2026-10-05 20:26:26,203 [INFO] Pacing: sleep 0.5s
2026-10-05 20:26:26,730 [INFO] Page 13 | Collected: 250
2026-10-05 20:26:26,987 [INFO] Pacing: sleep 0.7s
2026-10-05 20:26:27,645 [INFO] Page 14 | Collected: 250
2026-10-05 20:26:27,942 [INFO] Pacing: sleep 0.8s
2026-10-05 20:26:28,762 [INFO] Page 15 | Collected: 250
2026-10-05 20:26:29,180 [INFO] Pacing: sleep 1.0s
2026-10-05 20:26:30,149 [INFO] Page 16 | Collected: 250
2026-10-05 20:26:30,498 [INFO] Pacing: sleep 0.8s
2026-10-05 20:26:31,327 [INFO] Page 17 | Collected: 250
2026-10-05 20:26:31,601 [INFO] Pacing: sleep 0.7s
2026-10-05 20:26:32,345 [INFO] Page 18 | Collected: 250
2026-10-05 20:26:32,719 [INFO] Pacing: sleep 1.2s
2026-10-05 20:26:33,925 [INFO] Page 19 | Collected: 250
2026-10-05 20:26:34,244 [INFO] Pacing: sleep 1.4s
2026-10-05 20:26:35,610 [INFO] Page 20 | Collected: 250
2026-10-05 20:26:35,963 [INFO] Pacing: sleep 0.7s
2026-10-05 20:26:36,677 [INFO] Page 21 | Collected: 500
2026-10-05 20:26:36,967 [INFO] Pacing: sleep 1.1s
2026-10-05 20:26:38,101 [INFO] Page 22 | Collected: 500
2026-10-05 20:26:38,394 [INFO] Pacing: sleep 1.5s
2026-10-05 20:26:39,890 [INFO] Page 23 | Collected: 500
2026-10-05 20:26:40,360 [INFO] Pacing: sleep 1.3s
2026-10-05 20:26:41,684 [INFO] Page 24 | Collected: 500
2026-10-05 20:26:41,984 [INFO] Pacing: sleep 1.3s
2026-10-05 20:26:43,259 [INFO] Page 25 | Collected: 500
2026-10-05 20:26:43,616 [INFO] Pacing: sleep 0.8s
2026-10-05 20:26:44,423 [INFO] Page 26 | Collected: 500
2026-10-05 20:26:44,896 [INFO] Pacing: sleep 1.2s
2026-10-05 20:26:46,114 [INFO] Page 27 | Collected: 500
2026-10-05 20:26:46,428 [INFO] Pacing: sleep 1.3s
2026-10-05 20:26:47,776 [INFO] Page 28 | Collected: 500
2026-10-05 20:26:48,143 [INFO] Pacing: sleep 1.2s
2026-10-05 20:26:49,388 [INFO] Page 29 | Collected: 500
2026-10-05 20:26:49,669 [INFO] Pacing: sleep 1.3s
2026-10-05 20:26:50,931 [INFO] Page 30 | Collected: 500
2026-10-05 20:26:51,225 [INFO] Pacing: sleep 1.5s
2026-10-05 20:26:52,677 [INFO] Page 31 | Collected: 750
2026-10-05 20:26:52,762 [WARNING] Block detected on page 31: HTTP 429
2026-10-05 20:26:52,762 [INFO] Saved raw HTML for debugging: blocked_0031.html
2026-10-05 20:26:52,763 [WARNING] Initiating ADAPTIVE THROTTLING. Sleeping 180s, switching to SAFE mode.
2026-10-05 20:29:52,763 [INFO] Pacing: sleep 43.8s | Short Cooldown: 36.6s
2026-10-05 20:30:36,519 [INFO] Page 31 | Collected: 750
2026-10-05 20:30:37,046 [INFO] Pacing: sleep 7.9s
2026-10-05 20:30:44,966 [INFO] Page 32 | Collected: 750
2026-10-05 20:30:45,318 [INFO] Pacing: sleep 6.2s
2026-10-05 20:30:51,500 [INFO] Page 33 | Collected: 750
2026-10-05 20:30:51,907 [INFO] Pacing: sleep 7.3s
2026-10-05 20:30:59,218 [INFO] Page 34 | Collected: 750
2026-10-05 20:30:59,514 [INFO] Pacing: sleep 4.6s
2026-10-05 20:31:04,111 [INFO] Page 35 | Collected: 750
2026-10-05 20:31:04,440 [INFO] Pacing: sleep 6.6s
2026-10-05 20:31:10,991 [INFO] Page 36 | Collected: 750
2026-10-05 20:31:11,393 [INFO] Pacing: sleep 5.2s
2026-10-05 20:31:16,567 [INFO] Page 37 | Collected: 750
2026-10-05 20:31:16,841 [INFO] Pacing: sleep 4.2s
2026-10-05 20:31:21,056 [INFO] Page 38 | Collected: 750
2026-10-05 20:31:21,317 [INFO] Pacing: sleep 6.1s
2026-10-05 20:31:27,419 [INFO] Page 39 | Collected: 750
2026-10-05 20:31:27,773 [INFO] Pacing: sleep 6.7s
2026-10-05 20:31:34,486 [INFO] Page 40 | Collected: 750
2026-10-05 20:31:34,769 [INFO] Pacing: sleep 176.8s | Long Cooldown: 172.6s
2026-10-05 20:34:31,572 [INFO] Page 41 | Collected: 1000
2026-10-05 20:34:32,003 [INFO] Pacing: sleep 6.4s
2026-10-05 20:34:38,379 [INFO] Page 42 | Collected: 1000
2026-10-05 20:34:38,828 [INFO] Pacing: sleep 5.5s
2026-10-05 20:34:44,280 [INFO] Page 43 | Collected: 1000
2026-10-05 20:34:44,650 [INFO] Pacing: sleep 5.2s
2026-10-05 20:34:49,840 [INFO] Page 44 | Collected: 1000
2026-10-05 20:34:50,297 [INFO] Pacing: sleep 4.2s
2026-10-05 20:34:54,449 [INFO] Page 45 | Collected: 1000
2026-10-05 20:34:54,841 [INFO] Pacing: sleep 5.3s
2026-10-05 20:35:00,146 [INFO] Page 46 | Collected: 1000
2026-10-05 20:35:00,616 [INFO] Pacing: sleep 6.6s
2026-10-05 20:35:07,222 [INFO] Page 47 | Collected: 1000
2026-10-05 20:35:07,404 [WARNING] Block detected on page 47: Suspicious term found: 'captcha'
2026-10-05 20:35:07,405 [INFO] Saved raw HTML for debugging: blocked_0047.html
2026-10-05 20:35:07,405 [ERROR] Blocked again even after safe mode. Stopping gracefully.
2026-10-05 20:35:07,406 [INFO] Crawl stopped. Reason: adaptive_throttle_failed_page_47. Finalizing...
2026-10-05 20:35:07,406 [INFO] Merging intermediate pages from work_dir: /home/runner/work/steam-diploma/steam-diploma/data/snapshots/data/snapshots/_in_progress/5d184934-7917-40e8-881b-c32f548e653f
