2026-09-27 04:43:11,301 [INFO] Steam Snapshot Collector Started.
2026-09-27 04:43:11,301 [INFO] Speed Mode: fast
2026-09-27 04:43:11,301 [INFO] Work Dir: /home/runner/work/steam-diploma/steam-diploma/data/snapshots
2026-09-27 04:43:11,302 [INFO] Base Output Dir: .
2026-09-27 04:43:11,302 [INFO] Page 1 | Collected: 0
2026-09-27 04:43:11,673 [INFO] Pacing: sleep 0.9s
2026-09-27 04:43:12,615 [INFO] Page 2 | Collected: 0
2026-09-27 04:43:12,923 [INFO] Pacing: sleep 0.8s
2026-09-27 04:43:13,691 [INFO] Page 3 | Collected: 0
2026-09-27 04:43:13,939 [INFO] Pacing: sleep 0.8s
2026-09-27 04:43:14,731 [INFO] Page 4 | Collected: 0
2026-09-27 04:43:15,043 [INFO] Pacing: sleep 0.6s
2026-09-27 04:43:15,625 [INFO] Page 5 | Collected: 0
2026-09-27 04:43:15,899 [INFO] Pacing: sleep 0.8s
2026-09-27 04:43:16,702 [INFO] Page 6 | Collected: 0
2026-09-27 04:43:16,962 [INFO] Pacing: sleep 1.0s
2026-09-27 04:43:17,991 [INFO] Page 7 | Collected: 0
2026-09-27 04:43:18,340 [INFO] Pacing: sleep 1.1s
2026-09-27 04:43:19,427 [INFO] Page 8 | Collected: 0
2026-09-27 04:43:19,705 [INFO] Pacing: sleep 1.4s
2026-09-27 04:43:21,100 [INFO] Page 9 | Collected: 0
2026-09-27 04:43:21,351 [INFO] Pacing: sleep 1.2s
2026-09-27 04:43:22,563 [INFO] Page 10 | Collected: 0
2026-09-27 04:43:22,898 [INFO] Pacing: sleep 1.3s
2026-09-27 04:43:24,190 [INFO] Page 11 | Collected: 250
2026-09-27 04:43:24,470 [INFO] Pacing: sleep 0.8s
2026-09-27 04:43:25,288 [INFO] Page 12 | Collected: 250
2026-09-27 04:43:25,627 [INFO] Pacing: sleep 0.8s
2026-09-27 04:43:26,394 [INFO] Page 13 | Collected: 250
2026-09-27 04:43:26,647 [INFO] Pacing: sleep 1.4s
2026-09-27 04:43:28,043 [INFO] Page 14 | Collected: 250
2026-09-27 04:43:28,297 [INFO] Pacing: sleep 1.1s
2026-09-27 04:43:29,401 [INFO] Page 15 | Collected: 250
2026-09-27 04:43:29,775 [INFO] Pacing: sleep 1.0s
2026-09-27 04:43:30,745 [INFO] Page 16 | Collected: 250
2026-09-27 04:43:30,998 [INFO] Pacing: sleep 1.4s
2026-09-27 04:43:32,405 [INFO] Page 17 | Collected: 250
2026-09-27 04:43:32,662 [INFO] Pacing: sleep 0.8s
2026-09-27 04:43:33,505 [INFO] Page 18 | Collected: 250
2026-09-27 04:43:33,828 [INFO] Pacing: sleep 1.0s
2026-09-27 04:43:34,869 [INFO] Page 19 | Collected: 250
2026-09-27 04:43:35,120 [INFO] Pacing: sleep 1.1s
2026-09-27 04:43:36,189 [INFO] Page 20 | Collected: 250
2026-09-27 04:43:36,525 [INFO] Pacing: sleep 0.8s
2026-09-27 04:43:37,375 [INFO] Page 21 | Collected: 500
2026-09-27 04:43:37,647 [INFO] Pacing: sleep 0.8s
2026-09-27 04:43:38,488 [INFO] Page 22 | Collected: 500
2026-09-27 04:43:38,773 [INFO] Pacing: sleep 1.5s
2026-09-27 04:43:40,262 [INFO] Page 23 | Collected: 500
2026-09-27 04:43:40,614 [INFO] Pacing: sleep 1.4s
2026-09-27 04:43:42,026 [INFO] Page 24 | Collected: 500
2026-09-27 04:43:42,301 [INFO] Pacing: sleep 0.7s
2026-09-27 04:43:42,999 [INFO] Page 25 | Collected: 500
2026-09-27 04:43:43,273 [INFO] Pacing: sleep 1.2s
2026-09-27 04:43:44,441 [INFO] Page 26 | Collected: 500
2026-09-27 04:43:44,775 [INFO] Pacing: sleep 1.1s
2026-09-27 04:43:45,889 [INFO] Page 27 | Collected: 500
2026-09-27 04:43:46,159 [INFO] Pacing: sleep 1.5s
2026-09-27 04:43:47,635 [INFO] Page 28 | Collected: 500
2026-09-27 04:43:47,968 [INFO] Pacing: sleep 0.7s
2026-09-27 04:43:48,624 [INFO] Page 29 | Collected: 500
2026-09-27 04:43:48,884 [INFO] Pacing: sleep 1.1s
2026-09-27 04:43:50,003 [INFO] Page 30 | Collected: 500
2026-09-27 04:43:50,266 [INFO] Pacing: sleep 0.9s
2026-09-27 04:43:51,202 [INFO] Page 31 | Collected: 750
2026-09-27 04:43:51,308 [WARNING] Block detected on page 31: HTTP 429
2026-09-27 04:43:51,308 [INFO] Saved raw HTML for debugging: blocked_0031.html
2026-09-27 04:43:51,308 [WARNING] Initiating ADAPTIVE THROTTLING. Sleeping 180s, switching to SAFE mode.
2026-09-27 04:46:51,309 [INFO] Pacing: sleep 56.3s | Short Cooldown: 50.1s
2026-09-27 04:47:47,564 [INFO] Page 31 | Collected: 750
2026-09-27 04:47:47,896 [INFO] Pacing: sleep 4.1s
2026-09-27 04:47:52,004 [INFO] Page 32 | Collected: 750
2026-09-27 04:47:52,352 [INFO] Pacing: sleep 7.1s
2026-09-27 04:47:59,436 [INFO] Page 33 | Collected: 750
2026-09-27 04:47:59,784 [INFO] Pacing: sleep 6.1s
2026-09-27 04:48:05,878 [INFO] Page 34 | Collected: 750
2026-09-27 04:48:06,133 [INFO] Pacing: sleep 7.5s
2026-09-27 04:48:13,683 [INFO] Page 35 | Collected: 750
2026-09-27 04:48:13,981 [INFO] Pacing: sleep 4.1s
2026-09-27 04:48:18,095 [INFO] Page 36 | Collected: 750
2026-09-27 04:48:18,457 [INFO] Pacing: sleep 4.0s
2026-09-27 04:48:22,508 [INFO] Page 37 | Collected: 750
2026-09-27 04:48:22,787 [INFO] Pacing: sleep 4.8s
2026-09-27 04:48:27,599 [INFO] Page 38 | Collected: 750
2026-09-27 04:48:27,871 [INFO] Pacing: sleep 7.8s
2026-09-27 04:48:35,632 [INFO] Page 39 | Collected: 750
2026-09-27 04:48:35,954 [INFO] Pacing: sleep 4.4s
2026-09-27 04:48:40,327 [INFO] Page 40 | Collected: 750
2026-09-27 04:48:40,596 [INFO] Pacing: sleep 129.5s | Long Cooldown: 124.0s
2026-09-27 04:50:50,123 [INFO] Page 41 | Collected: 1000
2026-09-27 04:50:50,463 [INFO] Pacing: sleep 6.1s
2026-09-27 04:50:56,600 [INFO] Page 42 | Collected: 1000
2026-09-27 04:50:56,858 [INFO] Pacing: sleep 4.4s
2026-09-27 04:51:01,306 [INFO] Page 43 | Collected: 1000
2026-09-27 04:51:01,554 [INFO] Pacing: sleep 7.6s
2026-09-27 04:51:09,191 [INFO] Page 44 | Collected: 1000
2026-09-27 04:51:09,606 [INFO] Pacing: sleep 6.5s
2026-09-27 04:51:16,149 [INFO] Page 45 | Collected: 1000
2026-09-27 04:51:16,408 [INFO] Pacing: sleep 5.9s
2026-09-27 04:51:22,303 [INFO] Page 46 | Collected: 1000
2026-09-27 04:51:22,565 [INFO] Pacing: sleep 5.6s
2026-09-27 04:51:28,145 [INFO] Page 47 | Collected: 1000
2026-09-27 04:51:28,307 [WARNING] Block detected on page 47: Suspicious term found: 'captcha'
2026-09-27 04:51:28,307 [INFO] Saved raw HTML for debugging: blocked_0047.html
2026-09-27 04:51:28,308 [ERROR] Blocked again even after safe mode. Stopping gracefully.
2026-09-27 04:51:28,309 [INFO] Crawl stopped. Reason: adaptive_throttle_failed_page_47. Finalizing...
2026-09-27 04:51:28,309 [INFO] Merging intermediate pages from work_dir: /home/runner/work/steam-diploma/steam-diploma/data/snapshots/data/snapshots/_in_progress/61fd7905-aa60-45fe-ba87-cff94c8edfce
