2026-09-22 04:14:59,735 [INFO] Steam Snapshot Collector Started.
2026-09-22 04:14:59,735 [INFO] Speed Mode: fast
2026-09-22 04:14:59,735 [INFO] Work Dir: /home/runner/work/steam-diploma/steam-diploma/data/snapshots
2026-09-22 04:14:59,735 [INFO] Base Output Dir: .
2026-09-22 04:14:59,736 [INFO] Page 1 | Collected: 0
2026-09-22 04:15:00,130 [INFO] Pacing: sleep 1.2s
2026-09-22 04:15:01,336 [INFO] Page 2 | Collected: 0
2026-09-22 04:15:01,638 [INFO] Pacing: sleep 1.4s
2026-09-22 04:15:03,020 [INFO] Page 3 | Collected: 0
2026-09-22 04:15:03,292 [INFO] Pacing: sleep 1.2s
2026-09-22 04:15:04,468 [INFO] Page 4 | Collected: 0
2026-09-22 04:15:04,801 [INFO] Pacing: sleep 1.2s
2026-09-22 04:15:06,008 [INFO] Page 5 | Collected: 0
2026-09-22 04:15:06,281 [INFO] Pacing: sleep 0.8s
2026-09-22 04:15:07,108 [INFO] Page 6 | Collected: 0
2026-09-22 04:15:07,422 [INFO] Pacing: sleep 1.3s
2026-09-22 04:15:08,701 [INFO] Page 7 | Collected: 0
2026-09-22 04:15:09,039 [INFO] Pacing: sleep 0.9s
2026-09-22 04:15:09,896 [INFO] Page 8 | Collected: 0
2026-09-22 04:15:10,161 [INFO] Pacing: sleep 0.7s
2026-09-22 04:15:10,823 [INFO] Page 9 | Collected: 0
2026-09-22 04:15:11,106 [INFO] Pacing: sleep 1.3s
2026-09-22 04:15:12,416 [INFO] Page 10 | Collected: 0
2026-09-22 04:15:12,771 [INFO] Pacing: sleep 0.8s
2026-09-22 04:15:13,526 [INFO] Page 11 | Collected: 250
2026-09-22 04:15:13,906 [INFO] Pacing: sleep 1.4s
2026-09-22 04:15:15,341 [INFO] Page 12 | Collected: 250
2026-09-22 04:15:15,650 [INFO] Pacing: sleep 0.8s
2026-09-22 04:15:16,478 [INFO] Page 13 | Collected: 250
2026-09-22 04:15:16,806 [INFO] Pacing: sleep 1.0s
2026-09-22 04:15:17,845 [INFO] Page 14 | Collected: 250
2026-09-22 04:15:18,109 [INFO] Pacing: sleep 1.5s
2026-09-22 04:15:19,576 [INFO] Page 15 | Collected: 250
2026-09-22 04:15:19,984 [INFO] Pacing: sleep 1.3s
2026-09-22 04:15:21,238 [INFO] Page 16 | Collected: 250
2026-09-22 04:15:21,498 [INFO] Pacing: sleep 1.0s
2026-09-22 04:15:22,470 [INFO] Page 17 | Collected: 250
2026-09-22 04:15:22,728 [INFO] Pacing: sleep 1.0s
2026-09-22 04:15:23,701 [INFO] Page 18 | Collected: 250
2026-09-22 04:15:24,046 [INFO] Pacing: sleep 1.2s
2026-09-22 04:15:25,237 [INFO] Page 19 | Collected: 250
2026-09-22 04:15:25,483 [INFO] Pacing: sleep 0.6s
2026-09-22 04:15:26,040 [INFO] Page 20 | Collected: 250
2026-09-22 04:15:26,410 [INFO] Pacing: sleep 0.8s
2026-09-22 04:15:27,197 [INFO] Page 21 | Collected: 500
2026-09-22 04:15:27,456 [INFO] Pacing: sleep 0.8s
2026-09-22 04:15:28,210 [INFO] Page 22 | Collected: 500
2026-09-22 04:15:28,494 [INFO] Pacing: sleep 0.8s
2026-09-22 04:15:29,276 [INFO] Page 23 | Collected: 500
2026-09-22 04:15:29,643 [INFO] Pacing: sleep 0.6s
2026-09-22 04:15:30,261 [INFO] Page 24 | Collected: 500
2026-09-22 04:15:30,536 [INFO] Pacing: sleep 1.5s
2026-09-22 04:15:31,992 [INFO] Page 25 | Collected: 500
2026-09-22 04:15:32,244 [INFO] Pacing: sleep 1.1s
2026-09-22 04:15:33,390 [INFO] Page 26 | Collected: 500
2026-09-22 04:15:33,839 [INFO] Pacing: sleep 0.5s
2026-09-22 04:15:34,352 [INFO] Page 27 | Collected: 500
2026-09-22 04:15:34,651 [INFO] Pacing: sleep 1.0s
2026-09-22 04:15:35,690 [INFO] Page 28 | Collected: 500
2026-09-22 04:15:35,993 [INFO] Pacing: sleep 0.9s
2026-09-22 04:15:36,888 [INFO] Page 29 | Collected: 500
2026-09-22 04:15:37,167 [INFO] Pacing: sleep 0.6s
2026-09-22 04:15:37,727 [INFO] Page 30 | Collected: 500
2026-09-22 04:15:38,034 [INFO] Pacing: sleep 1.4s
2026-09-22 04:15:39,423 [INFO] Page 31 | Collected: 750
2026-09-22 04:15:39,503 [WARNING] Block detected on page 31: HTTP 429
2026-09-22 04:15:39,503 [INFO] Saved raw HTML for debugging: blocked_0031.html
2026-09-22 04:15:39,504 [WARNING] Initiating ADAPTIVE THROTTLING. Sleeping 180s, switching to SAFE mode.
2026-09-22 04:18:39,504 [INFO] Pacing: sleep 43.7s | Short Cooldown: 37.2s
2026-09-22 04:19:23,165 [INFO] Page 31 | Collected: 750
2026-09-22 04:19:23,479 [INFO] Pacing: sleep 5.6s
2026-09-22 04:19:29,050 [INFO] Page 32 | Collected: 750
2026-09-22 04:19:29,316 [INFO] Pacing: sleep 5.4s
2026-09-22 04:19:34,696 [INFO] Page 33 | Collected: 750
2026-09-22 04:19:35,031 [INFO] Pacing: sleep 4.8s
2026-09-22 04:19:39,863 [INFO] Page 34 | Collected: 750
2026-09-22 04:19:40,138 [INFO] Pacing: sleep 4.9s
2026-09-22 04:19:45,081 [INFO] Page 35 | Collected: 750
2026-09-22 04:19:45,336 [INFO] Pacing: sleep 6.0s
2026-09-22 04:19:51,352 [INFO] Page 36 | Collected: 750
2026-09-22 04:19:51,659 [INFO] Pacing: sleep 4.2s
2026-09-22 04:19:55,904 [INFO] Page 37 | Collected: 750
2026-09-22 04:19:56,185 [INFO] Pacing: sleep 4.4s
2026-09-22 04:20:00,611 [INFO] Page 38 | Collected: 750
2026-09-22 04:20:00,857 [INFO] Pacing: sleep 6.0s
2026-09-22 04:20:06,870 [INFO] Page 39 | Collected: 750
2026-09-22 04:20:07,225 [INFO] Pacing: sleep 7.2s
2026-09-22 04:20:14,418 [INFO] Page 40 | Collected: 750
2026-09-22 04:20:14,742 [INFO] Pacing: sleep 159.7s | Long Cooldown: 154.0s
2026-09-22 04:22:54,487 [INFO] Page 41 | Collected: 1000
2026-09-22 04:22:54,979 [INFO] Pacing: sleep 4.9s
2026-09-22 04:22:59,913 [INFO] Page 42 | Collected: 1000
2026-09-22 04:23:00,214 [INFO] Pacing: sleep 6.8s
2026-09-22 04:23:07,028 [INFO] Page 43 | Collected: 1000
2026-09-22 04:23:07,335 [INFO] Pacing: sleep 6.6s
2026-09-22 04:23:13,954 [INFO] Page 44 | Collected: 1000
2026-09-22 04:23:14,341 [INFO] Pacing: sleep 5.6s
2026-09-22 04:23:19,933 [INFO] Page 45 | Collected: 1000
2026-09-22 04:23:20,192 [INFO] Pacing: sleep 4.7s
2026-09-22 04:23:24,917 [INFO] Page 46 | Collected: 1000
2026-09-22 04:23:25,217 [INFO] Pacing: sleep 7.1s
2026-09-22 04:23:32,306 [INFO] Page 47 | Collected: 1000
2026-09-22 04:23:32,637 [INFO] Pacing: sleep 6.1s
2026-09-22 04:23:38,712 [INFO] Page 48 | Collected: 1000
2026-09-22 04:23:38,857 [WARNING] Block detected on page 48: Suspicious term found: 'captcha'
2026-09-22 04:23:38,858 [INFO] Saved raw HTML for debugging: blocked_0048.html
2026-09-22 04:23:38,858 [ERROR] Blocked again even after safe mode. Stopping gracefully.
2026-09-22 04:23:38,860 [INFO] Crawl stopped. Reason: adaptive_throttle_failed_page_48. Finalizing...
2026-09-22 04:23:38,860 [INFO] Merging intermediate pages from work_dir: /home/runner/work/steam-diploma/steam-diploma/data/snapshots/data/snapshots/_in_progress/ff50eee8-5f5e-451c-a0cd-8c9dbd432ab1
