2026-07-26 03:30:10,036 [INFO] Steam Snapshot Collector Started.
2026-07-26 03:30:10,036 [INFO] Speed Mode: fast
2026-07-26 03:30:10,036 [INFO] Work Dir: /home/runner/work/steam-diploma/steam-diploma/data/snapshots
2026-07-26 03:30:10,036 [INFO] Base Output Dir: .
2026-07-26 03:30:10,037 [INFO] Page 1 | Collected: 0
2026-07-26 03:30:10,430 [INFO] Pacing: sleep 1.3s
2026-07-26 03:30:11,702 [INFO] Page 2 | Collected: 0
2026-07-26 03:30:12,010 [INFO] Pacing: sleep 1.3s
2026-07-26 03:30:13,265 [INFO] Page 3 | Collected: 0
2026-07-26 03:30:13,563 [INFO] Pacing: sleep 0.6s
2026-07-26 03:30:14,188 [INFO] Page 4 | Collected: 0
2026-07-26 03:30:14,528 [INFO] Pacing: sleep 0.7s
2026-07-26 03:30:15,191 [INFO] Page 5 | Collected: 0
2026-07-26 03:30:15,500 [INFO] Pacing: sleep 1.1s
2026-07-26 03:30:16,595 [INFO] Page 6 | Collected: 0
2026-07-26 03:30:16,926 [INFO] Pacing: sleep 0.8s
2026-07-26 03:30:17,711 [INFO] Page 7 | Collected: 0
2026-07-26 03:30:18,082 [INFO] Pacing: sleep 0.5s
2026-07-26 03:30:18,591 [INFO] Page 8 | Collected: 0
2026-07-26 03:30:19,078 [INFO] Pacing: sleep 1.4s
2026-07-26 03:30:20,512 [INFO] Page 9 | Collected: 0
2026-07-26 03:30:20,747 [INFO] Pacing: sleep 1.4s
2026-07-26 03:30:22,188 [INFO] Page 10 | Collected: 0
2026-07-26 03:30:22,619 [INFO] Pacing: sleep 1.4s
2026-07-26 03:30:23,978 [INFO] Page 11 | Collected: 250
2026-07-26 03:30:24,297 [INFO] Pacing: sleep 1.3s
2026-07-26 03:30:25,581 [INFO] Page 12 | Collected: 250
2026-07-26 03:30:25,909 [INFO] Pacing: sleep 0.6s
2026-07-26 03:30:26,529 [INFO] Page 13 | Collected: 250
2026-07-26 03:30:26,800 [INFO] Pacing: sleep 0.6s
2026-07-26 03:30:27,407 [INFO] Page 14 | Collected: 250
2026-07-26 03:30:27,636 [INFO] Pacing: sleep 1.4s
2026-07-26 03:30:28,989 [INFO] Page 15 | Collected: 250
2026-07-26 03:30:29,330 [INFO] Pacing: sleep 1.0s
2026-07-26 03:30:30,371 [INFO] Page 16 | Collected: 250
2026-07-26 03:30:30,602 [INFO] Pacing: sleep 0.9s
2026-07-26 03:30:31,505 [INFO] Page 17 | Collected: 250
2026-07-26 03:30:31,844 [INFO] Pacing: sleep 1.0s
2026-07-26 03:30:32,891 [INFO] Page 18 | Collected: 250
2026-07-26 03:30:33,234 [INFO] Pacing: sleep 0.9s
2026-07-26 03:30:34,146 [INFO] Page 19 | Collected: 250
2026-07-26 03:30:34,431 [INFO] Pacing: sleep 1.0s
2026-07-26 03:30:35,414 [INFO] Page 20 | Collected: 250
2026-07-26 03:30:35,806 [INFO] Pacing: sleep 0.9s
2026-07-26 03:30:36,698 [INFO] Page 21 | Collected: 500
2026-07-26 03:30:37,023 [INFO] Pacing: sleep 1.3s
2026-07-26 03:30:38,283 [INFO] Page 22 | Collected: 500
2026-07-26 03:30:38,610 [INFO] Pacing: sleep 0.6s
2026-07-26 03:30:39,204 [INFO] Page 23 | Collected: 500
2026-07-26 03:30:39,430 [INFO] Pacing: sleep 1.1s
2026-07-26 03:30:40,551 [INFO] Page 24 | Collected: 500
2026-07-26 03:30:40,810 [INFO] Pacing: sleep 1.5s
2026-07-26 03:30:42,286 [INFO] Page 25 | Collected: 500
2026-07-26 03:30:42,761 [INFO] Pacing: sleep 1.4s
2026-07-26 03:30:44,115 [INFO] Page 26 | Collected: 500
2026-07-26 03:30:44,421 [INFO] Pacing: sleep 1.0s
2026-07-26 03:30:45,427 [INFO] Page 27 | Collected: 500
2026-07-26 03:30:45,772 [INFO] Pacing: sleep 1.1s
2026-07-26 03:30:46,866 [INFO] Page 28 | Collected: 500
2026-07-26 03:30:47,284 [INFO] Pacing: sleep 0.8s
2026-07-26 03:30:48,060 [INFO] Page 29 | Collected: 500
2026-07-26 03:30:48,359 [INFO] Pacing: sleep 0.6s
2026-07-26 03:30:48,976 [INFO] Page 30 | Collected: 500
2026-07-26 03:30:49,442 [INFO] Pacing: sleep 1.4s
2026-07-26 03:30:50,825 [INFO] Page 31 | Collected: 750
2026-07-26 03:30:50,867 [WARNING] Block detected on page 31: HTTP 429
2026-07-26 03:30:50,867 [INFO] Saved raw HTML for debugging: blocked_0031.html
2026-07-26 03:30:50,867 [WARNING] Initiating ADAPTIVE THROTTLING. Sleeping 180s, switching to SAFE mode.
2026-07-26 03:33:50,867 [INFO] Pacing: sleep 51.7s | Short Cooldown: 45.4s
2026-07-26 03:34:42,593 [INFO] Page 31 | Collected: 750
2026-07-26 03:34:42,847 [INFO] Pacing: sleep 5.8s
2026-07-26 03:34:48,656 [INFO] Page 32 | Collected: 750
2026-07-26 03:34:48,914 [INFO] Pacing: sleep 8.0s
2026-07-26 03:34:56,865 [INFO] Page 33 | Collected: 750
2026-07-26 03:34:57,232 [INFO] Pacing: sleep 4.7s
2026-07-26 03:35:01,927 [INFO] Page 34 | Collected: 750
2026-07-26 03:35:02,155 [INFO] Pacing: sleep 7.7s
2026-07-26 03:35:09,846 [INFO] Page 35 | Collected: 750
2026-07-26 03:35:10,156 [INFO] Pacing: sleep 4.4s
2026-07-26 03:35:14,516 [INFO] Page 36 | Collected: 750
2026-07-26 03:35:14,732 [INFO] Pacing: sleep 7.2s
2026-07-26 03:35:21,964 [INFO] Page 37 | Collected: 750
2026-07-26 03:35:22,240 [INFO] Pacing: sleep 4.8s
2026-07-26 03:35:26,992 [INFO] Page 38 | Collected: 750
2026-07-26 03:35:27,377 [INFO] Pacing: sleep 4.3s
2026-07-26 03:35:31,723 [INFO] Page 39 | Collected: 750
2026-07-26 03:35:31,950 [INFO] Pacing: sleep 6.5s
2026-07-26 03:35:38,481 [INFO] Page 40 | Collected: 750
2026-07-26 03:35:38,816 [INFO] Pacing: sleep 222.2s | Long Cooldown: 217.5s
2026-07-26 03:39:21,061 [INFO] Page 41 | Collected: 1000
2026-07-26 03:39:21,335 [INFO] Pacing: sleep 6.3s
2026-07-26 03:39:27,656 [INFO] Page 42 | Collected: 1000
2026-07-26 03:39:27,919 [INFO] Pacing: sleep 8.0s
2026-07-26 03:39:35,907 [INFO] Page 43 | Collected: 1000
2026-07-26 03:39:36,260 [INFO] Pacing: sleep 7.6s
2026-07-26 03:39:43,836 [INFO] Page 44 | Collected: 1000
2026-07-26 03:39:44,157 [INFO] Pacing: sleep 6.0s
2026-07-26 03:39:50,176 [INFO] Page 45 | Collected: 1000
2026-07-26 03:39:50,413 [INFO] Pacing: sleep 5.1s
2026-07-26 03:39:55,560 [INFO] Page 46 | Collected: 1000
2026-07-26 03:39:55,903 [INFO] Pacing: sleep 4.9s
2026-07-26 03:40:00,829 [INFO] Page 47 | Collected: 1000
2026-07-26 03:40:01,076 [INFO] Pacing: sleep 5.3s
2026-07-26 03:40:06,425 [INFO] Page 48 | Collected: 1000
2026-07-26 03:40:06,764 [INFO] Pacing: sleep 7.0s
2026-07-26 03:40:13,715 [INFO] Page 49 | Collected: 1000
2026-07-26 03:40:13,851 [WARNING] Block detected on page 49: Suspicious term found: 'captcha'
2026-07-26 03:40:13,852 [INFO] Saved raw HTML for debugging: blocked_0049.html
2026-07-26 03:40:13,852 [ERROR] Blocked again even after safe mode. Stopping gracefully.
2026-07-26 03:40:13,854 [INFO] Crawl stopped. Reason: adaptive_throttle_failed_page_49. Finalizing...
2026-07-26 03:40:13,854 [INFO] Merging intermediate pages from work_dir: /home/runner/work/steam-diploma/steam-diploma/data/snapshots/data/snapshots/_in_progress/10b7c34e-f16e-421e-8937-b00ca9165516
