2026-08-26 01:40:40,535 [INFO] Steam Snapshot Collector Started.
2026-08-26 01:40:40,535 [INFO] Speed Mode: fast
2026-08-26 01:40:40,535 [INFO] Work Dir: /home/runner/work/steam-diploma/steam-diploma/data/snapshots
2026-08-26 01:40:40,535 [INFO] Base Output Dir: .
2026-08-26 01:40:40,535 [INFO] Page 1 | Collected: 0
2026-08-26 01:40:41,023 [INFO] Pacing: sleep 1.0s
2026-08-26 01:40:41,978 [INFO] Page 2 | Collected: 0
2026-08-26 01:40:42,331 [INFO] Pacing: sleep 0.5s
2026-08-26 01:40:42,845 [INFO] Page 3 | Collected: 0
2026-08-26 01:40:43,100 [INFO] Pacing: sleep 1.4s
2026-08-26 01:40:44,507 [INFO] Page 4 | Collected: 0
2026-08-26 01:40:44,815 [INFO] Pacing: sleep 1.0s
2026-08-26 01:40:45,842 [INFO] Page 5 | Collected: 0
2026-08-26 01:40:46,091 [INFO] Pacing: sleep 1.3s
2026-08-26 01:40:47,359 [INFO] Page 6 | Collected: 0
2026-08-26 01:40:47,614 [INFO] Pacing: sleep 1.2s
2026-08-26 01:40:48,819 [INFO] Page 7 | Collected: 0
2026-08-26 01:40:49,163 [INFO] Pacing: sleep 1.0s
2026-08-26 01:40:50,136 [INFO] Page 8 | Collected: 0
2026-08-26 01:40:50,469 [INFO] Pacing: sleep 1.0s
2026-08-26 01:40:51,444 [INFO] Page 9 | Collected: 0
2026-08-26 01:40:51,737 [INFO] Pacing: sleep 0.9s
2026-08-26 01:40:52,619 [INFO] Page 10 | Collected: 0
2026-08-26 01:40:52,932 [INFO] Pacing: sleep 1.5s
2026-08-26 01:40:54,403 [INFO] Page 11 | Collected: 250
2026-08-26 01:40:54,676 [INFO] Pacing: sleep 1.3s
2026-08-26 01:40:56,005 [INFO] Page 12 | Collected: 250
2026-08-26 01:40:56,322 [INFO] Pacing: sleep 0.8s
2026-08-26 01:40:57,121 [INFO] Page 13 | Collected: 250
2026-08-26 01:40:57,397 [INFO] Pacing: sleep 0.6s
2026-08-26 01:40:58,020 [INFO] Page 14 | Collected: 250
2026-08-26 01:40:58,287 [INFO] Pacing: sleep 0.8s
2026-08-26 01:40:59,082 [INFO] Page 15 | Collected: 250
2026-08-26 01:40:59,484 [INFO] Pacing: sleep 0.9s
2026-08-26 01:41:00,359 [INFO] Page 16 | Collected: 250
2026-08-26 01:41:00,623 [INFO] Pacing: sleep 1.4s
2026-08-26 01:41:02,014 [INFO] Page 17 | Collected: 250
2026-08-26 01:41:02,374 [INFO] Pacing: sleep 1.3s
2026-08-26 01:41:03,688 [INFO] Page 18 | Collected: 250
2026-08-26 01:41:03,999 [INFO] Pacing: sleep 1.2s
2026-08-26 01:41:05,169 [INFO] Page 19 | Collected: 250
2026-08-26 01:41:05,455 [INFO] Pacing: sleep 0.9s
2026-08-26 01:41:06,325 [INFO] Page 20 | Collected: 250
2026-08-26 01:41:06,665 [INFO] Pacing: sleep 0.8s
2026-08-26 01:41:07,450 [INFO] Page 21 | Collected: 500
2026-08-26 01:41:07,700 [INFO] Pacing: sleep 0.5s
2026-08-26 01:41:08,240 [INFO] Page 22 | Collected: 500
2026-08-26 01:41:08,475 [INFO] Pacing: sleep 0.8s
2026-08-26 01:41:09,307 [INFO] Page 23 | Collected: 500
2026-08-26 01:41:09,642 [INFO] Pacing: sleep 0.9s
2026-08-26 01:41:10,510 [INFO] Page 24 | Collected: 500
2026-08-26 01:41:10,842 [INFO] Pacing: sleep 1.2s
2026-08-26 01:41:12,066 [INFO] Page 25 | Collected: 500
2026-08-26 01:41:12,386 [INFO] Pacing: sleep 1.4s
2026-08-26 01:41:13,795 [INFO] Page 26 | Collected: 500
2026-08-26 01:41:14,143 [INFO] Pacing: sleep 1.0s
2026-08-26 01:41:15,111 [INFO] Page 27 | Collected: 500
2026-08-26 01:41:15,375 [INFO] Pacing: sleep 1.5s
2026-08-26 01:41:16,839 [INFO] Page 28 | Collected: 500
2026-08-26 01:41:17,266 [INFO] Pacing: sleep 1.1s
2026-08-26 01:41:18,372 [INFO] Page 29 | Collected: 500
2026-08-26 01:41:18,684 [INFO] Pacing: sleep 1.5s
2026-08-26 01:41:20,137 [INFO] Page 30 | Collected: 500
2026-08-26 01:41:20,423 [INFO] Pacing: sleep 1.2s
2026-08-26 01:41:21,660 [INFO] Page 31 | Collected: 750
2026-08-26 01:41:21,729 [WARNING] Block detected on page 31: HTTP 429
2026-08-26 01:41:21,729 [INFO] Saved raw HTML for debugging: blocked_0031.html
2026-08-26 01:41:21,729 [WARNING] Initiating ADAPTIVE THROTTLING. Sleeping 180s, switching to SAFE mode.
2026-08-26 01:44:21,729 [INFO] Pacing: sleep 57.3s | Short Cooldown: 50.2s
2026-08-26 01:45:18,981 [INFO] Page 31 | Collected: 750
2026-08-26 01:45:19,459 [INFO] Pacing: sleep 5.4s
2026-08-26 01:45:24,877 [INFO] Page 32 | Collected: 750
2026-08-26 01:45:25,198 [INFO] Pacing: sleep 5.7s
2026-08-26 01:45:30,925 [INFO] Page 33 | Collected: 750
2026-08-26 01:45:31,225 [INFO] Pacing: sleep 5.6s
2026-08-26 01:45:36,831 [INFO] Page 34 | Collected: 750
2026-08-26 01:45:37,090 [INFO] Pacing: sleep 7.2s
2026-08-26 01:45:44,306 [INFO] Page 35 | Collected: 750
2026-08-26 01:45:44,605 [INFO] Pacing: sleep 4.6s
2026-08-26 01:45:49,191 [INFO] Page 36 | Collected: 750
2026-08-26 01:45:49,544 [INFO] Pacing: sleep 7.4s
2026-08-26 01:45:56,961 [INFO] Page 37 | Collected: 750
2026-08-26 01:45:57,250 [INFO] Pacing: sleep 4.8s
2026-08-26 01:46:02,092 [INFO] Page 38 | Collected: 750
2026-08-26 01:46:02,419 [INFO] Pacing: sleep 7.5s
2026-08-26 01:46:09,877 [INFO] Page 39 | Collected: 750
2026-08-26 01:46:10,257 [INFO] Pacing: sleep 5.6s
2026-08-26 01:46:15,891 [INFO] Page 40 | Collected: 750
2026-08-26 01:46:16,215 [INFO] Pacing: sleep 224.6s | Long Cooldown: 217.8s
2026-08-26 01:50:00,807 [INFO] Page 41 | Collected: 1000
2026-08-26 01:50:01,124 [INFO] Pacing: sleep 4.1s
2026-08-26 01:50:05,185 [INFO] Page 42 | Collected: 1000
2026-08-26 01:50:05,699 [INFO] Pacing: sleep 6.1s
2026-08-26 01:50:11,792 [INFO] Page 43 | Collected: 1000
2026-08-26 01:50:12,058 [INFO] Pacing: sleep 6.6s
2026-08-26 01:50:18,667 [INFO] Page 44 | Collected: 1000
2026-08-26 01:50:19,100 [INFO] Pacing: sleep 5.2s
2026-08-26 01:50:24,328 [INFO] Page 45 | Collected: 1000
2026-08-26 01:50:24,682 [INFO] Pacing: sleep 7.2s
2026-08-26 01:50:31,913 [INFO] Page 46 | Collected: 1000
2026-08-26 01:50:32,046 [WARNING] Block detected on page 46: Suspicious term found: 'captcha'
2026-08-26 01:50:32,046 [INFO] Saved raw HTML for debugging: blocked_0046.html
2026-08-26 01:50:32,047 [ERROR] Blocked again even after safe mode. Stopping gracefully.
2026-08-26 01:50:32,048 [INFO] Crawl stopped. Reason: adaptive_throttle_failed_page_46. Finalizing...
2026-08-26 01:50:32,048 [INFO] Merging intermediate pages from work_dir: /home/runner/work/steam-diploma/steam-diploma/data/snapshots/data/snapshots/_in_progress/492c219e-94a4-4a87-8e14-199e07c82732
