2026-08-04 03:12:54,998 [INFO] Steam Snapshot Collector Started.
2026-08-04 03:12:54,998 [INFO] Speed Mode: fast
2026-08-04 03:12:54,999 [INFO] Work Dir: /home/runner/work/steam-diploma/steam-diploma/data/snapshots
2026-08-04 03:12:54,999 [INFO] Base Output Dir: .
2026-08-04 03:12:54,999 [INFO] Page 1 | Collected: 0
2026-08-04 03:12:55,412 [INFO] Pacing: sleep 1.0s
2026-08-04 03:12:56,458 [INFO] Page 2 | Collected: 0
2026-08-04 03:12:56,844 [INFO] Pacing: sleep 1.3s
2026-08-04 03:12:58,161 [INFO] Page 3 | Collected: 0
2026-08-04 03:12:58,440 [INFO] Pacing: sleep 0.8s
2026-08-04 03:12:59,237 [INFO] Page 4 | Collected: 0
2026-08-04 03:12:59,548 [INFO] Pacing: sleep 1.2s
2026-08-04 03:13:00,732 [INFO] Page 5 | Collected: 0
2026-08-04 03:13:01,054 [INFO] Pacing: sleep 1.4s
2026-08-04 03:13:02,444 [INFO] Page 6 | Collected: 0
2026-08-04 03:13:02,883 [INFO] Pacing: sleep 1.3s
2026-08-04 03:13:04,186 [INFO] Page 7 | Collected: 0
2026-08-04 03:13:04,511 [INFO] Pacing: sleep 1.0s
2026-08-04 03:13:05,474 [INFO] Page 8 | Collected: 0
2026-08-04 03:13:05,725 [INFO] Pacing: sleep 1.4s
2026-08-04 03:13:07,102 [INFO] Page 9 | Collected: 0
2026-08-04 03:13:07,344 [INFO] Pacing: sleep 0.7s
2026-08-04 03:13:08,041 [INFO] Page 10 | Collected: 0
2026-08-04 03:13:08,344 [INFO] Pacing: sleep 0.7s
2026-08-04 03:13:09,070 [INFO] Page 11 | Collected: 250
2026-08-04 03:13:09,316 [INFO] Pacing: sleep 1.0s
2026-08-04 03:13:10,277 [INFO] Page 12 | Collected: 250
2026-08-04 03:13:10,558 [INFO] Pacing: sleep 1.0s
2026-08-04 03:13:11,560 [INFO] Page 13 | Collected: 250
2026-08-04 03:13:11,815 [INFO] Pacing: sleep 1.2s
2026-08-04 03:13:13,001 [INFO] Page 14 | Collected: 250
2026-08-04 03:13:13,282 [INFO] Pacing: sleep 1.4s
2026-08-04 03:13:14,651 [INFO] Page 15 | Collected: 250
2026-08-04 03:13:15,083 [INFO] Pacing: sleep 0.9s
2026-08-04 03:13:16,027 [INFO] Page 16 | Collected: 250
2026-08-04 03:13:16,342 [INFO] Pacing: sleep 0.6s
2026-08-04 03:13:16,918 [INFO] Page 17 | Collected: 250
2026-08-04 03:13:17,224 [INFO] Pacing: sleep 0.5s
2026-08-04 03:13:17,760 [INFO] Page 18 | Collected: 250
2026-08-04 03:13:18,035 [INFO] Pacing: sleep 1.2s
2026-08-04 03:13:19,214 [INFO] Page 19 | Collected: 250
2026-08-04 03:13:19,472 [INFO] Pacing: sleep 0.7s
2026-08-04 03:13:20,142 [INFO] Page 20 | Collected: 250
2026-08-04 03:13:20,614 [INFO] Pacing: sleep 1.3s
2026-08-04 03:13:21,935 [INFO] Page 21 | Collected: 500
2026-08-04 03:13:22,249 [INFO] Pacing: sleep 0.7s
2026-08-04 03:13:22,993 [INFO] Page 22 | Collected: 500
2026-08-04 03:13:23,473 [INFO] Pacing: sleep 1.3s
2026-08-04 03:13:24,751 [INFO] Page 23 | Collected: 500
2026-08-04 03:13:25,007 [INFO] Pacing: sleep 1.1s
2026-08-04 03:13:26,084 [INFO] Page 24 | Collected: 500
2026-08-04 03:13:26,328 [INFO] Pacing: sleep 0.9s
2026-08-04 03:13:27,201 [INFO] Page 25 | Collected: 500
2026-08-04 03:13:27,531 [INFO] Pacing: sleep 0.9s
2026-08-04 03:13:28,480 [INFO] Page 26 | Collected: 500
2026-08-04 03:13:28,714 [INFO] Pacing: sleep 1.5s
2026-08-04 03:13:30,207 [INFO] Page 27 | Collected: 500
2026-08-04 03:13:30,463 [INFO] Pacing: sleep 0.8s
2026-08-04 03:13:31,284 [INFO] Page 28 | Collected: 500
2026-08-04 03:13:31,587 [INFO] Pacing: sleep 1.1s
2026-08-04 03:13:32,687 [INFO] Page 29 | Collected: 500
2026-08-04 03:13:32,978 [INFO] Pacing: sleep 0.6s
2026-08-04 03:13:33,546 [INFO] Page 30 | Collected: 500
2026-08-04 03:13:33,862 [INFO] Pacing: sleep 1.3s
2026-08-04 03:13:35,167 [INFO] Page 31 | Collected: 750
2026-08-04 03:13:35,218 [WARNING] Block detected on page 31: HTTP 429
2026-08-04 03:13:35,218 [INFO] Saved raw HTML for debugging: blocked_0031.html
2026-08-04 03:13:35,218 [WARNING] Initiating ADAPTIVE THROTTLING. Sleeping 180s, switching to SAFE mode.
2026-08-04 03:16:35,218 [INFO] Pacing: sleep 42.5s | Short Cooldown: 38.0s
2026-08-04 03:17:17,729 [INFO] Page 31 | Collected: 750
2026-08-04 03:17:18,028 [INFO] Pacing: sleep 4.1s
2026-08-04 03:17:22,128 [INFO] Page 32 | Collected: 750
2026-08-04 03:17:22,368 [INFO] Pacing: sleep 6.6s
2026-08-04 03:17:28,993 [INFO] Page 33 | Collected: 750
2026-08-04 03:17:29,325 [INFO] Pacing: sleep 6.1s
2026-08-04 03:17:35,418 [INFO] Page 34 | Collected: 750
2026-08-04 03:17:35,710 [INFO] Pacing: sleep 4.5s
2026-08-04 03:17:40,197 [INFO] Page 35 | Collected: 750
2026-08-04 03:17:40,608 [INFO] Pacing: sleep 5.5s
2026-08-04 03:17:46,085 [INFO] Page 36 | Collected: 750
2026-08-04 03:17:46,407 [INFO] Pacing: sleep 6.8s
2026-08-04 03:17:53,169 [INFO] Page 37 | Collected: 750
2026-08-04 03:17:53,410 [INFO] Pacing: sleep 7.7s
2026-08-04 03:18:01,101 [INFO] Page 38 | Collected: 750
2026-08-04 03:18:01,462 [INFO] Pacing: sleep 7.4s
2026-08-04 03:18:08,836 [INFO] Page 39 | Collected: 750
2026-08-04 03:18:09,157 [INFO] Pacing: sleep 6.4s
2026-08-04 03:18:15,597 [INFO] Page 40 | Collected: 750
2026-08-04 03:18:15,893 [INFO] Pacing: sleep 139.1s | Long Cooldown: 131.2s
2026-08-04 03:20:34,983 [INFO] Page 41 | Collected: 1000
2026-08-04 03:20:35,231 [INFO] Pacing: sleep 7.6s
2026-08-04 03:20:42,829 [INFO] Page 42 | Collected: 1000
2026-08-04 03:20:43,309 [INFO] Pacing: sleep 6.0s
2026-08-04 03:20:49,323 [INFO] Page 43 | Collected: 1000
2026-08-04 03:20:49,712 [INFO] Pacing: sleep 7.6s
2026-08-04 03:20:57,280 [INFO] Page 44 | Collected: 1000
2026-08-04 03:20:57,578 [INFO] Pacing: sleep 4.6s
2026-08-04 03:21:02,164 [INFO] Page 45 | Collected: 1000
2026-08-04 03:21:02,521 [INFO] Pacing: sleep 7.4s
2026-08-04 03:21:09,946 [INFO] Page 46 | Collected: 1000
2026-08-04 03:21:10,250 [INFO] Pacing: sleep 7.6s
2026-08-04 03:21:17,850 [INFO] Page 47 | Collected: 1000
2026-08-04 03:21:18,258 [INFO] Pacing: sleep 5.9s
2026-08-04 03:21:24,121 [INFO] Page 48 | Collected: 1000
2026-08-04 03:21:24,295 [WARNING] Block detected on page 48: Suspicious term found: 'captcha'
2026-08-04 03:21:24,296 [INFO] Saved raw HTML for debugging: blocked_0048.html
2026-08-04 03:21:24,296 [ERROR] Blocked again even after safe mode. Stopping gracefully.
2026-08-04 03:21:24,298 [INFO] Crawl stopped. Reason: adaptive_throttle_failed_page_48. Finalizing...
2026-08-04 03:21:24,298 [INFO] Merging intermediate pages from work_dir: /home/runner/work/steam-diploma/steam-diploma/data/snapshots/data/snapshots/_in_progress/44eed17b-8385-4025-b685-f069b2426f4e
