2026-09-08 16:23:08,713 [INFO] Steam Snapshot Collector Started.
2026-09-08 16:23:08,713 [INFO] Speed Mode: fast
2026-09-08 16:23:08,713 [INFO] Work Dir: /home/runner/work/steam-diploma/steam-diploma/data/snapshots
2026-09-08 16:23:08,713 [INFO] Base Output Dir: .
2026-09-08 16:23:08,714 [INFO] Page 1 | Collected: 0
2026-09-08 16:23:09,185 [INFO] Pacing: sleep 1.2s
2026-09-08 16:23:10,336 [INFO] Page 2 | Collected: 0
2026-09-08 16:23:10,679 [INFO] Pacing: sleep 1.0s
2026-09-08 16:23:11,719 [INFO] Page 3 | Collected: 0
2026-09-08 16:23:12,131 [INFO] Pacing: sleep 1.3s
2026-09-08 16:23:13,397 [INFO] Page 4 | Collected: 0
2026-09-08 16:23:13,785 [INFO] Pacing: sleep 0.9s
2026-09-08 16:23:14,662 [INFO] Page 5 | Collected: 0
2026-09-08 16:23:14,951 [INFO] Pacing: sleep 1.2s
2026-09-08 16:23:16,165 [INFO] Page 6 | Collected: 0
2026-09-08 16:23:16,500 [INFO] Pacing: sleep 1.1s
2026-09-08 16:23:17,601 [INFO] Page 7 | Collected: 0
2026-09-08 16:23:18,025 [INFO] Pacing: sleep 0.6s
2026-09-08 16:23:18,671 [INFO] Page 8 | Collected: 0
2026-09-08 16:23:19,075 [INFO] Pacing: sleep 0.7s
2026-09-08 16:23:19,766 [INFO] Page 9 | Collected: 0
2026-09-08 16:23:20,114 [INFO] Pacing: sleep 0.6s
2026-09-08 16:23:20,749 [INFO] Page 10 | Collected: 0
2026-09-08 16:23:21,170 [INFO] Pacing: sleep 0.8s
2026-09-08 16:23:21,952 [INFO] Page 11 | Collected: 250
2026-09-08 16:23:22,381 [INFO] Pacing: sleep 1.1s
2026-09-08 16:23:23,502 [INFO] Page 12 | Collected: 250
2026-09-08 16:23:24,170 [INFO] Pacing: sleep 1.0s
2026-09-08 16:23:25,177 [INFO] Page 13 | Collected: 250
2026-09-08 16:23:25,541 [INFO] Pacing: sleep 1.1s
2026-09-08 16:23:26,650 [INFO] Page 14 | Collected: 250
2026-09-08 16:23:26,988 [INFO] Pacing: sleep 0.6s
2026-09-08 16:23:27,580 [INFO] Page 15 | Collected: 250
2026-09-08 16:23:27,991 [INFO] Pacing: sleep 0.7s
2026-09-08 16:23:28,692 [INFO] Page 16 | Collected: 250
2026-09-08 16:23:29,036 [INFO] Pacing: sleep 1.1s
2026-09-08 16:23:30,137 [INFO] Page 17 | Collected: 250
2026-09-08 16:23:30,560 [INFO] Pacing: sleep 1.4s
2026-09-08 16:23:31,960 [INFO] Page 18 | Collected: 250
2026-09-08 16:23:32,374 [INFO] Pacing: sleep 0.9s
2026-09-08 16:23:33,317 [INFO] Page 19 | Collected: 250
2026-09-08 16:23:33,650 [INFO] Pacing: sleep 1.1s
2026-09-08 16:23:34,764 [INFO] Page 20 | Collected: 250
2026-09-08 16:23:35,163 [INFO] Pacing: sleep 0.6s
2026-09-08 16:23:35,787 [INFO] Page 21 | Collected: 500
2026-09-08 16:23:36,121 [INFO] Pacing: sleep 0.9s
2026-09-08 16:23:36,993 [INFO] Page 22 | Collected: 500
2026-09-08 16:23:37,336 [INFO] Pacing: sleep 0.8s
2026-09-08 16:23:38,091 [INFO] Page 23 | Collected: 500
2026-09-08 16:23:38,483 [INFO] Pacing: sleep 0.6s
2026-09-08 16:23:39,122 [INFO] Page 24 | Collected: 500
2026-09-08 16:23:39,471 [INFO] Pacing: sleep 0.7s
2026-09-08 16:23:40,159 [INFO] Page 25 | Collected: 500
2026-09-08 16:23:40,578 [INFO] Pacing: sleep 0.7s
2026-09-08 16:23:41,300 [INFO] Page 26 | Collected: 500
2026-09-08 16:23:41,670 [INFO] Pacing: sleep 1.0s
2026-09-08 16:23:42,674 [INFO] Page 27 | Collected: 500
2026-09-08 16:23:43,005 [INFO] Pacing: sleep 1.3s
2026-09-08 16:23:44,309 [INFO] Page 28 | Collected: 500
2026-09-08 16:23:44,720 [INFO] Pacing: sleep 1.0s
2026-09-08 16:23:45,743 [INFO] Page 29 | Collected: 500
2026-09-08 16:23:46,075 [INFO] Pacing: sleep 1.0s
2026-09-08 16:23:47,062 [INFO] Page 30 | Collected: 500
2026-09-08 16:23:47,393 [INFO] Pacing: sleep 1.1s
2026-09-08 16:23:48,532 [INFO] Page 31 | Collected: 750
2026-09-08 16:23:48,765 [WARNING] Block detected on page 31: HTTP 429
2026-09-08 16:23:48,765 [INFO] Saved raw HTML for debugging: blocked_0031.html
2026-09-08 16:23:48,765 [WARNING] Initiating ADAPTIVE THROTTLING. Sleeping 180s, switching to SAFE mode.
2026-09-08 16:26:48,765 [INFO] Pacing: sleep 55.9s | Short Cooldown: 48.2s
2026-09-08 16:27:44,710 [INFO] Page 31 | Collected: 750
2026-09-08 16:27:45,124 [INFO] Pacing: sleep 4.7s
2026-09-08 16:27:49,815 [INFO] Page 32 | Collected: 750
2026-09-08 16:27:50,125 [INFO] Pacing: sleep 4.6s
2026-09-08 16:27:54,775 [INFO] Page 33 | Collected: 750
2026-09-08 16:27:55,154 [INFO] Pacing: sleep 7.0s
2026-09-08 16:28:02,111 [INFO] Page 34 | Collected: 750
2026-09-08 16:28:02,452 [INFO] Pacing: sleep 4.2s
2026-09-08 16:28:06,669 [INFO] Page 35 | Collected: 750
2026-09-08 16:28:06,985 [INFO] Pacing: sleep 6.9s
2026-09-08 16:28:13,875 [INFO] Page 36 | Collected: 750
2026-09-08 16:28:14,311 [INFO] Pacing: sleep 4.0s
2026-09-08 16:28:18,320 [INFO] Page 37 | Collected: 750
2026-09-08 16:28:18,665 [INFO] Pacing: sleep 5.2s
2026-09-08 16:28:23,838 [INFO] Page 38 | Collected: 750
2026-09-08 16:28:24,203 [INFO] Pacing: sleep 4.1s
2026-09-08 16:28:28,329 [INFO] Page 39 | Collected: 750
2026-09-08 16:28:28,757 [INFO] Pacing: sleep 5.9s
2026-09-08 16:28:34,644 [INFO] Page 40 | Collected: 750
2026-09-08 16:28:34,972 [INFO] Pacing: sleep 126.0s | Long Cooldown: 121.9s
2026-09-08 16:30:40,938 [INFO] Page 41 | Collected: 1000
2026-09-08 16:30:41,318 [INFO] Pacing: sleep 5.3s
2026-09-08 16:30:46,599 [INFO] Page 42 | Collected: 1000
2026-09-08 16:30:46,918 [INFO] Pacing: sleep 4.0s
2026-09-08 16:30:50,953 [INFO] Page 43 | Collected: 1000
2026-09-08 16:30:51,307 [INFO] Pacing: sleep 4.8s
2026-09-08 16:30:56,078 [INFO] Page 44 | Collected: 1000
2026-09-08 16:30:56,520 [INFO] Pacing: sleep 5.5s
2026-09-08 16:31:01,991 [INFO] Page 45 | Collected: 1000
2026-09-08 16:31:02,329 [INFO] Pacing: sleep 7.5s
2026-09-08 16:31:09,854 [INFO] Page 46 | Collected: 1000
2026-09-08 16:31:10,220 [INFO] Pacing: sleep 4.6s
2026-09-08 16:31:14,795 [INFO] Page 47 | Collected: 1000
2026-09-08 16:31:15,110 [INFO] Pacing: sleep 7.8s
2026-09-08 16:31:22,868 [INFO] Page 48 | Collected: 1000
2026-09-08 16:31:23,223 [WARNING] Block detected on page 48: Suspicious term found: 'captcha'
2026-09-08 16:31:23,224 [INFO] Saved raw HTML for debugging: blocked_0048.html
2026-09-08 16:31:23,224 [ERROR] Blocked again even after safe mode. Stopping gracefully.
2026-09-08 16:31:23,226 [INFO] Crawl stopped. Reason: adaptive_throttle_failed_page_48. Finalizing...
2026-09-08 16:31:23,226 [INFO] Merging intermediate pages from work_dir: /home/runner/work/steam-diploma/steam-diploma/data/snapshots/data/snapshots/_in_progress/3d6f3d91-e503-48dc-b7db-4d46cc177f9a
