2026-08-28 10:47:44,463 [INFO] Steam Snapshot Collector Started.
2026-08-28 10:47:44,464 [INFO] Speed Mode: fast
2026-08-28 10:47:44,464 [INFO] Work Dir: /home/runner/work/steam-diploma/steam-diploma/data/snapshots
2026-08-28 10:47:44,464 [INFO] Base Output Dir: .
2026-08-28 10:47:44,464 [INFO] Page 1 | Collected: 0
2026-08-28 10:47:44,782 [INFO] Pacing: sleep 0.6s
2026-08-28 10:47:45,366 [INFO] Page 2 | Collected: 0
2026-08-28 10:47:45,623 [INFO] Pacing: sleep 1.3s
2026-08-28 10:47:46,889 [INFO] Page 3 | Collected: 0
2026-08-28 10:47:47,157 [INFO] Pacing: sleep 1.3s
2026-08-28 10:47:48,491 [INFO] Page 4 | Collected: 0
2026-08-28 10:47:48,824 [INFO] Pacing: sleep 1.4s
2026-08-28 10:47:50,246 [INFO] Page 5 | Collected: 0
2026-08-28 10:47:50,485 [INFO] Pacing: sleep 0.7s
2026-08-28 10:47:51,196 [INFO] Page 6 | Collected: 0
2026-08-28 10:47:51,450 [INFO] Pacing: sleep 1.4s
2026-08-28 10:47:52,886 [INFO] Page 7 | Collected: 0
2026-08-28 10:47:53,202 [INFO] Pacing: sleep 1.4s
2026-08-28 10:47:54,583 [INFO] Page 8 | Collected: 0
2026-08-28 10:47:54,851 [INFO] Pacing: sleep 1.4s
2026-08-28 10:47:56,259 [INFO] Page 9 | Collected: 0
2026-08-28 10:47:56,528 [INFO] Pacing: sleep 1.3s
2026-08-28 10:47:57,835 [INFO] Page 10 | Collected: 0
2026-08-28 10:47:58,160 [INFO] Pacing: sleep 0.6s
2026-08-28 10:47:58,786 [INFO] Page 11 | Collected: 250
2026-08-28 10:47:59,052 [INFO] Pacing: sleep 1.5s
2026-08-28 10:48:00,535 [INFO] Page 12 | Collected: 250
2026-08-28 10:48:00,842 [INFO] Pacing: sleep 0.8s
2026-08-28 10:48:01,647 [INFO] Page 13 | Collected: 250
2026-08-28 10:48:01,896 [INFO] Pacing: sleep 1.5s
2026-08-28 10:48:03,385 [INFO] Page 14 | Collected: 250
2026-08-28 10:48:03,657 [INFO] Pacing: sleep 0.8s
2026-08-28 10:48:04,465 [INFO] Page 15 | Collected: 250
2026-08-28 10:48:04,775 [INFO] Pacing: sleep 1.5s
2026-08-28 10:48:06,244 [INFO] Page 16 | Collected: 250
2026-08-28 10:48:06,492 [INFO] Pacing: sleep 1.1s
2026-08-28 10:48:07,596 [INFO] Page 17 | Collected: 250
2026-08-28 10:48:07,861 [INFO] Pacing: sleep 1.1s
2026-08-28 10:48:08,963 [INFO] Page 18 | Collected: 250
2026-08-28 10:48:09,285 [INFO] Pacing: sleep 1.0s
2026-08-28 10:48:10,270 [INFO] Page 19 | Collected: 250
2026-08-28 10:48:10,519 [INFO] Pacing: sleep 0.9s
2026-08-28 10:48:11,431 [INFO] Page 20 | Collected: 250
2026-08-28 10:48:11,735 [INFO] Pacing: sleep 1.2s
2026-08-28 10:48:12,985 [INFO] Page 21 | Collected: 500
2026-08-28 10:48:13,234 [INFO] Pacing: sleep 0.6s
2026-08-28 10:48:13,873 [INFO] Page 22 | Collected: 500
2026-08-28 10:48:14,122 [INFO] Pacing: sleep 0.8s
2026-08-28 10:48:14,936 [INFO] Page 23 | Collected: 500
2026-08-28 10:48:15,258 [INFO] Pacing: sleep 0.9s
2026-08-28 10:48:16,158 [INFO] Page 24 | Collected: 500
2026-08-28 10:48:16,425 [INFO] Pacing: sleep 1.1s
2026-08-28 10:48:17,503 [INFO] Page 25 | Collected: 500
2026-08-28 10:48:17,823 [INFO] Pacing: sleep 1.2s
2026-08-28 10:48:18,984 [INFO] Page 26 | Collected: 500
2026-08-28 10:48:19,233 [INFO] Pacing: sleep 1.0s
2026-08-28 10:48:20,278 [INFO] Page 27 | Collected: 500
2026-08-28 10:48:20,538 [INFO] Pacing: sleep 0.6s
2026-08-28 10:48:21,115 [INFO] Page 28 | Collected: 500
2026-08-28 10:48:21,468 [INFO] Pacing: sleep 1.1s
2026-08-28 10:48:22,532 [INFO] Page 29 | Collected: 500
2026-08-28 10:48:22,777 [INFO] Pacing: sleep 0.8s
2026-08-28 10:48:23,601 [INFO] Page 30 | Collected: 500
2026-08-28 10:48:23,860 [INFO] Pacing: sleep 0.7s
2026-08-28 10:48:24,593 [INFO] Page 31 | Collected: 750
2026-08-28 10:48:24,675 [WARNING] Block detected on page 31: HTTP 429
2026-08-28 10:48:24,676 [INFO] Saved raw HTML for debugging: blocked_0031.html
2026-08-28 10:48:24,676 [WARNING] Initiating ADAPTIVE THROTTLING. Sleeping 180s, switching to SAFE mode.
2026-08-28 10:51:24,676 [INFO] Pacing: sleep 41.3s | Short Cooldown: 35.9s
2026-08-28 10:52:05,992 [INFO] Page 31 | Collected: 750
2026-08-28 10:52:06,307 [INFO] Pacing: sleep 7.3s
2026-08-28 10:52:13,574 [INFO] Page 32 | Collected: 750
2026-08-28 10:52:13,833 [INFO] Pacing: sleep 5.0s
2026-08-28 10:52:18,808 [INFO] Page 33 | Collected: 750
2026-08-28 10:52:19,171 [INFO] Pacing: sleep 5.3s
2026-08-28 10:52:24,439 [INFO] Page 34 | Collected: 750
2026-08-28 10:52:24,695 [INFO] Pacing: sleep 6.9s
2026-08-28 10:52:31,552 [INFO] Page 35 | Collected: 750
2026-08-28 10:52:31,791 [INFO] Pacing: sleep 7.8s
2026-08-28 10:52:39,556 [INFO] Page 36 | Collected: 750
2026-08-28 10:52:39,919 [INFO] Pacing: sleep 5.1s
2026-08-28 10:52:44,979 [INFO] Page 37 | Collected: 750
2026-08-28 10:52:45,264 [INFO] Pacing: sleep 6.0s
2026-08-28 10:52:51,234 [INFO] Page 38 | Collected: 750
2026-08-28 10:52:51,523 [INFO] Pacing: sleep 7.6s
2026-08-28 10:52:59,143 [INFO] Page 39 | Collected: 750
2026-08-28 10:52:59,439 [INFO] Pacing: sleep 5.7s
2026-08-28 10:53:05,180 [INFO] Page 40 | Collected: 750
2026-08-28 10:53:05,452 [INFO] Pacing: sleep 246.2s | Long Cooldown: 238.9s
2026-08-28 10:57:11,619 [INFO] Page 41 | Collected: 1000
2026-08-28 10:57:11,948 [INFO] Pacing: sleep 5.5s
2026-08-28 10:57:17,471 [INFO] Page 42 | Collected: 1000
2026-08-28 10:57:17,726 [INFO] Pacing: sleep 4.2s
2026-08-28 10:57:21,901 [INFO] Page 43 | Collected: 1000
2026-08-28 10:57:22,143 [INFO] Pacing: sleep 5.5s
2026-08-28 10:57:27,645 [INFO] Page 44 | Collected: 1000
2026-08-28 10:57:27,958 [INFO] Pacing: sleep 7.3s
2026-08-28 10:57:35,225 [INFO] Page 45 | Collected: 1000
2026-08-28 10:57:35,464 [INFO] Pacing: sleep 4.5s
2026-08-28 10:57:39,976 [INFO] Page 46 | Collected: 1000
2026-08-28 10:57:40,163 [WARNING] Block detected on page 46: Suspicious term found: 'captcha'
2026-08-28 10:57:40,164 [INFO] Saved raw HTML for debugging: blocked_0046.html
2026-08-28 10:57:40,164 [ERROR] Blocked again even after safe mode. Stopping gracefully.
2026-08-28 10:57:40,165 [INFO] Crawl stopped. Reason: adaptive_throttle_failed_page_46. Finalizing...
2026-08-28 10:57:40,165 [INFO] Merging intermediate pages from work_dir: /home/runner/work/steam-diploma/steam-diploma/data/snapshots/data/snapshots/_in_progress/cb0d56c0-63a9-4ffa-82a3-1fced6212a3d
