2026-09-03 16:10:29,120 [INFO] Steam Snapshot Collector Started.
2026-09-03 16:10:29,120 [INFO] Speed Mode: fast
2026-09-03 16:10:29,120 [INFO] Work Dir: /home/runner/work/steam-diploma/steam-diploma/data/snapshots
2026-09-03 16:10:29,120 [INFO] Base Output Dir: .
2026-09-03 16:10:29,120 [INFO] Page 1 | Collected: 0
2026-09-03 16:10:29,515 [INFO] Pacing: sleep 0.6s
2026-09-03 16:10:30,131 [INFO] Page 2 | Collected: 0
2026-09-03 16:10:30,554 [INFO] Pacing: sleep 0.7s
2026-09-03 16:10:31,257 [INFO] Page 3 | Collected: 0
2026-09-03 16:10:31,655 [INFO] Pacing: sleep 1.3s
2026-09-03 16:10:32,972 [INFO] Page 4 | Collected: 0
2026-09-03 16:10:33,346 [INFO] Pacing: sleep 1.5s
2026-09-03 16:10:34,811 [INFO] Page 5 | Collected: 0
2026-09-03 16:10:35,394 [INFO] Pacing: sleep 0.8s
2026-09-03 16:10:36,202 [INFO] Page 6 | Collected: 0
2026-09-03 16:10:36,573 [INFO] Pacing: sleep 0.9s
2026-09-03 16:10:37,507 [INFO] Page 7 | Collected: 0
2026-09-03 16:10:37,890 [INFO] Pacing: sleep 1.3s
2026-09-03 16:10:39,197 [INFO] Page 8 | Collected: 0
2026-09-03 16:10:39,606 [INFO] Pacing: sleep 0.6s
2026-09-03 16:10:40,232 [INFO] Page 9 | Collected: 0
2026-09-03 16:10:40,563 [INFO] Pacing: sleep 1.4s
2026-09-03 16:10:41,938 [INFO] Page 10 | Collected: 0
2026-09-03 16:10:42,422 [INFO] Pacing: sleep 0.5s
2026-09-03 16:10:42,935 [INFO] Page 11 | Collected: 250
2026-09-03 16:10:43,224 [INFO] Pacing: sleep 1.2s
2026-09-03 16:10:44,402 [INFO] Page 12 | Collected: 250
2026-09-03 16:10:44,800 [INFO] Pacing: sleep 1.1s
2026-09-03 16:10:45,879 [INFO] Page 13 | Collected: 250
2026-09-03 16:10:46,194 [INFO] Pacing: sleep 1.3s
2026-09-03 16:10:47,508 [INFO] Page 14 | Collected: 250
2026-09-03 16:10:47,806 [INFO] Pacing: sleep 0.9s
2026-09-03 16:10:48,747 [INFO] Page 15 | Collected: 250
2026-09-03 16:10:49,178 [INFO] Pacing: sleep 0.6s
2026-09-03 16:10:49,763 [INFO] Page 16 | Collected: 250
2026-09-03 16:10:50,177 [INFO] Pacing: sleep 0.7s
2026-09-03 16:10:50,851 [INFO] Page 17 | Collected: 250
2026-09-03 16:10:51,178 [INFO] Pacing: sleep 0.8s
2026-09-03 16:10:51,956 [INFO] Page 18 | Collected: 250
2026-09-03 16:10:52,335 [INFO] Pacing: sleep 0.8s
2026-09-03 16:10:53,162 [INFO] Page 19 | Collected: 250
2026-09-03 16:10:53,438 [INFO] Pacing: sleep 1.1s
2026-09-03 16:10:54,570 [INFO] Page 20 | Collected: 250
2026-09-03 16:10:54,995 [INFO] Pacing: sleep 0.9s
2026-09-03 16:10:55,922 [INFO] Page 21 | Collected: 500
2026-09-03 16:10:56,248 [INFO] Pacing: sleep 0.9s
2026-09-03 16:10:57,172 [INFO] Page 22 | Collected: 500
2026-09-03 16:10:57,458 [INFO] Pacing: sleep 0.6s
2026-09-03 16:10:58,019 [INFO] Page 23 | Collected: 500
2026-09-03 16:10:58,393 [INFO] Pacing: sleep 1.4s
2026-09-03 16:10:59,790 [INFO] Page 24 | Collected: 500
2026-09-03 16:11:00,094 [INFO] Pacing: sleep 1.0s
2026-09-03 16:11:01,139 [INFO] Page 25 | Collected: 500
2026-09-03 16:11:01,614 [INFO] Pacing: sleep 0.9s
2026-09-03 16:11:02,522 [INFO] Page 26 | Collected: 500
2026-09-03 16:11:02,832 [INFO] Pacing: sleep 0.8s
2026-09-03 16:11:03,596 [INFO] Page 27 | Collected: 500
2026-09-03 16:11:03,964 [INFO] Pacing: sleep 0.7s
2026-09-03 16:11:04,713 [INFO] Page 28 | Collected: 500
2026-09-03 16:11:05,095 [INFO] Pacing: sleep 0.5s
2026-09-03 16:11:05,602 [INFO] Page 29 | Collected: 500
2026-09-03 16:11:05,943 [INFO] Pacing: sleep 1.0s
2026-09-03 16:11:06,990 [INFO] Page 30 | Collected: 500
2026-09-03 16:11:07,317 [INFO] Pacing: sleep 0.6s
2026-09-03 16:11:07,925 [INFO] Page 31 | Collected: 750
2026-09-03 16:11:08,048 [WARNING] Block detected on page 31: HTTP 429
2026-09-03 16:11:08,049 [INFO] Saved raw HTML for debugging: blocked_0031.html
2026-09-03 16:11:08,049 [WARNING] Initiating ADAPTIVE THROTTLING. Sleeping 180s, switching to SAFE mode.
2026-09-03 16:14:08,049 [INFO] Pacing: sleep 48.5s | Short Cooldown: 44.4s
2026-09-03 16:14:56,557 [INFO] Page 31 | Collected: 750
2026-09-03 16:14:57,004 [INFO] Pacing: sleep 6.6s
2026-09-03 16:15:03,646 [INFO] Page 32 | Collected: 750
2026-09-03 16:15:04,054 [INFO] Pacing: sleep 6.2s
2026-09-03 16:15:10,291 [INFO] Page 33 | Collected: 750
2026-09-03 16:15:10,719 [INFO] Pacing: sleep 4.1s
2026-09-03 16:15:14,863 [INFO] Page 34 | Collected: 750
2026-09-03 16:15:15,184 [INFO] Pacing: sleep 6.5s
2026-09-03 16:15:21,721 [INFO] Page 35 | Collected: 750
2026-09-03 16:15:22,037 [INFO] Pacing: sleep 4.4s
2026-09-03 16:15:26,397 [INFO] Page 36 | Collected: 750
2026-09-03 16:15:26,781 [INFO] Pacing: sleep 5.2s
2026-09-03 16:15:31,971 [INFO] Page 37 | Collected: 750
2026-09-03 16:15:32,263 [INFO] Pacing: sleep 5.4s
2026-09-03 16:15:37,665 [INFO] Page 38 | Collected: 750
2026-09-03 16:15:37,979 [INFO] Pacing: sleep 6.6s
2026-09-03 16:15:44,584 [INFO] Page 39 | Collected: 750
2026-09-03 16:15:44,948 [INFO] Pacing: sleep 6.0s
2026-09-03 16:15:50,911 [INFO] Page 40 | Collected: 750
2026-09-03 16:15:51,267 [INFO] Pacing: sleep 195.5s | Long Cooldown: 188.2s
2026-09-03 16:19:06,767 [INFO] Page 41 | Collected: 1000
2026-09-03 16:19:07,193 [INFO] Pacing: sleep 7.9s
2026-09-03 16:19:15,088 [INFO] Page 42 | Collected: 1000
2026-09-03 16:19:15,789 [INFO] Pacing: sleep 4.8s
2026-09-03 16:19:20,638 [INFO] Page 43 | Collected: 1000
2026-09-03 16:19:20,980 [INFO] Pacing: sleep 6.1s
2026-09-03 16:19:27,074 [INFO] Page 44 | Collected: 1000
2026-09-03 16:19:27,468 [INFO] Pacing: sleep 6.8s
2026-09-03 16:19:34,260 [INFO] Page 45 | Collected: 1000
2026-09-03 16:19:34,632 [INFO] Pacing: sleep 7.6s
2026-09-03 16:19:42,217 [INFO] Page 46 | Collected: 1000
2026-09-03 16:19:42,440 [WARNING] Block detected on page 46: Suspicious term found: 'captcha'
2026-09-03 16:19:42,441 [INFO] Saved raw HTML for debugging: blocked_0046.html
2026-09-03 16:19:42,441 [ERROR] Blocked again even after safe mode. Stopping gracefully.
2026-09-03 16:19:42,442 [INFO] Crawl stopped. Reason: adaptive_throttle_failed_page_46. Finalizing...
2026-09-03 16:19:42,442 [INFO] Merging intermediate pages from work_dir: /home/runner/work/steam-diploma/steam-diploma/data/snapshots/data/snapshots/_in_progress/035c6db2-7f4e-4e6c-8362-3c57beff0aa7
