2026-07-29 14:21:58,811 [INFO] Steam Snapshot Collector Started.
2026-07-29 14:21:58,811 [INFO] Speed Mode: fast
2026-07-29 14:21:58,811 [INFO] Work Dir: /home/runner/work/steam-diploma/steam-diploma/data/snapshots
2026-07-29 14:21:58,811 [INFO] Base Output Dir: .
2026-07-29 14:21:58,811 [INFO] Page 1 | Collected: 0
2026-07-29 14:21:59,175 [INFO] Pacing: sleep 1.1s
2026-07-29 14:22:00,298 [INFO] Page 2 | Collected: 0
2026-07-29 14:22:00,548 [INFO] Pacing: sleep 0.9s
2026-07-29 14:22:01,493 [INFO] Page 3 | Collected: 0
2026-07-29 14:22:01,818 [INFO] Pacing: sleep 0.6s
2026-07-29 14:22:02,435 [INFO] Page 4 | Collected: 0
2026-07-29 14:22:02,738 [INFO] Pacing: sleep 1.0s
2026-07-29 14:22:03,726 [INFO] Page 5 | Collected: 0
2026-07-29 14:22:04,000 [INFO] Pacing: sleep 0.6s
2026-07-29 14:22:04,607 [INFO] Page 6 | Collected: 0
2026-07-29 14:22:04,870 [INFO] Pacing: sleep 1.5s
2026-07-29 14:22:06,328 [INFO] Page 7 | Collected: 0
2026-07-29 14:22:06,643 [INFO] Pacing: sleep 0.8s
2026-07-29 14:22:07,449 [INFO] Page 8 | Collected: 0
2026-07-29 14:22:07,676 [INFO] Pacing: sleep 1.2s
2026-07-29 14:22:08,903 [INFO] Page 9 | Collected: 0
2026-07-29 14:22:09,122 [INFO] Pacing: sleep 0.6s
2026-07-29 14:22:09,748 [INFO] Page 10 | Collected: 0
2026-07-29 14:22:10,107 [INFO] Pacing: sleep 1.1s
2026-07-29 14:22:11,243 [INFO] Page 11 | Collected: 250
2026-07-29 14:22:11,470 [INFO] Pacing: sleep 0.7s
2026-07-29 14:22:12,123 [INFO] Page 12 | Collected: 250
2026-07-29 14:22:12,413 [INFO] Pacing: sleep 0.8s
2026-07-29 14:22:13,226 [INFO] Page 13 | Collected: 250
2026-07-29 14:22:13,482 [INFO] Pacing: sleep 1.4s
2026-07-29 14:22:14,885 [INFO] Page 14 | Collected: 250
2026-07-29 14:22:15,150 [INFO] Pacing: sleep 1.1s
2026-07-29 14:22:16,208 [INFO] Page 15 | Collected: 250
2026-07-29 14:22:16,559 [INFO] Pacing: sleep 1.0s
2026-07-29 14:22:17,531 [INFO] Page 16 | Collected: 250
2026-07-29 14:22:17,769 [INFO] Pacing: sleep 1.2s
2026-07-29 14:22:19,007 [INFO] Page 17 | Collected: 250
2026-07-29 14:22:19,289 [INFO] Pacing: sleep 1.0s
2026-07-29 14:22:20,327 [INFO] Page 18 | Collected: 250
2026-07-29 14:22:20,585 [INFO] Pacing: sleep 1.1s
2026-07-29 14:22:21,640 [INFO] Page 19 | Collected: 250
2026-07-29 14:22:21,880 [INFO] Pacing: sleep 0.6s
2026-07-29 14:22:22,457 [INFO] Page 20 | Collected: 250
2026-07-29 14:22:22,763 [INFO] Pacing: sleep 1.4s
2026-07-29 14:22:24,151 [INFO] Page 21 | Collected: 500
2026-07-29 14:22:24,467 [INFO] Pacing: sleep 0.8s
2026-07-29 14:22:25,264 [INFO] Page 22 | Collected: 500
2026-07-29 14:22:25,561 [INFO] Pacing: sleep 0.8s
2026-07-29 14:22:26,358 [INFO] Page 23 | Collected: 500
2026-07-29 14:22:26,585 [INFO] Pacing: sleep 1.2s
2026-07-29 14:22:27,826 [INFO] Page 24 | Collected: 500
2026-07-29 14:22:28,050 [INFO] Pacing: sleep 0.7s
2026-07-29 14:22:28,721 [INFO] Page 25 | Collected: 500
2026-07-29 14:22:29,019 [INFO] Pacing: sleep 1.4s
2026-07-29 14:22:30,371 [INFO] Page 26 | Collected: 500
2026-07-29 14:22:30,617 [INFO] Pacing: sleep 1.0s
2026-07-29 14:22:31,577 [INFO] Page 27 | Collected: 500
2026-07-29 14:22:31,834 [INFO] Pacing: sleep 1.2s
2026-07-29 14:22:33,041 [INFO] Page 28 | Collected: 500
2026-07-29 14:22:33,346 [INFO] Pacing: sleep 1.4s
2026-07-29 14:22:34,705 [INFO] Page 29 | Collected: 500
2026-07-29 14:22:34,981 [INFO] Pacing: sleep 0.6s
2026-07-29 14:22:35,559 [INFO] Page 30 | Collected: 500
2026-07-29 14:22:35,852 [INFO] Pacing: sleep 1.2s
2026-07-29 14:22:37,037 [INFO] Page 31 | Collected: 750
2026-07-29 14:22:37,063 [WARNING] Block detected on page 31: HTTP 429
2026-07-29 14:22:37,064 [INFO] Saved raw HTML for debugging: blocked_0031.html
2026-07-29 14:22:37,064 [WARNING] Initiating ADAPTIVE THROTTLING. Sleeping 180s, switching to SAFE mode.
2026-07-29 14:25:37,064 [INFO] Pacing: sleep 39.0s | Short Cooldown: 32.9s
2026-07-29 14:26:16,069 [INFO] Page 31 | Collected: 750
2026-07-29 14:26:16,330 [INFO] Pacing: sleep 6.9s
2026-07-29 14:26:23,209 [INFO] Page 32 | Collected: 750
2026-07-29 14:26:23,481 [INFO] Pacing: sleep 5.1s
2026-07-29 14:26:28,552 [INFO] Page 33 | Collected: 750
2026-07-29 14:26:28,852 [INFO] Pacing: sleep 5.9s
2026-07-29 14:26:34,741 [INFO] Page 34 | Collected: 750
2026-07-29 14:26:34,976 [INFO] Pacing: sleep 7.5s
2026-07-29 14:26:42,459 [INFO] Page 35 | Collected: 750
2026-07-29 14:26:42,776 [INFO] Pacing: sleep 6.4s
2026-07-29 14:26:49,153 [INFO] Page 36 | Collected: 750
2026-07-29 14:26:49,391 [INFO] Pacing: sleep 7.2s
2026-07-29 14:26:56,622 [INFO] Page 37 | Collected: 750
2026-07-29 14:26:56,871 [INFO] Pacing: sleep 4.2s
2026-07-29 14:27:01,108 [INFO] Page 38 | Collected: 750
2026-07-29 14:27:01,425 [INFO] Pacing: sleep 5.7s
2026-07-29 14:27:07,123 [INFO] Page 39 | Collected: 750
2026-07-29 14:27:07,411 [INFO] Pacing: sleep 4.7s
2026-07-29 14:27:12,107 [INFO] Page 40 | Collected: 750
2026-07-29 14:27:12,395 [INFO] Pacing: sleep 156.2s | Long Cooldown: 151.1s
2026-07-29 14:29:48,592 [INFO] Page 41 | Collected: 1000
2026-07-29 14:29:48,823 [INFO] Pacing: sleep 4.2s
2026-07-29 14:29:53,071 [INFO] Page 42 | Collected: 1000
2026-07-29 14:29:53,313 [INFO] Pacing: sleep 4.4s
2026-07-29 14:29:57,741 [INFO] Page 43 | Collected: 1000
2026-07-29 14:29:58,065 [INFO] Pacing: sleep 7.2s
2026-07-29 14:30:05,242 [INFO] Page 44 | Collected: 1000
2026-07-29 14:30:05,474 [INFO] Pacing: sleep 4.7s
2026-07-29 14:30:10,197 [INFO] Page 45 | Collected: 1000
2026-07-29 14:30:10,437 [INFO] Pacing: sleep 7.6s
2026-07-29 14:30:18,082 [INFO] Page 46 | Collected: 1000
2026-07-29 14:30:18,401 [INFO] Pacing: sleep 5.4s
2026-07-29 14:30:23,805 [INFO] Page 47 | Collected: 1000
2026-07-29 14:30:24,053 [INFO] Pacing: sleep 4.5s
2026-07-29 14:30:28,591 [INFO] Page 48 | Collected: 1000
2026-07-29 14:30:28,792 [WARNING] Block detected on page 48: Suspicious term found: 'captcha'
2026-07-29 14:30:28,793 [INFO] Saved raw HTML for debugging: blocked_0048.html
2026-07-29 14:30:28,793 [ERROR] Blocked again even after safe mode. Stopping gracefully.
2026-07-29 14:30:28,794 [INFO] Crawl stopped. Reason: adaptive_throttle_failed_page_48. Finalizing...
2026-07-29 14:30:28,795 [INFO] Merging intermediate pages from work_dir: /home/runner/work/steam-diploma/steam-diploma/data/snapshots/data/snapshots/_in_progress/7a545df6-a89d-4128-94f4-749e36226aed
