2026-08-29 06:34:58,680 [INFO] Steam Snapshot Collector Started.
2026-08-29 06:34:58,680 [INFO] Speed Mode: fast
2026-08-29 06:34:58,680 [INFO] Work Dir: /home/runner/work/steam-diploma/steam-diploma/data/snapshots
2026-08-29 06:34:58,680 [INFO] Base Output Dir: .
2026-08-29 06:34:58,680 [INFO] Page 1 | Collected: 0
2026-08-29 06:34:59,229 [INFO] Pacing: sleep 1.0s
2026-08-29 06:35:00,189 [INFO] Page 2 | Collected: 0
2026-08-29 06:35:00,533 [INFO] Pacing: sleep 0.8s
2026-08-29 06:35:01,354 [INFO] Page 3 | Collected: 0
2026-08-29 06:35:01,654 [INFO] Pacing: sleep 0.8s
2026-08-29 06:35:02,446 [INFO] Page 4 | Collected: 0
2026-08-29 06:35:02,849 [INFO] Pacing: sleep 0.6s
2026-08-29 06:35:03,418 [INFO] Page 5 | Collected: 0
2026-08-29 06:35:03,715 [INFO] Pacing: sleep 1.3s
2026-08-29 06:35:05,040 [INFO] Page 6 | Collected: 0
2026-08-29 06:35:05,336 [INFO] Pacing: sleep 0.8s
2026-08-29 06:35:06,150 [INFO] Page 7 | Collected: 0
2026-08-29 06:35:06,724 [INFO] Pacing: sleep 0.9s
2026-08-29 06:35:07,613 [INFO] Page 8 | Collected: 0
2026-08-29 06:35:07,897 [INFO] Pacing: sleep 0.9s
2026-08-29 06:35:08,834 [INFO] Page 9 | Collected: 0
2026-08-29 06:35:09,144 [INFO] Pacing: sleep 1.2s
2026-08-29 06:35:10,369 [INFO] Page 10 | Collected: 0
2026-08-29 06:35:10,844 [INFO] Pacing: sleep 1.1s
2026-08-29 06:35:11,988 [INFO] Page 11 | Collected: 250
2026-08-29 06:35:12,337 [INFO] Pacing: sleep 1.0s
2026-08-29 06:35:13,358 [INFO] Page 12 | Collected: 250
2026-08-29 06:35:13,743 [INFO] Pacing: sleep 0.6s
2026-08-29 06:35:14,364 [INFO] Page 13 | Collected: 250
2026-08-29 06:35:14,658 [INFO] Pacing: sleep 0.5s
2026-08-29 06:35:15,185 [INFO] Page 14 | Collected: 250
2026-08-29 06:35:15,533 [INFO] Pacing: sleep 1.4s
2026-08-29 06:35:16,920 [INFO] Page 15 | Collected: 250
2026-08-29 06:35:17,336 [INFO] Pacing: sleep 1.1s
2026-08-29 06:35:18,398 [INFO] Page 16 | Collected: 250
2026-08-29 06:35:18,684 [INFO] Pacing: sleep 0.5s
2026-08-29 06:35:19,197 [INFO] Page 17 | Collected: 250
2026-08-29 06:35:19,498 [INFO] Pacing: sleep 1.2s
2026-08-29 06:35:20,714 [INFO] Page 18 | Collected: 250
2026-08-29 06:35:21,105 [INFO] Pacing: sleep 1.0s
2026-08-29 06:35:22,073 [INFO] Page 19 | Collected: 250
2026-08-29 06:35:22,374 [INFO] Pacing: sleep 1.1s
2026-08-29 06:35:23,424 [INFO] Page 20 | Collected: 250
2026-08-29 06:35:23,828 [INFO] Pacing: sleep 1.3s
2026-08-29 06:35:25,137 [INFO] Page 21 | Collected: 500
2026-08-29 06:35:25,462 [INFO] Pacing: sleep 1.3s
2026-08-29 06:35:26,758 [INFO] Page 22 | Collected: 500
2026-08-29 06:35:27,080 [INFO] Pacing: sleep 0.8s
2026-08-29 06:35:27,888 [INFO] Page 23 | Collected: 500
2026-08-29 06:35:28,327 [INFO] Pacing: sleep 1.0s
2026-08-29 06:35:29,354 [INFO] Page 24 | Collected: 500
2026-08-29 06:35:29,636 [INFO] Pacing: sleep 1.2s
2026-08-29 06:35:30,824 [INFO] Page 25 | Collected: 500
2026-08-29 06:35:31,197 [INFO] Pacing: sleep 0.9s
2026-08-29 06:35:32,147 [INFO] Page 26 | Collected: 500
2026-08-29 06:35:32,568 [INFO] Pacing: sleep 1.2s
2026-08-29 06:35:33,740 [INFO] Page 27 | Collected: 500
2026-08-29 06:35:34,079 [INFO] Pacing: sleep 1.3s
2026-08-29 06:35:35,343 [INFO] Page 28 | Collected: 500
2026-08-29 06:35:35,762 [INFO] Pacing: sleep 1.0s
2026-08-29 06:35:36,783 [INFO] Page 29 | Collected: 500
2026-08-29 06:35:37,118 [INFO] Pacing: sleep 0.5s
2026-08-29 06:35:37,633 [INFO] Page 30 | Collected: 500
2026-08-29 06:35:38,120 [INFO] Pacing: sleep 0.8s
2026-08-29 06:35:38,965 [INFO] Page 31 | Collected: 750
2026-08-29 06:35:39,073 [WARNING] Block detected on page 31: HTTP 429
2026-08-29 06:35:39,073 [INFO] Saved raw HTML for debugging: blocked_0031.html
2026-08-29 06:35:39,073 [WARNING] Initiating ADAPTIVE THROTTLING. Sleeping 180s, switching to SAFE mode.
2026-08-29 06:38:39,074 [INFO] Pacing: sleep 47.5s | Short Cooldown: 41.2s
2026-08-29 06:39:26,591 [INFO] Page 31 | Collected: 750
2026-08-29 06:39:26,951 [INFO] Pacing: sleep 4.5s
2026-08-29 06:39:31,417 [INFO] Page 32 | Collected: 750
2026-08-29 06:39:31,726 [INFO] Pacing: sleep 7.6s
2026-08-29 06:39:39,365 [INFO] Page 33 | Collected: 750
2026-08-29 06:39:39,761 [INFO] Pacing: sleep 5.7s
2026-08-29 06:39:45,438 [INFO] Page 34 | Collected: 750
2026-08-29 06:39:45,745 [INFO] Pacing: sleep 7.0s
2026-08-29 06:39:52,746 [INFO] Page 35 | Collected: 750
2026-08-29 06:39:53,064 [INFO] Pacing: sleep 7.9s
2026-08-29 06:40:00,931 [INFO] Page 36 | Collected: 750
2026-08-29 06:40:01,370 [INFO] Pacing: sleep 6.6s
2026-08-29 06:40:07,928 [INFO] Page 37 | Collected: 750
2026-08-29 06:40:08,276 [INFO] Pacing: sleep 7.8s
2026-08-29 06:40:16,115 [INFO] Page 38 | Collected: 750
2026-08-29 06:40:16,471 [INFO] Pacing: sleep 4.8s
2026-08-29 06:40:21,247 [INFO] Page 39 | Collected: 750
2026-08-29 06:40:21,699 [INFO] Pacing: sleep 4.4s
2026-08-29 06:40:26,108 [INFO] Page 40 | Collected: 750
2026-08-29 06:40:26,423 [INFO] Pacing: sleep 225.3s | Long Cooldown: 218.1s
2026-08-29 06:44:11,727 [INFO] Page 41 | Collected: 1000
2026-08-29 06:44:12,097 [INFO] Pacing: sleep 4.5s
2026-08-29 06:44:16,579 [INFO] Page 42 | Collected: 1000
2026-08-29 06:44:16,853 [INFO] Pacing: sleep 5.3s
2026-08-29 06:44:22,140 [INFO] Page 43 | Collected: 1000
2026-08-29 06:44:22,516 [INFO] Pacing: sleep 7.3s
2026-08-29 06:44:29,774 [INFO] Page 44 | Collected: 1000
2026-08-29 06:44:30,200 [INFO] Pacing: sleep 6.3s
2026-08-29 06:44:36,521 [INFO] Page 45 | Collected: 1000
2026-08-29 06:44:36,845 [INFO] Pacing: sleep 7.3s
2026-08-29 06:44:44,195 [INFO] Page 46 | Collected: 1000
2026-08-29 06:44:44,404 [WARNING] Block detected on page 46: Suspicious term found: 'captcha'
2026-08-29 06:44:44,405 [INFO] Saved raw HTML for debugging: blocked_0046.html
2026-08-29 06:44:44,405 [ERROR] Blocked again even after safe mode. Stopping gracefully.
2026-08-29 06:44:44,406 [INFO] Crawl stopped. Reason: adaptive_throttle_failed_page_46. Finalizing...
2026-08-29 06:44:44,406 [INFO] Merging intermediate pages from work_dir: /home/runner/work/steam-diploma/steam-diploma/data/snapshots/data/snapshots/_in_progress/4e08178d-6c16-4565-b971-0af8238b437d
