2026-08-07 13:15:03,387 [INFO] Steam Snapshot Collector Started.
2026-08-07 13:15:03,387 [INFO] Speed Mode: fast
2026-08-07 13:15:03,387 [INFO] Work Dir: /home/runner/work/steam-diploma/steam-diploma/data/snapshots
2026-08-07 13:15:03,387 [INFO] Base Output Dir: .
2026-08-07 13:15:03,388 [INFO] Page 1 | Collected: 0
2026-08-07 13:15:03,775 [INFO] Pacing: sleep 1.0s
2026-08-07 13:15:04,742 [INFO] Page 2 | Collected: 0
2026-08-07 13:15:05,048 [INFO] Pacing: sleep 0.5s
2026-08-07 13:15:05,574 [INFO] Page 3 | Collected: 0
2026-08-07 13:15:05,868 [INFO] Pacing: sleep 0.6s
2026-08-07 13:15:06,439 [INFO] Page 4 | Collected: 0
2026-08-07 13:15:06,792 [INFO] Pacing: sleep 0.9s
2026-08-07 13:15:07,739 [INFO] Page 5 | Collected: 0
2026-08-07 13:15:08,028 [INFO] Pacing: sleep 1.4s
2026-08-07 13:15:09,464 [INFO] Page 6 | Collected: 0
2026-08-07 13:15:09,737 [INFO] Pacing: sleep 0.8s
2026-08-07 13:15:10,536 [INFO] Page 7 | Collected: 0
2026-08-07 13:15:10,877 [WARNING] Page 7 had 1 duplicate appids seen previously.
2026-08-07 13:15:10,877 [INFO] Pacing: sleep 0.6s
2026-08-07 13:15:11,478 [INFO] Page 8 | Collected: 0
2026-08-07 13:15:11,759 [INFO] Pacing: sleep 1.2s
2026-08-07 13:15:12,938 [INFO] Page 9 | Collected: 0
2026-08-07 13:15:13,220 [INFO] Pacing: sleep 0.5s
2026-08-07 13:15:13,753 [INFO] Page 10 | Collected: 0
2026-08-07 13:15:14,076 [INFO] Pacing: sleep 0.7s
2026-08-07 13:15:14,741 [INFO] Page 11 | Collected: 250
2026-08-07 13:15:15,021 [INFO] Pacing: sleep 1.3s
2026-08-07 13:15:16,314 [INFO] Page 12 | Collected: 250
2026-08-07 13:15:16,638 [INFO] Pacing: sleep 1.4s
2026-08-07 13:15:18,061 [INFO] Page 13 | Collected: 250
2026-08-07 13:15:18,327 [INFO] Pacing: sleep 1.3s
2026-08-07 13:15:19,617 [INFO] Page 14 | Collected: 250
2026-08-07 13:15:19,891 [INFO] Pacing: sleep 0.9s
2026-08-07 13:15:20,752 [INFO] Page 15 | Collected: 250
2026-08-07 13:15:21,111 [INFO] Pacing: sleep 0.6s
2026-08-07 13:15:21,725 [INFO] Page 16 | Collected: 250
2026-08-07 13:15:22,049 [INFO] Pacing: sleep 0.8s
2026-08-07 13:15:22,809 [INFO] Page 17 | Collected: 250
2026-08-07 13:15:23,142 [INFO] Pacing: sleep 0.7s
2026-08-07 13:15:23,884 [INFO] Page 18 | Collected: 250
2026-08-07 13:15:24,147 [INFO] Pacing: sleep 0.6s
2026-08-07 13:15:24,787 [INFO] Page 19 | Collected: 250
2026-08-07 13:15:25,058 [INFO] Pacing: sleep 1.0s
2026-08-07 13:15:26,015 [INFO] Page 20 | Collected: 250
2026-08-07 13:15:26,368 [INFO] Pacing: sleep 0.9s
2026-08-07 13:15:27,257 [INFO] Page 21 | Collected: 500
2026-08-07 13:15:27,533 [INFO] Pacing: sleep 0.6s
2026-08-07 13:15:28,125 [INFO] Page 22 | Collected: 500
2026-08-07 13:15:28,458 [INFO] Pacing: sleep 1.0s
2026-08-07 13:15:29,453 [INFO] Page 23 | Collected: 500
2026-08-07 13:15:29,723 [INFO] Pacing: sleep 0.6s
2026-08-07 13:15:30,349 [INFO] Page 24 | Collected: 500
2026-08-07 13:15:30,626 [INFO] Pacing: sleep 1.1s
2026-08-07 13:15:31,721 [INFO] Page 25 | Collected: 500
2026-08-07 13:15:32,130 [INFO] Pacing: sleep 1.2s
2026-08-07 13:15:33,320 [INFO] Page 26 | Collected: 500
2026-08-07 13:15:33,596 [INFO] Pacing: sleep 0.7s
2026-08-07 13:15:34,285 [INFO] Page 27 | Collected: 500
2026-08-07 13:15:34,578 [INFO] Pacing: sleep 0.6s
2026-08-07 13:15:35,182 [INFO] Page 28 | Collected: 500
2026-08-07 13:15:35,545 [INFO] Pacing: sleep 0.8s
2026-08-07 13:15:36,357 [INFO] Page 29 | Collected: 500
2026-08-07 13:15:36,621 [INFO] Pacing: sleep 0.8s
2026-08-07 13:15:37,402 [INFO] Page 30 | Collected: 500
2026-08-07 13:15:37,790 [INFO] Pacing: sleep 1.3s
2026-08-07 13:15:39,118 [INFO] Page 31 | Collected: 750
2026-08-07 13:15:39,200 [WARNING] Block detected on page 31: HTTP 429
2026-08-07 13:15:39,201 [INFO] Saved raw HTML for debugging: blocked_0031.html
2026-08-07 13:15:39,201 [WARNING] Initiating ADAPTIVE THROTTLING. Sleeping 180s, switching to SAFE mode.
2026-08-07 13:18:39,201 [INFO] Pacing: sleep 46.9s | Short Cooldown: 41.5s
2026-08-07 13:19:26,150 [INFO] Page 31 | Collected: 750
2026-08-07 13:19:26,436 [INFO] Pacing: sleep 6.0s
2026-08-07 13:19:32,430 [INFO] Page 32 | Collected: 750
2026-08-07 13:19:32,714 [INFO] Pacing: sleep 5.7s
2026-08-07 13:19:38,395 [INFO] Page 33 | Collected: 750
2026-08-07 13:19:38,770 [INFO] Pacing: sleep 5.1s
2026-08-07 13:19:43,909 [INFO] Page 34 | Collected: 750
2026-08-07 13:19:44,164 [INFO] Pacing: sleep 5.8s
2026-08-07 13:19:50,011 [INFO] Page 35 | Collected: 750
2026-08-07 13:19:50,393 [INFO] Pacing: sleep 4.2s
2026-08-07 13:19:54,628 [INFO] Page 36 | Collected: 750
2026-08-07 13:19:54,930 [INFO] Pacing: sleep 6.0s
2026-08-07 13:20:00,925 [INFO] Page 37 | Collected: 750
2026-08-07 13:20:01,236 [INFO] Pacing: sleep 6.4s
2026-08-07 13:20:07,601 [INFO] Page 38 | Collected: 750
2026-08-07 13:20:07,965 [INFO] Pacing: sleep 4.0s
2026-08-07 13:20:12,015 [INFO] Page 39 | Collected: 750
2026-08-07 13:20:12,296 [INFO] Pacing: sleep 5.0s
2026-08-07 13:20:17,258 [INFO] Page 40 | Collected: 750
2026-08-07 13:20:17,631 [INFO] Pacing: sleep 164.7s | Long Cooldown: 159.9s
2026-08-07 13:23:02,311 [INFO] Page 41 | Collected: 1000
2026-08-07 13:23:02,576 [INFO] Pacing: sleep 4.8s
2026-08-07 13:23:07,391 [INFO] Page 42 | Collected: 1000
2026-08-07 13:23:07,792 [INFO] Pacing: sleep 5.5s
2026-08-07 13:23:13,253 [INFO] Page 43 | Collected: 1000
2026-08-07 13:23:13,613 [INFO] Pacing: sleep 5.3s
2026-08-07 13:23:18,870 [INFO] Page 44 | Collected: 1000
2026-08-07 13:23:19,132 [INFO] Pacing: sleep 5.8s
2026-08-07 13:23:24,964 [INFO] Page 45 | Collected: 1000
2026-08-07 13:23:25,248 [INFO] Pacing: sleep 4.0s
2026-08-07 13:23:29,280 [INFO] Page 46 | Collected: 1000
2026-08-07 13:23:29,643 [INFO] Pacing: sleep 7.7s
2026-08-07 13:23:37,330 [INFO] Page 47 | Collected: 1000
2026-08-07 13:23:37,487 [WARNING] Block detected on page 47: Suspicious term found: 'captcha'
2026-08-07 13:23:37,488 [INFO] Saved raw HTML for debugging: blocked_0047.html
2026-08-07 13:23:37,488 [ERROR] Blocked again even after safe mode. Stopping gracefully.
2026-08-07 13:23:37,490 [INFO] Crawl stopped. Reason: adaptive_throttle_failed_page_47. Finalizing...
2026-08-07 13:23:37,490 [INFO] Merging intermediate pages from work_dir: /home/runner/work/steam-diploma/steam-diploma/data/snapshots/data/snapshots/_in_progress/cd09afa9-edb6-4349-a32c-5d77249d8dd0
2026-08-07 13:23:37,502 [WARNING] Found 1 duplicate appids across the snapshot.
