2026-08-27 22:04:30,406 [INFO] Steam Snapshot Collector Started.
2026-08-27 22:04:30,407 [INFO] Speed Mode: fast
2026-08-27 22:04:30,407 [INFO] Work Dir: /home/runner/work/steam-diploma/steam-diploma/data/snapshots
2026-08-27 22:04:30,407 [INFO] Base Output Dir: .
2026-08-27 22:04:30,407 [INFO] Page 1 | Collected: 0
2026-08-27 22:04:31,056 [INFO] Pacing: sleep 1.1s
2026-08-27 22:04:32,112 [INFO] Page 2 | Collected: 0
2026-08-27 22:04:32,458 [INFO] Pacing: sleep 0.6s
2026-08-27 22:04:33,057 [INFO] Page 3 | Collected: 0
2026-08-27 22:04:33,359 [INFO] Pacing: sleep 1.4s
2026-08-27 22:04:34,721 [INFO] Page 4 | Collected: 0
2026-08-27 22:04:35,110 [INFO] Pacing: sleep 0.5s
2026-08-27 22:04:35,635 [INFO] Page 5 | Collected: 0
2026-08-27 22:04:35,960 [INFO] Pacing: sleep 1.0s
2026-08-27 22:04:36,993 [INFO] Page 6 | Collected: 0
2026-08-27 22:04:37,295 [INFO] Pacing: sleep 1.3s
2026-08-27 22:04:38,592 [INFO] Page 7 | Collected: 0
2026-08-27 22:04:38,988 [INFO] Pacing: sleep 1.5s
2026-08-27 22:04:40,483 [INFO] Page 8 | Collected: 0
2026-08-27 22:04:40,750 [INFO] Pacing: sleep 1.4s
2026-08-27 22:04:42,114 [INFO] Page 9 | Collected: 0
2026-08-27 22:04:42,418 [INFO] Pacing: sleep 1.4s
2026-08-27 22:04:43,825 [INFO] Page 10 | Collected: 0
2026-08-27 22:04:44,219 [INFO] Pacing: sleep 0.8s
2026-08-27 22:04:45,047 [INFO] Page 11 | Collected: 250
2026-08-27 22:04:45,352 [INFO] Pacing: sleep 0.8s
2026-08-27 22:04:46,172 [INFO] Page 12 | Collected: 250
2026-08-27 22:04:46,540 [INFO] Pacing: sleep 0.6s
2026-08-27 22:04:47,178 [INFO] Page 13 | Collected: 250
2026-08-27 22:04:47,468 [INFO] Pacing: sleep 0.7s
2026-08-27 22:04:48,195 [INFO] Page 14 | Collected: 250
2026-08-27 22:04:48,480 [INFO] Pacing: sleep 0.7s
2026-08-27 22:04:49,174 [INFO] Page 15 | Collected: 250
2026-08-27 22:04:49,593 [INFO] Pacing: sleep 1.1s
2026-08-27 22:04:50,677 [INFO] Page 16 | Collected: 250
2026-08-27 22:04:50,974 [INFO] Pacing: sleep 0.6s
2026-08-27 22:04:51,562 [INFO] Page 17 | Collected: 250
2026-08-27 22:04:51,931 [INFO] Pacing: sleep 1.2s
2026-08-27 22:04:53,166 [INFO] Page 18 | Collected: 250
2026-08-27 22:04:53,526 [INFO] Pacing: sleep 0.7s
2026-08-27 22:04:54,194 [INFO] Page 19 | Collected: 250
2026-08-27 22:04:54,522 [INFO] Pacing: sleep 0.7s
2026-08-27 22:04:55,194 [INFO] Page 20 | Collected: 250
2026-08-27 22:04:55,571 [INFO] Pacing: sleep 0.5s
2026-08-27 22:04:56,088 [INFO] Page 21 | Collected: 500
2026-08-27 22:04:56,399 [INFO] Pacing: sleep 1.3s
2026-08-27 22:04:57,666 [INFO] Page 22 | Collected: 500
2026-08-27 22:04:57,996 [INFO] Pacing: sleep 1.5s
2026-08-27 22:04:59,490 [INFO] Page 23 | Collected: 500
2026-08-27 22:04:59,875 [INFO] Pacing: sleep 0.6s
2026-08-27 22:05:00,502 [INFO] Page 24 | Collected: 500
2026-08-27 22:05:00,876 [INFO] Pacing: sleep 0.7s
2026-08-27 22:05:01,601 [INFO] Page 25 | Collected: 500
2026-08-27 22:05:01,954 [INFO] Pacing: sleep 1.4s
2026-08-27 22:05:03,383 [INFO] Page 26 | Collected: 500
2026-08-27 22:05:03,696 [INFO] Pacing: sleep 0.8s
2026-08-27 22:05:04,487 [INFO] Page 27 | Collected: 500
2026-08-27 22:05:04,810 [INFO] Pacing: sleep 0.9s
2026-08-27 22:05:05,703 [INFO] Page 28 | Collected: 500
2026-08-27 22:05:06,141 [INFO] Pacing: sleep 1.5s
2026-08-27 22:05:07,600 [INFO] Page 29 | Collected: 500
2026-08-27 22:05:07,882 [INFO] Pacing: sleep 1.3s
2026-08-27 22:05:09,185 [INFO] Page 30 | Collected: 500
2026-08-27 22:05:09,466 [INFO] Pacing: sleep 0.6s
2026-08-27 22:05:10,069 [INFO] Page 31 | Collected: 750
2026-08-27 22:05:10,163 [WARNING] Block detected on page 31: HTTP 429
2026-08-27 22:05:10,163 [INFO] Saved raw HTML for debugging: blocked_0031.html
2026-08-27 22:05:10,163 [WARNING] Initiating ADAPTIVE THROTTLING. Sleeping 180s, switching to SAFE mode.
2026-08-27 22:08:10,163 [INFO] Pacing: sleep 46.5s | Short Cooldown: 40.6s
2026-08-27 22:08:56,619 [INFO] Page 31 | Collected: 750
2026-08-27 22:08:56,998 [INFO] Pacing: sleep 6.8s
2026-08-27 22:09:03,786 [INFO] Page 32 | Collected: 750
2026-08-27 22:09:04,109 [INFO] Pacing: sleep 5.3s
2026-08-27 22:09:09,392 [INFO] Page 33 | Collected: 750
2026-08-27 22:09:09,789 [INFO] Pacing: sleep 7.5s
2026-08-27 22:09:17,277 [INFO] Page 34 | Collected: 750
2026-08-27 22:09:17,573 [INFO] Pacing: sleep 6.2s
2026-08-27 22:09:23,733 [INFO] Page 35 | Collected: 750
2026-08-27 22:09:24,087 [INFO] Pacing: sleep 6.6s
2026-08-27 22:09:30,722 [INFO] Page 36 | Collected: 750
2026-08-27 22:09:31,521 [INFO] Pacing: sleep 4.1s
2026-08-27 22:09:35,620 [INFO] Page 37 | Collected: 750
2026-08-27 22:09:35,912 [INFO] Pacing: sleep 6.8s
2026-08-27 22:09:42,681 [INFO] Page 38 | Collected: 750
2026-08-27 22:09:43,020 [INFO] Pacing: sleep 5.6s
2026-08-27 22:09:48,583 [INFO] Page 39 | Collected: 750
2026-08-27 22:09:48,975 [INFO] Pacing: sleep 4.8s
2026-08-27 22:09:53,740 [INFO] Page 40 | Collected: 750
2026-08-27 22:09:54,042 [INFO] Pacing: sleep 203.0s | Long Cooldown: 196.7s
2026-08-27 22:13:17,042 [INFO] Page 41 | Collected: 1000
2026-08-27 22:13:17,691 [INFO] Pacing: sleep 6.1s
2026-08-27 22:13:23,787 [INFO] Page 42 | Collected: 1000
2026-08-27 22:13:24,158 [INFO] Pacing: sleep 5.1s
2026-08-27 22:13:29,278 [INFO] Page 43 | Collected: 1000
2026-08-27 22:13:29,599 [INFO] Pacing: sleep 4.1s
2026-08-27 22:13:33,728 [INFO] Page 44 | Collected: 1000
2026-08-27 22:13:34,152 [INFO] Pacing: sleep 5.7s
2026-08-27 22:13:39,845 [INFO] Page 45 | Collected: 1000
2026-08-27 22:13:40,159 [INFO] Pacing: sleep 7.7s
2026-08-27 22:13:47,867 [INFO] Page 46 | Collected: 1000
2026-08-27 22:13:48,088 [WARNING] Block detected on page 46: Suspicious term found: 'captcha'
2026-08-27 22:13:48,089 [INFO] Saved raw HTML for debugging: blocked_0046.html
2026-08-27 22:13:48,089 [ERROR] Blocked again even after safe mode. Stopping gracefully.
2026-08-27 22:13:48,090 [INFO] Crawl stopped. Reason: adaptive_throttle_failed_page_46. Finalizing...
2026-08-27 22:13:48,090 [INFO] Merging intermediate pages from work_dir: /home/runner/work/steam-diploma/steam-diploma/data/snapshots/data/snapshots/_in_progress/0c5b5739-8a15-4745-9fd8-4f9119ad8d8a
