2026-10-06 18:10:21,394 [INFO] Steam Snapshot Collector Started.
2026-10-06 18:10:21,394 [INFO] Speed Mode: fast
2026-10-06 18:10:21,394 [INFO] Work Dir: /home/runner/work/steam-diploma/steam-diploma/data/snapshots
2026-10-06 18:10:21,394 [INFO] Base Output Dir: .
2026-10-06 18:10:21,394 [INFO] Page 1 | Collected: 0
2026-10-06 18:10:21,707 [INFO] Pacing: sleep 0.6s
2026-10-06 18:10:22,293 [INFO] Page 2 | Collected: 0
2026-10-06 18:10:22,663 [INFO] Pacing: sleep 1.3s
2026-10-06 18:10:23,999 [INFO] Page 3 | Collected: 0
2026-10-06 18:10:24,262 [INFO] Pacing: sleep 0.9s
2026-10-06 18:10:25,183 [INFO] Page 4 | Collected: 0
2026-10-06 18:10:25,534 [INFO] Pacing: sleep 1.5s
2026-10-06 18:10:27,020 [INFO] Page 5 | Collected: 0
2026-10-06 18:10:27,334 [INFO] Pacing: sleep 0.9s
2026-10-06 18:10:28,259 [INFO] Page 6 | Collected: 0
2026-10-06 18:10:28,553 [INFO] Pacing: sleep 0.8s
2026-10-06 18:10:29,323 [INFO] Page 7 | Collected: 0
2026-10-06 18:10:29,670 [INFO] Pacing: sleep 1.3s
2026-10-06 18:10:30,923 [INFO] Page 8 | Collected: 0
2026-10-06 18:10:31,369 [INFO] Pacing: sleep 0.6s
2026-10-06 18:10:31,977 [INFO] Page 9 | Collected: 0
2026-10-06 18:10:32,361 [INFO] Pacing: sleep 1.2s
2026-10-06 18:10:33,584 [INFO] Page 10 | Collected: 0
2026-10-06 18:10:34,047 [INFO] Pacing: sleep 0.7s
2026-10-06 18:10:34,760 [INFO] Page 11 | Collected: 250
2026-10-06 18:10:35,031 [INFO] Pacing: sleep 1.1s
2026-10-06 18:10:36,110 [INFO] Page 12 | Collected: 250
2026-10-06 18:10:36,421 [INFO] Pacing: sleep 0.6s
2026-10-06 18:10:37,018 [INFO] Page 13 | Collected: 250
2026-10-06 18:10:37,340 [INFO] Pacing: sleep 1.1s
2026-10-06 18:10:38,434 [INFO] Page 14 | Collected: 250
2026-10-06 18:10:38,690 [INFO] Pacing: sleep 0.7s
2026-10-06 18:10:39,379 [INFO] Page 15 | Collected: 250
2026-10-06 18:10:39,981 [INFO] Pacing: sleep 0.6s
2026-10-06 18:10:40,558 [INFO] Page 16 | Collected: 250
2026-10-06 18:10:40,819 [INFO] Pacing: sleep 1.1s
2026-10-06 18:10:41,900 [INFO] Page 17 | Collected: 250
2026-10-06 18:10:42,289 [INFO] Pacing: sleep 1.4s
2026-10-06 18:10:43,685 [INFO] Page 18 | Collected: 250
2026-10-06 18:10:44,008 [INFO] Pacing: sleep 1.3s
2026-10-06 18:10:45,286 [INFO] Page 19 | Collected: 250
2026-10-06 18:10:45,554 [INFO] Pacing: sleep 0.9s
2026-10-06 18:10:46,481 [INFO] Page 20 | Collected: 250
2026-10-06 18:10:46,858 [INFO] Pacing: sleep 0.6s
2026-10-06 18:10:47,438 [INFO] Page 21 | Collected: 500
2026-10-06 18:10:47,708 [INFO] Pacing: sleep 1.4s
2026-10-06 18:10:49,124 [INFO] Page 22 | Collected: 500
2026-10-06 18:10:49,406 [INFO] Pacing: sleep 1.1s
2026-10-06 18:10:50,532 [INFO] Page 23 | Collected: 500
2026-10-06 18:10:50,907 [INFO] Pacing: sleep 0.6s
2026-10-06 18:10:51,531 [INFO] Page 24 | Collected: 500
2026-10-06 18:10:51,793 [INFO] Pacing: sleep 0.7s
2026-10-06 18:10:52,540 [INFO] Page 25 | Collected: 500
2026-10-06 18:10:52,835 [INFO] Pacing: sleep 1.0s
2026-10-06 18:10:53,791 [INFO] Page 26 | Collected: 500
2026-10-06 18:10:54,155 [INFO] Pacing: sleep 0.6s
2026-10-06 18:10:54,737 [INFO] Page 27 | Collected: 500
2026-10-06 18:10:55,002 [INFO] Pacing: sleep 0.8s
2026-10-06 18:10:55,766 [INFO] Page 28 | Collected: 500
2026-10-06 18:10:56,107 [INFO] Pacing: sleep 1.2s
2026-10-06 18:10:57,339 [INFO] Page 29 | Collected: 500
2026-10-06 18:10:57,966 [INFO] Pacing: sleep 1.5s
2026-10-06 18:10:59,463 [INFO] Page 30 | Collected: 500
2026-10-06 18:10:59,816 [INFO] Pacing: sleep 1.4s
2026-10-06 18:11:01,260 [INFO] Page 31 | Collected: 750
2026-10-06 18:11:01,371 [WARNING] Block detected on page 31: HTTP 429
2026-10-06 18:11:01,372 [INFO] Saved raw HTML for debugging: blocked_0031.html
2026-10-06 18:11:01,372 [WARNING] Initiating ADAPTIVE THROTTLING. Sleeping 180s, switching to SAFE mode.
2026-10-06 18:14:01,372 [INFO] Pacing: sleep 40.5s | Short Cooldown: 32.6s
2026-10-06 18:14:41,869 [INFO] Page 31 | Collected: 750
2026-10-06 18:14:42,188 [INFO] Pacing: sleep 6.7s
2026-10-06 18:14:48,916 [INFO] Page 32 | Collected: 750
2026-10-06 18:14:49,166 [INFO] Pacing: sleep 7.3s
2026-10-06 18:14:56,460 [INFO] Page 33 | Collected: 750
2026-10-06 18:14:56,847 [INFO] Pacing: sleep 5.0s
2026-10-06 18:15:01,817 [INFO] Page 34 | Collected: 750
2026-10-06 18:15:02,190 [INFO] Pacing: sleep 5.0s
2026-10-06 18:15:07,211 [INFO] Page 35 | Collected: 750
2026-10-06 18:15:07,494 [INFO] Pacing: sleep 5.8s
2026-10-06 18:15:13,339 [INFO] Page 36 | Collected: 750
2026-10-06 18:15:13,663 [INFO] Pacing: sleep 4.4s
2026-10-06 18:15:18,015 [INFO] Page 37 | Collected: 750
2026-10-06 18:15:18,281 [INFO] Pacing: sleep 7.2s
2026-10-06 18:15:25,487 [INFO] Page 38 | Collected: 750
2026-10-06 18:15:25,742 [INFO] Pacing: sleep 4.2s
2026-10-06 18:15:29,940 [INFO] Page 39 | Collected: 750
2026-10-06 18:15:30,293 [INFO] Pacing: sleep 5.9s
2026-10-06 18:15:36,182 [INFO] Page 40 | Collected: 750
2026-10-06 18:15:36,492 [INFO] Pacing: sleep 199.6s | Long Cooldown: 193.4s
2026-10-06 18:18:56,119 [INFO] Page 41 | Collected: 1000
2026-10-06 18:18:56,436 [INFO] Pacing: sleep 7.3s
2026-10-06 18:19:03,690 [INFO] Page 42 | Collected: 1000
2026-10-06 18:19:04,009 [INFO] Pacing: sleep 4.4s
2026-10-06 18:19:08,379 [INFO] Page 43 | Collected: 1000
2026-10-06 18:19:08,786 [INFO] Pacing: sleep 7.3s
2026-10-06 18:19:16,053 [INFO] Page 44 | Collected: 1000
2026-10-06 18:19:16,389 [INFO] Pacing: sleep 7.7s
2026-10-06 18:19:24,122 [INFO] Page 45 | Collected: 1000
2026-10-06 18:19:24,549 [INFO] Pacing: sleep 4.1s
2026-10-06 18:19:28,681 [INFO] Page 46 | Collected: 1000
2026-10-06 18:19:28,945 [INFO] Pacing: sleep 4.4s
2026-10-06 18:19:33,340 [INFO] Page 47 | Collected: 1000
2026-10-06 18:19:33,486 [WARNING] Block detected on page 47: Suspicious term found: 'captcha'
2026-10-06 18:19:33,487 [INFO] Saved raw HTML for debugging: blocked_0047.html
2026-10-06 18:19:33,487 [ERROR] Blocked again even after safe mode. Stopping gracefully.
2026-10-06 18:19:33,489 [INFO] Crawl stopped. Reason: adaptive_throttle_failed_page_47. Finalizing...
2026-10-06 18:19:33,489 [INFO] Merging intermediate pages from work_dir: /home/runner/work/steam-diploma/steam-diploma/data/snapshots/data/snapshots/_in_progress/52434ef9-c75d-460f-9991-6b876ea9c7f0
