2026-09-02 16:19:53,891 [INFO] Steam Snapshot Collector Started.
2026-09-02 16:19:53,892 [INFO] Speed Mode: fast
2026-09-02 16:19:53,892 [INFO] Work Dir: /home/runner/work/steam-diploma/steam-diploma/data/snapshots
2026-09-02 16:19:53,892 [INFO] Base Output Dir: .
2026-09-02 16:19:53,892 [INFO] Page 1 | Collected: 0
2026-09-02 16:19:54,261 [INFO] Pacing: sleep 0.8s
2026-09-02 16:19:55,025 [INFO] Page 2 | Collected: 0
2026-09-02 16:19:55,425 [INFO] Pacing: sleep 0.5s
2026-09-02 16:19:55,951 [INFO] Page 3 | Collected: 0
2026-09-02 16:19:56,228 [INFO] Pacing: sleep 0.6s
2026-09-02 16:19:56,838 [INFO] Page 4 | Collected: 0
2026-09-02 16:19:57,289 [INFO] Pacing: sleep 1.2s
2026-09-02 16:19:58,455 [INFO] Page 5 | Collected: 0
2026-09-02 16:19:58,751 [INFO] Pacing: sleep 1.4s
2026-09-02 16:20:00,131 [INFO] Page 6 | Collected: 0
2026-09-02 16:20:00,409 [INFO] Pacing: sleep 0.5s
2026-09-02 16:20:00,911 [INFO] Page 7 | Collected: 0
2026-09-02 16:20:01,305 [INFO] Pacing: sleep 0.8s
2026-09-02 16:20:02,148 [INFO] Page 8 | Collected: 0
2026-09-02 16:20:02,416 [INFO] Pacing: sleep 0.5s
2026-09-02 16:20:02,919 [INFO] Page 9 | Collected: 0
2026-09-02 16:20:03,252 [INFO] Pacing: sleep 1.0s
2026-09-02 16:20:04,238 [INFO] Page 10 | Collected: 0
2026-09-02 16:20:04,608 [INFO] Pacing: sleep 0.7s
2026-09-02 16:20:05,275 [INFO] Page 11 | Collected: 250
2026-09-02 16:20:05,646 [INFO] Pacing: sleep 0.8s
2026-09-02 16:20:06,404 [INFO] Page 12 | Collected: 250
2026-09-02 16:20:06,858 [INFO] Pacing: sleep 1.4s
2026-09-02 16:20:08,209 [INFO] Page 13 | Collected: 250
2026-09-02 16:20:08,569 [INFO] Pacing: sleep 1.5s
2026-09-02 16:20:10,045 [INFO] Page 14 | Collected: 250
2026-09-02 16:20:10,356 [INFO] Pacing: sleep 1.3s
2026-09-02 16:20:11,664 [INFO] Page 15 | Collected: 250
2026-09-02 16:20:12,088 [INFO] Pacing: sleep 0.7s
2026-09-02 16:20:12,805 [INFO] Page 16 | Collected: 250
2026-09-02 16:20:13,155 [INFO] Pacing: sleep 0.5s
2026-09-02 16:20:13,663 [INFO] Page 17 | Collected: 250
2026-09-02 16:20:14,017 [INFO] Pacing: sleep 1.0s
2026-09-02 16:20:15,065 [INFO] Page 18 | Collected: 250
2026-09-02 16:20:15,476 [INFO] Pacing: sleep 0.8s
2026-09-02 16:20:16,256 [INFO] Page 19 | Collected: 250
2026-09-02 16:20:16,592 [INFO] Pacing: sleep 0.7s
2026-09-02 16:20:17,268 [INFO] Page 20 | Collected: 250
2026-09-02 16:20:17,643 [INFO] Pacing: sleep 1.3s
2026-09-02 16:20:18,928 [INFO] Page 21 | Collected: 500
2026-09-02 16:20:19,244 [INFO] Pacing: sleep 1.1s
2026-09-02 16:20:20,357 [INFO] Page 22 | Collected: 500
2026-09-02 16:20:20,650 [INFO] Pacing: sleep 0.8s
2026-09-02 16:20:21,487 [INFO] Page 23 | Collected: 500
2026-09-02 16:20:21,870 [INFO] Pacing: sleep 1.1s
2026-09-02 16:20:22,985 [INFO] Page 24 | Collected: 500
2026-09-02 16:20:23,330 [INFO] Pacing: sleep 0.5s
2026-09-02 16:20:23,845 [INFO] Page 25 | Collected: 500
2026-09-02 16:20:24,198 [INFO] Pacing: sleep 0.8s
2026-09-02 16:20:24,956 [INFO] Page 26 | Collected: 500
2026-09-02 16:20:25,290 [INFO] Pacing: sleep 0.5s
2026-09-02 16:20:25,802 [INFO] Page 27 | Collected: 500
2026-09-02 16:20:26,093 [INFO] Pacing: sleep 0.9s
2026-09-02 16:20:26,997 [INFO] Page 28 | Collected: 500
2026-09-02 16:20:27,379 [INFO] Pacing: sleep 0.7s
2026-09-02 16:20:28,083 [INFO] Page 29 | Collected: 500
2026-09-02 16:20:28,371 [INFO] Pacing: sleep 0.8s
2026-09-02 16:20:29,193 [INFO] Page 30 | Collected: 500
2026-09-02 16:20:29,579 [INFO] Pacing: sleep 0.8s
2026-09-02 16:20:30,427 [INFO] Page 31 | Collected: 750
2026-09-02 16:20:30,543 [WARNING] Block detected on page 31: HTTP 429
2026-09-02 16:20:30,544 [INFO] Saved raw HTML for debugging: blocked_0031.html
2026-09-02 16:20:30,544 [WARNING] Initiating ADAPTIVE THROTTLING. Sleeping 180s, switching to SAFE mode.
2026-09-02 16:23:30,544 [INFO] Pacing: sleep 66.6s | Short Cooldown: 59.1s
2026-09-02 16:24:37,110 [INFO] Page 31 | Collected: 750
2026-09-02 16:24:37,716 [INFO] Pacing: sleep 6.4s
2026-09-02 16:24:44,087 [INFO] Page 32 | Collected: 750
2026-09-02 16:24:44,462 [INFO] Pacing: sleep 6.1s
2026-09-02 16:24:50,595 [INFO] Page 33 | Collected: 750
2026-09-02 16:24:51,081 [WARNING] Page 33 had 1 duplicate appids seen previously.
2026-09-02 16:24:51,081 [INFO] Pacing: sleep 4.2s
2026-09-02 16:24:55,322 [INFO] Page 34 | Collected: 750
2026-09-02 16:24:55,693 [INFO] Pacing: sleep 5.7s
2026-09-02 16:25:01,397 [INFO] Page 35 | Collected: 750
2026-09-02 16:25:01,659 [INFO] Pacing: sleep 6.3s
2026-09-02 16:25:07,954 [INFO] Page 36 | Collected: 750
2026-09-02 16:25:08,328 [INFO] Pacing: sleep 7.7s
2026-09-02 16:25:16,075 [INFO] Page 37 | Collected: 750
2026-09-02 16:25:16,561 [INFO] Pacing: sleep 4.1s
2026-09-02 16:25:20,681 [INFO] Page 38 | Collected: 750
2026-09-02 16:25:21,008 [INFO] Pacing: sleep 5.2s
2026-09-02 16:25:26,181 [INFO] Page 39 | Collected: 750
2026-09-02 16:25:26,692 [INFO] Pacing: sleep 7.1s
2026-09-02 16:25:33,839 [INFO] Page 40 | Collected: 750
2026-09-02 16:25:34,121 [INFO] Pacing: sleep 131.7s | Long Cooldown: 125.6s
2026-09-02 16:27:45,809 [INFO] Page 41 | Collected: 1000
2026-09-02 16:27:46,239 [INFO] Pacing: sleep 7.1s
2026-09-02 16:27:53,301 [INFO] Page 42 | Collected: 1000
2026-09-02 16:27:53,695 [INFO] Pacing: sleep 4.7s
2026-09-02 16:27:58,377 [INFO] Page 43 | Collected: 1000
2026-09-02 16:27:58,663 [INFO] Pacing: sleep 7.5s
2026-09-02 16:28:06,197 [INFO] Page 44 | Collected: 1000
2026-09-02 16:28:06,628 [INFO] Pacing: sleep 4.6s
2026-09-02 16:28:11,232 [INFO] Page 45 | Collected: 1000
2026-09-02 16:28:11,544 [INFO] Pacing: sleep 5.6s
2026-09-02 16:28:17,174 [INFO] Page 46 | Collected: 1000
2026-09-02 16:28:17,385 [WARNING] Block detected on page 46: Suspicious term found: 'captcha'
2026-09-02 16:28:17,386 [INFO] Saved raw HTML for debugging: blocked_0046.html
2026-09-02 16:28:17,386 [ERROR] Blocked again even after safe mode. Stopping gracefully.
2026-09-02 16:28:17,387 [INFO] Crawl stopped. Reason: adaptive_throttle_failed_page_46. Finalizing...
2026-09-02 16:28:17,388 [INFO] Merging intermediate pages from work_dir: /home/runner/work/steam-diploma/steam-diploma/data/snapshots/data/snapshots/_in_progress/933d3ffa-66a0-47f7-a68b-cdb4c84ce685
2026-09-02 16:28:17,401 [WARNING] Found 1 duplicate appids across the snapshot.
