2026-10-09 05:32:17,036 [INFO] Steam Snapshot Collector Started.
2026-10-09 05:32:17,036 [INFO] Speed Mode: fast
2026-10-09 05:32:17,036 [INFO] Work Dir: /home/runner/work/steam-diploma/steam-diploma/data/snapshots
2026-10-09 05:32:17,036 [INFO] Base Output Dir: .
2026-10-09 05:32:17,037 [INFO] Page 1 | Collected: 0
2026-10-09 05:32:17,333 [INFO] Pacing: sleep 0.6s
2026-10-09 05:32:17,932 [INFO] Page 2 | Collected: 0
2026-10-09 05:32:18,179 [INFO] Pacing: sleep 1.3s
2026-10-09 05:32:19,475 [INFO] Page 3 | Collected: 0
2026-10-09 05:32:19,685 [INFO] Pacing: sleep 0.8s
2026-10-09 05:32:20,507 [INFO] Page 4 | Collected: 0
2026-10-09 05:32:20,771 [INFO] Pacing: sleep 0.6s
2026-10-09 05:32:21,365 [INFO] Page 5 | Collected: 0
2026-10-09 05:32:21,561 [INFO] Pacing: sleep 1.1s
2026-10-09 05:32:22,705 [INFO] Page 6 | Collected: 0
2026-10-09 05:32:22,947 [INFO] Pacing: sleep 0.6s
2026-10-09 05:32:23,502 [INFO] Page 7 | Collected: 0
2026-10-09 05:32:23,780 [INFO] Pacing: sleep 0.6s
2026-10-09 05:32:24,353 [INFO] Page 8 | Collected: 0
2026-10-09 05:32:24,583 [INFO] Pacing: sleep 1.4s
2026-10-09 05:32:25,945 [INFO] Page 9 | Collected: 0
2026-10-09 05:32:26,144 [INFO] Pacing: sleep 0.9s
2026-10-09 05:32:27,007 [INFO] Page 10 | Collected: 0
2026-10-09 05:32:27,382 [INFO] Pacing: sleep 0.5s
2026-10-09 05:32:27,883 [INFO] Page 11 | Collected: 250
2026-10-09 05:32:28,090 [INFO] Pacing: sleep 1.1s
2026-10-09 05:32:29,146 [INFO] Page 12 | Collected: 250
2026-10-09 05:32:29,438 [INFO] Pacing: sleep 1.4s
2026-10-09 05:32:30,863 [INFO] Page 13 | Collected: 250
2026-10-09 05:32:31,061 [INFO] Pacing: sleep 0.7s
2026-10-09 05:32:31,780 [INFO] Page 14 | Collected: 250
2026-10-09 05:32:32,025 [INFO] Pacing: sleep 1.2s
2026-10-09 05:32:33,264 [INFO] Page 15 | Collected: 250
2026-10-09 05:32:33,708 [INFO] Pacing: sleep 1.0s
2026-10-09 05:32:34,733 [INFO] Page 16 | Collected: 250
2026-10-09 05:32:34,946 [INFO] Pacing: sleep 0.9s
2026-10-09 05:32:35,809 [INFO] Page 17 | Collected: 250
2026-10-09 05:32:36,045 [INFO] Pacing: sleep 0.5s
2026-10-09 05:32:36,557 [INFO] Page 18 | Collected: 250
2026-10-09 05:32:36,870 [INFO] Pacing: sleep 0.9s
2026-10-09 05:32:37,816 [INFO] Page 19 | Collected: 250
2026-10-09 05:32:38,024 [INFO] Pacing: sleep 0.7s
2026-10-09 05:32:38,701 [INFO] Page 20 | Collected: 250
2026-10-09 05:32:39,070 [INFO] Pacing: sleep 1.2s
2026-10-09 05:32:40,235 [INFO] Page 21 | Collected: 500
2026-10-09 05:32:40,610 [INFO] Pacing: sleep 1.3s
2026-10-09 05:32:41,928 [INFO] Page 22 | Collected: 500
2026-10-09 05:32:42,141 [INFO] Pacing: sleep 0.7s
2026-10-09 05:32:42,874 [INFO] Page 23 | Collected: 500
2026-10-09 05:32:43,186 [INFO] Pacing: sleep 0.5s
2026-10-09 05:32:43,709 [INFO] Page 24 | Collected: 500
2026-10-09 05:32:43,974 [INFO] Pacing: sleep 0.5s
2026-10-09 05:32:44,504 [INFO] Page 25 | Collected: 500
2026-10-09 05:32:44,741 [INFO] Pacing: sleep 0.6s
2026-10-09 05:32:45,387 [INFO] Page 26 | Collected: 500
2026-10-09 05:32:45,698 [INFO] Pacing: sleep 1.0s
2026-10-09 05:32:46,739 [INFO] Page 27 | Collected: 500
2026-10-09 05:32:46,997 [INFO] Pacing: sleep 0.9s
2026-10-09 05:32:47,847 [INFO] Page 28 | Collected: 500
2026-10-09 05:32:48,200 [INFO] Pacing: sleep 0.8s
2026-10-09 05:32:48,971 [INFO] Page 29 | Collected: 500
2026-10-09 05:32:49,187 [INFO] Pacing: sleep 1.0s
2026-10-09 05:32:50,191 [INFO] Page 30 | Collected: 500
2026-10-09 05:32:50,412 [INFO] Pacing: sleep 0.9s
2026-10-09 05:32:51,264 [INFO] Page 31 | Collected: 750
2026-10-09 05:32:51,333 [WARNING] Block detected on page 31: HTTP 429
2026-10-09 05:32:51,334 [INFO] Saved raw HTML for debugging: blocked_0031.html
2026-10-09 05:32:51,334 [WARNING] Initiating ADAPTIVE THROTTLING. Sleeping 180s, switching to SAFE mode.
2026-10-09 05:35:51,334 [INFO] Pacing: sleep 52.1s | Short Cooldown: 45.0s
2026-10-09 05:36:43,436 [INFO] Page 31 | Collected: 750
2026-10-09 05:36:43,782 [INFO] Pacing: sleep 7.9s
2026-10-09 05:36:51,730 [INFO] Page 32 | Collected: 750
2026-10-09 05:36:51,927 [INFO] Pacing: sleep 5.1s
2026-10-09 05:36:57,010 [INFO] Page 33 | Collected: 750
2026-10-09 05:36:57,274 [INFO] Pacing: sleep 6.2s
2026-10-09 05:37:03,498 [INFO] Page 34 | Collected: 750
2026-10-09 05:37:03,786 [INFO] Pacing: sleep 4.6s
2026-10-09 05:37:08,363 [INFO] Page 35 | Collected: 750
2026-10-09 05:37:08,578 [INFO] Pacing: sleep 7.4s
2026-10-09 05:37:15,942 [INFO] Page 36 | Collected: 750
2026-10-09 05:37:16,296 [INFO] Pacing: sleep 6.7s
2026-10-09 05:37:22,977 [INFO] Page 37 | Collected: 750
2026-10-09 05:37:23,193 [INFO] Pacing: sleep 5.1s
2026-10-09 05:37:28,341 [INFO] Page 38 | Collected: 750
2026-10-09 05:37:28,563 [INFO] Pacing: sleep 4.9s
2026-10-09 05:37:33,461 [INFO] Page 39 | Collected: 750
2026-10-09 05:37:33,743 [INFO] Pacing: sleep 5.5s
2026-10-09 05:37:39,293 [INFO] Page 40 | Collected: 750
2026-10-09 05:37:39,489 [INFO] Pacing: sleep 186.3s | Long Cooldown: 181.0s
2026-10-09 05:40:45,828 [INFO] Page 41 | Collected: 1000
2026-10-09 05:40:46,156 [INFO] Pacing: sleep 5.7s
2026-10-09 05:40:51,813 [INFO] Page 42 | Collected: 1000
2026-10-09 05:40:52,043 [INFO] Pacing: sleep 7.3s
2026-10-09 05:40:59,305 [INFO] Page 43 | Collected: 1000
2026-10-09 05:40:59,582 [INFO] Pacing: sleep 6.4s
2026-10-09 05:41:05,957 [INFO] Page 44 | Collected: 1000
2026-10-09 05:41:06,299 [INFO] Pacing: sleep 7.8s
2026-10-09 05:41:14,137 [INFO] Page 45 | Collected: 1000
2026-10-09 05:41:14,563 [INFO] Pacing: sleep 6.3s
2026-10-09 05:41:20,827 [INFO] Page 46 | Collected: 1000
2026-10-09 05:41:21,113 [INFO] Pacing: sleep 7.8s
2026-10-09 05:41:28,917 [INFO] Page 47 | Collected: 1000
2026-10-09 05:41:29,120 [WARNING] Block detected on page 47: Suspicious term found: 'captcha'
2026-10-09 05:41:29,120 [INFO] Saved raw HTML for debugging: blocked_0047.html
2026-10-09 05:41:29,120 [ERROR] Blocked again even after safe mode. Stopping gracefully.
2026-10-09 05:41:29,121 [INFO] Crawl stopped. Reason: adaptive_throttle_failed_page_47. Finalizing...
2026-10-09 05:41:29,122 [INFO] Merging intermediate pages from work_dir: /home/runner/work/steam-diploma/steam-diploma/data/snapshots/data/snapshots/_in_progress/f45853b5-6898-4438-b646-d7ade847b880
