2026-08-30 04:47:23,389 [INFO] Steam Snapshot Collector Started.
2026-08-30 04:47:23,389 [INFO] Speed Mode: fast
2026-08-30 04:47:23,389 [INFO] Work Dir: /home/runner/work/steam-diploma/steam-diploma/data/snapshots
2026-08-30 04:47:23,389 [INFO] Base Output Dir: .
2026-08-30 04:47:23,390 [INFO] Page 1 | Collected: 0
2026-08-30 04:47:23,757 [INFO] Pacing: sleep 0.6s
2026-08-30 04:47:24,403 [INFO] Page 2 | Collected: 0
2026-08-30 04:47:24,727 [INFO] Pacing: sleep 1.3s
2026-08-30 04:47:26,041 [INFO] Page 3 | Collected: 0
2026-08-30 04:47:26,341 [INFO] Pacing: sleep 1.0s
2026-08-30 04:47:27,367 [INFO] Page 4 | Collected: 0
2026-08-30 04:47:27,714 [INFO] Pacing: sleep 0.5s
2026-08-30 04:47:28,232 [INFO] Page 5 | Collected: 0
2026-08-30 04:47:28,559 [INFO] Pacing: sleep 1.4s
2026-08-30 04:47:30,000 [INFO] Page 6 | Collected: 0
2026-08-30 04:47:30,386 [INFO] Pacing: sleep 0.7s
2026-08-30 04:47:31,071 [INFO] Page 7 | Collected: 0
2026-08-30 04:47:31,465 [INFO] Pacing: sleep 1.1s
2026-08-30 04:47:32,516 [INFO] Page 8 | Collected: 0
2026-08-30 04:47:32,884 [INFO] Pacing: sleep 1.2s
2026-08-30 04:47:34,073 [INFO] Page 9 | Collected: 0
2026-08-30 04:47:34,386 [INFO] Pacing: sleep 1.2s
2026-08-30 04:47:35,537 [INFO] Page 10 | Collected: 0
2026-08-30 04:47:35,905 [INFO] Pacing: sleep 1.2s
2026-08-30 04:47:37,073 [INFO] Page 11 | Collected: 250
2026-08-30 04:47:37,442 [INFO] Pacing: sleep 0.8s
2026-08-30 04:47:38,291 [INFO] Page 12 | Collected: 250
2026-08-30 04:47:38,707 [INFO] Pacing: sleep 0.9s
2026-08-30 04:47:39,559 [INFO] Page 13 | Collected: 250
2026-08-30 04:47:39,859 [INFO] Pacing: sleep 1.1s
2026-08-30 04:47:40,915 [INFO] Page 14 | Collected: 250
2026-08-30 04:47:41,265 [INFO] Pacing: sleep 1.4s
2026-08-30 04:47:42,688 [INFO] Page 15 | Collected: 250
2026-08-30 04:47:43,070 [INFO] Pacing: sleep 1.1s
2026-08-30 04:47:44,135 [INFO] Page 16 | Collected: 250
2026-08-30 04:47:44,460 [INFO] Pacing: sleep 1.0s
2026-08-30 04:47:45,423 [INFO] Page 17 | Collected: 250
2026-08-30 04:47:45,752 [INFO] Pacing: sleep 1.5s
2026-08-30 04:47:47,239 [INFO] Page 18 | Collected: 250
2026-08-30 04:47:47,646 [INFO] Pacing: sleep 1.1s
2026-08-30 04:47:48,723 [INFO] Page 19 | Collected: 250
2026-08-30 04:47:49,067 [INFO] Pacing: sleep 1.0s
2026-08-30 04:47:50,037 [INFO] Page 20 | Collected: 250
2026-08-30 04:47:50,419 [INFO] Pacing: sleep 1.0s
2026-08-30 04:47:51,443 [INFO] Page 21 | Collected: 500
2026-08-30 04:47:51,753 [INFO] Pacing: sleep 1.0s
2026-08-30 04:47:52,730 [INFO] Page 22 | Collected: 500
2026-08-30 04:47:53,033 [INFO] Pacing: sleep 1.5s
2026-08-30 04:47:54,497 [INFO] Page 23 | Collected: 500
2026-08-30 04:47:54,992 [INFO] Pacing: sleep 1.2s
2026-08-30 04:47:56,173 [INFO] Page 24 | Collected: 500
2026-08-30 04:47:56,497 [INFO] Pacing: sleep 1.2s
2026-08-30 04:47:57,724 [INFO] Page 25 | Collected: 500
2026-08-30 04:47:58,078 [INFO] Pacing: sleep 1.0s
2026-08-30 04:47:59,040 [INFO] Page 26 | Collected: 500
2026-08-30 04:47:59,371 [INFO] Pacing: sleep 0.5s
2026-08-30 04:47:59,896 [INFO] Page 27 | Collected: 500
2026-08-30 04:48:00,215 [INFO] Pacing: sleep 1.0s
2026-08-30 04:48:01,240 [INFO] Page 28 | Collected: 500
2026-08-30 04:48:01,603 [INFO] Pacing: sleep 1.0s
2026-08-30 04:48:02,636 [INFO] Page 29 | Collected: 500
2026-08-30 04:48:02,918 [INFO] Pacing: sleep 1.0s
2026-08-30 04:48:03,922 [INFO] Page 30 | Collected: 500
2026-08-30 04:48:04,256 [INFO] Pacing: sleep 0.6s
2026-08-30 04:48:04,863 [INFO] Page 31 | Collected: 750
2026-08-30 04:48:05,023 [WARNING] Block detected on page 31: HTTP 429
2026-08-30 04:48:05,024 [INFO] Saved raw HTML for debugging: blocked_0031.html
2026-08-30 04:48:05,024 [WARNING] Initiating ADAPTIVE THROTTLING. Sleeping 180s, switching to SAFE mode.
2026-08-30 04:51:05,024 [INFO] Pacing: sleep 45.7s | Short Cooldown: 41.0s
2026-08-30 04:51:50,695 [INFO] Page 31 | Collected: 750
2026-08-30 04:51:51,112 [INFO] Pacing: sleep 4.0s
2026-08-30 04:51:55,128 [INFO] Page 32 | Collected: 750
2026-08-30 04:51:55,458 [INFO] Pacing: sleep 7.2s
2026-08-30 04:52:02,660 [INFO] Page 33 | Collected: 750
2026-08-30 04:52:03,021 [INFO] Pacing: sleep 4.8s
2026-08-30 04:52:07,779 [INFO] Page 34 | Collected: 750
2026-08-30 04:52:08,137 [INFO] Pacing: sleep 4.8s
2026-08-30 04:52:12,951 [INFO] Page 35 | Collected: 750
2026-08-30 04:52:13,384 [INFO] Pacing: sleep 4.8s
2026-08-30 04:52:18,175 [INFO] Page 36 | Collected: 750
2026-08-30 04:52:18,572 [INFO] Pacing: sleep 6.6s
2026-08-30 04:52:25,158 [INFO] Page 37 | Collected: 750
2026-08-30 04:52:25,455 [INFO] Pacing: sleep 4.7s
2026-08-30 04:52:30,164 [INFO] Page 38 | Collected: 750
2026-08-30 04:52:30,458 [INFO] Pacing: sleep 5.5s
2026-08-30 04:52:35,963 [INFO] Page 39 | Collected: 750
2026-08-30 04:52:36,400 [INFO] Pacing: sleep 5.1s
2026-08-30 04:52:41,480 [INFO] Page 40 | Collected: 750
2026-08-30 04:52:41,774 [INFO] Pacing: sleep 203.1s | Long Cooldown: 199.0s
2026-08-30 04:56:04,827 [INFO] Page 41 | Collected: 1000
2026-08-30 04:56:05,195 [INFO] Pacing: sleep 5.5s
2026-08-30 04:56:10,702 [INFO] Page 42 | Collected: 1000
2026-08-30 04:56:11,008 [INFO] Pacing: sleep 6.0s
2026-08-30 04:56:17,025 [INFO] Page 43 | Collected: 1000
2026-08-30 04:56:17,315 [INFO] Pacing: sleep 4.8s
2026-08-30 04:56:22,094 [INFO] Page 44 | Collected: 1000
2026-08-30 04:56:22,438 [INFO] Pacing: sleep 6.4s
2026-08-30 04:56:28,797 [INFO] Page 45 | Collected: 1000
2026-08-30 04:56:29,108 [INFO] Pacing: sleep 5.8s
2026-08-30 04:56:34,893 [INFO] Page 46 | Collected: 1000
2026-08-30 04:56:35,121 [WARNING] Block detected on page 46: Suspicious term found: 'captcha'
2026-08-30 04:56:35,122 [INFO] Saved raw HTML for debugging: blocked_0046.html
2026-08-30 04:56:35,122 [ERROR] Blocked again even after safe mode. Stopping gracefully.
2026-08-30 04:56:35,123 [INFO] Crawl stopped. Reason: adaptive_throttle_failed_page_46. Finalizing...
2026-08-30 04:56:35,123 [INFO] Merging intermediate pages from work_dir: /home/runner/work/steam-diploma/steam-diploma/data/snapshots/data/snapshots/_in_progress/948c4a21-2128-497b-bdfd-6ebf49c82edd
