2026-08-31 18:59:42,581 [INFO] Steam Snapshot Collector Started.
2026-08-31 18:59:42,581 [INFO] Speed Mode: fast
2026-08-31 18:59:42,581 [INFO] Work Dir: /home/runner/work/steam-diploma/steam-diploma/data/snapshots
2026-08-31 18:59:42,581 [INFO] Base Output Dir: .
2026-08-31 18:59:42,581 [INFO] Page 1 | Collected: 0
2026-08-31 18:59:43,474 [INFO] Pacing: sleep 1.4s
2026-08-31 18:59:44,907 [INFO] Page 2 | Collected: 0
2026-08-31 18:59:45,468 [INFO] Pacing: sleep 1.2s
2026-08-31 18:59:46,634 [INFO] Page 3 | Collected: 0
2026-08-31 18:59:47,216 [INFO] Pacing: sleep 1.0s
2026-08-31 18:59:48,234 [INFO] Page 4 | Collected: 0
2026-08-31 18:59:48,594 [INFO] Pacing: sleep 1.0s
2026-08-31 18:59:49,609 [INFO] Page 5 | Collected: 0
2026-08-31 18:59:49,862 [INFO] Pacing: sleep 1.0s
2026-08-31 18:59:50,859 [INFO] Page 6 | Collected: 0
2026-08-31 18:59:51,198 [INFO] Pacing: sleep 1.4s
2026-08-31 18:59:52,605 [INFO] Page 7 | Collected: 0
2026-08-31 18:59:52,944 [INFO] Pacing: sleep 0.6s
2026-08-31 18:59:53,574 [INFO] Page 8 | Collected: 0
2026-08-31 18:59:53,828 [INFO] Pacing: sleep 1.4s
2026-08-31 18:59:55,247 [INFO] Page 9 | Collected: 0
2026-08-31 18:59:55,611 [INFO] Pacing: sleep 0.6s
2026-08-31 18:59:56,189 [INFO] Page 10 | Collected: 0
2026-08-31 18:59:56,523 [INFO] Pacing: sleep 1.5s
2026-08-31 18:59:57,994 [INFO] Page 11 | Collected: 250
2026-08-31 18:59:58,304 [INFO] Pacing: sleep 0.6s
2026-08-31 18:59:58,856 [INFO] Page 12 | Collected: 250
2026-08-31 18:59:59,268 [INFO] Pacing: sleep 0.6s
2026-08-31 18:59:59,891 [INFO] Page 13 | Collected: 250
2026-08-31 19:00:00,172 [INFO] Pacing: sleep 1.3s
2026-08-31 19:00:01,437 [INFO] Page 14 | Collected: 250
2026-08-31 19:00:01,695 [INFO] Pacing: sleep 1.3s
2026-08-31 19:00:03,019 [INFO] Page 15 | Collected: 250
2026-08-31 19:00:03,373 [INFO] Pacing: sleep 0.8s
2026-08-31 19:00:04,149 [INFO] Page 16 | Collected: 250
2026-08-31 19:00:04,384 [INFO] Pacing: sleep 0.6s
2026-08-31 19:00:05,010 [INFO] Page 17 | Collected: 250
2026-08-31 19:00:05,332 [INFO] Pacing: sleep 0.6s
2026-08-31 19:00:05,923 [INFO] Page 18 | Collected: 250
2026-08-31 19:00:06,250 [INFO] Pacing: sleep 0.7s
2026-08-31 19:00:06,949 [INFO] Page 19 | Collected: 250
2026-08-31 19:00:07,190 [INFO] Pacing: sleep 1.5s
2026-08-31 19:00:08,660 [INFO] Page 20 | Collected: 250
2026-08-31 19:00:09,108 [INFO] Pacing: sleep 0.9s
2026-08-31 19:00:09,970 [INFO] Page 21 | Collected: 500
2026-08-31 19:00:10,337 [INFO] Pacing: sleep 0.8s
2026-08-31 19:00:11,151 [INFO] Page 22 | Collected: 500
2026-08-31 19:00:11,615 [INFO] Pacing: sleep 1.3s
2026-08-31 19:00:12,872 [INFO] Page 23 | Collected: 500
2026-08-31 19:00:13,226 [INFO] Pacing: sleep 0.9s
2026-08-31 19:00:14,115 [INFO] Page 24 | Collected: 500
2026-08-31 19:00:14,493 [INFO] Pacing: sleep 0.8s
2026-08-31 19:00:15,268 [INFO] Page 25 | Collected: 500
2026-08-31 19:00:15,707 [INFO] Pacing: sleep 0.9s
2026-08-31 19:00:16,570 [INFO] Page 26 | Collected: 500
2026-08-31 19:00:16,905 [INFO] Pacing: sleep 1.0s
2026-08-31 19:00:17,867 [INFO] Page 27 | Collected: 500
2026-08-31 19:00:18,157 [INFO] Pacing: sleep 1.0s
2026-08-31 19:00:19,123 [INFO] Page 28 | Collected: 500
2026-08-31 19:00:19,610 [INFO] Pacing: sleep 1.1s
2026-08-31 19:00:20,719 [INFO] Page 29 | Collected: 500
2026-08-31 19:00:21,057 [INFO] Pacing: sleep 1.2s
2026-08-31 19:00:22,210 [INFO] Page 30 | Collected: 500
2026-08-31 19:00:22,466 [INFO] Pacing: sleep 0.9s
2026-08-31 19:00:23,414 [INFO] Page 31 | Collected: 750
2026-08-31 19:00:23,498 [WARNING] Block detected on page 31: HTTP 429
2026-08-31 19:00:23,498 [INFO] Saved raw HTML for debugging: blocked_0031.html
2026-08-31 19:00:23,498 [WARNING] Initiating ADAPTIVE THROTTLING. Sleeping 180s, switching to SAFE mode.
2026-08-31 19:03:23,499 [INFO] Pacing: sleep 54.5s | Short Cooldown: 47.5s
2026-08-31 19:04:17,985 [INFO] Page 31 | Collected: 750
2026-08-31 19:04:18,327 [INFO] Pacing: sleep 5.2s
2026-08-31 19:04:23,526 [INFO] Page 32 | Collected: 750
2026-08-31 19:04:23,757 [INFO] Pacing: sleep 7.5s
2026-08-31 19:04:31,209 [INFO] Page 33 | Collected: 750
2026-08-31 19:04:31,605 [INFO] Pacing: sleep 4.6s
2026-08-31 19:04:36,187 [INFO] Page 34 | Collected: 750
2026-08-31 19:04:36,536 [INFO] Pacing: sleep 7.1s
2026-08-31 19:04:43,589 [INFO] Page 35 | Collected: 750
2026-08-31 19:04:43,828 [INFO] Pacing: sleep 6.6s
2026-08-31 19:04:50,476 [INFO] Page 36 | Collected: 750
2026-08-31 19:04:50,836 [INFO] Pacing: sleep 5.8s
2026-08-31 19:04:56,595 [INFO] Page 37 | Collected: 750
2026-08-31 19:04:56,947 [INFO] Pacing: sleep 4.7s
2026-08-31 19:05:01,639 [INFO] Page 38 | Collected: 750
2026-08-31 19:05:01,888 [INFO] Pacing: sleep 5.9s
2026-08-31 19:05:07,811 [INFO] Page 39 | Collected: 750
2026-08-31 19:05:08,154 [INFO] Pacing: sleep 6.5s
2026-08-31 19:05:14,652 [INFO] Page 40 | Collected: 750
2026-08-31 19:05:14,919 [INFO] Pacing: sleep 152.3s | Long Cooldown: 146.8s
2026-08-31 19:07:47,190 [INFO] Page 41 | Collected: 1000
2026-08-31 19:07:47,493 [INFO] Pacing: sleep 6.6s
2026-08-31 19:07:54,142 [INFO] Page 42 | Collected: 1000
2026-08-31 19:07:54,376 [INFO] Pacing: sleep 5.2s
2026-08-31 19:07:59,621 [INFO] Page 43 | Collected: 1000
2026-08-31 19:07:59,875 [INFO] Pacing: sleep 5.4s
2026-08-31 19:08:05,241 [INFO] Page 44 | Collected: 1000
2026-08-31 19:08:05,569 [INFO] Pacing: sleep 6.1s
2026-08-31 19:08:11,625 [INFO] Page 45 | Collected: 1000
2026-08-31 19:08:11,905 [INFO] Pacing: sleep 5.9s
2026-08-31 19:08:17,819 [INFO] Page 46 | Collected: 1000
2026-08-31 19:08:17,973 [WARNING] Block detected on page 46: Suspicious term found: 'captcha'
2026-08-31 19:08:17,974 [INFO] Saved raw HTML for debugging: blocked_0046.html
2026-08-31 19:08:17,974 [ERROR] Blocked again even after safe mode. Stopping gracefully.
2026-08-31 19:08:17,975 [INFO] Crawl stopped. Reason: adaptive_throttle_failed_page_46. Finalizing...
2026-08-31 19:08:17,976 [INFO] Merging intermediate pages from work_dir: /home/runner/work/steam-diploma/steam-diploma/data/snapshots/data/snapshots/_in_progress/36e790e3-607c-4e7a-b64a-57351cc2f748
