2026-10-02 05:00:41,961 [INFO] Steam Snapshot Collector Started.
2026-10-02 05:00:41,961 [INFO] Speed Mode: fast
2026-10-02 05:00:41,962 [INFO] Work Dir: /home/runner/work/steam-diploma/steam-diploma/data/snapshots
2026-10-02 05:00:41,962 [INFO] Base Output Dir: .
2026-10-02 05:00:41,962 [INFO] Page 1 | Collected: 0
2026-10-02 05:00:42,288 [INFO] Pacing: sleep 1.2s
2026-10-02 05:00:43,463 [INFO] Page 2 | Collected: 0
2026-10-02 05:00:43,717 [INFO] Pacing: sleep 1.5s
2026-10-02 05:00:45,185 [INFO] Page 3 | Collected: 0
2026-10-02 05:00:45,456 [INFO] Pacing: sleep 1.5s
2026-10-02 05:00:46,948 [INFO] Page 4 | Collected: 0
2026-10-02 05:00:47,242 [INFO] Pacing: sleep 0.6s
2026-10-02 05:00:47,889 [INFO] Page 5 | Collected: 0
2026-10-02 05:00:48,134 [INFO] Pacing: sleep 0.8s
2026-10-02 05:00:48,895 [INFO] Page 6 | Collected: 0
2026-10-02 05:00:49,141 [INFO] Pacing: sleep 0.7s
2026-10-02 05:00:49,845 [INFO] Page 7 | Collected: 0
2026-10-02 05:00:50,151 [INFO] Pacing: sleep 0.6s
2026-10-02 05:00:50,736 [INFO] Page 8 | Collected: 0
2026-10-02 05:00:50,950 [INFO] Pacing: sleep 1.2s
2026-10-02 05:00:52,181 [INFO] Page 9 | Collected: 0
2026-10-02 05:00:52,387 [INFO] Pacing: sleep 0.9s
2026-10-02 05:00:53,245 [INFO] Page 10 | Collected: 0
2026-10-02 05:00:53,559 [INFO] Pacing: sleep 0.5s
2026-10-02 05:00:54,095 [INFO] Page 11 | Collected: 250
2026-10-02 05:00:54,310 [INFO] Pacing: sleep 1.1s
2026-10-02 05:00:55,409 [INFO] Page 12 | Collected: 250
2026-10-02 05:00:55,713 [INFO] Pacing: sleep 0.8s
2026-10-02 05:00:56,542 [INFO] Page 13 | Collected: 250
2026-10-02 05:00:56,752 [INFO] Pacing: sleep 0.8s
2026-10-02 05:00:57,511 [INFO] Page 14 | Collected: 250
2026-10-02 05:00:57,749 [INFO] Pacing: sleep 0.5s
2026-10-02 05:00:58,263 [INFO] Page 15 | Collected: 250
2026-10-02 05:00:58,597 [INFO] Pacing: sleep 1.0s
2026-10-02 05:00:59,629 [INFO] Page 16 | Collected: 250
2026-10-02 05:00:59,841 [INFO] Pacing: sleep 1.2s
2026-10-02 05:01:01,012 [INFO] Page 17 | Collected: 250
2026-10-02 05:01:01,249 [INFO] Pacing: sleep 0.9s
2026-10-02 05:01:02,187 [INFO] Page 18 | Collected: 250
2026-10-02 05:01:02,528 [INFO] Pacing: sleep 1.3s
2026-10-02 05:01:03,840 [INFO] Page 19 | Collected: 250
2026-10-02 05:01:04,058 [INFO] Pacing: sleep 0.5s
2026-10-02 05:01:04,568 [INFO] Page 20 | Collected: 250
2026-10-02 05:01:04,867 [INFO] Pacing: sleep 1.2s
2026-10-02 05:01:06,094 [INFO] Page 21 | Collected: 500
2026-10-02 05:01:06,307 [INFO] Pacing: sleep 0.6s
2026-10-02 05:01:06,956 [INFO] Page 22 | Collected: 500
2026-10-02 05:01:07,168 [INFO] Pacing: sleep 1.3s
2026-10-02 05:01:08,473 [INFO] Page 23 | Collected: 500
2026-10-02 05:01:08,831 [INFO] Pacing: sleep 0.5s
2026-10-02 05:01:09,346 [INFO] Page 24 | Collected: 500
2026-10-02 05:01:09,572 [INFO] Pacing: sleep 0.5s
2026-10-02 05:01:10,119 [INFO] Page 25 | Collected: 500
2026-10-02 05:01:10,353 [INFO] Pacing: sleep 1.2s
2026-10-02 05:01:11,517 [INFO] Page 26 | Collected: 500
2026-10-02 05:01:11,846 [INFO] Pacing: sleep 0.5s
2026-10-02 05:01:12,353 [INFO] Page 27 | Collected: 500
2026-10-02 05:01:12,581 [INFO] Pacing: sleep 1.3s
2026-10-02 05:01:13,835 [INFO] Page 28 | Collected: 500
2026-10-02 05:01:14,145 [INFO] Pacing: sleep 1.5s
2026-10-02 05:01:15,613 [INFO] Page 29 | Collected: 500
2026-10-02 05:01:15,833 [INFO] Pacing: sleep 1.0s
2026-10-02 05:01:16,803 [INFO] Page 30 | Collected: 500
2026-10-02 05:01:17,020 [INFO] Pacing: sleep 1.3s
2026-10-02 05:01:18,276 [INFO] Page 31 | Collected: 750
2026-10-02 05:01:18,329 [WARNING] Block detected on page 31: HTTP 429
2026-10-02 05:01:18,329 [INFO] Saved raw HTML for debugging: blocked_0031.html
2026-10-02 05:01:18,329 [WARNING] Initiating ADAPTIVE THROTTLING. Sleeping 180s, switching to SAFE mode.
2026-10-02 05:04:18,330 [INFO] Pacing: sleep 48.6s | Short Cooldown: 44.4s
2026-10-02 05:05:06,949 [INFO] Page 31 | Collected: 750
2026-10-02 05:05:07,245 [INFO] Pacing: sleep 6.4s
2026-10-02 05:05:13,680 [INFO] Page 32 | Collected: 750
2026-10-02 05:05:13,900 [INFO] Pacing: sleep 4.2s
2026-10-02 05:05:18,115 [INFO] Page 33 | Collected: 750
2026-10-02 05:05:18,375 [INFO] Pacing: sleep 6.7s
2026-10-02 05:05:25,106 [INFO] Page 34 | Collected: 750
2026-10-02 05:05:25,325 [INFO] Pacing: sleep 5.9s
2026-10-02 05:05:31,215 [INFO] Page 35 | Collected: 750
2026-10-02 05:05:31,435 [INFO] Pacing: sleep 5.9s
2026-10-02 05:05:37,340 [INFO] Page 36 | Collected: 750
2026-10-02 05:05:37,637 [INFO] Pacing: sleep 6.0s
2026-10-02 05:05:43,680 [INFO] Page 37 | Collected: 750
2026-10-02 05:05:43,894 [INFO] Pacing: sleep 5.1s
2026-10-02 05:05:48,988 [INFO] Page 38 | Collected: 750
2026-10-02 05:05:49,206 [INFO] Pacing: sleep 6.7s
2026-10-02 05:05:55,897 [INFO] Page 39 | Collected: 750
2026-10-02 05:05:56,194 [INFO] Pacing: sleep 6.2s
2026-10-02 05:06:02,410 [INFO] Page 40 | Collected: 750
2026-10-02 05:06:02,642 [INFO] Pacing: sleep 238.9s | Long Cooldown: 233.7s
2026-10-02 05:10:01,526 [INFO] Page 41 | Collected: 1000
2026-10-02 05:10:01,801 [INFO] Pacing: sleep 4.7s
2026-10-02 05:10:06,528 [INFO] Page 42 | Collected: 1000
2026-10-02 05:10:06,843 [INFO] Pacing: sleep 7.8s
2026-10-02 05:10:14,617 [INFO] Page 43 | Collected: 1000
2026-10-02 05:10:14,828 [INFO] Pacing: sleep 6.0s
2026-10-02 05:10:20,872 [INFO] Page 44 | Collected: 1000
2026-10-02 05:10:21,160 [INFO] Pacing: sleep 4.4s
2026-10-02 05:10:25,566 [INFO] Page 45 | Collected: 1000
2026-10-02 05:10:25,788 [INFO] Pacing: sleep 7.1s
2026-10-02 05:10:32,865 [INFO] Page 46 | Collected: 1000
2026-10-02 05:10:33,084 [INFO] Pacing: sleep 4.2s
2026-10-02 05:10:37,321 [INFO] Page 47 | Collected: 1000
2026-10-02 05:10:37,418 [WARNING] Block detected on page 47: Suspicious term found: 'captcha'
2026-10-02 05:10:37,419 [INFO] Saved raw HTML for debugging: blocked_0047.html
2026-10-02 05:10:37,419 [ERROR] Blocked again even after safe mode. Stopping gracefully.
2026-10-02 05:10:37,420 [INFO] Crawl stopped. Reason: adaptive_throttle_failed_page_47. Finalizing...
2026-10-02 05:10:37,420 [INFO] Merging intermediate pages from work_dir: /home/runner/work/steam-diploma/steam-diploma/data/snapshots/data/snapshots/_in_progress/75626ee8-997f-4636-aecc-344b64191e67
