2026-08-16 12:49:00,155 [INFO] Steam Snapshot Collector Started.
2026-08-16 12:49:00,155 [INFO] Speed Mode: fast
2026-08-16 12:49:00,155 [INFO] Work Dir: /home/runner/work/steam-diploma/steam-diploma/data/snapshots
2026-08-16 12:49:00,155 [INFO] Base Output Dir: .
2026-08-16 12:49:00,156 [INFO] Page 1 | Collected: 0
2026-08-16 12:49:00,595 [INFO] Pacing: sleep 1.5s
2026-08-16 12:49:02,060 [INFO] Page 2 | Collected: 0
2026-08-16 12:49:02,515 [INFO] Pacing: sleep 1.2s
2026-08-16 12:49:03,720 [INFO] Page 3 | Collected: 0
2026-08-16 12:49:03,982 [INFO] Pacing: sleep 1.3s
2026-08-16 12:49:05,328 [INFO] Page 4 | Collected: 0
2026-08-16 12:49:05,654 [INFO] Pacing: sleep 0.9s
2026-08-16 12:49:06,571 [INFO] Page 5 | Collected: 0
2026-08-16 12:49:06,838 [INFO] Pacing: sleep 1.3s
2026-08-16 12:49:08,123 [INFO] Page 6 | Collected: 0
2026-08-16 12:49:08,403 [INFO] Pacing: sleep 0.7s
2026-08-16 12:49:09,079 [INFO] Page 7 | Collected: 0
2026-08-16 12:49:09,503 [WARNING] Page 7 had 1 duplicate appids seen previously.
2026-08-16 12:49:09,503 [INFO] Pacing: sleep 0.7s
2026-08-16 12:49:10,215 [INFO] Page 8 | Collected: 0
2026-08-16 12:49:10,518 [INFO] Pacing: sleep 0.9s
2026-08-16 12:49:11,415 [INFO] Page 9 | Collected: 0
2026-08-16 12:49:11,678 [INFO] Pacing: sleep 1.1s
2026-08-16 12:49:12,823 [INFO] Page 10 | Collected: 0
2026-08-16 12:49:13,172 [INFO] Pacing: sleep 1.2s
2026-08-16 12:49:14,377 [INFO] Page 11 | Collected: 250
2026-08-16 12:49:14,644 [INFO] Pacing: sleep 0.9s
2026-08-16 12:49:15,523 [INFO] Page 12 | Collected: 250
2026-08-16 12:49:15,933 [INFO] Pacing: sleep 1.4s
2026-08-16 12:49:17,383 [INFO] Page 13 | Collected: 250
2026-08-16 12:49:17,675 [INFO] Pacing: sleep 0.9s
2026-08-16 12:49:18,586 [INFO] Page 14 | Collected: 250
2026-08-16 12:49:18,865 [INFO] Pacing: sleep 1.2s
2026-08-16 12:49:20,044 [INFO] Page 15 | Collected: 250
2026-08-16 12:49:20,394 [INFO] Pacing: sleep 0.9s
2026-08-16 12:49:21,289 [INFO] Page 16 | Collected: 250
2026-08-16 12:49:21,558 [INFO] Pacing: sleep 1.1s
2026-08-16 12:49:22,686 [INFO] Page 17 | Collected: 250
2026-08-16 12:49:22,947 [INFO] Pacing: sleep 1.0s
2026-08-16 12:49:23,995 [INFO] Page 18 | Collected: 250
2026-08-16 12:49:24,373 [INFO] Pacing: sleep 0.9s
2026-08-16 12:49:25,321 [INFO] Page 19 | Collected: 250
2026-08-16 12:49:25,586 [INFO] Pacing: sleep 0.6s
2026-08-16 12:49:26,192 [INFO] Page 20 | Collected: 250
2026-08-16 12:49:26,529 [INFO] Pacing: sleep 0.5s
2026-08-16 12:49:27,061 [INFO] Page 21 | Collected: 500
2026-08-16 12:49:27,334 [INFO] Pacing: sleep 0.8s
2026-08-16 12:49:28,144 [INFO] Page 22 | Collected: 500
2026-08-16 12:49:28,420 [INFO] Pacing: sleep 1.4s
2026-08-16 12:49:29,772 [INFO] Page 23 | Collected: 500
2026-08-16 12:49:30,140 [INFO] Pacing: sleep 0.9s
2026-08-16 12:49:31,018 [INFO] Page 24 | Collected: 500
2026-08-16 12:49:31,306 [INFO] Pacing: sleep 1.1s
2026-08-16 12:49:32,417 [INFO] Page 25 | Collected: 500
2026-08-16 12:49:32,763 [INFO] Pacing: sleep 1.2s
2026-08-16 12:49:34,013 [INFO] Page 26 | Collected: 500
2026-08-16 12:49:34,288 [INFO] Pacing: sleep 0.9s
2026-08-16 12:49:35,181 [INFO] Page 27 | Collected: 500
2026-08-16 12:49:35,447 [INFO] Pacing: sleep 0.5s
2026-08-16 12:49:35,957 [INFO] Page 28 | Collected: 500
2026-08-16 12:49:36,302 [INFO] Pacing: sleep 0.9s
2026-08-16 12:49:37,166 [INFO] Page 29 | Collected: 500
2026-08-16 12:49:37,442 [INFO] Pacing: sleep 1.1s
2026-08-16 12:49:38,548 [INFO] Page 30 | Collected: 500
2026-08-16 12:49:38,837 [INFO] Pacing: sleep 1.1s
2026-08-16 12:49:39,932 [INFO] Page 31 | Collected: 750
2026-08-16 12:49:40,007 [WARNING] Block detected on page 31: HTTP 429
2026-08-16 12:49:40,007 [INFO] Saved raw HTML for debugging: blocked_0031.html
2026-08-16 12:49:40,007 [WARNING] Initiating ADAPTIVE THROTTLING. Sleeping 180s, switching to SAFE mode.
2026-08-16 12:52:40,007 [INFO] Pacing: sleep 47.8s | Short Cooldown: 40.9s
2026-08-16 12:53:27,772 [INFO] Page 31 | Collected: 750
2026-08-16 12:53:28,149 [INFO] Pacing: sleep 6.7s
2026-08-16 12:53:34,800 [INFO] Page 32 | Collected: 750
2026-08-16 12:53:35,102 [INFO] Pacing: sleep 4.4s
2026-08-16 12:53:39,477 [INFO] Page 33 | Collected: 750
2026-08-16 12:53:39,821 [INFO] Pacing: sleep 5.4s
2026-08-16 12:53:45,246 [INFO] Page 34 | Collected: 750
2026-08-16 12:53:45,535 [INFO] Pacing: sleep 7.7s
2026-08-16 12:53:53,209 [INFO] Page 35 | Collected: 750
2026-08-16 12:53:53,485 [INFO] Pacing: sleep 6.1s
2026-08-16 12:53:59,556 [INFO] Page 36 | Collected: 750
2026-08-16 12:53:59,962 [INFO] Pacing: sleep 4.6s
2026-08-16 12:54:04,547 [INFO] Page 37 | Collected: 750
2026-08-16 12:54:04,823 [INFO] Pacing: sleep 4.1s
2026-08-16 12:54:08,876 [INFO] Page 38 | Collected: 750
2026-08-16 12:54:09,243 [INFO] Pacing: sleep 5.7s
2026-08-16 12:54:14,894 [INFO] Page 39 | Collected: 750
2026-08-16 12:54:15,218 [INFO] Pacing: sleep 7.9s
2026-08-16 12:54:23,101 [INFO] Page 40 | Collected: 750
2026-08-16 12:54:23,435 [INFO] Pacing: sleep 189.3s | Long Cooldown: 183.0s
2026-08-16 12:57:32,720 [INFO] Page 41 | Collected: 1000
2026-08-16 12:57:33,158 [INFO] Pacing: sleep 6.7s
2026-08-16 12:57:39,883 [INFO] Page 42 | Collected: 1000
2026-08-16 12:57:40,191 [INFO] Pacing: sleep 4.4s
2026-08-16 12:57:44,611 [INFO] Page 43 | Collected: 1000
2026-08-16 12:57:44,893 [INFO] Pacing: sleep 6.8s
2026-08-16 12:57:51,653 [INFO] Page 44 | Collected: 1000
2026-08-16 12:57:52,027 [INFO] Pacing: sleep 5.1s
2026-08-16 12:57:57,120 [INFO] Page 45 | Collected: 1000
2026-08-16 12:57:57,394 [INFO] Pacing: sleep 4.1s
2026-08-16 12:58:01,507 [INFO] Page 46 | Collected: 1000
2026-08-16 12:58:01,698 [WARNING] Block detected on page 46: Suspicious term found: 'captcha'
2026-08-16 12:58:01,699 [INFO] Saved raw HTML for debugging: blocked_0046.html
2026-08-16 12:58:01,699 [ERROR] Blocked again even after safe mode. Stopping gracefully.
2026-08-16 12:58:01,700 [INFO] Crawl stopped. Reason: adaptive_throttle_failed_page_46. Finalizing...
2026-08-16 12:58:01,700 [INFO] Merging intermediate pages from work_dir: /home/runner/work/steam-diploma/steam-diploma/data/snapshots/data/snapshots/_in_progress/a51bc55e-0507-4c41-b3f0-de47f58ceb81
2026-08-16 12:58:01,715 [WARNING] Found 1 duplicate appids across the snapshot.
