2026-09-21 18:05:21,400 [INFO] Steam Snapshot Collector Started.
2026-09-21 18:05:21,400 [INFO] Speed Mode: fast
2026-09-21 18:05:21,400 [INFO] Work Dir: /home/runner/work/steam-diploma/steam-diploma/data/snapshots
2026-09-21 18:05:21,400 [INFO] Base Output Dir: .
2026-09-21 18:05:21,400 [INFO] Page 1 | Collected: 0
2026-09-21 18:05:21,915 [INFO] Pacing: sleep 1.4s
2026-09-21 18:05:23,272 [INFO] Page 2 | Collected: 0
2026-09-21 18:05:23,705 [INFO] Pacing: sleep 1.1s
2026-09-21 18:05:24,842 [INFO] Page 3 | Collected: 0
2026-09-21 18:05:25,208 [INFO] Pacing: sleep 0.7s
2026-09-21 18:05:25,938 [INFO] Page 4 | Collected: 0
2026-09-21 18:05:26,342 [INFO] Pacing: sleep 1.5s
2026-09-21 18:05:27,808 [INFO] Page 5 | Collected: 0
2026-09-21 18:05:28,078 [INFO] Pacing: sleep 1.1s
2026-09-21 18:05:29,207 [INFO] Page 6 | Collected: 0
2026-09-21 18:05:29,580 [INFO] Pacing: sleep 1.0s
2026-09-21 18:05:30,581 [INFO] Page 7 | Collected: 0
2026-09-21 18:05:31,045 [INFO] Pacing: sleep 0.9s
2026-09-21 18:05:31,937 [INFO] Page 8 | Collected: 0
2026-09-21 18:05:32,242 [INFO] Pacing: sleep 1.1s
2026-09-21 18:05:33,332 [INFO] Page 9 | Collected: 0
2026-09-21 18:05:33,653 [INFO] Pacing: sleep 1.4s
2026-09-21 18:05:35,050 [INFO] Page 10 | Collected: 0
2026-09-21 18:05:35,401 [INFO] Pacing: sleep 0.9s
2026-09-21 18:05:36,295 [INFO] Page 11 | Collected: 250
2026-09-21 18:05:36,672 [INFO] Pacing: sleep 1.2s
2026-09-21 18:05:37,899 [INFO] Page 12 | Collected: 250
2026-09-21 18:05:38,299 [INFO] Pacing: sleep 1.2s
2026-09-21 18:05:39,471 [INFO] Page 13 | Collected: 250
2026-09-21 18:05:39,773 [INFO] Pacing: sleep 0.7s
2026-09-21 18:05:40,464 [INFO] Page 14 | Collected: 250
2026-09-21 18:05:40,784 [INFO] Pacing: sleep 1.2s
2026-09-21 18:05:42,026 [INFO] Page 15 | Collected: 250
2026-09-21 18:05:42,371 [INFO] Pacing: sleep 1.3s
2026-09-21 18:05:43,709 [INFO] Page 16 | Collected: 250
2026-09-21 18:05:44,080 [INFO] Pacing: sleep 0.9s
2026-09-21 18:05:44,958 [INFO] Page 17 | Collected: 250
2026-09-21 18:05:45,219 [INFO] Pacing: sleep 0.8s
2026-09-21 18:05:46,059 [INFO] Page 18 | Collected: 250
2026-09-21 18:05:46,425 [INFO] Pacing: sleep 1.3s
2026-09-21 18:05:47,683 [INFO] Page 19 | Collected: 250
2026-09-21 18:05:47,971 [INFO] Pacing: sleep 1.3s
2026-09-21 18:05:49,279 [INFO] Page 20 | Collected: 250
2026-09-21 18:05:49,646 [INFO] Pacing: sleep 1.2s
2026-09-21 18:05:50,857 [INFO] Page 21 | Collected: 500
2026-09-21 18:05:51,234 [INFO] Pacing: sleep 1.2s
2026-09-21 18:05:52,395 [INFO] Page 22 | Collected: 500
2026-09-21 18:05:52,759 [INFO] Pacing: sleep 0.6s
2026-09-21 18:05:53,339 [INFO] Page 23 | Collected: 500
2026-09-21 18:05:53,676 [INFO] Pacing: sleep 0.7s
2026-09-21 18:05:54,380 [INFO] Page 24 | Collected: 500
2026-09-21 18:05:54,687 [INFO] Pacing: sleep 1.0s
2026-09-21 18:05:55,664 [INFO] Page 25 | Collected: 500
2026-09-21 18:05:55,969 [INFO] Pacing: sleep 1.0s
2026-09-21 18:05:56,999 [INFO] Page 26 | Collected: 500
2026-09-21 18:05:57,323 [INFO] Pacing: sleep 0.8s
2026-09-21 18:05:58,089 [INFO] Page 27 | Collected: 500
2026-09-21 18:05:58,429 [INFO] Pacing: sleep 1.2s
2026-09-21 18:05:59,595 [INFO] Page 28 | Collected: 500
2026-09-21 18:05:59,961 [INFO] Pacing: sleep 0.9s
2026-09-21 18:06:00,841 [INFO] Page 29 | Collected: 500
2026-09-21 18:06:01,173 [INFO] Pacing: sleep 1.5s
2026-09-21 18:06:02,638 [INFO] Page 30 | Collected: 500
2026-09-21 18:06:02,976 [INFO] Pacing: sleep 1.5s
2026-09-21 18:06:04,443 [INFO] Page 31 | Collected: 750
2026-09-21 18:06:04,581 [WARNING] Block detected on page 31: HTTP 429
2026-09-21 18:06:04,582 [INFO] Saved raw HTML for debugging: blocked_0031.html
2026-09-21 18:06:04,582 [WARNING] Initiating ADAPTIVE THROTTLING. Sleeping 180s, switching to SAFE mode.
2026-09-21 18:09:04,582 [INFO] Pacing: sleep 49.0s | Short Cooldown: 43.8s
2026-09-21 18:09:53,596 [INFO] Page 31 | Collected: 750
2026-09-21 18:09:53,932 [INFO] Pacing: sleep 6.7s
2026-09-21 18:10:00,648 [INFO] Page 32 | Collected: 750
2026-09-21 18:10:00,999 [INFO] Pacing: sleep 4.6s
2026-09-21 18:10:05,642 [INFO] Page 33 | Collected: 750
2026-09-21 18:10:06,090 [INFO] Pacing: sleep 6.9s
2026-09-21 18:10:12,997 [INFO] Page 34 | Collected: 750
2026-09-21 18:10:13,294 [INFO] Pacing: sleep 6.1s
2026-09-21 18:10:19,353 [INFO] Page 35 | Collected: 750
2026-09-21 18:10:19,657 [INFO] Pacing: sleep 6.1s
2026-09-21 18:10:25,806 [INFO] Page 36 | Collected: 750
2026-09-21 18:10:26,487 [INFO] Pacing: sleep 4.0s
2026-09-21 18:10:30,530 [INFO] Page 37 | Collected: 750
2026-09-21 18:10:30,861 [INFO] Pacing: sleep 5.4s
2026-09-21 18:10:36,229 [INFO] Page 38 | Collected: 750
2026-09-21 18:10:36,715 [INFO] Pacing: sleep 4.7s
2026-09-21 18:10:41,413 [INFO] Page 39 | Collected: 750
2026-09-21 18:10:41,789 [INFO] Pacing: sleep 7.9s
2026-09-21 18:10:49,689 [INFO] Page 40 | Collected: 750
2026-09-21 18:10:49,986 [INFO] Pacing: sleep 234.6s | Long Cooldown: 230.3s
2026-09-21 18:14:44,607 [INFO] Page 41 | Collected: 1000
2026-09-21 18:14:44,945 [INFO] Pacing: sleep 6.7s
2026-09-21 18:14:51,672 [INFO] Page 42 | Collected: 1000
2026-09-21 18:14:51,942 [INFO] Pacing: sleep 4.5s
2026-09-21 18:14:56,432 [INFO] Page 43 | Collected: 1000
2026-09-21 18:14:56,761 [INFO] Pacing: sleep 5.8s
2026-09-21 18:15:02,522 [INFO] Page 44 | Collected: 1000
2026-09-21 18:15:02,887 [INFO] Pacing: sleep 5.5s
2026-09-21 18:15:08,370 [INFO] Page 45 | Collected: 1000
2026-09-21 18:15:08,717 [INFO] Pacing: sleep 5.6s
2026-09-21 18:15:14,278 [INFO] Page 46 | Collected: 1000
2026-09-21 18:15:14,730 [INFO] Pacing: sleep 4.3s
2026-09-21 18:15:19,020 [INFO] Page 47 | Collected: 1000
2026-09-21 18:15:19,414 [INFO] Pacing: sleep 6.4s
2026-09-21 18:15:25,860 [INFO] Page 48 | Collected: 1000
2026-09-21 18:15:26,137 [WARNING] Block detected on page 48: Suspicious term found: 'captcha'
2026-09-21 18:15:26,138 [INFO] Saved raw HTML for debugging: blocked_0048.html
2026-09-21 18:15:26,138 [ERROR] Blocked again even after safe mode. Stopping gracefully.
2026-09-21 18:15:26,139 [INFO] Crawl stopped. Reason: adaptive_throttle_failed_page_48. Finalizing...
2026-09-21 18:15:26,140 [INFO] Merging intermediate pages from work_dir: /home/runner/work/steam-diploma/steam-diploma/data/snapshots/data/snapshots/_in_progress/0b23f89b-fd22-46ae-9c4d-d2b6d964980e
