2026-09-07 03:56:17,256 [INFO] Steam Snapshot Collector Started.
2026-09-07 03:56:17,256 [INFO] Speed Mode: fast
2026-09-07 03:56:17,257 [INFO] Work Dir: /home/runner/work/steam-diploma/steam-diploma/data/snapshots
2026-09-07 03:56:17,257 [INFO] Base Output Dir: .
2026-09-07 03:56:17,257 [INFO] Page 1 | Collected: 0
2026-09-07 03:56:17,684 [INFO] Pacing: sleep 1.5s
2026-09-07 03:56:19,153 [INFO] Page 2 | Collected: 0
2026-09-07 03:56:19,515 [INFO] Pacing: sleep 0.7s
2026-09-07 03:56:20,206 [INFO] Page 3 | Collected: 0
2026-09-07 03:56:20,593 [INFO] Pacing: sleep 1.3s
2026-09-07 03:56:21,864 [INFO] Page 4 | Collected: 0
2026-09-07 03:56:22,175 [INFO] Pacing: sleep 0.9s
2026-09-07 03:56:23,034 [INFO] Page 5 | Collected: 0
2026-09-07 03:56:23,311 [INFO] Pacing: sleep 0.5s
2026-09-07 03:56:23,837 [INFO] Page 6 | Collected: 0
2026-09-07 03:56:24,161 [INFO] Pacing: sleep 1.0s
2026-09-07 03:56:25,210 [INFO] Page 7 | Collected: 0
2026-09-07 03:56:25,518 [INFO] Pacing: sleep 0.8s
2026-09-07 03:56:26,318 [INFO] Page 8 | Collected: 0
2026-09-07 03:56:26,595 [INFO] Pacing: sleep 1.3s
2026-09-07 03:56:27,876 [INFO] Page 9 | Collected: 0
2026-09-07 03:56:28,112 [INFO] Pacing: sleep 1.0s
2026-09-07 03:56:29,130 [INFO] Page 10 | Collected: 0
2026-09-07 03:56:29,472 [INFO] Pacing: sleep 0.9s
2026-09-07 03:56:30,324 [INFO] Page 11 | Collected: 250
2026-09-07 03:56:30,726 [INFO] Pacing: sleep 1.5s
2026-09-07 03:56:32,211 [INFO] Page 12 | Collected: 250
2026-09-07 03:56:32,603 [INFO] Pacing: sleep 1.0s
2026-09-07 03:56:33,586 [INFO] Page 13 | Collected: 250
2026-09-07 03:56:33,825 [INFO] Pacing: sleep 1.2s
2026-09-07 03:56:35,050 [INFO] Page 14 | Collected: 250
2026-09-07 03:56:35,311 [INFO] Pacing: sleep 1.0s
2026-09-07 03:56:36,321 [INFO] Page 15 | Collected: 250
2026-09-07 03:56:36,669 [INFO] Pacing: sleep 1.1s
2026-09-07 03:56:37,809 [INFO] Page 16 | Collected: 250
2026-09-07 03:56:38,049 [INFO] Pacing: sleep 0.6s
2026-09-07 03:56:38,663 [INFO] Page 17 | Collected: 250
2026-09-07 03:56:38,981 [INFO] Pacing: sleep 1.0s
2026-09-07 03:56:39,996 [INFO] Page 18 | Collected: 250
2026-09-07 03:56:40,279 [INFO] Pacing: sleep 1.1s
2026-09-07 03:56:41,357 [INFO] Page 19 | Collected: 250
2026-09-07 03:56:41,679 [INFO] Pacing: sleep 1.2s
2026-09-07 03:56:42,917 [INFO] Page 20 | Collected: 250
2026-09-07 03:56:43,391 [INFO] Pacing: sleep 1.5s
2026-09-07 03:56:44,854 [INFO] Page 21 | Collected: 500
2026-09-07 03:56:45,400 [INFO] Pacing: sleep 0.5s
2026-09-07 03:56:45,904 [INFO] Page 22 | Collected: 500
2026-09-07 03:56:46,480 [INFO] Pacing: sleep 0.7s
2026-09-07 03:56:47,142 [INFO] Page 23 | Collected: 500
2026-09-07 03:56:47,545 [INFO] Pacing: sleep 1.3s
2026-09-07 03:56:48,809 [INFO] Page 24 | Collected: 500
2026-09-07 03:56:49,319 [INFO] Pacing: sleep 0.9s
2026-09-07 03:56:50,230 [INFO] Page 25 | Collected: 500
2026-09-07 03:56:50,623 [INFO] Pacing: sleep 0.7s
2026-09-07 03:56:51,373 [INFO] Page 26 | Collected: 500
2026-09-07 03:56:51,879 [INFO] Pacing: sleep 1.0s
2026-09-07 03:56:52,834 [INFO] Page 27 | Collected: 500
2026-09-07 03:56:53,135 [INFO] Pacing: sleep 1.1s
2026-09-07 03:56:54,281 [INFO] Page 28 | Collected: 500
2026-09-07 03:56:54,846 [INFO] Pacing: sleep 0.8s
2026-09-07 03:56:55,651 [INFO] Page 29 | Collected: 500
2026-09-07 03:56:56,095 [INFO] Pacing: sleep 0.7s
2026-09-07 03:56:56,760 [INFO] Page 30 | Collected: 500
2026-09-07 03:56:57,128 [INFO] Pacing: sleep 1.1s
2026-09-07 03:56:58,234 [INFO] Page 31 | Collected: 750
2026-09-07 03:56:58,623 [WARNING] Block detected on page 31: HTTP 429
2026-09-07 03:56:58,624 [INFO] Saved raw HTML for debugging: blocked_0031.html
2026-09-07 03:56:58,624 [WARNING] Initiating ADAPTIVE THROTTLING. Sleeping 180s, switching to SAFE mode.
2026-09-07 03:59:58,624 [INFO] Pacing: sleep 59.0s | Short Cooldown: 52.2s
2026-09-07 04:00:57,629 [INFO] Page 31 | Collected: 750
2026-09-07 04:00:57,993 [INFO] Pacing: sleep 4.4s
2026-09-07 04:01:02,373 [INFO] Page 32 | Collected: 750
2026-09-07 04:01:02,698 [INFO] Pacing: sleep 5.1s
2026-09-07 04:01:07,762 [INFO] Page 33 | Collected: 750
2026-09-07 04:01:08,176 [INFO] Pacing: sleep 4.9s
2026-09-07 04:01:13,056 [INFO] Page 34 | Collected: 750
2026-09-07 04:01:13,336 [INFO] Pacing: sleep 5.8s
2026-09-07 04:01:19,183 [INFO] Page 35 | Collected: 750
2026-09-07 04:01:19,567 [INFO] Pacing: sleep 6.5s
2026-09-07 04:01:26,113 [INFO] Page 36 | Collected: 750
2026-09-07 04:01:26,410 [INFO] Pacing: sleep 7.1s
2026-09-07 04:01:33,464 [INFO] Page 37 | Collected: 750
2026-09-07 04:01:33,692 [INFO] Pacing: sleep 5.3s
2026-09-07 04:01:38,953 [INFO] Page 38 | Collected: 750
2026-09-07 04:01:39,269 [INFO] Pacing: sleep 7.6s
2026-09-07 04:01:46,832 [INFO] Page 39 | Collected: 750
2026-09-07 04:01:47,135 [INFO] Pacing: sleep 4.6s
2026-09-07 04:01:51,762 [INFO] Page 40 | Collected: 750
2026-09-07 04:01:52,079 [INFO] Pacing: sleep 185.0s | Long Cooldown: 177.2s
2026-09-07 04:04:57,112 [INFO] Page 41 | Collected: 1000
2026-09-07 04:04:57,463 [INFO] Pacing: sleep 5.1s
2026-09-07 04:05:02,582 [INFO] Page 42 | Collected: 1000
2026-09-07 04:05:03,023 [INFO] Pacing: sleep 6.1s
2026-09-07 04:05:09,089 [INFO] Page 43 | Collected: 1000
2026-09-07 04:05:09,405 [INFO] Pacing: sleep 7.8s
2026-09-07 04:05:17,213 [INFO] Page 44 | Collected: 1000
2026-09-07 04:05:17,624 [INFO] Pacing: sleep 7.9s
2026-09-07 04:05:25,556 [INFO] Page 45 | Collected: 1000
2026-09-07 04:05:25,930 [INFO] Pacing: sleep 6.0s
2026-09-07 04:05:31,969 [INFO] Page 46 | Collected: 1000
2026-09-07 04:05:32,381 [INFO] Pacing: sleep 5.8s
2026-09-07 04:05:38,154 [INFO] Page 47 | Collected: 1000
2026-09-07 04:05:38,481 [INFO] Pacing: sleep 4.7s
2026-09-07 04:05:43,172 [INFO] Page 48 | Collected: 1000
2026-09-07 04:05:43,362 [WARNING] Block detected on page 48: Suspicious term found: 'captcha'
2026-09-07 04:05:43,363 [INFO] Saved raw HTML for debugging: blocked_0048.html
2026-09-07 04:05:43,363 [ERROR] Blocked again even after safe mode. Stopping gracefully.
2026-09-07 04:05:43,364 [INFO] Crawl stopped. Reason: adaptive_throttle_failed_page_48. Finalizing...
2026-09-07 04:05:43,364 [INFO] Merging intermediate pages from work_dir: /home/runner/work/steam-diploma/steam-diploma/data/snapshots/data/snapshots/_in_progress/514d1460-10dc-47b4-92b1-5821cf993f03
