2026-08-08 01:58:03,181 [INFO] Steam Snapshot Collector Started.
2026-08-08 01:58:03,181 [INFO] Speed Mode: fast
2026-08-08 01:58:03,181 [INFO] Work Dir: /home/runner/work/steam-diploma/steam-diploma/data/snapshots
2026-08-08 01:58:03,181 [INFO] Base Output Dir: .
2026-08-08 01:58:03,182 [INFO] Page 1 | Collected: 0
2026-08-08 01:58:03,583 [INFO] Pacing: sleep 0.7s
2026-08-08 01:58:04,251 [INFO] Page 2 | Collected: 0
2026-08-08 01:58:04,525 [INFO] Pacing: sleep 0.9s
2026-08-08 01:58:05,391 [INFO] Page 3 | Collected: 0
2026-08-08 01:58:05,635 [INFO] Pacing: sleep 1.3s
2026-08-08 01:58:06,957 [INFO] Page 4 | Collected: 0
2026-08-08 01:58:07,359 [INFO] Pacing: sleep 1.0s
2026-08-08 01:58:08,385 [INFO] Page 5 | Collected: 0
2026-08-08 01:58:08,645 [INFO] Pacing: sleep 0.7s
2026-08-08 01:58:09,299 [INFO] Page 6 | Collected: 0
2026-08-08 01:58:09,549 [INFO] Pacing: sleep 1.4s
2026-08-08 01:58:10,963 [INFO] Page 7 | Collected: 0
2026-08-08 01:58:11,323 [WARNING] Page 7 had 1 duplicate appids seen previously.
2026-08-08 01:58:11,323 [INFO] Pacing: sleep 1.1s
2026-08-08 01:58:12,398 [INFO] Page 8 | Collected: 0
2026-08-08 01:58:12,647 [INFO] Pacing: sleep 0.8s
2026-08-08 01:58:13,484 [INFO] Page 9 | Collected: 0
2026-08-08 01:58:13,751 [INFO] Pacing: sleep 1.1s
2026-08-08 01:58:14,851 [INFO] Page 10 | Collected: 0
2026-08-08 01:58:15,158 [INFO] Pacing: sleep 0.7s
2026-08-08 01:58:15,864 [INFO] Page 11 | Collected: 250
2026-08-08 01:58:16,110 [INFO] Pacing: sleep 1.4s
2026-08-08 01:58:17,534 [INFO] Page 12 | Collected: 250
2026-08-08 01:58:17,860 [INFO] Pacing: sleep 1.2s
2026-08-08 01:58:19,035 [INFO] Page 13 | Collected: 250
2026-08-08 01:58:19,338 [INFO] Pacing: sleep 0.5s
2026-08-08 01:58:19,870 [INFO] Page 14 | Collected: 250
2026-08-08 01:58:20,133 [INFO] Pacing: sleep 0.8s
2026-08-08 01:58:20,977 [INFO] Page 15 | Collected: 250
2026-08-08 01:58:21,289 [INFO] Pacing: sleep 0.7s
2026-08-08 01:58:21,978 [INFO] Page 16 | Collected: 250
2026-08-08 01:58:22,239 [INFO] Pacing: sleep 0.7s
2026-08-08 01:58:22,908 [INFO] Page 17 | Collected: 250
2026-08-08 01:58:23,195 [INFO] Pacing: sleep 0.7s
2026-08-08 01:58:23,863 [INFO] Page 18 | Collected: 250
2026-08-08 01:58:24,094 [INFO] Pacing: sleep 1.3s
2026-08-08 01:58:25,416 [INFO] Page 19 | Collected: 250
2026-08-08 01:58:25,754 [INFO] Pacing: sleep 1.3s
2026-08-08 01:58:27,091 [INFO] Page 20 | Collected: 250
2026-08-08 01:58:27,480 [INFO] Pacing: sleep 0.9s
2026-08-08 01:58:28,430 [INFO] Page 21 | Collected: 500
2026-08-08 01:58:28,670 [INFO] Pacing: sleep 0.8s
2026-08-08 01:58:29,433 [INFO] Page 22 | Collected: 500
2026-08-08 01:58:29,755 [INFO] Pacing: sleep 0.9s
2026-08-08 01:58:30,634 [INFO] Page 23 | Collected: 500
2026-08-08 01:58:30,939 [INFO] Pacing: sleep 0.7s
2026-08-08 01:58:31,595 [INFO] Page 24 | Collected: 500
2026-08-08 01:58:31,849 [INFO] Pacing: sleep 1.2s
2026-08-08 01:58:33,051 [INFO] Page 25 | Collected: 500
2026-08-08 01:58:33,375 [INFO] Pacing: sleep 1.0s
2026-08-08 01:58:34,390 [INFO] Page 26 | Collected: 500
2026-08-08 01:58:34,624 [INFO] Pacing: sleep 1.3s
2026-08-08 01:58:35,925 [INFO] Page 27 | Collected: 500
2026-08-08 01:58:36,205 [INFO] Pacing: sleep 0.7s
2026-08-08 01:58:36,902 [INFO] Page 28 | Collected: 500
2026-08-08 01:58:37,283 [INFO] Pacing: sleep 1.1s
2026-08-08 01:58:38,407 [INFO] Page 29 | Collected: 500
2026-08-08 01:58:38,671 [INFO] Pacing: sleep 0.7s
2026-08-08 01:58:39,408 [INFO] Page 30 | Collected: 500
2026-08-08 01:58:39,760 [INFO] Pacing: sleep 0.5s
2026-08-08 01:58:40,292 [INFO] Page 31 | Collected: 750
2026-08-08 01:58:40,322 [WARNING] Block detected on page 31: HTTP 429
2026-08-08 01:58:40,322 [INFO] Saved raw HTML for debugging: blocked_0031.html
2026-08-08 01:58:40,323 [WARNING] Initiating ADAPTIVE THROTTLING. Sleeping 180s, switching to SAFE mode.
2026-08-08 02:01:40,323 [INFO] Pacing: sleep 58.3s | Short Cooldown: 51.4s
2026-08-08 02:02:38,589 [INFO] Page 31 | Collected: 750
2026-08-08 02:02:38,818 [INFO] Pacing: sleep 6.3s
2026-08-08 02:02:45,083 [INFO] Page 32 | Collected: 750
2026-08-08 02:02:45,326 [INFO] Pacing: sleep 5.0s
2026-08-08 02:02:50,300 [INFO] Page 33 | Collected: 750
2026-08-08 02:02:50,751 [INFO] Pacing: sleep 6.3s
2026-08-08 02:02:57,098 [INFO] Page 34 | Collected: 750
2026-08-08 02:02:57,318 [INFO] Pacing: sleep 5.2s
2026-08-08 02:03:02,513 [INFO] Page 35 | Collected: 750
2026-08-08 02:03:02,796 [INFO] Pacing: sleep 7.9s
2026-08-08 02:03:10,735 [INFO] Page 36 | Collected: 750
2026-08-08 02:03:10,988 [INFO] Pacing: sleep 4.2s
2026-08-08 02:03:15,151 [INFO] Page 37 | Collected: 750
2026-08-08 02:03:15,437 [INFO] Pacing: sleep 4.1s
2026-08-08 02:03:19,529 [INFO] Page 38 | Collected: 750
2026-08-08 02:03:19,895 [INFO] Pacing: sleep 7.8s
2026-08-08 02:03:27,738 [INFO] Page 39 | Collected: 750
2026-08-08 02:03:28,021 [INFO] Pacing: sleep 6.0s
2026-08-08 02:03:34,045 [INFO] Page 40 | Collected: 750
2026-08-08 02:03:34,353 [INFO] Pacing: sleep 223.1s | Long Cooldown: 218.5s
2026-08-08 02:07:17,425 [INFO] Page 41 | Collected: 1000
2026-08-08 02:07:17,716 [INFO] Pacing: sleep 7.5s
2026-08-08 02:07:25,262 [INFO] Page 42 | Collected: 1000
2026-08-08 02:07:25,503 [INFO] Pacing: sleep 6.2s
2026-08-08 02:07:31,686 [INFO] Page 43 | Collected: 1000
2026-08-08 02:07:32,005 [INFO] Pacing: sleep 4.4s
2026-08-08 02:07:36,401 [INFO] Page 44 | Collected: 1000
2026-08-08 02:07:36,634 [INFO] Pacing: sleep 6.1s
2026-08-08 02:07:42,691 [INFO] Page 45 | Collected: 1000
2026-08-08 02:07:42,898 [INFO] Pacing: sleep 7.6s
2026-08-08 02:07:50,547 [INFO] Page 46 | Collected: 1000
2026-08-08 02:07:50,841 [INFO] Pacing: sleep 4.6s
2026-08-08 02:07:55,477 [INFO] Page 47 | Collected: 1000
2026-08-08 02:07:55,622 [WARNING] Block detected on page 47: Suspicious term found: 'captcha'
2026-08-08 02:07:55,623 [INFO] Saved raw HTML for debugging: blocked_0047.html
2026-08-08 02:07:55,624 [ERROR] Blocked again even after safe mode. Stopping gracefully.
2026-08-08 02:07:55,625 [INFO] Crawl stopped. Reason: adaptive_throttle_failed_page_47. Finalizing...
2026-08-08 02:07:55,625 [INFO] Merging intermediate pages from work_dir: /home/runner/work/steam-diploma/steam-diploma/data/snapshots/data/snapshots/_in_progress/0bfd4a69-8fc8-46ff-abbe-b295b3c05f3a
2026-08-08 02:07:55,637 [WARNING] Found 1 duplicate appids across the snapshot.
