2026-09-16 04:15:24,833 [INFO] Steam Snapshot Collector Started.
2026-09-16 04:15:24,833 [INFO] Speed Mode: fast
2026-09-16 04:15:24,833 [INFO] Work Dir: /home/runner/work/steam-diploma/steam-diploma/data/snapshots
2026-09-16 04:15:24,833 [INFO] Base Output Dir: .
2026-09-16 04:15:24,833 [INFO] Page 1 | Collected: 0
2026-09-16 04:15:25,221 [INFO] Pacing: sleep 1.0s
2026-09-16 04:15:26,173 [INFO] Page 2 | Collected: 0
2026-09-16 04:15:26,506 [INFO] Pacing: sleep 0.5s
2026-09-16 04:15:27,054 [INFO] Page 3 | Collected: 0
2026-09-16 04:15:27,339 [INFO] Pacing: sleep 1.2s
2026-09-16 04:15:28,506 [INFO] Page 4 | Collected: 0
2026-09-16 04:15:28,852 [INFO] Pacing: sleep 0.9s
2026-09-16 04:15:29,710 [INFO] Page 5 | Collected: 0
2026-09-16 04:15:29,983 [INFO] Pacing: sleep 1.1s
2026-09-16 04:15:31,080 [INFO] Page 6 | Collected: 0
2026-09-16 04:15:31,359 [INFO] Pacing: sleep 1.2s
2026-09-16 04:15:32,535 [INFO] Page 7 | Collected: 0
2026-09-16 04:15:32,869 [INFO] Pacing: sleep 0.9s
2026-09-16 04:15:33,750 [INFO] Page 8 | Collected: 0
2026-09-16 04:15:34,043 [INFO] Pacing: sleep 0.9s
2026-09-16 04:15:34,977 [INFO] Page 9 | Collected: 0
2026-09-16 04:15:35,248 [INFO] Pacing: sleep 0.6s
2026-09-16 04:15:35,862 [INFO] Page 10 | Collected: 0
2026-09-16 04:15:36,194 [INFO] Pacing: sleep 1.1s
2026-09-16 04:15:37,259 [INFO] Page 11 | Collected: 250
2026-09-16 04:15:37,567 [INFO] Pacing: sleep 0.6s
2026-09-16 04:15:38,165 [INFO] Page 12 | Collected: 250
2026-09-16 04:15:38,564 [INFO] Pacing: sleep 0.8s
2026-09-16 04:15:39,361 [INFO] Page 13 | Collected: 250
2026-09-16 04:15:39,687 [INFO] Pacing: sleep 1.0s
2026-09-16 04:15:40,642 [INFO] Page 14 | Collected: 250
2026-09-16 04:15:40,921 [INFO] Pacing: sleep 1.5s
2026-09-16 04:15:42,421 [INFO] Page 15 | Collected: 250
2026-09-16 04:15:42,762 [INFO] Pacing: sleep 1.3s
2026-09-16 04:15:44,078 [INFO] Page 16 | Collected: 250
2026-09-16 04:15:44,361 [INFO] Pacing: sleep 1.3s
2026-09-16 04:15:45,658 [INFO] Page 17 | Collected: 250
2026-09-16 04:15:45,922 [INFO] Pacing: sleep 1.4s
2026-09-16 04:15:47,302 [INFO] Page 18 | Collected: 250
2026-09-16 04:15:47,642 [INFO] Pacing: sleep 1.1s
2026-09-16 04:15:48,706 [INFO] Page 19 | Collected: 250
2026-09-16 04:15:49,069 [INFO] Pacing: sleep 0.5s
2026-09-16 04:15:49,619 [INFO] Page 20 | Collected: 250
2026-09-16 04:15:49,975 [INFO] Pacing: sleep 1.2s
2026-09-16 04:15:51,159 [INFO] Page 21 | Collected: 500
2026-09-16 04:15:51,473 [INFO] Pacing: sleep 0.8s
2026-09-16 04:15:52,266 [INFO] Page 22 | Collected: 500
2026-09-16 04:15:52,565 [INFO] Pacing: sleep 0.6s
2026-09-16 04:15:53,206 [INFO] Page 23 | Collected: 500
2026-09-16 04:15:53,637 [INFO] Pacing: sleep 1.0s
2026-09-16 04:15:54,644 [INFO] Page 24 | Collected: 500
2026-09-16 04:15:54,925 [INFO] Pacing: sleep 1.1s
2026-09-16 04:15:55,983 [INFO] Page 25 | Collected: 500
2026-09-16 04:15:56,272 [INFO] Pacing: sleep 0.6s
2026-09-16 04:15:56,829 [INFO] Page 26 | Collected: 500
2026-09-16 04:15:57,196 [INFO] Pacing: sleep 1.4s
2026-09-16 04:15:58,569 [INFO] Page 27 | Collected: 500
2026-09-16 04:15:58,853 [INFO] Pacing: sleep 0.9s
2026-09-16 04:15:59,747 [INFO] Page 28 | Collected: 500
2026-09-16 04:16:00,088 [INFO] Pacing: sleep 0.8s
2026-09-16 04:16:00,845 [INFO] Page 29 | Collected: 500
2026-09-16 04:16:01,126 [INFO] Pacing: sleep 1.4s
2026-09-16 04:16:02,482 [INFO] Page 30 | Collected: 500
2026-09-16 04:16:02,774 [INFO] Pacing: sleep 1.4s
2026-09-16 04:16:04,198 [INFO] Page 31 | Collected: 750
2026-09-16 04:16:04,299 [WARNING] Block detected on page 31: HTTP 429
2026-09-16 04:16:04,299 [INFO] Saved raw HTML for debugging: blocked_0031.html
2026-09-16 04:16:04,299 [WARNING] Initiating ADAPTIVE THROTTLING. Sleeping 180s, switching to SAFE mode.
2026-09-16 04:19:04,299 [INFO] Pacing: sleep 38.8s | Short Cooldown: 32.8s
2026-09-16 04:19:43,071 [INFO] Page 31 | Collected: 750
2026-09-16 04:19:43,463 [INFO] Pacing: sleep 7.8s
2026-09-16 04:19:51,291 [INFO] Page 32 | Collected: 750
2026-09-16 04:19:51,570 [INFO] Pacing: sleep 6.0s
2026-09-16 04:19:57,522 [INFO] Page 33 | Collected: 750
2026-09-16 04:19:57,838 [INFO] Pacing: sleep 7.4s
2026-09-16 04:20:05,276 [INFO] Page 34 | Collected: 750
2026-09-16 04:20:05,671 [INFO] Pacing: sleep 7.8s
2026-09-16 04:20:13,505 [INFO] Page 35 | Collected: 750
2026-09-16 04:20:13,804 [INFO] Pacing: sleep 8.0s
2026-09-16 04:20:21,771 [INFO] Page 36 | Collected: 750
2026-09-16 04:20:22,112 [INFO] Pacing: sleep 7.4s
2026-09-16 04:20:29,490 [INFO] Page 37 | Collected: 750
2026-09-16 04:20:29,766 [INFO] Pacing: sleep 7.9s
2026-09-16 04:20:37,699 [INFO] Page 38 | Collected: 750
2026-09-16 04:20:37,973 [INFO] Pacing: sleep 6.4s
2026-09-16 04:20:44,331 [INFO] Page 39 | Collected: 750
2026-09-16 04:20:44,690 [INFO] Pacing: sleep 5.2s
2026-09-16 04:20:49,925 [INFO] Page 40 | Collected: 750
2026-09-16 04:20:50,197 [INFO] Pacing: sleep 221.3s | Long Cooldown: 216.8s
2026-09-16 04:24:31,473 [INFO] Page 41 | Collected: 1000
2026-09-16 04:24:31,838 [INFO] Pacing: sleep 4.0s
2026-09-16 04:24:35,842 [INFO] Page 42 | Collected: 1000
2026-09-16 04:24:36,142 [INFO] Pacing: sleep 5.6s
2026-09-16 04:24:41,695 [INFO] Page 43 | Collected: 1000
2026-09-16 04:24:41,961 [INFO] Pacing: sleep 7.7s
2026-09-16 04:24:49,677 [INFO] Page 44 | Collected: 1000
2026-09-16 04:24:50,094 [INFO] Pacing: sleep 5.5s
2026-09-16 04:24:55,604 [INFO] Page 45 | Collected: 1000
2026-09-16 04:24:55,884 [INFO] Pacing: sleep 7.0s
2026-09-16 04:25:02,897 [INFO] Page 46 | Collected: 1000
2026-09-16 04:25:03,169 [INFO] Pacing: sleep 4.3s
2026-09-16 04:25:07,447 [INFO] Page 47 | Collected: 1000
2026-09-16 04:25:07,805 [INFO] Pacing: sleep 4.3s
2026-09-16 04:25:12,151 [INFO] Page 48 | Collected: 1000
2026-09-16 04:25:12,364 [WARNING] Block detected on page 48: Suspicious term found: 'captcha'
2026-09-16 04:25:12,365 [INFO] Saved raw HTML for debugging: blocked_0048.html
2026-09-16 04:25:12,365 [ERROR] Blocked again even after safe mode. Stopping gracefully.
2026-09-16 04:25:12,367 [INFO] Crawl stopped. Reason: adaptive_throttle_failed_page_48. Finalizing...
2026-09-16 04:25:12,367 [INFO] Merging intermediate pages from work_dir: /home/runner/work/steam-diploma/steam-diploma/data/snapshots/data/snapshots/_in_progress/c1e2a720-3f43-4c30-b123-21f856e70ae5
