2026-09-10 04:02:48,364 [INFO] Steam Snapshot Collector Started.
2026-09-10 04:02:48,364 [INFO] Speed Mode: fast
2026-09-10 04:02:48,364 [INFO] Work Dir: /home/runner/work/steam-diploma/steam-diploma/data/snapshots
2026-09-10 04:02:48,364 [INFO] Base Output Dir: .
2026-09-10 04:02:48,365 [INFO] Page 1 | Collected: 0
2026-09-10 04:02:48,689 [INFO] Pacing: sleep 1.0s
2026-09-10 04:02:49,650 [INFO] Page 2 | Collected: 0
2026-09-10 04:02:49,910 [INFO] Pacing: sleep 0.6s
2026-09-10 04:02:50,470 [INFO] Page 3 | Collected: 0
2026-09-10 04:02:50,769 [INFO] Pacing: sleep 0.6s
2026-09-10 04:02:51,335 [INFO] Page 4 | Collected: 0
2026-09-10 04:02:51,629 [INFO] Pacing: sleep 0.5s
2026-09-10 04:02:52,171 [INFO] Page 5 | Collected: 0
2026-09-10 04:02:52,396 [INFO] Pacing: sleep 1.1s
2026-09-10 04:02:53,536 [INFO] Page 6 | Collected: 0
2026-09-10 04:02:53,834 [INFO] Pacing: sleep 0.9s
2026-09-10 04:02:54,721 [INFO] Page 7 | Collected: 0
2026-09-10 04:02:55,047 [INFO] Pacing: sleep 1.3s
2026-09-10 04:02:56,355 [INFO] Page 8 | Collected: 0
2026-09-10 04:02:56,586 [INFO] Pacing: sleep 0.5s
2026-09-10 04:02:57,092 [INFO] Page 9 | Collected: 0
2026-09-10 04:02:57,315 [INFO] Pacing: sleep 0.8s
2026-09-10 04:02:58,109 [INFO] Page 10 | Collected: 0
2026-09-10 04:02:58,400 [INFO] Pacing: sleep 1.1s
2026-09-10 04:02:59,494 [INFO] Page 11 | Collected: 250
2026-09-10 04:02:59,727 [INFO] Pacing: sleep 0.8s
2026-09-10 04:03:00,567 [INFO] Page 12 | Collected: 250
2026-09-10 04:03:00,862 [INFO] Pacing: sleep 1.5s
2026-09-10 04:03:02,334 [INFO] Page 13 | Collected: 250
2026-09-10 04:03:02,566 [INFO] Pacing: sleep 1.2s
2026-09-10 04:03:03,740 [INFO] Page 14 | Collected: 250
2026-09-10 04:03:03,981 [INFO] Pacing: sleep 1.3s
2026-09-10 04:03:05,301 [INFO] Page 15 | Collected: 250
2026-09-10 04:03:05,615 [INFO] Pacing: sleep 0.5s
2026-09-10 04:03:06,121 [INFO] Page 16 | Collected: 250
2026-09-10 04:03:06,379 [INFO] Pacing: sleep 1.0s
2026-09-10 04:03:07,370 [INFO] Page 17 | Collected: 250
2026-09-10 04:03:07,586 [INFO] Pacing: sleep 1.2s
2026-09-10 04:03:08,795 [INFO] Page 18 | Collected: 250
2026-09-10 04:03:09,087 [INFO] Pacing: sleep 0.7s
2026-09-10 04:03:09,786 [INFO] Page 19 | Collected: 250
2026-09-10 04:03:09,997 [INFO] Pacing: sleep 0.6s
2026-09-10 04:03:10,594 [INFO] Page 20 | Collected: 250
2026-09-10 04:03:10,888 [INFO] Pacing: sleep 0.6s
2026-09-10 04:03:11,504 [INFO] Page 21 | Collected: 500
2026-09-10 04:03:11,814 [INFO] Pacing: sleep 1.2s
2026-09-10 04:03:12,996 [INFO] Page 22 | Collected: 500
2026-09-10 04:03:13,264 [INFO] Pacing: sleep 1.1s
2026-09-10 04:03:14,357 [INFO] Page 23 | Collected: 500
2026-09-10 04:03:14,666 [INFO] Pacing: sleep 1.3s
2026-09-10 04:03:15,999 [INFO] Page 24 | Collected: 500
2026-09-10 04:03:16,285 [INFO] Pacing: sleep 1.3s
2026-09-10 04:03:17,629 [INFO] Page 25 | Collected: 500
2026-09-10 04:03:17,849 [INFO] Pacing: sleep 0.9s
2026-09-10 04:03:18,799 [INFO] Page 26 | Collected: 500
2026-09-10 04:03:19,093 [INFO] Pacing: sleep 1.2s
2026-09-10 04:03:20,253 [INFO] Page 27 | Collected: 500
2026-09-10 04:03:20,500 [INFO] Pacing: sleep 1.3s
2026-09-10 04:03:21,824 [INFO] Page 28 | Collected: 500
2026-09-10 04:03:22,154 [INFO] Pacing: sleep 1.3s
2026-09-10 04:03:23,493 [INFO] Page 29 | Collected: 500
2026-09-10 04:03:23,712 [INFO] Pacing: sleep 0.8s
2026-09-10 04:03:24,514 [INFO] Page 30 | Collected: 500
2026-09-10 04:03:24,749 [INFO] Pacing: sleep 1.2s
2026-09-10 04:03:25,967 [INFO] Page 31 | Collected: 750
2026-09-10 04:03:26,010 [WARNING] Block detected on page 31: HTTP 429
2026-09-10 04:03:26,011 [INFO] Saved raw HTML for debugging: blocked_0031.html
2026-09-10 04:03:26,011 [WARNING] Initiating ADAPTIVE THROTTLING. Sleeping 180s, switching to SAFE mode.
2026-09-10 04:06:26,011 [INFO] Pacing: sleep 41.4s | Short Cooldown: 37.1s
2026-09-10 04:07:07,398 [INFO] Page 31 | Collected: 750
2026-09-10 04:07:07,735 [INFO] Pacing: sleep 4.0s
2026-09-10 04:07:11,741 [INFO] Page 32 | Collected: 750
2026-09-10 04:07:12,037 [INFO] Pacing: sleep 5.3s
2026-09-10 04:07:17,373 [INFO] Page 33 | Collected: 750
2026-09-10 04:07:17,735 [INFO] Pacing: sleep 4.1s
2026-09-10 04:07:21,793 [INFO] Page 34 | Collected: 750
2026-09-10 04:07:22,029 [INFO] Pacing: sleep 7.1s
2026-09-10 04:07:29,139 [INFO] Page 35 | Collected: 750
2026-09-10 04:07:29,396 [INFO] Pacing: sleep 4.4s
2026-09-10 04:07:33,790 [INFO] Page 36 | Collected: 750
2026-09-10 04:07:34,171 [INFO] Pacing: sleep 5.9s
2026-09-10 04:07:40,118 [INFO] Page 37 | Collected: 750
2026-09-10 04:07:40,365 [INFO] Pacing: sleep 4.6s
2026-09-10 04:07:44,976 [INFO] Page 38 | Collected: 750
2026-09-10 04:07:45,209 [INFO] Pacing: sleep 7.2s
2026-09-10 04:07:52,447 [INFO] Page 39 | Collected: 750
2026-09-10 04:07:52,744 [INFO] Pacing: sleep 5.8s
2026-09-10 04:07:58,502 [INFO] Page 40 | Collected: 750
2026-09-10 04:07:58,778 [INFO] Pacing: sleep 206.3s | Long Cooldown: 202.3s
2026-09-10 04:11:25,108 [INFO] Page 41 | Collected: 1000
2026-09-10 04:11:25,399 [INFO] Pacing: sleep 6.8s
2026-09-10 04:11:32,237 [INFO] Page 42 | Collected: 1000
2026-09-10 04:11:32,496 [INFO] Pacing: sleep 4.2s
2026-09-10 04:11:36,695 [INFO] Page 43 | Collected: 1000
2026-09-10 04:11:36,944 [INFO] Pacing: sleep 5.5s
2026-09-10 04:11:42,475 [INFO] Page 44 | Collected: 1000
2026-09-10 04:11:42,919 [INFO] Pacing: sleep 6.1s
2026-09-10 04:11:49,068 [INFO] Page 45 | Collected: 1000
2026-09-10 04:11:49,285 [INFO] Pacing: sleep 7.1s
2026-09-10 04:11:56,383 [INFO] Page 46 | Collected: 1000
2026-09-10 04:11:56,644 [INFO] Pacing: sleep 6.0s
2026-09-10 04:12:02,654 [INFO] Page 47 | Collected: 1000
2026-09-10 04:12:03,016 [INFO] Pacing: sleep 4.2s
2026-09-10 04:12:07,227 [INFO] Page 48 | Collected: 1000
2026-09-10 04:12:07,370 [WARNING] Block detected on page 48: Suspicious term found: 'captcha'
2026-09-10 04:12:07,371 [INFO] Saved raw HTML for debugging: blocked_0048.html
2026-09-10 04:12:07,371 [ERROR] Blocked again even after safe mode. Stopping gracefully.
2026-09-10 04:12:07,372 [INFO] Crawl stopped. Reason: adaptive_throttle_failed_page_48. Finalizing...
2026-09-10 04:12:07,372 [INFO] Merging intermediate pages from work_dir: /home/runner/work/steam-diploma/steam-diploma/data/snapshots/data/snapshots/_in_progress/2f3c8c21-3ccf-42f1-9555-71f4d735ac7b
