2026-08-15 01:34:17,624 [INFO] Steam Snapshot Collector Started.
2026-08-15 01:34:17,624 [INFO] Speed Mode: fast
2026-08-15 01:34:17,625 [INFO] Work Dir: /home/runner/work/steam-diploma/steam-diploma/data/snapshots
2026-08-15 01:34:17,625 [INFO] Base Output Dir: .
2026-08-15 01:34:17,625 [INFO] Page 1 | Collected: 0
2026-08-15 01:34:17,999 [INFO] Pacing: sleep 1.1s
2026-08-15 01:34:19,124 [INFO] Page 2 | Collected: 0
2026-08-15 01:34:19,412 [INFO] Pacing: sleep 1.4s
2026-08-15 01:34:20,788 [INFO] Page 3 | Collected: 0
2026-08-15 01:34:21,080 [INFO] Pacing: sleep 1.3s
2026-08-15 01:34:22,402 [INFO] Page 4 | Collected: 0
2026-08-15 01:34:22,734 [INFO] Pacing: sleep 0.8s
2026-08-15 01:34:23,560 [INFO] Page 5 | Collected: 0
2026-08-15 01:34:23,810 [INFO] Pacing: sleep 1.1s
2026-08-15 01:34:24,933 [INFO] Page 6 | Collected: 0
2026-08-15 01:34:25,244 [INFO] Pacing: sleep 1.2s
2026-08-15 01:34:26,420 [INFO] Page 7 | Collected: 0
2026-08-15 01:34:26,761 [WARNING] Page 7 had 1 duplicate appids seen previously.
2026-08-15 01:34:26,761 [INFO] Pacing: sleep 1.4s
2026-08-15 01:34:28,115 [INFO] Page 8 | Collected: 0
2026-08-15 01:34:28,381 [INFO] Pacing: sleep 1.0s
2026-08-15 01:34:29,412 [INFO] Page 9 | Collected: 0
2026-08-15 01:34:29,661 [INFO] Pacing: sleep 1.4s
2026-08-15 01:34:31,060 [INFO] Page 10 | Collected: 0
2026-08-15 01:34:31,537 [INFO] Pacing: sleep 0.6s
2026-08-15 01:34:32,157 [INFO] Page 11 | Collected: 250
2026-08-15 01:34:32,477 [INFO] Pacing: sleep 0.9s
2026-08-15 01:34:33,378 [INFO] Page 12 | Collected: 250
2026-08-15 01:34:33,728 [INFO] Pacing: sleep 0.8s
2026-08-15 01:34:34,518 [INFO] Page 13 | Collected: 250
2026-08-15 01:34:34,778 [INFO] Pacing: sleep 1.5s
2026-08-15 01:34:36,250 [INFO] Page 14 | Collected: 250
2026-08-15 01:34:36,518 [INFO] Pacing: sleep 1.0s
2026-08-15 01:34:37,550 [INFO] Page 15 | Collected: 250
2026-08-15 01:34:37,901 [INFO] Pacing: sleep 1.0s
2026-08-15 01:34:38,923 [INFO] Page 16 | Collected: 250
2026-08-15 01:34:39,209 [INFO] Pacing: sleep 1.3s
2026-08-15 01:34:40,483 [INFO] Page 17 | Collected: 250
2026-08-15 01:34:40,741 [INFO] Pacing: sleep 1.4s
2026-08-15 01:34:42,139 [INFO] Page 18 | Collected: 250
2026-08-15 01:34:42,456 [INFO] Pacing: sleep 1.4s
2026-08-15 01:34:43,871 [INFO] Page 19 | Collected: 250
2026-08-15 01:34:44,188 [INFO] Pacing: sleep 0.6s
2026-08-15 01:34:44,791 [INFO] Page 20 | Collected: 250
2026-08-15 01:34:45,120 [INFO] Pacing: sleep 0.5s
2026-08-15 01:34:45,634 [INFO] Page 21 | Collected: 500
2026-08-15 01:34:45,901 [INFO] Pacing: sleep 0.7s
2026-08-15 01:34:46,641 [INFO] Page 22 | Collected: 500
2026-08-15 01:34:46,915 [INFO] Pacing: sleep 1.2s
2026-08-15 01:34:48,097 [INFO] Page 23 | Collected: 500
2026-08-15 01:34:48,434 [INFO] Pacing: sleep 1.3s
2026-08-15 01:34:49,704 [INFO] Page 24 | Collected: 500
2026-08-15 01:34:49,962 [INFO] Pacing: sleep 0.5s
2026-08-15 01:34:50,470 [INFO] Page 25 | Collected: 500
2026-08-15 01:34:50,776 [INFO] Pacing: sleep 0.6s
2026-08-15 01:34:51,412 [INFO] Page 26 | Collected: 500
2026-08-15 01:34:51,684 [INFO] Pacing: sleep 0.6s
2026-08-15 01:34:52,246 [INFO] Page 27 | Collected: 500
2026-08-15 01:34:52,586 [INFO] Pacing: sleep 0.6s
2026-08-15 01:34:53,158 [INFO] Page 28 | Collected: 500
2026-08-15 01:34:53,484 [INFO] Pacing: sleep 1.0s
2026-08-15 01:34:54,492 [INFO] Page 29 | Collected: 500
2026-08-15 01:34:54,736 [INFO] Pacing: sleep 0.6s
2026-08-15 01:34:55,323 [INFO] Page 30 | Collected: 500
2026-08-15 01:34:56,072 [INFO] Pacing: sleep 0.6s
2026-08-15 01:34:56,660 [INFO] Page 31 | Collected: 750
2026-08-15 01:34:56,727 [WARNING] Block detected on page 31: HTTP 429
2026-08-15 01:34:56,727 [INFO] Saved raw HTML for debugging: blocked_0031.html
2026-08-15 01:34:56,727 [WARNING] Initiating ADAPTIVE THROTTLING. Sleeping 180s, switching to SAFE mode.
2026-08-15 01:37:56,728 [INFO] Pacing: sleep 55.0s | Short Cooldown: 50.6s
2026-08-15 01:38:51,709 [INFO] Page 31 | Collected: 750
2026-08-15 01:38:52,048 [INFO] Pacing: sleep 4.9s
2026-08-15 01:38:56,974 [INFO] Page 32 | Collected: 750
2026-08-15 01:38:57,245 [INFO] Pacing: sleep 5.0s
2026-08-15 01:39:02,208 [INFO] Page 33 | Collected: 750
2026-08-15 01:39:02,542 [INFO] Pacing: sleep 5.4s
2026-08-15 01:39:07,986 [INFO] Page 34 | Collected: 750
2026-08-15 01:39:08,302 [INFO] Pacing: sleep 7.0s
2026-08-15 01:39:15,298 [INFO] Page 35 | Collected: 750
2026-08-15 01:39:15,571 [INFO] Pacing: sleep 4.1s
2026-08-15 01:39:19,673 [INFO] Page 36 | Collected: 750
2026-08-15 01:39:20,041 [INFO] Pacing: sleep 7.8s
2026-08-15 01:39:27,880 [INFO] Page 37 | Collected: 750
2026-08-15 01:39:28,171 [INFO] Pacing: sleep 6.5s
2026-08-15 01:39:34,698 [INFO] Page 38 | Collected: 750
2026-08-15 01:39:35,063 [INFO] Pacing: sleep 6.7s
2026-08-15 01:39:41,812 [INFO] Page 39 | Collected: 750
2026-08-15 01:39:42,161 [INFO] Pacing: sleep 4.7s
2026-08-15 01:39:46,896 [INFO] Page 40 | Collected: 750
2026-08-15 01:39:47,190 [INFO] Pacing: sleep 139.6s | Long Cooldown: 134.2s
2026-08-15 01:42:06,780 [INFO] Page 41 | Collected: 1000
2026-08-15 01:42:07,120 [INFO] Pacing: sleep 7.5s
2026-08-15 01:42:14,652 [INFO] Page 42 | Collected: 1000
2026-08-15 01:42:14,943 [INFO] Pacing: sleep 7.0s
2026-08-15 01:42:21,939 [INFO] Page 43 | Collected: 1000
2026-08-15 01:42:22,213 [INFO] Pacing: sleep 6.5s
2026-08-15 01:42:28,731 [INFO] Page 44 | Collected: 1000
2026-08-15 01:42:29,104 [INFO] Pacing: sleep 6.5s
2026-08-15 01:42:35,619 [INFO] Page 45 | Collected: 1000
2026-08-15 01:42:35,865 [INFO] Pacing: sleep 7.9s
2026-08-15 01:42:43,744 [INFO] Page 46 | Collected: 1000
2026-08-15 01:42:43,914 [WARNING] Block detected on page 46: Suspicious term found: 'captcha'
2026-08-15 01:42:43,915 [INFO] Saved raw HTML for debugging: blocked_0046.html
2026-08-15 01:42:43,915 [ERROR] Blocked again even after safe mode. Stopping gracefully.
2026-08-15 01:42:43,916 [INFO] Crawl stopped. Reason: adaptive_throttle_failed_page_46. Finalizing...
2026-08-15 01:42:43,916 [INFO] Merging intermediate pages from work_dir: /home/runner/work/steam-diploma/steam-diploma/data/snapshots/data/snapshots/_in_progress/9553a680-cfab-4309-9423-fc2f7977fa38
2026-08-15 01:42:43,929 [WARNING] Found 1 duplicate appids across the snapshot.
