2026-10-01 18:16:54,160 [INFO] Steam Snapshot Collector Started.
2026-10-01 18:16:54,160 [INFO] Speed Mode: fast
2026-10-01 18:16:54,160 [INFO] Work Dir: /home/runner/work/steam-diploma/steam-diploma/data/snapshots
2026-10-01 18:16:54,160 [INFO] Base Output Dir: .
2026-10-01 18:16:54,161 [INFO] Page 1 | Collected: 0
2026-10-01 18:16:54,533 [INFO] Pacing: sleep 1.3s
2026-10-01 18:16:55,854 [INFO] Page 2 | Collected: 0
2026-10-01 18:16:56,426 [INFO] Pacing: sleep 0.6s
2026-10-01 18:16:57,042 [INFO] Page 3 | Collected: 0
2026-10-01 18:16:57,429 [INFO] Pacing: sleep 1.4s
2026-10-01 18:16:58,857 [INFO] Page 4 | Collected: 0
2026-10-01 18:16:59,185 [INFO] Pacing: sleep 0.9s
2026-10-01 18:17:00,048 [INFO] Page 5 | Collected: 0
2026-10-01 18:17:00,310 [INFO] Pacing: sleep 0.8s
2026-10-01 18:17:01,141 [INFO] Page 6 | Collected: 0
2026-10-01 18:17:01,451 [INFO] Pacing: sleep 0.5s
2026-10-01 18:17:01,966 [INFO] Page 7 | Collected: 0
2026-10-01 18:17:02,339 [INFO] Pacing: sleep 0.6s
2026-10-01 18:17:02,924 [INFO] Page 8 | Collected: 0
2026-10-01 18:17:03,191 [INFO] Pacing: sleep 0.6s
2026-10-01 18:17:03,784 [INFO] Page 9 | Collected: 0
2026-10-01 18:17:04,068 [INFO] Pacing: sleep 0.9s
2026-10-01 18:17:04,933 [INFO] Page 10 | Collected: 0
2026-10-01 18:17:05,319 [INFO] Pacing: sleep 0.7s
2026-10-01 18:17:05,982 [INFO] Page 11 | Collected: 250
2026-10-01 18:17:06,242 [INFO] Pacing: sleep 1.1s
2026-10-01 18:17:07,373 [INFO] Page 12 | Collected: 250
2026-10-01 18:17:07,796 [INFO] Pacing: sleep 1.4s
2026-10-01 18:17:09,170 [INFO] Page 13 | Collected: 250
2026-10-01 18:17:09,465 [INFO] Pacing: sleep 1.0s
2026-10-01 18:17:10,446 [INFO] Page 14 | Collected: 250
2026-10-01 18:17:10,708 [INFO] Pacing: sleep 1.0s
2026-10-01 18:17:11,699 [INFO] Page 15 | Collected: 250
2026-10-01 18:17:12,144 [INFO] Pacing: sleep 0.7s
2026-10-01 18:17:12,796 [INFO] Page 16 | Collected: 250
2026-10-01 18:17:13,048 [INFO] Pacing: sleep 1.2s
2026-10-01 18:17:14,288 [INFO] Page 17 | Collected: 250
2026-10-01 18:17:14,555 [INFO] Pacing: sleep 1.4s
2026-10-01 18:17:15,976 [INFO] Page 18 | Collected: 250
2026-10-01 18:17:16,340 [INFO] Pacing: sleep 0.8s
2026-10-01 18:17:17,132 [INFO] Page 19 | Collected: 250
2026-10-01 18:17:17,426 [INFO] Pacing: sleep 0.6s
2026-10-01 18:17:18,041 [INFO] Page 20 | Collected: 250
2026-10-01 18:17:18,456 [INFO] Pacing: sleep 0.8s
2026-10-01 18:17:19,262 [INFO] Page 21 | Collected: 500
2026-10-01 18:17:19,582 [INFO] Pacing: sleep 0.7s
2026-10-01 18:17:20,286 [INFO] Page 22 | Collected: 500
2026-10-01 18:17:20,572 [INFO] Pacing: sleep 1.0s
2026-10-01 18:17:21,604 [INFO] Page 23 | Collected: 500
2026-10-01 18:17:22,021 [INFO] Pacing: sleep 1.1s
2026-10-01 18:17:23,133 [INFO] Page 24 | Collected: 500
2026-10-01 18:17:23,417 [INFO] Pacing: sleep 1.2s
2026-10-01 18:17:24,599 [INFO] Page 25 | Collected: 500
2026-10-01 18:17:24,879 [INFO] Pacing: sleep 0.6s
2026-10-01 18:17:25,449 [INFO] Page 26 | Collected: 500
2026-10-01 18:17:25,834 [INFO] Pacing: sleep 1.2s
2026-10-01 18:17:27,012 [INFO] Page 27 | Collected: 500
2026-10-01 18:17:27,345 [INFO] Pacing: sleep 1.2s
2026-10-01 18:17:28,534 [INFO] Page 28 | Collected: 500
2026-10-01 18:17:29,014 [INFO] Pacing: sleep 1.2s
2026-10-01 18:17:30,165 [INFO] Page 29 | Collected: 500
2026-10-01 18:17:30,457 [INFO] Pacing: sleep 0.5s
2026-10-01 18:17:30,991 [INFO] Page 30 | Collected: 500
2026-10-01 18:17:31,397 [INFO] Pacing: sleep 1.2s
2026-10-01 18:17:32,569 [INFO] Page 31 | Collected: 750
2026-10-01 18:17:32,862 [WARNING] Block detected on page 31: HTTP 429
2026-10-01 18:17:32,862 [INFO] Saved raw HTML for debugging: blocked_0031.html
2026-10-01 18:17:32,862 [WARNING] Initiating ADAPTIVE THROTTLING. Sleeping 180s, switching to SAFE mode.
2026-10-01 18:20:32,862 [INFO] Pacing: sleep 55.3s | Short Cooldown: 48.1s
2026-10-01 18:21:28,191 [INFO] Page 31 | Collected: 750
2026-10-01 18:21:28,534 [INFO] Pacing: sleep 4.5s
2026-10-01 18:21:33,027 [INFO] Page 32 | Collected: 750
2026-10-01 18:21:33,285 [INFO] Pacing: sleep 4.3s
2026-10-01 18:21:37,559 [INFO] Page 33 | Collected: 750
2026-10-01 18:21:37,864 [INFO] Pacing: sleep 7.5s
2026-10-01 18:21:45,376 [INFO] Page 34 | Collected: 750
2026-10-01 18:21:45,660 [INFO] Pacing: sleep 4.0s
2026-10-01 18:21:49,706 [INFO] Page 35 | Collected: 750
2026-10-01 18:21:49,961 [INFO] Pacing: sleep 6.4s
2026-10-01 18:21:56,405 [INFO] Page 36 | Collected: 750
2026-10-01 18:21:56,737 [INFO] Pacing: sleep 4.7s
2026-10-01 18:22:01,465 [INFO] Page 37 | Collected: 750
2026-10-01 18:22:01,918 [INFO] Pacing: sleep 5.6s
2026-10-01 18:22:07,491 [INFO] Page 38 | Collected: 750
2026-10-01 18:22:07,952 [INFO] Pacing: sleep 4.5s
2026-10-01 18:22:12,418 [INFO] Page 39 | Collected: 750
2026-10-01 18:22:12,771 [INFO] Pacing: sleep 7.0s
2026-10-01 18:22:19,819 [INFO] Page 40 | Collected: 750
2026-10-01 18:22:20,225 [INFO] Pacing: sleep 173.5s | Long Cooldown: 167.0s
2026-10-01 18:25:13,747 [INFO] Page 41 | Collected: 1000
2026-10-01 18:25:14,058 [INFO] Pacing: sleep 4.8s
2026-10-01 18:25:18,886 [INFO] Page 42 | Collected: 1000
2026-10-01 18:25:19,222 [INFO] Pacing: sleep 6.5s
2026-10-01 18:25:25,765 [INFO] Page 43 | Collected: 1000
2026-10-01 18:25:26,062 [INFO] Pacing: sleep 5.1s
2026-10-01 18:25:31,117 [INFO] Page 44 | Collected: 1000
2026-10-01 18:25:31,682 [INFO] Pacing: sleep 7.1s
2026-10-01 18:25:38,738 [INFO] Page 45 | Collected: 1000
2026-10-01 18:25:38,993 [INFO] Pacing: sleep 6.1s
2026-10-01 18:25:45,095 [INFO] Page 46 | Collected: 1000
2026-10-01 18:25:45,363 [INFO] Pacing: sleep 7.1s
2026-10-01 18:25:52,436 [INFO] Page 47 | Collected: 1000
2026-10-01 18:25:52,586 [WARNING] Block detected on page 47: Suspicious term found: 'captcha'
2026-10-01 18:25:52,586 [INFO] Saved raw HTML for debugging: blocked_0047.html
2026-10-01 18:25:52,587 [ERROR] Blocked again even after safe mode. Stopping gracefully.
2026-10-01 18:25:52,588 [INFO] Crawl stopped. Reason: adaptive_throttle_failed_page_47. Finalizing...
2026-10-01 18:25:52,588 [INFO] Merging intermediate pages from work_dir: /home/runner/work/steam-diploma/steam-diploma/data/snapshots/data/snapshots/_in_progress/ca3b0f2b-c637-48d8-900c-0f3f22b7b2f7
