2026-10-03 16:01:20,943 [INFO] Steam Snapshot Collector Started.
2026-10-03 16:01:20,943 [INFO] Speed Mode: fast
2026-10-03 16:01:20,943 [INFO] Work Dir: /home/runner/work/steam-diploma/steam-diploma/data/snapshots
2026-10-03 16:01:20,943 [INFO] Base Output Dir: .
2026-10-03 16:01:20,944 [INFO] Page 1 | Collected: 0
2026-10-03 16:01:21,376 [INFO] Pacing: sleep 0.8s
2026-10-03 16:01:22,159 [INFO] Page 2 | Collected: 0
2026-10-03 16:01:22,455 [INFO] Pacing: sleep 0.7s
2026-10-03 16:01:23,151 [INFO] Page 3 | Collected: 0
2026-10-03 16:01:23,409 [INFO] Pacing: sleep 1.2s
2026-10-03 16:01:24,616 [INFO] Page 4 | Collected: 0
2026-10-03 16:01:24,987 [INFO] Pacing: sleep 0.7s
2026-10-03 16:01:25,656 [INFO] Page 5 | Collected: 0
2026-10-03 16:01:25,970 [INFO] Pacing: sleep 1.3s
2026-10-03 16:01:27,297 [INFO] Page 6 | Collected: 0
2026-10-03 16:01:27,569 [INFO] Pacing: sleep 0.6s
2026-10-03 16:01:28,181 [INFO] Page 7 | Collected: 0
2026-10-03 16:01:28,514 [INFO] Pacing: sleep 1.0s
2026-10-03 16:01:29,504 [INFO] Page 8 | Collected: 0
2026-10-03 16:01:29,775 [INFO] Pacing: sleep 1.2s
2026-10-03 16:01:30,942 [INFO] Page 9 | Collected: 0
2026-10-03 16:01:31,373 [INFO] Pacing: sleep 1.4s
2026-10-03 16:01:32,809 [INFO] Page 10 | Collected: 0
2026-10-03 16:01:33,147 [INFO] Pacing: sleep 1.4s
2026-10-03 16:01:34,515 [INFO] Page 11 | Collected: 250
2026-10-03 16:01:34,764 [INFO] Pacing: sleep 0.5s
2026-10-03 16:01:35,285 [INFO] Page 12 | Collected: 250
2026-10-03 16:01:35,616 [INFO] Pacing: sleep 0.5s
2026-10-03 16:01:36,124 [INFO] Page 13 | Collected: 250
2026-10-03 16:01:36,386 [INFO] Pacing: sleep 1.0s
2026-10-03 16:01:37,344 [INFO] Page 14 | Collected: 250
2026-10-03 16:01:37,606 [INFO] Pacing: sleep 0.8s
2026-10-03 16:01:38,364 [INFO] Page 15 | Collected: 250
2026-10-03 16:01:38,908 [INFO] Pacing: sleep 1.4s
2026-10-03 16:01:40,262 [INFO] Page 16 | Collected: 250
2026-10-03 16:01:40,511 [INFO] Pacing: sleep 1.4s
2026-10-03 16:01:41,935 [INFO] Page 17 | Collected: 250
2026-10-03 16:01:42,244 [INFO] Pacing: sleep 1.3s
2026-10-03 16:01:43,554 [INFO] Page 18 | Collected: 250
2026-10-03 16:01:43,912 [INFO] Pacing: sleep 1.4s
2026-10-03 16:01:45,357 [INFO] Page 19 | Collected: 250
2026-10-03 16:01:45,634 [INFO] Pacing: sleep 0.9s
2026-10-03 16:01:46,550 [INFO] Page 20 | Collected: 250
2026-10-03 16:01:46,885 [INFO] Pacing: sleep 0.8s
2026-10-03 16:01:47,712 [INFO] Page 21 | Collected: 500
2026-10-03 16:01:48,311 [INFO] Pacing: sleep 0.6s
2026-10-03 16:01:48,877 [INFO] Page 22 | Collected: 500
2026-10-03 16:01:49,210 [INFO] Pacing: sleep 0.6s
2026-10-03 16:01:49,791 [INFO] Page 23 | Collected: 500
2026-10-03 16:01:50,124 [INFO] Pacing: sleep 1.2s
2026-10-03 16:01:51,351 [INFO] Page 24 | Collected: 500
2026-10-03 16:01:51,682 [INFO] Pacing: sleep 0.9s
2026-10-03 16:01:52,561 [INFO] Page 25 | Collected: 500
2026-10-03 16:01:52,878 [INFO] Pacing: sleep 0.7s
2026-10-03 16:01:53,593 [INFO] Page 26 | Collected: 500
2026-10-03 16:01:53,933 [INFO] Pacing: sleep 1.1s
2026-10-03 16:01:55,054 [INFO] Page 27 | Collected: 500
2026-10-03 16:01:55,438 [INFO] Pacing: sleep 1.2s
2026-10-03 16:01:56,645 [INFO] Page 28 | Collected: 500
2026-10-03 16:01:57,012 [INFO] Pacing: sleep 0.7s
2026-10-03 16:01:57,748 [INFO] Page 29 | Collected: 500
2026-10-03 16:01:58,031 [INFO] Pacing: sleep 1.2s
2026-10-03 16:01:59,229 [INFO] Page 30 | Collected: 500
2026-10-03 16:01:59,483 [INFO] Pacing: sleep 1.5s
2026-10-03 16:02:00,947 [INFO] Page 31 | Collected: 750
2026-10-03 16:02:01,038 [WARNING] Block detected on page 31: HTTP 429
2026-10-03 16:02:01,039 [INFO] Saved raw HTML for debugging: blocked_0031.html
2026-10-03 16:02:01,039 [WARNING] Initiating ADAPTIVE THROTTLING. Sleeping 180s, switching to SAFE mode.
2026-10-03 16:05:01,039 [INFO] Pacing: sleep 52.9s | Short Cooldown: 45.5s
2026-10-03 16:05:53,962 [INFO] Page 31 | Collected: 750
2026-10-03 16:05:54,329 [INFO] Pacing: sleep 5.0s
2026-10-03 16:05:59,333 [INFO] Page 32 | Collected: 750
2026-10-03 16:05:59,666 [INFO] Pacing: sleep 7.9s
2026-10-03 16:06:07,601 [INFO] Page 33 | Collected: 750
2026-10-03 16:06:07,968 [INFO] Pacing: sleep 7.4s
2026-10-03 16:06:15,322 [INFO] Page 34 | Collected: 750
2026-10-03 16:06:15,611 [INFO] Pacing: sleep 4.7s
2026-10-03 16:06:20,331 [INFO] Page 35 | Collected: 750
2026-10-03 16:06:20,602 [INFO] Pacing: sleep 7.7s
2026-10-03 16:06:28,318 [INFO] Page 36 | Collected: 750
2026-10-03 16:06:28,768 [INFO] Pacing: sleep 7.0s
2026-10-03 16:06:35,764 [INFO] Page 37 | Collected: 750
2026-10-03 16:06:36,035 [INFO] Pacing: sleep 7.1s
2026-10-03 16:06:43,181 [INFO] Page 38 | Collected: 750
2026-10-03 16:06:43,468 [INFO] Pacing: sleep 7.2s
2026-10-03 16:06:50,700 [INFO] Page 39 | Collected: 750
2026-10-03 16:06:51,112 [INFO] Pacing: sleep 7.7s
2026-10-03 16:06:58,816 [INFO] Page 40 | Collected: 750
2026-10-03 16:06:59,295 [INFO] Pacing: sleep 204.6s | Long Cooldown: 197.7s
2026-10-03 16:10:23,914 [INFO] Page 41 | Collected: 1000
2026-10-03 16:10:24,268 [INFO] Pacing: sleep 4.5s
2026-10-03 16:10:28,727 [INFO] Page 42 | Collected: 1000
2026-10-03 16:10:28,978 [INFO] Pacing: sleep 6.6s
2026-10-03 16:10:35,579 [INFO] Page 43 | Collected: 1000
2026-10-03 16:10:35,862 [INFO] Pacing: sleep 4.3s
2026-10-03 16:10:40,144 [INFO] Page 44 | Collected: 1000
2026-10-03 16:10:40,561 [INFO] Pacing: sleep 6.9s
2026-10-03 16:10:47,424 [INFO] Page 45 | Collected: 1000
2026-10-03 16:10:47,692 [INFO] Pacing: sleep 6.3s
2026-10-03 16:10:53,983 [INFO] Page 46 | Collected: 1000
2026-10-03 16:10:54,247 [INFO] Pacing: sleep 7.0s
2026-10-03 16:11:01,241 [INFO] Page 47 | Collected: 1000
2026-10-03 16:11:01,440 [WARNING] Block detected on page 47: Suspicious term found: 'captcha'
2026-10-03 16:11:01,441 [INFO] Saved raw HTML for debugging: blocked_0047.html
2026-10-03 16:11:01,441 [ERROR] Blocked again even after safe mode. Stopping gracefully.
2026-10-03 16:11:01,443 [INFO] Crawl stopped. Reason: adaptive_throttle_failed_page_47. Finalizing...
2026-10-03 16:11:01,443 [INFO] Merging intermediate pages from work_dir: /home/runner/work/steam-diploma/steam-diploma/data/snapshots/data/snapshots/_in_progress/291bd4f7-e006-473e-be21-da6e35f23b99
