2026-09-08 03:58:12,385 [INFO] Steam Snapshot Collector Started.
2026-09-08 03:58:12,385 [INFO] Speed Mode: fast
2026-09-08 03:58:12,385 [INFO] Work Dir: /home/runner/work/steam-diploma/steam-diploma/data/snapshots
2026-09-08 03:58:12,385 [INFO] Base Output Dir: .
2026-09-08 03:58:12,386 [INFO] Page 1 | Collected: 0
2026-09-08 03:58:12,680 [INFO] Pacing: sleep 0.8s
2026-09-08 03:58:13,444 [INFO] Page 2 | Collected: 0
2026-09-08 03:58:13,699 [INFO] Pacing: sleep 0.9s
2026-09-08 03:58:14,604 [INFO] Page 3 | Collected: 0
2026-09-08 03:58:14,860 [INFO] Pacing: sleep 1.1s
2026-09-08 03:58:15,937 [INFO] Page 4 | Collected: 0
2026-09-08 03:58:16,349 [INFO] Pacing: sleep 0.6s
2026-09-08 03:58:16,961 [INFO] Page 5 | Collected: 0
2026-09-08 03:58:17,188 [INFO] Pacing: sleep 1.2s
2026-09-08 03:58:18,354 [INFO] Page 6 | Collected: 0
2026-09-08 03:58:18,633 [INFO] Pacing: sleep 1.1s
2026-09-08 03:58:19,703 [INFO] Page 7 | Collected: 0
2026-09-08 03:58:20,003 [INFO] Pacing: sleep 0.5s
2026-09-08 03:58:20,534 [INFO] Page 8 | Collected: 0
2026-09-08 03:58:20,792 [INFO] Pacing: sleep 0.7s
2026-09-08 03:58:21,457 [INFO] Page 9 | Collected: 0
2026-09-08 03:58:21,726 [INFO] Pacing: sleep 0.7s
2026-09-08 03:58:22,407 [INFO] Page 10 | Collected: 0
2026-09-08 03:58:22,840 [INFO] Pacing: sleep 0.8s
2026-09-08 03:58:23,602 [INFO] Page 11 | Collected: 250
2026-09-08 03:58:23,856 [INFO] Pacing: sleep 0.6s
2026-09-08 03:58:24,491 [INFO] Page 12 | Collected: 250
2026-09-08 03:58:24,783 [INFO] Pacing: sleep 1.0s
2026-09-08 03:58:25,746 [INFO] Page 13 | Collected: 250
2026-09-08 03:58:25,993 [INFO] Pacing: sleep 0.9s
2026-09-08 03:58:26,883 [INFO] Page 14 | Collected: 250
2026-09-08 03:58:27,140 [INFO] Pacing: sleep 1.0s
2026-09-08 03:58:28,146 [INFO] Page 15 | Collected: 250
2026-09-08 03:58:28,442 [INFO] Pacing: sleep 0.6s
2026-09-08 03:58:29,028 [INFO] Page 16 | Collected: 250
2026-09-08 03:58:29,282 [INFO] Pacing: sleep 0.7s
2026-09-08 03:58:29,964 [INFO] Page 17 | Collected: 250
2026-09-08 03:58:30,223 [INFO] Pacing: sleep 0.8s
2026-09-08 03:58:31,062 [INFO] Page 18 | Collected: 250
2026-09-08 03:58:31,419 [INFO] Pacing: sleep 0.7s
2026-09-08 03:58:32,146 [INFO] Page 19 | Collected: 250
2026-09-08 03:58:32,408 [INFO] Pacing: sleep 1.1s
2026-09-08 03:58:33,523 [INFO] Page 20 | Collected: 250
2026-09-08 03:58:33,860 [INFO] Pacing: sleep 0.5s
2026-09-08 03:58:34,406 [INFO] Page 21 | Collected: 500
2026-09-08 03:58:34,635 [INFO] Pacing: sleep 1.2s
2026-09-08 03:58:35,821 [INFO] Page 22 | Collected: 500
2026-09-08 03:58:36,125 [INFO] Pacing: sleep 1.3s
2026-09-08 03:58:37,441 [INFO] Page 23 | Collected: 500
2026-09-08 03:58:37,767 [INFO] Pacing: sleep 0.8s
2026-09-08 03:58:38,527 [INFO] Page 24 | Collected: 500
2026-09-08 03:58:38,798 [INFO] Pacing: sleep 1.1s
2026-09-08 03:58:39,895 [INFO] Page 25 | Collected: 500
2026-09-08 03:58:40,180 [INFO] Pacing: sleep 1.0s
2026-09-08 03:58:41,157 [INFO] Page 26 | Collected: 500
2026-09-08 03:58:41,418 [INFO] Pacing: sleep 1.4s
2026-09-08 03:58:42,839 [INFO] Page 27 | Collected: 500
2026-09-08 03:58:43,062 [INFO] Pacing: sleep 1.0s
2026-09-08 03:58:44,093 [INFO] Page 28 | Collected: 500
2026-09-08 03:58:44,404 [INFO] Pacing: sleep 1.1s
2026-09-08 03:58:45,508 [INFO] Page 29 | Collected: 500
2026-09-08 03:58:45,833 [INFO] Pacing: sleep 0.9s
2026-09-08 03:58:46,759 [INFO] Page 30 | Collected: 500
2026-09-08 03:58:47,013 [INFO] Pacing: sleep 1.4s
2026-09-08 03:58:48,419 [INFO] Page 31 | Collected: 750
2026-09-08 03:58:48,513 [WARNING] Block detected on page 31: HTTP 429
2026-09-08 03:58:48,514 [INFO] Saved raw HTML for debugging: blocked_0031.html
2026-09-08 03:58:48,514 [WARNING] Initiating ADAPTIVE THROTTLING. Sleeping 180s, switching to SAFE mode.
2026-09-08 04:01:48,514 [INFO] Pacing: sleep 63.0s | Short Cooldown: 58.1s
2026-09-08 04:02:51,501 [INFO] Page 31 | Collected: 750
2026-09-08 04:02:51,802 [INFO] Pacing: sleep 7.8s
2026-09-08 04:02:59,648 [INFO] Page 32 | Collected: 750
2026-09-08 04:02:59,882 [INFO] Pacing: sleep 7.1s
2026-09-08 04:03:07,022 [INFO] Page 33 | Collected: 750
2026-09-08 04:03:07,326 [INFO] Pacing: sleep 4.4s
2026-09-08 04:03:11,699 [INFO] Page 34 | Collected: 750
2026-09-08 04:03:11,964 [INFO] Pacing: sleep 4.8s
2026-09-08 04:03:16,772 [INFO] Page 35 | Collected: 750
2026-09-08 04:03:17,028 [INFO] Pacing: sleep 6.0s
2026-09-08 04:03:23,032 [INFO] Page 36 | Collected: 750
2026-09-08 04:03:23,347 [INFO] Pacing: sleep 6.3s
2026-09-08 04:03:29,655 [INFO] Page 37 | Collected: 750
2026-09-08 04:03:29,953 [INFO] Pacing: sleep 6.4s
2026-09-08 04:03:36,381 [INFO] Page 38 | Collected: 750
2026-09-08 04:03:36,616 [INFO] Pacing: sleep 5.2s
2026-09-08 04:03:41,855 [INFO] Page 39 | Collected: 750
2026-09-08 04:03:42,144 [INFO] Pacing: sleep 5.8s
2026-09-08 04:03:47,969 [INFO] Page 40 | Collected: 750
2026-09-08 04:03:48,248 [INFO] Pacing: sleep 243.2s | Long Cooldown: 236.9s
2026-09-08 04:07:51,419 [INFO] Page 41 | Collected: 1000
2026-09-08 04:07:51,722 [INFO] Pacing: sleep 6.6s
2026-09-08 04:07:58,355 [INFO] Page 42 | Collected: 1000
2026-09-08 04:07:58,594 [INFO] Pacing: sleep 6.3s
2026-09-08 04:08:04,896 [INFO] Page 43 | Collected: 1000
2026-09-08 04:08:05,128 [INFO] Pacing: sleep 7.0s
2026-09-08 04:08:12,118 [INFO] Page 44 | Collected: 1000
2026-09-08 04:08:12,425 [INFO] Pacing: sleep 8.0s
2026-09-08 04:08:20,389 [INFO] Page 45 | Collected: 1000
2026-09-08 04:08:20,640 [INFO] Pacing: sleep 4.7s
2026-09-08 04:08:25,379 [INFO] Page 46 | Collected: 1000
2026-09-08 04:08:25,689 [INFO] Pacing: sleep 4.1s
2026-09-08 04:08:29,776 [INFO] Page 47 | Collected: 1000
2026-09-08 04:08:30,085 [INFO] Pacing: sleep 7.8s
2026-09-08 04:08:37,918 [INFO] Page 48 | Collected: 1000
2026-09-08 04:08:38,071 [WARNING] Block detected on page 48: Suspicious term found: 'captcha'
2026-09-08 04:08:38,072 [INFO] Saved raw HTML for debugging: blocked_0048.html
2026-09-08 04:08:38,072 [ERROR] Blocked again even after safe mode. Stopping gracefully.
2026-09-08 04:08:38,073 [INFO] Crawl stopped. Reason: adaptive_throttle_failed_page_48. Finalizing...
2026-09-08 04:08:38,073 [INFO] Merging intermediate pages from work_dir: /home/runner/work/steam-diploma/steam-diploma/data/snapshots/data/snapshots/_in_progress/2bc7edc7-69d5-4916-a878-8904f772d99e
