2026-09-16 16:33:42,380 [INFO] Steam Snapshot Collector Started.
2026-09-16 16:33:42,380 [INFO] Speed Mode: fast
2026-09-16 16:33:42,380 [INFO] Work Dir: /home/runner/work/steam-diploma/steam-diploma/data/snapshots
2026-09-16 16:33:42,380 [INFO] Base Output Dir: .
2026-09-16 16:33:42,381 [INFO] Page 1 | Collected: 0
2026-09-16 16:33:42,796 [INFO] Pacing: sleep 1.2s
2026-09-16 16:33:43,983 [INFO] Page 2 | Collected: 0
2026-09-16 16:33:44,356 [INFO] Pacing: sleep 0.8s
2026-09-16 16:33:45,165 [INFO] Page 3 | Collected: 0
2026-09-16 16:33:45,541 [INFO] Pacing: sleep 1.1s
2026-09-16 16:33:46,604 [INFO] Page 4 | Collected: 0
2026-09-16 16:33:46,979 [INFO] Pacing: sleep 0.5s
2026-09-16 16:33:47,482 [INFO] Page 5 | Collected: 0
2026-09-16 16:33:47,834 [INFO] Pacing: sleep 0.7s
2026-09-16 16:33:48,513 [INFO] Page 6 | Collected: 0
2026-09-16 16:33:48,940 [INFO] Pacing: sleep 1.0s
2026-09-16 16:33:49,964 [INFO] Page 7 | Collected: 0
2026-09-16 16:33:50,345 [INFO] Pacing: sleep 0.6s
2026-09-16 16:33:50,910 [INFO] Page 8 | Collected: 0
2026-09-16 16:33:51,277 [INFO] Pacing: sleep 1.3s
2026-09-16 16:33:52,590 [INFO] Page 9 | Collected: 0
2026-09-16 16:33:52,998 [INFO] Pacing: sleep 1.0s
2026-09-16 16:33:53,980 [INFO] Page 10 | Collected: 0
2026-09-16 16:33:54,378 [INFO] Pacing: sleep 1.1s
2026-09-16 16:33:55,462 [INFO] Page 11 | Collected: 250
2026-09-16 16:33:55,769 [INFO] Pacing: sleep 1.4s
2026-09-16 16:33:57,138 [INFO] Page 12 | Collected: 250
2026-09-16 16:33:57,632 [INFO] Pacing: sleep 1.4s
2026-09-16 16:33:59,072 [INFO] Page 13 | Collected: 250
2026-09-16 16:33:59,362 [INFO] Pacing: sleep 0.8s
2026-09-16 16:34:00,149 [INFO] Page 14 | Collected: 250
2026-09-16 16:34:00,516 [INFO] Pacing: sleep 0.9s
2026-09-16 16:34:01,463 [INFO] Page 15 | Collected: 250
2026-09-16 16:34:01,862 [INFO] Pacing: sleep 1.2s
2026-09-16 16:34:03,095 [INFO] Page 16 | Collected: 250
2026-09-16 16:34:03,397 [INFO] Pacing: sleep 1.2s
2026-09-16 16:34:04,610 [INFO] Page 17 | Collected: 250
2026-09-16 16:34:04,914 [INFO] Pacing: sleep 1.5s
2026-09-16 16:34:06,401 [INFO] Page 18 | Collected: 250
2026-09-16 16:34:06,838 [INFO] Pacing: sleep 1.2s
2026-09-16 16:34:08,008 [INFO] Page 19 | Collected: 250
2026-09-16 16:34:08,336 [INFO] Pacing: sleep 0.9s
2026-09-16 16:34:09,198 [INFO] Page 20 | Collected: 250
2026-09-16 16:34:09,647 [INFO] Pacing: sleep 1.0s
2026-09-16 16:34:10,672 [INFO] Page 21 | Collected: 500
2026-09-16 16:34:10,972 [INFO] Pacing: sleep 0.6s
2026-09-16 16:34:11,554 [INFO] Page 22 | Collected: 500
2026-09-16 16:34:11,845 [INFO] Pacing: sleep 0.9s
2026-09-16 16:34:12,758 [INFO] Page 23 | Collected: 500
2026-09-16 16:34:13,128 [INFO] Pacing: sleep 1.5s
2026-09-16 16:34:14,598 [INFO] Page 24 | Collected: 500
2026-09-16 16:34:14,917 [INFO] Pacing: sleep 0.8s
2026-09-16 16:34:15,738 [INFO] Page 25 | Collected: 500
2026-09-16 16:34:16,050 [INFO] Pacing: sleep 0.6s
2026-09-16 16:34:16,625 [INFO] Page 26 | Collected: 500
2026-09-16 16:34:17,149 [INFO] Pacing: sleep 1.4s
2026-09-16 16:34:18,590 [INFO] Page 27 | Collected: 500
2026-09-16 16:34:18,900 [INFO] Pacing: sleep 0.6s
2026-09-16 16:34:19,523 [INFO] Page 28 | Collected: 500
2026-09-16 16:34:19,972 [INFO] Pacing: sleep 1.2s
2026-09-16 16:34:21,177 [INFO] Page 29 | Collected: 500
2026-09-16 16:34:21,467 [INFO] Pacing: sleep 1.1s
2026-09-16 16:34:22,558 [INFO] Page 30 | Collected: 500
2026-09-16 16:34:22,841 [INFO] Pacing: sleep 0.6s
2026-09-16 16:34:23,483 [INFO] Page 31 | Collected: 750
2026-09-16 16:34:23,608 [WARNING] Block detected on page 31: HTTP 429
2026-09-16 16:34:23,609 [INFO] Saved raw HTML for debugging: blocked_0031.html
2026-09-16 16:34:23,609 [WARNING] Initiating ADAPTIVE THROTTLING. Sleeping 180s, switching to SAFE mode.
2026-09-16 16:37:23,609 [INFO] Pacing: sleep 64.1s | Short Cooldown: 57.2s
2026-09-16 16:38:27,714 [INFO] Page 31 | Collected: 750
2026-09-16 16:38:28,112 [INFO] Pacing: sleep 7.3s
2026-09-16 16:38:35,407 [INFO] Page 32 | Collected: 750
2026-09-16 16:38:35,715 [INFO] Pacing: sleep 7.2s
2026-09-16 16:38:42,910 [INFO] Page 33 | Collected: 750
2026-09-16 16:38:43,396 [INFO] Pacing: sleep 6.8s
2026-09-16 16:38:50,154 [INFO] Page 34 | Collected: 750
2026-09-16 16:38:50,628 [INFO] Pacing: sleep 6.3s
2026-09-16 16:38:56,973 [INFO] Page 35 | Collected: 750
2026-09-16 16:38:57,304 [INFO] Pacing: sleep 4.8s
2026-09-16 16:39:02,099 [INFO] Page 36 | Collected: 750
2026-09-16 16:39:02,467 [INFO] Pacing: sleep 5.0s
2026-09-16 16:39:07,479 [INFO] Page 37 | Collected: 750
2026-09-16 16:39:07,809 [INFO] Pacing: sleep 5.3s
2026-09-16 16:39:13,124 [INFO] Page 38 | Collected: 750
2026-09-16 16:39:13,388 [INFO] Pacing: sleep 8.0s
2026-09-16 16:39:21,346 [INFO] Page 39 | Collected: 750
2026-09-16 16:39:21,720 [INFO] Pacing: sleep 4.7s
2026-09-16 16:39:26,372 [INFO] Page 40 | Collected: 750
2026-09-16 16:39:26,753 [INFO] Pacing: sleep 180.9s | Long Cooldown: 173.2s
2026-09-16 16:42:27,689 [INFO] Page 41 | Collected: 1000
2026-09-16 16:42:28,172 [INFO] Pacing: sleep 4.2s
2026-09-16 16:42:32,327 [INFO] Page 42 | Collected: 1000
2026-09-16 16:42:32,655 [INFO] Pacing: sleep 7.6s
2026-09-16 16:42:40,245 [INFO] Page 43 | Collected: 1000
2026-09-16 16:42:40,556 [INFO] Pacing: sleep 5.2s
2026-09-16 16:42:45,765 [INFO] Page 44 | Collected: 1000
2026-09-16 16:42:46,199 [INFO] Pacing: sleep 7.9s
2026-09-16 16:42:54,063 [INFO] Page 45 | Collected: 1000
2026-09-16 16:42:54,380 [INFO] Pacing: sleep 7.8s
2026-09-16 16:43:02,181 [INFO] Page 46 | Collected: 1000
2026-09-16 16:43:02,512 [INFO] Pacing: sleep 6.6s
2026-09-16 16:43:09,146 [INFO] Page 47 | Collected: 1000
2026-09-16 16:43:09,513 [INFO] Pacing: sleep 4.4s
2026-09-16 16:43:13,932 [INFO] Page 48 | Collected: 1000
2026-09-16 16:43:14,107 [WARNING] Block detected on page 48: Suspicious term found: 'captcha'
2026-09-16 16:43:14,108 [INFO] Saved raw HTML for debugging: blocked_0048.html
2026-09-16 16:43:14,108 [ERROR] Blocked again even after safe mode. Stopping gracefully.
2026-09-16 16:43:14,110 [INFO] Crawl stopped. Reason: adaptive_throttle_failed_page_48. Finalizing...
2026-09-16 16:43:14,110 [INFO] Merging intermediate pages from work_dir: /home/runner/work/steam-diploma/steam-diploma/data/snapshots/data/snapshots/_in_progress/0db0422d-fe22-4279-9112-ea884ebc9c18
