2026-08-09 13:01:26,245 [INFO] Steam Snapshot Collector Started.
2026-08-09 13:01:26,245 [INFO] Speed Mode: fast
2026-08-09 13:01:26,245 [INFO] Work Dir: /home/runner/work/steam-diploma/steam-diploma/data/snapshots
2026-08-09 13:01:26,245 [INFO] Base Output Dir: .
2026-08-09 13:01:26,246 [INFO] Page 1 | Collected: 0
2026-08-09 13:01:26,568 [INFO] Pacing: sleep 0.8s
2026-08-09 13:01:27,374 [INFO] Page 2 | Collected: 0
2026-08-09 13:01:27,638 [INFO] Pacing: sleep 1.2s
2026-08-09 13:01:28,794 [INFO] Page 3 | Collected: 0
2026-08-09 13:01:29,006 [INFO] Pacing: sleep 1.2s
2026-08-09 13:01:30,250 [INFO] Page 4 | Collected: 0
2026-08-09 13:01:30,525 [INFO] Pacing: sleep 0.8s
2026-08-09 13:01:31,347 [INFO] Page 5 | Collected: 0
2026-08-09 13:01:31,564 [INFO] Pacing: sleep 0.5s
2026-08-09 13:01:32,114 [INFO] Page 6 | Collected: 0
2026-08-09 13:01:32,363 [INFO] Pacing: sleep 1.2s
2026-08-09 13:01:33,559 [INFO] Page 7 | Collected: 0
2026-08-09 13:01:33,848 [WARNING] Page 7 had 1 duplicate appids seen previously.
2026-08-09 13:01:33,848 [INFO] Pacing: sleep 1.0s
2026-08-09 13:01:34,805 [INFO] Page 8 | Collected: 0
2026-08-09 13:01:35,030 [INFO] Pacing: sleep 0.7s
2026-08-09 13:01:35,757 [INFO] Page 9 | Collected: 0
2026-08-09 13:01:35,988 [INFO] Pacing: sleep 1.1s
2026-08-09 13:01:37,092 [INFO] Page 10 | Collected: 0
2026-08-09 13:01:37,355 [INFO] Pacing: sleep 1.3s
2026-08-09 13:01:38,692 [INFO] Page 11 | Collected: 250
2026-08-09 13:01:38,913 [INFO] Pacing: sleep 0.5s
2026-08-09 13:01:39,458 [INFO] Page 12 | Collected: 250
2026-08-09 13:01:39,753 [INFO] Pacing: sleep 1.0s
2026-08-09 13:01:40,720 [INFO] Page 13 | Collected: 250
2026-08-09 13:01:40,982 [INFO] Pacing: sleep 1.1s
2026-08-09 13:01:42,082 [INFO] Page 14 | Collected: 250
2026-08-09 13:01:42,316 [INFO] Pacing: sleep 1.1s
2026-08-09 13:01:43,432 [INFO] Page 15 | Collected: 250
2026-08-09 13:01:43,734 [INFO] Pacing: sleep 1.4s
2026-08-09 13:01:45,163 [INFO] Page 16 | Collected: 250
2026-08-09 13:01:45,404 [INFO] Pacing: sleep 1.2s
2026-08-09 13:01:46,639 [INFO] Page 17 | Collected: 250
2026-08-09 13:01:46,923 [INFO] Pacing: sleep 1.0s
2026-08-09 13:01:47,972 [INFO] Page 18 | Collected: 250
2026-08-09 13:01:48,189 [INFO] Pacing: sleep 1.4s
2026-08-09 13:01:49,542 [INFO] Page 19 | Collected: 250
2026-08-09 13:01:49,803 [INFO] Pacing: sleep 0.9s
2026-08-09 13:01:50,746 [INFO] Page 20 | Collected: 250
2026-08-09 13:01:51,023 [INFO] Pacing: sleep 0.7s
2026-08-09 13:01:51,757 [INFO] Page 21 | Collected: 500
2026-08-09 13:01:51,976 [INFO] Pacing: sleep 1.2s
2026-08-09 13:01:53,139 [INFO] Page 22 | Collected: 500
2026-08-09 13:01:53,430 [INFO] Pacing: sleep 1.5s
2026-08-09 13:01:54,928 [INFO] Page 23 | Collected: 500
2026-08-09 13:01:55,205 [INFO] Pacing: sleep 1.0s
2026-08-09 13:01:56,213 [INFO] Page 24 | Collected: 500
2026-08-09 13:01:56,679 [INFO] Pacing: sleep 0.8s
2026-08-09 13:01:57,444 [INFO] Page 25 | Collected: 500
2026-08-09 13:01:57,722 [INFO] Pacing: sleep 1.0s
2026-08-09 13:01:58,687 [INFO] Page 26 | Collected: 500
2026-08-09 13:01:58,934 [INFO] Pacing: sleep 1.4s
2026-08-09 13:02:00,345 [INFO] Page 27 | Collected: 500
2026-08-09 13:02:00,587 [INFO] Pacing: sleep 1.3s
2026-08-09 13:02:01,878 [INFO] Page 28 | Collected: 500
2026-08-09 13:02:02,155 [INFO] Pacing: sleep 0.6s
2026-08-09 13:02:02,805 [INFO] Page 29 | Collected: 500
2026-08-09 13:02:03,099 [INFO] Pacing: sleep 1.0s
2026-08-09 13:02:04,088 [INFO] Page 30 | Collected: 500
2026-08-09 13:02:04,356 [INFO] Pacing: sleep 1.5s
2026-08-09 13:02:05,854 [INFO] Page 31 | Collected: 750
2026-08-09 13:02:05,944 [WARNING] Block detected on page 31: HTTP 429
2026-08-09 13:02:05,944 [INFO] Saved raw HTML for debugging: blocked_0031.html
2026-08-09 13:02:05,944 [WARNING] Initiating ADAPTIVE THROTTLING. Sleeping 180s, switching to SAFE mode.
2026-08-09 13:05:05,944 [INFO] Pacing: sleep 52.9s | Short Cooldown: 47.7s
2026-08-09 13:05:58,833 [INFO] Page 31 | Collected: 750
2026-08-09 13:05:59,065 [INFO] Pacing: sleep 7.6s
2026-08-09 13:06:06,695 [INFO] Page 32 | Collected: 750
2026-08-09 13:06:06,925 [INFO] Pacing: sleep 7.3s
2026-08-09 13:06:14,251 [INFO] Page 33 | Collected: 750
2026-08-09 13:06:14,693 [INFO] Pacing: sleep 6.7s
2026-08-09 13:06:21,391 [INFO] Page 34 | Collected: 750
2026-08-09 13:06:21,644 [INFO] Pacing: sleep 7.6s
2026-08-09 13:06:29,214 [INFO] Page 35 | Collected: 750
2026-08-09 13:06:29,496 [INFO] Pacing: sleep 5.1s
2026-08-09 13:06:34,575 [INFO] Page 36 | Collected: 750
2026-08-09 13:06:34,812 [INFO] Pacing: sleep 4.5s
2026-08-09 13:06:39,278 [INFO] Page 37 | Collected: 750
2026-08-09 13:06:39,514 [INFO] Pacing: sleep 7.9s
2026-08-09 13:06:47,425 [INFO] Page 38 | Collected: 750
2026-08-09 13:06:47,723 [INFO] Pacing: sleep 4.1s
2026-08-09 13:06:51,824 [INFO] Page 39 | Collected: 750
2026-08-09 13:06:52,039 [INFO] Pacing: sleep 7.8s
2026-08-09 13:06:59,823 [INFO] Page 40 | Collected: 750
2026-08-09 13:07:00,101 [INFO] Pacing: sleep 242.2s | Long Cooldown: 237.8s
2026-08-09 13:11:02,288 [INFO] Page 41 | Collected: 1000
2026-08-09 13:11:02,523 [INFO] Pacing: sleep 7.5s
2026-08-09 13:11:10,023 [INFO] Page 42 | Collected: 1000
2026-08-09 13:11:10,255 [INFO] Pacing: sleep 7.7s
2026-08-09 13:11:17,991 [INFO] Page 43 | Collected: 1000
2026-08-09 13:11:18,305 [INFO] Pacing: sleep 6.5s
2026-08-09 13:11:24,828 [INFO] Page 44 | Collected: 1000
2026-08-09 13:11:25,061 [INFO] Pacing: sleep 6.1s
2026-08-09 13:11:31,130 [INFO] Page 45 | Collected: 1000
2026-08-09 13:11:31,396 [INFO] Pacing: sleep 5.1s
2026-08-09 13:11:36,453 [INFO] Page 46 | Collected: 1000
2026-08-09 13:11:36,727 [INFO] Pacing: sleep 7.2s
2026-08-09 13:11:43,878 [INFO] Page 47 | Collected: 1000
2026-08-09 13:11:44,017 [WARNING] Block detected on page 47: Suspicious term found: 'captcha'
2026-08-09 13:11:44,018 [INFO] Saved raw HTML for debugging: blocked_0047.html
2026-08-09 13:11:44,018 [ERROR] Blocked again even after safe mode. Stopping gracefully.
2026-08-09 13:11:44,019 [INFO] Crawl stopped. Reason: adaptive_throttle_failed_page_47. Finalizing...
2026-08-09 13:11:44,020 [INFO] Merging intermediate pages from work_dir: /home/runner/work/steam-diploma/steam-diploma/data/snapshots/data/snapshots/_in_progress/e2dcce75-98e2-416c-84a5-02bcf9fa23c0
2026-08-09 13:11:44,030 [WARNING] Found 1 duplicate appids across the snapshot.
