2026-08-25 12:55:44,245 [INFO] Steam Snapshot Collector Started.
2026-08-25 12:55:44,245 [INFO] Speed Mode: fast
2026-08-25 12:55:44,245 [INFO] Work Dir: /home/runner/work/steam-diploma/steam-diploma/data/snapshots
2026-08-25 12:55:44,245 [INFO] Base Output Dir: .
2026-08-25 12:55:44,245 [INFO] Page 1 | Collected: 0
2026-08-25 12:55:44,582 [INFO] Pacing: sleep 0.6s
2026-08-25 12:55:45,195 [INFO] Page 2 | Collected: 0
2026-08-25 12:55:45,516 [INFO] Pacing: sleep 0.9s
2026-08-25 12:55:46,433 [INFO] Page 3 | Collected: 0
2026-08-25 12:55:46,708 [INFO] Pacing: sleep 0.6s
2026-08-25 12:55:47,299 [INFO] Page 4 | Collected: 0
2026-08-25 12:55:47,660 [INFO] Pacing: sleep 0.8s
2026-08-25 12:55:48,486 [INFO] Page 5 | Collected: 0
2026-08-25 12:55:48,793 [INFO] Pacing: sleep 1.0s
2026-08-25 12:55:49,765 [INFO] Page 6 | Collected: 0
2026-08-25 12:55:50,045 [INFO] Pacing: sleep 1.1s
2026-08-25 12:55:51,141 [INFO] Page 7 | Collected: 0
2026-08-25 12:55:51,494 [INFO] Pacing: sleep 0.6s
2026-08-25 12:55:52,105 [INFO] Page 8 | Collected: 0
2026-08-25 12:55:52,414 [INFO] Pacing: sleep 1.0s
2026-08-25 12:55:53,409 [INFO] Page 9 | Collected: 0
2026-08-25 12:55:53,710 [INFO] Pacing: sleep 0.9s
2026-08-25 12:55:54,611 [INFO] Page 10 | Collected: 0
2026-08-25 12:55:55,000 [INFO] Pacing: sleep 0.5s
2026-08-25 12:55:55,533 [INFO] Page 11 | Collected: 250
2026-08-25 12:55:55,846 [INFO] Pacing: sleep 0.6s
2026-08-25 12:55:56,421 [INFO] Page 12 | Collected: 250
2026-08-25 12:55:56,824 [INFO] Pacing: sleep 1.3s
2026-08-25 12:55:58,116 [INFO] Page 13 | Collected: 250
2026-08-25 12:55:58,399 [INFO] Pacing: sleep 1.0s
2026-08-25 12:55:59,361 [INFO] Page 14 | Collected: 250
2026-08-25 12:55:59,667 [INFO] Pacing: sleep 0.8s
2026-08-25 12:56:00,436 [INFO] Page 15 | Collected: 250
2026-08-25 12:56:00,795 [INFO] Pacing: sleep 0.6s
2026-08-25 12:56:01,375 [INFO] Page 16 | Collected: 250
2026-08-25 12:56:01,690 [INFO] Pacing: sleep 1.1s
2026-08-25 12:56:02,780 [INFO] Page 17 | Collected: 250
2026-08-25 12:56:03,068 [INFO] Pacing: sleep 0.6s
2026-08-25 12:56:03,633 [INFO] Page 18 | Collected: 250
2026-08-25 12:56:03,993 [INFO] Pacing: sleep 1.4s
2026-08-25 12:56:05,438 [INFO] Page 19 | Collected: 250
2026-08-25 12:56:05,811 [INFO] Pacing: sleep 0.6s
2026-08-25 12:56:06,415 [INFO] Page 20 | Collected: 250
2026-08-25 12:56:06,749 [INFO] Pacing: sleep 0.6s
2026-08-25 12:56:07,301 [INFO] Page 21 | Collected: 500
2026-08-25 12:56:07,586 [INFO] Pacing: sleep 0.6s
2026-08-25 12:56:08,171 [INFO] Page 22 | Collected: 500
2026-08-25 12:56:08,563 [INFO] Pacing: sleep 0.9s
2026-08-25 12:56:09,503 [INFO] Page 23 | Collected: 500
2026-08-25 12:56:09,849 [INFO] Pacing: sleep 0.8s
2026-08-25 12:56:10,658 [INFO] Page 24 | Collected: 500
2026-08-25 12:56:10,974 [INFO] Pacing: sleep 1.4s
2026-08-25 12:56:12,384 [INFO] Page 25 | Collected: 500
2026-08-25 12:56:12,756 [INFO] Pacing: sleep 0.9s
2026-08-25 12:56:13,653 [INFO] Page 26 | Collected: 500
2026-08-25 12:56:14,051 [INFO] Pacing: sleep 1.4s
2026-08-25 12:56:15,495 [INFO] Page 27 | Collected: 500
2026-08-25 12:56:15,783 [INFO] Pacing: sleep 0.6s
2026-08-25 12:56:16,353 [INFO] Page 28 | Collected: 500
2026-08-25 12:56:16,756 [INFO] Pacing: sleep 1.1s
2026-08-25 12:56:17,812 [INFO] Page 29 | Collected: 500
2026-08-25 12:56:18,209 [INFO] Pacing: sleep 1.4s
2026-08-25 12:56:19,620 [INFO] Page 30 | Collected: 500
2026-08-25 12:56:19,940 [INFO] Pacing: sleep 0.9s
2026-08-25 12:56:20,881 [INFO] Page 31 | Collected: 750
2026-08-25 12:56:21,079 [WARNING] Block detected on page 31: HTTP 429
2026-08-25 12:56:21,079 [INFO] Saved raw HTML for debugging: blocked_0031.html
2026-08-25 12:56:21,079 [WARNING] Initiating ADAPTIVE THROTTLING. Sleeping 180s, switching to SAFE mode.
2026-08-25 12:59:21,080 [INFO] Pacing: sleep 48.2s | Short Cooldown: 43.3s
2026-08-25 13:00:09,275 [INFO] Page 31 | Collected: 750
2026-08-25 13:00:09,632 [INFO] Pacing: sleep 6.5s
2026-08-25 13:00:16,127 [INFO] Page 32 | Collected: 750
2026-08-25 13:00:16,414 [INFO] Pacing: sleep 7.0s
2026-08-25 13:00:23,439 [INFO] Page 33 | Collected: 750
2026-08-25 13:00:23,845 [INFO] Pacing: sleep 6.8s
2026-08-25 13:00:30,650 [INFO] Page 34 | Collected: 750
2026-08-25 13:00:30,936 [INFO] Pacing: sleep 6.0s
2026-08-25 13:00:36,955 [INFO] Page 35 | Collected: 750
2026-08-25 13:00:37,373 [INFO] Pacing: sleep 6.7s
2026-08-25 13:00:44,121 [INFO] Page 36 | Collected: 750
2026-08-25 13:00:44,445 [INFO] Pacing: sleep 4.5s
2026-08-25 13:00:48,906 [INFO] Page 37 | Collected: 750
2026-08-25 13:00:49,245 [INFO] Pacing: sleep 5.0s
2026-08-25 13:00:54,238 [INFO] Page 38 | Collected: 750
2026-08-25 13:00:54,556 [INFO] Pacing: sleep 5.2s
2026-08-25 13:00:59,740 [INFO] Page 39 | Collected: 750
2026-08-25 13:01:00,167 [INFO] Pacing: sleep 7.8s
2026-08-25 13:01:07,993 [INFO] Page 40 | Collected: 750
2026-08-25 13:01:08,257 [INFO] Pacing: sleep 138.2s | Long Cooldown: 131.4s
2026-08-25 13:03:26,481 [INFO] Page 41 | Collected: 1000
2026-08-25 13:03:26,844 [INFO] Pacing: sleep 7.5s
2026-08-25 13:03:34,337 [INFO] Page 42 | Collected: 1000
2026-08-25 13:03:35,056 [INFO] Pacing: sleep 4.0s
2026-08-25 13:03:39,076 [INFO] Page 43 | Collected: 1000
2026-08-25 13:03:39,375 [INFO] Pacing: sleep 6.9s
2026-08-25 13:03:46,232 [INFO] Page 44 | Collected: 1000
2026-08-25 13:03:46,593 [INFO] Pacing: sleep 8.0s
2026-08-25 13:03:54,552 [INFO] Page 45 | Collected: 1000
2026-08-25 13:03:54,834 [INFO] Pacing: sleep 5.7s
2026-08-25 13:04:00,512 [INFO] Page 46 | Collected: 1000
2026-08-25 13:04:00,676 [WARNING] Block detected on page 46: Suspicious term found: 'captcha'
2026-08-25 13:04:00,677 [INFO] Saved raw HTML for debugging: blocked_0046.html
2026-08-25 13:04:00,677 [ERROR] Blocked again even after safe mode. Stopping gracefully.
2026-08-25 13:04:00,678 [INFO] Crawl stopped. Reason: adaptive_throttle_failed_page_46. Finalizing...
2026-08-25 13:04:00,679 [INFO] Merging intermediate pages from work_dir: /home/runner/work/steam-diploma/steam-diploma/data/snapshots/data/snapshots/_in_progress/336fa0c7-6c43-461f-8216-daa7284f2198
