2026-09-13 15:56:57,328 [INFO] Steam Snapshot Collector Started.
2026-09-13 15:56:57,328 [INFO] Speed Mode: fast
2026-09-13 15:56:57,328 [INFO] Work Dir: /home/runner/work/steam-diploma/steam-diploma/data/snapshots
2026-09-13 15:56:57,328 [INFO] Base Output Dir: .
2026-09-13 15:56:57,328 [INFO] Page 1 | Collected: 0
2026-09-13 15:56:57,865 [INFO] Pacing: sleep 0.6s
2026-09-13 15:56:58,420 [INFO] Page 2 | Collected: 0
2026-09-13 15:56:58,761 [INFO] Pacing: sleep 1.5s
2026-09-13 15:57:00,249 [INFO] Page 3 | Collected: 0
2026-09-13 15:57:00,501 [INFO] Pacing: sleep 1.1s
2026-09-13 15:57:01,566 [INFO] Page 4 | Collected: 0
2026-09-13 15:57:01,877 [INFO] Pacing: sleep 1.3s
2026-09-13 15:57:03,222 [INFO] Page 5 | Collected: 0
2026-09-13 15:57:03,451 [INFO] Pacing: sleep 1.4s
2026-09-13 15:57:04,853 [INFO] Page 6 | Collected: 0
2026-09-13 15:57:05,093 [INFO] Pacing: sleep 1.3s
2026-09-13 15:57:06,386 [INFO] Page 7 | Collected: 0
2026-09-13 15:57:06,729 [INFO] Pacing: sleep 1.3s
2026-09-13 15:57:08,020 [INFO] Page 8 | Collected: 0
2026-09-13 15:57:08,310 [INFO] Pacing: sleep 1.0s
2026-09-13 15:57:09,270 [INFO] Page 9 | Collected: 0
2026-09-13 15:57:09,514 [INFO] Pacing: sleep 0.7s
2026-09-13 15:57:10,196 [INFO] Page 10 | Collected: 0
2026-09-13 15:57:10,536 [INFO] Pacing: sleep 0.9s
2026-09-13 15:57:11,422 [INFO] Page 11 | Collected: 250
2026-09-13 15:57:11,706 [INFO] Pacing: sleep 1.1s
2026-09-13 15:57:12,840 [INFO] Page 12 | Collected: 250
2026-09-13 15:57:13,164 [INFO] Pacing: sleep 1.0s
2026-09-13 15:57:14,133 [INFO] Page 13 | Collected: 250
2026-09-13 15:57:14,364 [INFO] Pacing: sleep 0.9s
2026-09-13 15:57:15,274 [INFO] Page 14 | Collected: 250
2026-09-13 15:57:15,580 [INFO] Pacing: sleep 1.2s
2026-09-13 15:57:16,757 [INFO] Page 15 | Collected: 250
2026-09-13 15:57:17,111 [INFO] Pacing: sleep 0.9s
2026-09-13 15:57:17,990 [INFO] Page 16 | Collected: 250
2026-09-13 15:57:18,249 [INFO] Pacing: sleep 0.9s
2026-09-13 15:57:19,197 [INFO] Page 17 | Collected: 250
2026-09-13 15:57:19,481 [INFO] Pacing: sleep 0.7s
2026-09-13 15:57:20,137 [INFO] Page 18 | Collected: 250
2026-09-13 15:57:20,483 [INFO] Pacing: sleep 0.6s
2026-09-13 15:57:21,062 [INFO] Page 19 | Collected: 250
2026-09-13 15:57:21,334 [INFO] Pacing: sleep 1.0s
2026-09-13 15:57:22,364 [INFO] Page 20 | Collected: 250
2026-09-13 15:57:22,711 [INFO] Pacing: sleep 1.1s
2026-09-13 15:57:23,783 [INFO] Page 21 | Collected: 500
2026-09-13 15:57:24,078 [INFO] Pacing: sleep 1.0s
2026-09-13 15:57:25,124 [INFO] Page 22 | Collected: 500
2026-09-13 15:57:25,383 [INFO] Pacing: sleep 1.3s
2026-09-13 15:57:26,638 [INFO] Page 23 | Collected: 500
2026-09-13 15:57:26,964 [INFO] Pacing: sleep 0.6s
2026-09-13 15:57:27,552 [INFO] Page 24 | Collected: 500
2026-09-13 15:57:27,795 [INFO] Pacing: sleep 1.3s
2026-09-13 15:57:29,132 [INFO] Page 25 | Collected: 500
2026-09-13 15:57:29,389 [INFO] Pacing: sleep 0.6s
2026-09-13 15:57:29,951 [INFO] Page 26 | Collected: 500
2026-09-13 15:57:30,528 [INFO] Pacing: sleep 0.8s
2026-09-13 15:57:31,299 [INFO] Page 27 | Collected: 500
2026-09-13 15:57:31,554 [INFO] Pacing: sleep 1.1s
2026-09-13 15:57:32,648 [INFO] Page 28 | Collected: 500
2026-09-13 15:57:33,003 [INFO] Pacing: sleep 1.2s
2026-09-13 15:57:34,233 [INFO] Page 29 | Collected: 500
2026-09-13 15:57:34,494 [INFO] Pacing: sleep 1.1s
2026-09-13 15:57:35,601 [INFO] Page 30 | Collected: 500
2026-09-13 15:57:36,068 [INFO] Pacing: sleep 1.0s
2026-09-13 15:57:37,034 [INFO] Page 31 | Collected: 750
2026-09-13 15:57:37,162 [WARNING] Block detected on page 31: HTTP 429
2026-09-13 15:57:37,162 [INFO] Saved raw HTML for debugging: blocked_0031.html
2026-09-13 15:57:37,162 [WARNING] Initiating ADAPTIVE THROTTLING. Sleeping 180s, switching to SAFE mode.
2026-09-13 16:00:37,163 [INFO] Pacing: sleep 61.3s | Short Cooldown: 55.9s
2026-09-13 16:01:38,505 [INFO] Page 31 | Collected: 750
2026-09-13 16:01:38,836 [INFO] Pacing: sleep 5.4s
2026-09-13 16:01:44,241 [INFO] Page 32 | Collected: 750
2026-09-13 16:01:44,455 [INFO] Pacing: sleep 5.0s
2026-09-13 16:01:49,489 [INFO] Page 33 | Collected: 750
2026-09-13 16:01:49,808 [INFO] Pacing: sleep 6.3s
2026-09-13 16:01:56,101 [INFO] Page 34 | Collected: 750
2026-09-13 16:01:56,359 [INFO] Pacing: sleep 7.3s
2026-09-13 16:02:03,682 [INFO] Page 35 | Collected: 750
2026-09-13 16:02:03,949 [INFO] Pacing: sleep 6.2s
2026-09-13 16:02:10,194 [INFO] Page 36 | Collected: 750
2026-09-13 16:02:10,497 [INFO] Pacing: sleep 6.3s
2026-09-13 16:02:16,760 [INFO] Page 37 | Collected: 750
2026-09-13 16:02:16,993 [INFO] Pacing: sleep 4.5s
2026-09-13 16:02:21,523 [INFO] Page 38 | Collected: 750
2026-09-13 16:02:21,786 [INFO] Pacing: sleep 6.6s
2026-09-13 16:02:28,351 [INFO] Page 39 | Collected: 750
2026-09-13 16:02:28,649 [INFO] Pacing: sleep 5.2s
2026-09-13 16:02:33,840 [INFO] Page 40 | Collected: 750
2026-09-13 16:02:34,059 [INFO] Pacing: sleep 192.8s | Long Cooldown: 187.6s
2026-09-13 16:05:46,898 [INFO] Page 41 | Collected: 1000
2026-09-13 16:05:47,244 [INFO] Pacing: sleep 7.9s
2026-09-13 16:05:55,123 [INFO] Page 42 | Collected: 1000
2026-09-13 16:05:55,373 [INFO] Pacing: sleep 5.1s
2026-09-13 16:06:00,517 [INFO] Page 43 | Collected: 1000
2026-09-13 16:06:00,806 [INFO] Pacing: sleep 5.1s
2026-09-13 16:06:05,938 [INFO] Page 44 | Collected: 1000
2026-09-13 16:06:06,329 [INFO] Pacing: sleep 4.6s
2026-09-13 16:06:10,961 [INFO] Page 45 | Collected: 1000
2026-09-13 16:06:11,388 [INFO] Pacing: sleep 7.2s
2026-09-13 16:06:18,609 [INFO] Page 46 | Collected: 1000
2026-09-13 16:06:18,926 [INFO] Pacing: sleep 5.7s
2026-09-13 16:06:24,672 [INFO] Page 47 | Collected: 1000
2026-09-13 16:06:25,074 [INFO] Pacing: sleep 5.7s
2026-09-13 16:06:30,753 [INFO] Page 48 | Collected: 1000
2026-09-13 16:06:30,922 [WARNING] Block detected on page 48: Suspicious term found: 'captcha'
2026-09-13 16:06:30,922 [INFO] Saved raw HTML for debugging: blocked_0048.html
2026-09-13 16:06:30,922 [ERROR] Blocked again even after safe mode. Stopping gracefully.
2026-09-13 16:06:30,924 [INFO] Crawl stopped. Reason: adaptive_throttle_failed_page_48. Finalizing...
2026-09-13 16:06:30,924 [INFO] Merging intermediate pages from work_dir: /home/runner/work/steam-diploma/steam-diploma/data/snapshots/data/snapshots/_in_progress/2c0087e9-657f-46d3-99fb-4908f8de681b
