2026-10-06 05:47:32,767 [INFO] Steam Snapshot Collector Started.
2026-10-06 05:47:32,767 [INFO] Speed Mode: fast
2026-10-06 05:47:32,767 [INFO] Work Dir: /home/runner/work/steam-diploma/steam-diploma/data/snapshots
2026-10-06 05:47:32,767 [INFO] Base Output Dir: .
2026-10-06 05:47:32,767 [INFO] Page 1 | Collected: 0
2026-10-06 05:47:33,061 [INFO] Pacing: sleep 1.4s
2026-10-06 05:47:34,447 [INFO] Page 2 | Collected: 0
2026-10-06 05:47:34,681 [INFO] Pacing: sleep 1.4s
2026-10-06 05:47:36,101 [INFO] Page 3 | Collected: 0
2026-10-06 05:47:36,516 [INFO] Pacing: sleep 1.2s
2026-10-06 05:47:37,729 [INFO] Page 4 | Collected: 0
2026-10-06 05:47:37,969 [INFO] Pacing: sleep 0.6s
2026-10-06 05:47:38,565 [INFO] Page 5 | Collected: 0
2026-10-06 05:47:38,763 [INFO] Pacing: sleep 1.4s
2026-10-06 05:47:40,142 [INFO] Page 6 | Collected: 0
2026-10-06 05:47:40,356 [INFO] Pacing: sleep 0.6s
2026-10-06 05:47:40,981 [INFO] Page 7 | Collected: 0
2026-10-06 05:47:41,234 [INFO] Pacing: sleep 0.9s
2026-10-06 05:47:42,177 [INFO] Page 8 | Collected: 0
2026-10-06 05:47:42,381 [INFO] Pacing: sleep 0.6s
2026-10-06 05:47:42,978 [INFO] Page 9 | Collected: 0
2026-10-06 05:47:43,195 [INFO] Pacing: sleep 0.7s
2026-10-06 05:47:43,885 [INFO] Page 10 | Collected: 0
2026-10-06 05:47:44,134 [INFO] Pacing: sleep 0.8s
2026-10-06 05:47:44,945 [INFO] Page 11 | Collected: 250
2026-10-06 05:47:45,155 [INFO] Pacing: sleep 1.4s
2026-10-06 05:47:46,548 [INFO] Page 12 | Collected: 250
2026-10-06 05:47:46,810 [INFO] Pacing: sleep 0.9s
2026-10-06 05:47:47,664 [INFO] Page 13 | Collected: 250
2026-10-06 05:47:47,856 [INFO] Pacing: sleep 0.7s
2026-10-06 05:47:48,547 [INFO] Page 14 | Collected: 250
2026-10-06 05:47:48,755 [INFO] Pacing: sleep 0.5s
2026-10-06 05:47:49,303 [INFO] Page 15 | Collected: 250
2026-10-06 05:47:49,588 [INFO] Pacing: sleep 0.9s
2026-10-06 05:47:50,497 [INFO] Page 16 | Collected: 250
2026-10-06 05:47:50,685 [INFO] Pacing: sleep 1.2s
2026-10-06 05:47:51,871 [INFO] Page 17 | Collected: 250
2026-10-06 05:47:52,072 [INFO] Pacing: sleep 0.6s
2026-10-06 05:47:52,641 [INFO] Page 18 | Collected: 250
2026-10-06 05:47:52,899 [INFO] Pacing: sleep 1.4s
2026-10-06 05:47:54,328 [INFO] Page 19 | Collected: 250
2026-10-06 05:47:54,531 [INFO] Pacing: sleep 1.1s
2026-10-06 05:47:55,678 [INFO] Page 20 | Collected: 250
2026-10-06 05:47:55,975 [INFO] Pacing: sleep 0.9s
2026-10-06 05:47:56,844 [INFO] Page 21 | Collected: 500
2026-10-06 05:47:57,091 [INFO] Pacing: sleep 0.7s
2026-10-06 05:47:57,833 [INFO] Page 22 | Collected: 500
2026-10-06 05:47:58,032 [INFO] Pacing: sleep 0.8s
2026-10-06 05:47:58,854 [INFO] Page 23 | Collected: 500
2026-10-06 05:47:59,137 [INFO] Pacing: sleep 0.7s
2026-10-06 05:47:59,838 [INFO] Page 24 | Collected: 500
2026-10-06 05:48:00,060 [INFO] Pacing: sleep 0.6s
2026-10-06 05:48:00,675 [INFO] Page 25 | Collected: 500
2026-10-06 05:48:00,877 [INFO] Pacing: sleep 1.3s
2026-10-06 05:48:02,202 [INFO] Page 26 | Collected: 500
2026-10-06 05:48:02,461 [INFO] Pacing: sleep 1.3s
2026-10-06 05:48:03,783 [INFO] Page 27 | Collected: 500
2026-10-06 05:48:04,129 [INFO] Pacing: sleep 0.9s
2026-10-06 05:48:05,012 [INFO] Page 28 | Collected: 500
2026-10-06 05:48:05,270 [INFO] Pacing: sleep 0.7s
2026-10-06 05:48:05,972 [INFO] Page 29 | Collected: 500
2026-10-06 05:48:06,316 [INFO] Pacing: sleep 1.2s
2026-10-06 05:48:07,517 [INFO] Page 30 | Collected: 500
2026-10-06 05:48:07,722 [INFO] Pacing: sleep 0.6s
2026-10-06 05:48:08,277 [INFO] Page 31 | Collected: 750
2026-10-06 05:48:08,355 [WARNING] Block detected on page 31: HTTP 429
2026-10-06 05:48:08,355 [INFO] Saved raw HTML for debugging: blocked_0031.html
2026-10-06 05:48:08,355 [WARNING] Initiating ADAPTIVE THROTTLING. Sleeping 180s, switching to SAFE mode.
2026-10-06 05:51:08,356 [INFO] Pacing: sleep 62.8s | Short Cooldown: 55.4s
2026-10-06 05:52:11,181 [INFO] Page 31 | Collected: 750
2026-10-06 05:52:11,498 [INFO] Pacing: sleep 4.9s
2026-10-06 05:52:16,384 [INFO] Page 32 | Collected: 750
2026-10-06 05:52:16,617 [INFO] Pacing: sleep 6.5s
2026-10-06 05:52:23,100 [INFO] Page 33 | Collected: 750
2026-10-06 05:52:23,364 [INFO] Pacing: sleep 6.6s
2026-10-06 05:52:29,988 [INFO] Page 34 | Collected: 750
2026-10-06 05:52:30,230 [INFO] Pacing: sleep 4.0s
2026-10-06 05:52:34,275 [INFO] Page 35 | Collected: 750
2026-10-06 05:52:34,474 [INFO] Pacing: sleep 4.7s
2026-10-06 05:52:39,219 [INFO] Page 36 | Collected: 750
2026-10-06 05:52:39,486 [INFO] Pacing: sleep 6.8s
2026-10-06 05:52:46,265 [INFO] Page 37 | Collected: 750
2026-10-06 05:52:46,454 [INFO] Pacing: sleep 7.8s
2026-10-06 05:52:54,255 [INFO] Page 38 | Collected: 750
2026-10-06 05:52:54,444 [INFO] Pacing: sleep 7.5s
2026-10-06 05:53:01,972 [INFO] Page 39 | Collected: 750
2026-10-06 05:53:02,263 [INFO] Pacing: sleep 6.0s
2026-10-06 05:53:08,309 [INFO] Page 40 | Collected: 750
2026-10-06 05:53:08,516 [INFO] Pacing: sleep 207.2s | Long Cooldown: 201.5s
2026-10-06 05:56:35,753 [INFO] Page 41 | Collected: 1000
2026-10-06 05:56:36,006 [INFO] Pacing: sleep 5.6s
2026-10-06 05:56:41,579 [INFO] Page 42 | Collected: 1000
2026-10-06 05:56:41,789 [INFO] Pacing: sleep 5.5s
2026-10-06 05:56:47,249 [INFO] Page 43 | Collected: 1000
2026-10-06 05:56:47,465 [INFO] Pacing: sleep 5.9s
2026-10-06 05:56:53,337 [INFO] Page 44 | Collected: 1000
2026-10-06 05:56:53,697 [INFO] Pacing: sleep 4.9s
2026-10-06 05:56:58,602 [INFO] Page 45 | Collected: 1000
2026-10-06 05:56:58,828 [INFO] Pacing: sleep 4.1s
2026-10-06 05:57:02,953 [INFO] Page 46 | Collected: 1000
2026-10-06 05:57:03,162 [INFO] Pacing: sleep 6.1s
2026-10-06 05:57:09,296 [INFO] Page 47 | Collected: 1000
2026-10-06 05:57:09,422 [WARNING] Block detected on page 47: Suspicious term found: 'captcha'
2026-10-06 05:57:09,422 [INFO] Saved raw HTML for debugging: blocked_0047.html
2026-10-06 05:57:09,422 [ERROR] Blocked again even after safe mode. Stopping gracefully.
2026-10-06 05:57:09,424 [INFO] Crawl stopped. Reason: adaptive_throttle_failed_page_47. Finalizing...
2026-10-06 05:57:09,424 [INFO] Merging intermediate pages from work_dir: /home/runner/work/steam-diploma/steam-diploma/data/snapshots/data/snapshots/_in_progress/7becc50f-24e5-44cf-b180-59301cd40349
