2026-08-17 01:39:00,283 [INFO] Steam Snapshot Collector Started.
2026-08-17 01:39:00,283 [INFO] Speed Mode: fast
2026-08-17 01:39:00,283 [INFO] Work Dir: /home/runner/work/steam-diploma/steam-diploma/data/snapshots
2026-08-17 01:39:00,283 [INFO] Base Output Dir: .
2026-08-17 01:39:00,284 [INFO] Page 1 | Collected: 0
2026-08-17 01:39:00,764 [INFO] Pacing: sleep 1.1s
2026-08-17 01:39:01,914 [INFO] Page 2 | Collected: 0
2026-08-17 01:39:02,287 [INFO] Pacing: sleep 0.7s
2026-08-17 01:39:02,943 [INFO] Page 3 | Collected: 0
2026-08-17 01:39:03,225 [INFO] Pacing: sleep 0.8s
2026-08-17 01:39:04,024 [INFO] Page 4 | Collected: 0
2026-08-17 01:39:04,434 [INFO] Pacing: sleep 1.3s
2026-08-17 01:39:05,720 [INFO] Page 5 | Collected: 0
2026-08-17 01:39:06,013 [INFO] Pacing: sleep 1.2s
2026-08-17 01:39:07,196 [INFO] Page 6 | Collected: 0
2026-08-17 01:39:07,509 [WARNING] Page 6 had 1 duplicate appids seen previously.
2026-08-17 01:39:07,509 [INFO] Pacing: sleep 1.3s
2026-08-17 01:39:08,851 [INFO] Page 7 | Collected: 0
2026-08-17 01:39:09,226 [INFO] Pacing: sleep 0.7s
2026-08-17 01:39:09,886 [INFO] Page 8 | Collected: 0
2026-08-17 01:39:10,172 [INFO] Pacing: sleep 1.4s
2026-08-17 01:39:11,575 [INFO] Page 9 | Collected: 0
2026-08-17 01:39:11,871 [INFO] Pacing: sleep 0.6s
2026-08-17 01:39:12,426 [INFO] Page 10 | Collected: 0
2026-08-17 01:39:12,799 [INFO] Pacing: sleep 1.1s
2026-08-17 01:39:13,888 [INFO] Page 11 | Collected: 250
2026-08-17 01:39:14,193 [INFO] Pacing: sleep 0.9s
2026-08-17 01:39:15,070 [INFO] Page 12 | Collected: 250
2026-08-17 01:39:15,442 [INFO] Pacing: sleep 1.4s
2026-08-17 01:39:16,794 [INFO] Page 13 | Collected: 250
2026-08-17 01:39:17,089 [INFO] Pacing: sleep 1.3s
2026-08-17 01:39:18,347 [INFO] Page 14 | Collected: 250
2026-08-17 01:39:18,638 [INFO] Pacing: sleep 0.8s
2026-08-17 01:39:19,421 [INFO] Page 15 | Collected: 250
2026-08-17 01:39:19,830 [INFO] Pacing: sleep 0.9s
2026-08-17 01:39:20,692 [INFO] Page 16 | Collected: 250
2026-08-17 01:39:21,038 [INFO] Pacing: sleep 1.0s
2026-08-17 01:39:21,994 [INFO] Page 17 | Collected: 250
2026-08-17 01:39:22,273 [INFO] Pacing: sleep 0.5s
2026-08-17 01:39:22,797 [INFO] Page 18 | Collected: 250
2026-08-17 01:39:23,163 [INFO] Pacing: sleep 0.8s
2026-08-17 01:39:23,951 [INFO] Page 19 | Collected: 250
2026-08-17 01:39:24,259 [INFO] Pacing: sleep 0.7s
2026-08-17 01:39:24,936 [INFO] Page 20 | Collected: 250
2026-08-17 01:39:25,295 [INFO] Pacing: sleep 0.6s
2026-08-17 01:39:25,876 [INFO] Page 21 | Collected: 500
2026-08-17 01:39:26,179 [INFO] Pacing: sleep 1.2s
2026-08-17 01:39:27,391 [INFO] Page 22 | Collected: 500
2026-08-17 01:39:27,741 [INFO] Pacing: sleep 0.6s
2026-08-17 01:39:28,337 [INFO] Page 23 | Collected: 500
2026-08-17 01:39:28,784 [INFO] Pacing: sleep 1.3s
2026-08-17 01:39:30,131 [INFO] Page 24 | Collected: 500
2026-08-17 01:39:30,435 [INFO] Pacing: sleep 1.2s
2026-08-17 01:39:31,640 [INFO] Page 25 | Collected: 500
2026-08-17 01:39:32,085 [INFO] Pacing: sleep 0.9s
2026-08-17 01:39:33,014 [INFO] Page 26 | Collected: 500
2026-08-17 01:39:33,318 [INFO] Pacing: sleep 0.9s
2026-08-17 01:39:34,172 [INFO] Page 27 | Collected: 500
2026-08-17 01:39:34,526 [INFO] Pacing: sleep 1.1s
2026-08-17 01:39:35,627 [INFO] Page 28 | Collected: 500
2026-08-17 01:39:36,115 [INFO] Pacing: sleep 0.6s
2026-08-17 01:39:36,681 [INFO] Page 29 | Collected: 500
2026-08-17 01:39:36,994 [INFO] Pacing: sleep 1.2s
2026-08-17 01:39:38,155 [INFO] Page 30 | Collected: 500
2026-08-17 01:39:38,545 [INFO] Pacing: sleep 1.4s
2026-08-17 01:39:39,928 [INFO] Page 31 | Collected: 750
2026-08-17 01:39:40,043 [WARNING] Block detected on page 31: HTTP 429
2026-08-17 01:39:40,043 [INFO] Saved raw HTML for debugging: blocked_0031.html
2026-08-17 01:39:40,043 [WARNING] Initiating ADAPTIVE THROTTLING. Sleeping 180s, switching to SAFE mode.
2026-08-17 01:42:40,044 [INFO] Pacing: sleep 62.6s | Short Cooldown: 58.0s
2026-08-17 01:43:42,596 [INFO] Page 31 | Collected: 750
2026-08-17 01:43:43,025 [INFO] Pacing: sleep 4.5s
2026-08-17 01:43:47,503 [INFO] Page 32 | Collected: 750
2026-08-17 01:43:47,804 [INFO] Pacing: sleep 6.5s
2026-08-17 01:43:54,347 [INFO] Page 33 | Collected: 750
2026-08-17 01:43:54,715 [INFO] Pacing: sleep 7.1s
2026-08-17 01:44:01,825 [INFO] Page 34 | Collected: 750
2026-08-17 01:44:02,192 [INFO] Pacing: sleep 4.4s
2026-08-17 01:44:06,561 [INFO] Page 35 | Collected: 750
2026-08-17 01:44:06,860 [INFO] Pacing: sleep 7.6s
2026-08-17 01:44:14,418 [INFO] Page 36 | Collected: 750
2026-08-17 01:44:14,835 [INFO] Pacing: sleep 4.1s
2026-08-17 01:44:18,904 [INFO] Page 37 | Collected: 750
2026-08-17 01:44:19,230 [INFO] Pacing: sleep 4.5s
2026-08-17 01:44:23,728 [INFO] Page 38 | Collected: 750
2026-08-17 01:44:24,015 [INFO] Pacing: sleep 4.9s
2026-08-17 01:44:28,927 [INFO] Page 39 | Collected: 750
2026-08-17 01:44:29,341 [INFO] Pacing: sleep 7.6s
2026-08-17 01:44:36,909 [INFO] Page 40 | Collected: 750
2026-08-17 01:44:37,232 [INFO] Pacing: sleep 196.3s | Long Cooldown: 189.5s
2026-08-17 01:47:53,548 [INFO] Page 41 | Collected: 1000
2026-08-17 01:47:53,931 [INFO] Pacing: sleep 5.8s
2026-08-17 01:47:59,728 [INFO] Page 42 | Collected: 1000
2026-08-17 01:48:00,052 [INFO] Pacing: sleep 4.2s
2026-08-17 01:48:04,244 [INFO] Page 43 | Collected: 1000
2026-08-17 01:48:04,563 [INFO] Pacing: sleep 7.5s
2026-08-17 01:48:12,054 [INFO] Page 44 | Collected: 1000
2026-08-17 01:48:12,514 [INFO] Pacing: sleep 4.8s
2026-08-17 01:48:17,278 [INFO] Page 45 | Collected: 1000
2026-08-17 01:48:17,623 [INFO] Pacing: sleep 6.9s
2026-08-17 01:48:24,518 [INFO] Page 46 | Collected: 1000
2026-08-17 01:48:24,749 [WARNING] Block detected on page 46: Suspicious term found: 'captcha'
2026-08-17 01:48:24,750 [INFO] Saved raw HTML for debugging: blocked_0046.html
2026-08-17 01:48:24,750 [ERROR] Blocked again even after safe mode. Stopping gracefully.
2026-08-17 01:48:24,751 [INFO] Crawl stopped. Reason: adaptive_throttle_failed_page_46. Finalizing...
2026-08-17 01:48:24,752 [INFO] Merging intermediate pages from work_dir: /home/runner/work/steam-diploma/steam-diploma/data/snapshots/data/snapshots/_in_progress/7787175f-a2b8-4e08-8dbf-a089447149e8
2026-08-17 01:48:24,765 [WARNING] Found 1 duplicate appids across the snapshot.
