2026-08-24 01:40:42,298 [INFO] Steam Snapshot Collector Started.
2026-08-24 01:40:42,298 [INFO] Speed Mode: fast
2026-08-24 01:40:42,298 [INFO] Work Dir: /home/runner/work/steam-diploma/steam-diploma/data/snapshots
2026-08-24 01:40:42,298 [INFO] Base Output Dir: .
2026-08-24 01:40:42,299 [INFO] Page 1 | Collected: 0
2026-08-24 01:40:42,721 [INFO] Pacing: sleep 1.3s
2026-08-24 01:40:44,006 [INFO] Page 2 | Collected: 0
2026-08-24 01:40:44,339 [INFO] Pacing: sleep 1.3s
2026-08-24 01:40:45,612 [INFO] Page 3 | Collected: 0
2026-08-24 01:40:45,908 [INFO] Pacing: sleep 0.9s
2026-08-24 01:40:46,839 [INFO] Page 4 | Collected: 0
2026-08-24 01:40:47,177 [INFO] Pacing: sleep 0.8s
2026-08-24 01:40:47,971 [INFO] Page 5 | Collected: 0
2026-08-24 01:40:48,310 [INFO] Pacing: sleep 1.5s
2026-08-24 01:40:49,775 [INFO] Page 6 | Collected: 0
2026-08-24 01:40:50,043 [INFO] Pacing: sleep 0.9s
2026-08-24 01:40:50,973 [INFO] Page 7 | Collected: 0
2026-08-24 01:40:51,328 [INFO] Pacing: sleep 1.0s
2026-08-24 01:40:52,361 [INFO] Page 8 | Collected: 0
2026-08-24 01:40:52,711 [INFO] Pacing: sleep 0.8s
2026-08-24 01:40:53,521 [INFO] Page 9 | Collected: 0
2026-08-24 01:40:53,835 [INFO] Pacing: sleep 1.0s
2026-08-24 01:40:54,820 [INFO] Page 10 | Collected: 0
2026-08-24 01:40:55,190 [INFO] Pacing: sleep 0.9s
2026-08-24 01:40:56,079 [INFO] Page 11 | Collected: 250
2026-08-24 01:40:56,356 [INFO] Pacing: sleep 1.1s
2026-08-24 01:40:57,417 [INFO] Page 12 | Collected: 250
2026-08-24 01:40:57,737 [INFO] Pacing: sleep 1.0s
2026-08-24 01:40:58,777 [INFO] Page 13 | Collected: 250
2026-08-24 01:40:59,075 [INFO] Pacing: sleep 0.6s
2026-08-24 01:40:59,656 [INFO] Page 14 | Collected: 250
2026-08-24 01:40:59,950 [INFO] Pacing: sleep 1.3s
2026-08-24 01:41:01,285 [INFO] Page 15 | Collected: 250
2026-08-24 01:41:01,644 [INFO] Pacing: sleep 1.1s
2026-08-24 01:41:02,695 [INFO] Page 16 | Collected: 250
2026-08-24 01:41:03,013 [INFO] Pacing: sleep 0.6s
2026-08-24 01:41:03,637 [INFO] Page 17 | Collected: 250
2026-08-24 01:41:03,943 [INFO] Pacing: sleep 1.4s
2026-08-24 01:41:05,336 [INFO] Page 18 | Collected: 250
2026-08-24 01:41:05,677 [INFO] Pacing: sleep 1.3s
2026-08-24 01:41:06,956 [INFO] Page 19 | Collected: 250
2026-08-24 01:41:07,279 [INFO] Pacing: sleep 0.7s
2026-08-24 01:41:07,969 [INFO] Page 20 | Collected: 250
2026-08-24 01:41:08,320 [INFO] Pacing: sleep 0.6s
2026-08-24 01:41:08,942 [INFO] Page 21 | Collected: 500
2026-08-24 01:41:09,308 [INFO] Pacing: sleep 1.4s
2026-08-24 01:41:10,719 [INFO] Page 22 | Collected: 500
2026-08-24 01:41:11,045 [INFO] Pacing: sleep 0.7s
2026-08-24 01:41:11,718 [INFO] Page 23 | Collected: 500
2026-08-24 01:41:12,095 [INFO] Pacing: sleep 1.1s
2026-08-24 01:41:13,164 [INFO] Page 24 | Collected: 500
2026-08-24 01:41:13,468 [INFO] Pacing: sleep 1.0s
2026-08-24 01:41:14,512 [INFO] Page 25 | Collected: 500
2026-08-24 01:41:14,879 [INFO] Pacing: sleep 0.9s
2026-08-24 01:41:15,787 [INFO] Page 26 | Collected: 500
2026-08-24 01:41:16,059 [INFO] Pacing: sleep 1.0s
2026-08-24 01:41:17,071 [INFO] Page 27 | Collected: 500
2026-08-24 01:41:17,391 [INFO] Pacing: sleep 0.7s
2026-08-24 01:41:18,084 [INFO] Page 28 | Collected: 500
2026-08-24 01:41:18,451 [INFO] Pacing: sleep 0.6s
2026-08-24 01:41:19,065 [INFO] Page 29 | Collected: 500
2026-08-24 01:41:19,382 [INFO] Pacing: sleep 1.3s
2026-08-24 01:41:20,706 [INFO] Page 30 | Collected: 500
2026-08-24 01:41:21,000 [INFO] Pacing: sleep 1.5s
2026-08-24 01:41:22,493 [INFO] Page 31 | Collected: 750
2026-08-24 01:41:22,580 [WARNING] Block detected on page 31: HTTP 429
2026-08-24 01:41:22,580 [INFO] Saved raw HTML for debugging: blocked_0031.html
2026-08-24 01:41:22,580 [WARNING] Initiating ADAPTIVE THROTTLING. Sleeping 180s, switching to SAFE mode.
2026-08-24 01:44:22,581 [INFO] Pacing: sleep 49.6s | Short Cooldown: 44.6s
2026-08-24 01:45:12,198 [INFO] Page 31 | Collected: 750
2026-08-24 01:45:12,528 [INFO] Pacing: sleep 5.3s
2026-08-24 01:45:17,846 [INFO] Page 32 | Collected: 750
2026-08-24 01:45:18,138 [INFO] Pacing: sleep 4.9s
2026-08-24 01:45:23,011 [INFO] Page 33 | Collected: 750
2026-08-24 01:45:23,357 [INFO] Pacing: sleep 7.3s
2026-08-24 01:45:30,619 [INFO] Page 34 | Collected: 750
2026-08-24 01:45:30,924 [INFO] Pacing: sleep 6.5s
2026-08-24 01:45:37,421 [INFO] Page 35 | Collected: 750
2026-08-24 01:45:37,720 [INFO] Pacing: sleep 5.3s
2026-08-24 01:45:43,017 [INFO] Page 36 | Collected: 750
2026-08-24 01:45:43,360 [INFO] Pacing: sleep 7.8s
2026-08-24 01:45:51,166 [INFO] Page 37 | Collected: 750
2026-08-24 01:45:51,425 [INFO] Pacing: sleep 6.4s
2026-08-24 01:45:57,805 [INFO] Page 38 | Collected: 750
2026-08-24 01:45:58,127 [INFO] Pacing: sleep 5.5s
2026-08-24 01:46:03,598 [INFO] Page 39 | Collected: 750
2026-08-24 01:46:03,951 [INFO] Pacing: sleep 4.9s
2026-08-24 01:46:08,890 [INFO] Page 40 | Collected: 750
2026-08-24 01:46:09,238 [INFO] Pacing: sleep 172.3s | Long Cooldown: 164.7s
2026-08-24 01:49:01,503 [INFO] Page 41 | Collected: 1000
2026-08-24 01:49:01,856 [INFO] Pacing: sleep 4.7s
2026-08-24 01:49:06,593 [INFO] Page 42 | Collected: 1000
2026-08-24 01:49:06,927 [INFO] Pacing: sleep 8.0s
2026-08-24 01:49:14,893 [INFO] Page 43 | Collected: 1000
2026-08-24 01:49:15,166 [INFO] Pacing: sleep 5.4s
2026-08-24 01:49:20,536 [INFO] Page 44 | Collected: 1000
2026-08-24 01:49:20,909 [INFO] Pacing: sleep 6.0s
2026-08-24 01:49:26,903 [INFO] Page 45 | Collected: 1000
2026-08-24 01:49:27,203 [INFO] Pacing: sleep 7.9s
2026-08-24 01:49:35,135 [INFO] Page 46 | Collected: 1000
2026-08-24 01:49:35,312 [WARNING] Block detected on page 46: Suspicious term found: 'captcha'
2026-08-24 01:49:35,313 [INFO] Saved raw HTML for debugging: blocked_0046.html
2026-08-24 01:49:35,313 [ERROR] Blocked again even after safe mode. Stopping gracefully.
2026-08-24 01:49:35,314 [INFO] Crawl stopped. Reason: adaptive_throttle_failed_page_46. Finalizing...
2026-08-24 01:49:35,314 [INFO] Merging intermediate pages from work_dir: /home/runner/work/steam-diploma/steam-diploma/data/snapshots/data/snapshots/_in_progress/a35c117c-91cd-4c05-a47e-d55f2ae49abb
