2026-08-22 12:48:41,477 [INFO] Steam Snapshot Collector Started.
2026-08-22 12:48:41,477 [INFO] Speed Mode: fast
2026-08-22 12:48:41,477 [INFO] Work Dir: /home/runner/work/steam-diploma/steam-diploma/data/snapshots
2026-08-22 12:48:41,477 [INFO] Base Output Dir: .
2026-08-22 12:48:41,478 [INFO] Page 1 | Collected: 0
2026-08-22 12:48:41,853 [INFO] Pacing: sleep 0.6s
2026-08-22 12:48:42,417 [INFO] Page 2 | Collected: 0
2026-08-22 12:48:42,710 [INFO] Pacing: sleep 1.1s
2026-08-22 12:48:43,837 [INFO] Page 3 | Collected: 0
2026-08-22 12:48:44,092 [INFO] Pacing: sleep 0.6s
2026-08-22 12:48:44,662 [INFO] Page 4 | Collected: 0
2026-08-22 12:48:44,974 [INFO] Pacing: sleep 1.3s
2026-08-22 12:48:46,318 [INFO] Page 5 | Collected: 0
2026-08-22 12:48:46,572 [INFO] Pacing: sleep 1.0s
2026-08-22 12:48:47,580 [INFO] Page 6 | Collected: 0
2026-08-22 12:48:47,847 [INFO] Pacing: sleep 1.3s
2026-08-22 12:48:49,140 [INFO] Page 7 | Collected: 0
2026-08-22 12:48:49,498 [INFO] Pacing: sleep 1.1s
2026-08-22 12:48:50,564 [INFO] Page 8 | Collected: 0
2026-08-22 12:48:50,816 [INFO] Pacing: sleep 1.4s
2026-08-22 12:48:52,231 [INFO] Page 9 | Collected: 0
2026-08-22 12:48:52,489 [INFO] Pacing: sleep 1.1s
2026-08-22 12:48:53,551 [INFO] Page 10 | Collected: 0
2026-08-22 12:48:53,881 [INFO] Pacing: sleep 1.1s
2026-08-22 12:48:54,960 [INFO] Page 11 | Collected: 250
2026-08-22 12:48:55,231 [INFO] Pacing: sleep 1.4s
2026-08-22 12:48:56,668 [INFO] Page 12 | Collected: 250
2026-08-22 12:48:56,999 [INFO] Pacing: sleep 1.4s
2026-08-22 12:48:58,362 [INFO] Page 13 | Collected: 250
2026-08-22 12:48:58,732 [INFO] Pacing: sleep 0.6s
2026-08-22 12:48:59,363 [INFO] Page 14 | Collected: 250
2026-08-22 12:48:59,664 [INFO] Pacing: sleep 1.3s
2026-08-22 12:49:00,947 [INFO] Page 15 | Collected: 250
2026-08-22 12:49:01,275 [INFO] Pacing: sleep 0.6s
2026-08-22 12:49:01,826 [INFO] Page 16 | Collected: 250
2026-08-22 12:49:02,112 [INFO] Pacing: sleep 1.1s
2026-08-22 12:49:03,209 [INFO] Page 17 | Collected: 250
2026-08-22 12:49:03,486 [INFO] Pacing: sleep 0.6s
2026-08-22 12:49:04,058 [INFO] Page 18 | Collected: 250
2026-08-22 12:49:04,427 [INFO] Pacing: sleep 1.2s
2026-08-22 12:49:05,588 [INFO] Page 19 | Collected: 250
2026-08-22 12:49:05,844 [INFO] Pacing: sleep 0.5s
2026-08-22 12:49:06,348 [INFO] Page 20 | Collected: 250
2026-08-22 12:49:06,665 [INFO] Pacing: sleep 0.7s
2026-08-22 12:49:07,333 [INFO] Page 21 | Collected: 500
2026-08-22 12:49:07,624 [INFO] Pacing: sleep 1.1s
2026-08-22 12:49:08,695 [INFO] Page 22 | Collected: 500
2026-08-22 12:49:08,963 [INFO] Pacing: sleep 0.9s
2026-08-22 12:49:09,888 [INFO] Page 23 | Collected: 500
2026-08-22 12:49:10,212 [INFO] Pacing: sleep 1.0s
2026-08-22 12:49:11,226 [INFO] Page 24 | Collected: 500
2026-08-22 12:49:11,469 [INFO] Pacing: sleep 0.6s
2026-08-22 12:49:12,109 [INFO] Page 25 | Collected: 500
2026-08-22 12:49:12,441 [INFO] Pacing: sleep 0.6s
2026-08-22 12:49:12,994 [INFO] Page 26 | Collected: 500
2026-08-22 12:49:13,262 [INFO] Pacing: sleep 1.4s
2026-08-22 12:49:14,664 [INFO] Page 27 | Collected: 500
2026-08-22 12:49:14,928 [INFO] Pacing: sleep 1.4s
2026-08-22 12:49:16,371 [INFO] Page 28 | Collected: 500
2026-08-22 12:49:16,707 [INFO] Pacing: sleep 0.8s
2026-08-22 12:49:17,540 [INFO] Page 29 | Collected: 500
2026-08-22 12:49:17,835 [INFO] Pacing: sleep 1.5s
2026-08-22 12:49:19,331 [INFO] Page 30 | Collected: 500
2026-08-22 12:49:19,602 [INFO] Pacing: sleep 0.6s
2026-08-22 12:49:20,190 [INFO] Page 31 | Collected: 750
2026-08-22 12:49:20,280 [WARNING] Block detected on page 31: HTTP 429
2026-08-22 12:49:20,280 [INFO] Saved raw HTML for debugging: blocked_0031.html
2026-08-22 12:49:20,280 [WARNING] Initiating ADAPTIVE THROTTLING. Sleeping 180s, switching to SAFE mode.
2026-08-22 12:52:20,280 [INFO] Pacing: sleep 59.1s | Short Cooldown: 52.9s
2026-08-22 12:53:19,372 [INFO] Page 31 | Collected: 750
2026-08-22 12:53:19,690 [INFO] Pacing: sleep 7.1s
2026-08-22 12:53:26,791 [INFO] Page 32 | Collected: 750
2026-08-22 12:53:27,064 [INFO] Pacing: sleep 5.4s
2026-08-22 12:53:32,478 [INFO] Page 33 | Collected: 750
2026-08-22 12:53:32,795 [INFO] Pacing: sleep 6.2s
2026-08-22 12:53:38,984 [INFO] Page 34 | Collected: 750
2026-08-22 12:53:39,263 [INFO] Pacing: sleep 7.1s
2026-08-22 12:53:46,346 [INFO] Page 35 | Collected: 750
2026-08-22 12:53:46,663 [INFO] Pacing: sleep 5.2s
2026-08-22 12:53:51,825 [INFO] Page 36 | Collected: 750
2026-08-22 12:53:52,151 [INFO] Pacing: sleep 6.0s
2026-08-22 12:53:58,122 [INFO] Page 37 | Collected: 750
2026-08-22 12:53:58,406 [INFO] Pacing: sleep 4.8s
2026-08-22 12:54:03,170 [INFO] Page 38 | Collected: 750
2026-08-22 12:54:03,432 [INFO] Pacing: sleep 5.8s
2026-08-22 12:54:09,217 [INFO] Page 39 | Collected: 750
2026-08-22 12:54:09,554 [INFO] Pacing: sleep 6.6s
2026-08-22 12:54:16,182 [INFO] Page 40 | Collected: 750
2026-08-22 12:54:16,725 [INFO] Pacing: sleep 175.3s | Long Cooldown: 168.4s
2026-08-22 12:57:12,029 [INFO] Page 41 | Collected: 1000
2026-08-22 12:57:12,358 [INFO] Pacing: sleep 7.1s
2026-08-22 12:57:19,467 [INFO] Page 42 | Collected: 1000
2026-08-22 12:57:19,737 [INFO] Pacing: sleep 7.4s
2026-08-22 12:57:27,136 [INFO] Page 43 | Collected: 1000
2026-08-22 12:57:27,406 [INFO] Pacing: sleep 4.5s
2026-08-22 12:57:31,862 [INFO] Page 44 | Collected: 1000
2026-08-22 12:57:32,205 [INFO] Pacing: sleep 5.9s
2026-08-22 12:57:38,138 [INFO] Page 45 | Collected: 1000
2026-08-22 12:57:38,329 [WARNING] Block detected on page 45: Suspicious term found: 'captcha'
2026-08-22 12:57:38,330 [INFO] Saved raw HTML for debugging: blocked_0045.html
2026-08-22 12:57:38,330 [ERROR] Blocked again even after safe mode. Stopping gracefully.
2026-08-22 12:57:38,331 [INFO] Crawl stopped. Reason: adaptive_throttle_failed_page_45. Finalizing...
2026-08-22 12:57:38,331 [INFO] Merging intermediate pages from work_dir: /home/runner/work/steam-diploma/steam-diploma/data/snapshots/data/snapshots/_in_progress/d5914b1b-f5c7-48e7-938a-762da5b5f8be
