2026-10-08 05:28:26,088 [INFO] Steam Snapshot Collector Started.
2026-10-08 05:28:26,088 [INFO] Speed Mode: fast
2026-10-08 05:28:26,088 [INFO] Work Dir: /home/runner/work/steam-diploma/steam-diploma/data/snapshots
2026-10-08 05:28:26,088 [INFO] Base Output Dir: .
2026-10-08 05:28:26,088 [INFO] Page 1 | Collected: 0
2026-10-08 05:28:26,403 [INFO] Pacing: sleep 0.8s
2026-10-08 05:28:27,233 [INFO] Page 2 | Collected: 0
2026-10-08 05:28:27,481 [INFO] Pacing: sleep 0.6s
2026-10-08 05:28:28,113 [INFO] Page 3 | Collected: 0
2026-10-08 05:28:28,315 [INFO] Pacing: sleep 0.7s
2026-10-08 05:28:29,005 [INFO] Page 4 | Collected: 0
2026-10-08 05:28:29,260 [INFO] Pacing: sleep 1.5s
2026-10-08 05:28:30,752 [INFO] Page 5 | Collected: 0
2026-10-08 05:28:30,970 [INFO] Pacing: sleep 0.5s
2026-10-08 05:28:31,510 [INFO] Page 6 | Collected: 0
2026-10-08 05:28:31,708 [INFO] Pacing: sleep 0.9s
2026-10-08 05:28:32,561 [INFO] Page 7 | Collected: 0
2026-10-08 05:28:32,817 [INFO] Pacing: sleep 1.0s
2026-10-08 05:28:33,795 [INFO] Page 8 | Collected: 0
2026-10-08 05:28:33,994 [INFO] Pacing: sleep 0.9s
2026-10-08 05:28:34,941 [INFO] Page 9 | Collected: 0
2026-10-08 05:28:35,128 [INFO] Pacing: sleep 1.0s
2026-10-08 05:28:36,118 [INFO] Page 10 | Collected: 0
2026-10-08 05:28:36,418 [INFO] Pacing: sleep 1.0s
2026-10-08 05:28:37,442 [INFO] Page 11 | Collected: 250
2026-10-08 05:28:37,630 [INFO] Pacing: sleep 0.5s
2026-10-08 05:28:38,174 [INFO] Page 12 | Collected: 250
2026-10-08 05:28:38,439 [INFO] Pacing: sleep 0.5s
2026-10-08 05:28:38,954 [INFO] Page 13 | Collected: 250
2026-10-08 05:28:39,152 [INFO] Pacing: sleep 1.1s
2026-10-08 05:28:40,207 [INFO] Page 14 | Collected: 250
2026-10-08 05:28:40,411 [INFO] Pacing: sleep 1.2s
2026-10-08 05:28:41,654 [INFO] Page 15 | Collected: 250
2026-10-08 05:28:41,915 [INFO] Pacing: sleep 1.1s
2026-10-08 05:28:42,971 [INFO] Page 16 | Collected: 250
2026-10-08 05:28:43,213 [INFO] Pacing: sleep 0.7s
2026-10-08 05:28:43,919 [INFO] Page 17 | Collected: 250
2026-10-08 05:28:44,149 [INFO] Pacing: sleep 0.6s
2026-10-08 05:28:44,746 [INFO] Page 18 | Collected: 250
2026-10-08 05:28:44,999 [INFO] Pacing: sleep 1.3s
2026-10-08 05:28:46,264 [INFO] Page 19 | Collected: 250
2026-10-08 05:28:46,458 [INFO] Pacing: sleep 1.1s
2026-10-08 05:28:47,512 [INFO] Page 20 | Collected: 250
2026-10-08 05:28:47,769 [INFO] Pacing: sleep 1.0s
2026-10-08 05:28:48,746 [INFO] Page 21 | Collected: 500
2026-10-08 05:28:48,980 [INFO] Pacing: sleep 1.5s
2026-10-08 05:28:50,453 [INFO] Page 22 | Collected: 500
2026-10-08 05:28:50,688 [INFO] Pacing: sleep 0.9s
2026-10-08 05:28:51,594 [INFO] Page 23 | Collected: 500
2026-10-08 05:28:51,851 [INFO] Pacing: sleep 0.5s
2026-10-08 05:28:52,368 [INFO] Page 24 | Collected: 500
2026-10-08 05:28:52,550 [INFO] Pacing: sleep 0.6s
2026-10-08 05:28:53,140 [INFO] Page 25 | Collected: 500
2026-10-08 05:28:53,345 [INFO] Pacing: sleep 1.1s
2026-10-08 05:28:54,401 [INFO] Page 26 | Collected: 500
2026-10-08 05:28:54,659 [INFO] Pacing: sleep 0.7s
2026-10-08 05:28:55,397 [INFO] Page 27 | Collected: 500
2026-10-08 05:28:55,599 [INFO] Pacing: sleep 0.9s
2026-10-08 05:28:56,468 [INFO] Page 28 | Collected: 500
2026-10-08 05:28:56,746 [INFO] Pacing: sleep 0.9s
2026-10-08 05:28:57,632 [INFO] Page 29 | Collected: 500
2026-10-08 05:28:57,832 [INFO] Pacing: sleep 1.1s
2026-10-08 05:28:58,959 [INFO] Page 30 | Collected: 500
2026-10-08 05:28:59,153 [INFO] Pacing: sleep 0.9s
2026-10-08 05:29:00,067 [INFO] Page 31 | Collected: 750
2026-10-08 05:29:00,150 [WARNING] Block detected on page 31: HTTP 429
2026-10-08 05:29:00,150 [INFO] Saved raw HTML for debugging: blocked_0031.html
2026-10-08 05:29:00,150 [WARNING] Initiating ADAPTIVE THROTTLING. Sleeping 180s, switching to SAFE mode.
2026-10-08 05:32:00,151 [INFO] Pacing: sleep 63.6s | Short Cooldown: 58.2s
2026-10-08 05:33:03,748 [INFO] Page 31 | Collected: 750
2026-10-08 05:33:04,010 [INFO] Pacing: sleep 4.6s
2026-10-08 05:33:08,607 [INFO] Page 32 | Collected: 750
2026-10-08 05:33:08,804 [INFO] Pacing: sleep 6.9s
2026-10-08 05:33:15,658 [INFO] Page 33 | Collected: 750
2026-10-08 05:33:15,926 [INFO] Pacing: sleep 4.2s
2026-10-08 05:33:20,171 [INFO] Page 34 | Collected: 750
2026-10-08 05:33:20,383 [INFO] Pacing: sleep 5.1s
2026-10-08 05:33:25,473 [INFO] Page 35 | Collected: 750
2026-10-08 05:33:25,705 [INFO] Pacing: sleep 4.6s
2026-10-08 05:33:30,259 [INFO] Page 36 | Collected: 750
2026-10-08 05:33:30,565 [INFO] Pacing: sleep 5.2s
2026-10-08 05:33:35,739 [INFO] Page 37 | Collected: 750
2026-10-08 05:33:35,961 [INFO] Pacing: sleep 5.8s
2026-10-08 05:33:41,764 [INFO] Page 38 | Collected: 750
2026-10-08 05:33:41,954 [INFO] Pacing: sleep 6.0s
2026-10-08 05:33:47,984 [INFO] Page 39 | Collected: 750
2026-10-08 05:33:48,298 [INFO] Pacing: sleep 6.5s
2026-10-08 05:33:54,755 [INFO] Page 40 | Collected: 750
2026-10-08 05:33:54,957 [INFO] Pacing: sleep 153.0s | Long Cooldown: 145.8s
2026-10-08 05:36:27,959 [INFO] Page 41 | Collected: 1000
2026-10-08 05:36:28,219 [INFO] Pacing: sleep 5.9s
2026-10-08 05:36:34,095 [INFO] Page 42 | Collected: 1000
2026-10-08 05:36:34,309 [INFO] Pacing: sleep 5.2s
2026-10-08 05:36:39,500 [INFO] Page 43 | Collected: 1000
2026-10-08 05:36:39,698 [INFO] Pacing: sleep 6.8s
2026-10-08 05:36:46,487 [INFO] Page 44 | Collected: 1000
2026-10-08 05:36:46,755 [INFO] Pacing: sleep 7.5s
2026-10-08 05:36:54,277 [INFO] Page 45 | Collected: 1000
2026-10-08 05:36:54,465 [INFO] Pacing: sleep 5.4s
2026-10-08 05:36:59,906 [INFO] Page 46 | Collected: 1000
2026-10-08 05:37:00,102 [INFO] Pacing: sleep 6.8s
2026-10-08 05:37:06,918 [INFO] Page 47 | Collected: 1000
2026-10-08 05:37:07,043 [WARNING] Block detected on page 47: Suspicious term found: 'captcha'
2026-10-08 05:37:07,043 [INFO] Saved raw HTML for debugging: blocked_0047.html
2026-10-08 05:37:07,043 [ERROR] Blocked again even after safe mode. Stopping gracefully.
2026-10-08 05:37:07,045 [INFO] Crawl stopped. Reason: adaptive_throttle_failed_page_47. Finalizing...
2026-10-08 05:37:07,045 [INFO] Merging intermediate pages from work_dir: /home/runner/work/steam-diploma/steam-diploma/data/snapshots/data/snapshots/_in_progress/1b479e5a-51f9-44d0-9ea5-826884ca9b45
