2026-09-17 04:22:11,129 [INFO] Steam Snapshot Collector Started.
2026-09-17 04:22:11,129 [INFO] Speed Mode: fast
2026-09-17 04:22:11,129 [INFO] Work Dir: /home/runner/work/steam-diploma/steam-diploma/data/snapshots
2026-09-17 04:22:11,129 [INFO] Base Output Dir: .
2026-09-17 04:22:11,130 [INFO] Page 1 | Collected: 0
2026-09-17 04:22:11,560 [INFO] Pacing: sleep 1.1s
2026-09-17 04:22:12,697 [INFO] Page 2 | Collected: 0
2026-09-17 04:22:13,014 [INFO] Pacing: sleep 1.2s
2026-09-17 04:22:14,256 [INFO] Page 3 | Collected: 0
2026-09-17 04:22:14,480 [INFO] Pacing: sleep 1.4s
2026-09-17 04:22:15,920 [INFO] Page 4 | Collected: 0
2026-09-17 04:22:16,188 [INFO] Pacing: sleep 1.4s
2026-09-17 04:22:17,556 [INFO] Page 5 | Collected: 0
2026-09-17 04:22:17,767 [INFO] Pacing: sleep 1.4s
2026-09-17 04:22:19,143 [INFO] Page 6 | Collected: 0
2026-09-17 04:22:19,366 [INFO] Pacing: sleep 1.5s
2026-09-17 04:22:20,847 [INFO] Page 7 | Collected: 0
2026-09-17 04:22:21,148 [INFO] Pacing: sleep 1.2s
2026-09-17 04:22:22,387 [INFO] Page 8 | Collected: 0
2026-09-17 04:22:22,617 [INFO] Pacing: sleep 0.8s
2026-09-17 04:22:23,408 [INFO] Page 9 | Collected: 0
2026-09-17 04:22:23,660 [INFO] Pacing: sleep 0.6s
2026-09-17 04:22:24,262 [INFO] Page 10 | Collected: 0
2026-09-17 04:22:24,550 [INFO] Pacing: sleep 1.2s
2026-09-17 04:22:25,725 [INFO] Page 11 | Collected: 250
2026-09-17 04:22:25,969 [INFO] Pacing: sleep 1.4s
2026-09-17 04:22:27,332 [INFO] Page 12 | Collected: 250
2026-09-17 04:22:27,598 [INFO] Pacing: sleep 1.2s
2026-09-17 04:22:28,818 [INFO] Page 13 | Collected: 250
2026-09-17 04:22:29,036 [INFO] Pacing: sleep 1.0s
2026-09-17 04:22:30,031 [INFO] Page 14 | Collected: 250
2026-09-17 04:22:30,248 [INFO] Pacing: sleep 1.3s
2026-09-17 04:22:31,579 [INFO] Page 15 | Collected: 250
2026-09-17 04:22:31,858 [INFO] Pacing: sleep 0.9s
2026-09-17 04:22:32,740 [INFO] Page 16 | Collected: 250
2026-09-17 04:22:33,048 [INFO] Pacing: sleep 0.8s
2026-09-17 04:22:33,860 [INFO] Page 17 | Collected: 250
2026-09-17 04:22:34,134 [INFO] Pacing: sleep 0.9s
2026-09-17 04:22:35,036 [INFO] Page 18 | Collected: 250
2026-09-17 04:22:35,315 [INFO] Pacing: sleep 1.4s
2026-09-17 04:22:36,729 [INFO] Page 19 | Collected: 250
2026-09-17 04:22:36,940 [INFO] Pacing: sleep 0.9s
2026-09-17 04:22:37,864 [INFO] Page 20 | Collected: 250
2026-09-17 04:22:38,148 [INFO] Pacing: sleep 1.1s
2026-09-17 04:22:39,297 [INFO] Page 21 | Collected: 500
2026-09-17 04:22:39,571 [INFO] Pacing: sleep 0.9s
2026-09-17 04:22:40,485 [INFO] Page 22 | Collected: 500
2026-09-17 04:22:40,718 [INFO] Pacing: sleep 1.1s
2026-09-17 04:22:41,803 [INFO] Page 23 | Collected: 500
2026-09-17 04:22:42,095 [INFO] Pacing: sleep 0.6s
2026-09-17 04:22:42,646 [INFO] Page 24 | Collected: 500
2026-09-17 04:22:42,900 [INFO] Pacing: sleep 0.8s
2026-09-17 04:22:43,739 [INFO] Page 25 | Collected: 500
2026-09-17 04:22:43,980 [INFO] Pacing: sleep 0.7s
2026-09-17 04:22:44,675 [INFO] Page 26 | Collected: 500
2026-09-17 04:22:44,954 [INFO] Pacing: sleep 0.9s
2026-09-17 04:22:45,807 [INFO] Page 27 | Collected: 500
2026-09-17 04:22:46,069 [INFO] Pacing: sleep 1.1s
2026-09-17 04:22:47,149 [INFO] Page 28 | Collected: 500
2026-09-17 04:22:47,425 [INFO] Pacing: sleep 0.6s
2026-09-17 04:22:47,991 [INFO] Page 29 | Collected: 500
2026-09-17 04:22:48,236 [INFO] Pacing: sleep 0.6s
2026-09-17 04:22:48,883 [INFO] Page 30 | Collected: 500
2026-09-17 04:22:49,158 [INFO] Pacing: sleep 0.9s
2026-09-17 04:22:50,012 [INFO] Page 31 | Collected: 750
2026-09-17 04:22:50,141 [WARNING] Block detected on page 31: HTTP 429
2026-09-17 04:22:50,142 [INFO] Saved raw HTML for debugging: blocked_0031.html
2026-09-17 04:22:50,142 [WARNING] Initiating ADAPTIVE THROTTLING. Sleeping 180s, switching to SAFE mode.
2026-09-17 04:25:50,142 [INFO] Pacing: sleep 47.6s | Short Cooldown: 43.2s
2026-09-17 04:26:37,756 [INFO] Page 31 | Collected: 750
2026-09-17 04:26:38,164 [INFO] Pacing: sleep 7.2s
2026-09-17 04:26:45,323 [INFO] Page 32 | Collected: 750
2026-09-17 04:26:45,567 [INFO] Pacing: sleep 4.3s
2026-09-17 04:26:49,857 [INFO] Page 33 | Collected: 750
2026-09-17 04:26:50,134 [INFO] Pacing: sleep 6.7s
2026-09-17 04:26:56,842 [INFO] Page 34 | Collected: 750
2026-09-17 04:26:57,071 [INFO] Pacing: sleep 4.6s
2026-09-17 04:27:01,684 [INFO] Page 35 | Collected: 750
2026-09-17 04:27:01,923 [INFO] Pacing: sleep 5.8s
2026-09-17 04:27:07,757 [INFO] Page 36 | Collected: 750
2026-09-17 04:27:08,062 [INFO] Pacing: sleep 7.1s
2026-09-17 04:27:15,201 [INFO] Page 37 | Collected: 750
2026-09-17 04:27:15,429 [INFO] Pacing: sleep 4.8s
2026-09-17 04:27:20,214 [INFO] Page 38 | Collected: 750
2026-09-17 04:27:20,454 [INFO] Pacing: sleep 6.8s
2026-09-17 04:27:27,219 [INFO] Page 39 | Collected: 750
2026-09-17 04:27:27,504 [INFO] Pacing: sleep 4.2s
2026-09-17 04:27:31,677 [INFO] Page 40 | Collected: 750
2026-09-17 04:27:31,902 [INFO] Pacing: sleep 183.0s | Long Cooldown: 177.7s
2026-09-17 04:30:34,874 [INFO] Page 41 | Collected: 1000
2026-09-17 04:30:35,149 [INFO] Pacing: sleep 5.2s
2026-09-17 04:30:40,335 [INFO] Page 42 | Collected: 1000
2026-09-17 04:30:40,626 [INFO] Pacing: sleep 4.1s
2026-09-17 04:30:44,700 [INFO] Page 43 | Collected: 1000
2026-09-17 04:30:44,924 [INFO] Pacing: sleep 5.5s
2026-09-17 04:30:50,467 [INFO] Page 44 | Collected: 1000
2026-09-17 04:30:50,796 [INFO] Pacing: sleep 5.9s
2026-09-17 04:30:56,742 [INFO] Page 45 | Collected: 1000
2026-09-17 04:30:56,971 [INFO] Pacing: sleep 7.9s
2026-09-17 04:31:04,898 [INFO] Page 46 | Collected: 1000
2026-09-17 04:31:05,126 [INFO] Pacing: sleep 6.0s
2026-09-17 04:31:11,174 [INFO] Page 47 | Collected: 1000
2026-09-17 04:31:11,444 [INFO] Pacing: sleep 5.6s
2026-09-17 04:31:17,087 [INFO] Page 48 | Collected: 1000
2026-09-17 04:31:17,244 [WARNING] Block detected on page 48: Suspicious term found: 'captcha'
2026-09-17 04:31:17,244 [INFO] Saved raw HTML for debugging: blocked_0048.html
2026-09-17 04:31:17,244 [ERROR] Blocked again even after safe mode. Stopping gracefully.
2026-09-17 04:31:17,246 [INFO] Crawl stopped. Reason: adaptive_throttle_failed_page_48. Finalizing...
2026-09-17 04:31:17,246 [INFO] Merging intermediate pages from work_dir: /home/runner/work/steam-diploma/steam-diploma/data/snapshots/data/snapshots/_in_progress/c15df72d-c775-4b50-b72b-4ba07f6eb79d
