2026-10-08 18:41:51,384 [INFO] Steam Snapshot Collector Started.
2026-10-08 18:41:51,385 [INFO] Speed Mode: fast
2026-10-08 18:41:51,385 [INFO] Work Dir: /home/runner/work/steam-diploma/steam-diploma/data/snapshots
2026-10-08 18:41:51,385 [INFO] Base Output Dir: .
2026-10-08 18:41:51,385 [INFO] Page 1 | Collected: 0
2026-10-08 18:41:51,781 [INFO] Pacing: sleep 1.4s
2026-10-08 18:41:53,138 [INFO] Page 2 | Collected: 0
2026-10-08 18:41:53,422 [INFO] Pacing: sleep 0.7s
2026-10-08 18:41:54,161 [INFO] Page 3 | Collected: 0
2026-10-08 18:41:54,416 [INFO] Pacing: sleep 0.8s
2026-10-08 18:41:55,230 [INFO] Page 4 | Collected: 0
2026-10-08 18:41:55,546 [INFO] Pacing: sleep 0.8s
2026-10-08 18:41:56,300 [INFO] Page 5 | Collected: 0
2026-10-08 18:41:56,583 [INFO] Pacing: sleep 0.6s
2026-10-08 18:41:57,200 [INFO] Page 6 | Collected: 0
2026-10-08 18:41:57,452 [INFO] Pacing: sleep 1.0s
2026-10-08 18:41:58,435 [INFO] Page 7 | Collected: 0
2026-10-08 18:41:58,747 [INFO] Pacing: sleep 1.1s
2026-10-08 18:41:59,826 [INFO] Page 8 | Collected: 0
2026-10-08 18:42:00,050 [INFO] Pacing: sleep 1.1s
2026-10-08 18:42:01,112 [INFO] Page 9 | Collected: 0
2026-10-08 18:42:01,378 [INFO] Pacing: sleep 1.0s
2026-10-08 18:42:02,420 [INFO] Page 10 | Collected: 0
2026-10-08 18:42:02,738 [INFO] Pacing: sleep 0.8s
2026-10-08 18:42:03,583 [INFO] Page 11 | Collected: 250
2026-10-08 18:42:03,829 [INFO] Pacing: sleep 1.3s
2026-10-08 18:42:05,152 [INFO] Page 12 | Collected: 250
2026-10-08 18:42:05,523 [INFO] Pacing: sleep 1.1s
2026-10-08 18:42:06,587 [INFO] Page 13 | Collected: 250
2026-10-08 18:42:06,868 [INFO] Pacing: sleep 1.0s
2026-10-08 18:42:07,891 [INFO] Page 14 | Collected: 250
2026-10-08 18:42:08,186 [INFO] Pacing: sleep 1.3s
2026-10-08 18:42:09,474 [INFO] Page 15 | Collected: 250
2026-10-08 18:42:09,832 [INFO] Pacing: sleep 1.4s
2026-10-08 18:42:11,242 [INFO] Page 16 | Collected: 250
2026-10-08 18:42:11,519 [INFO] Pacing: sleep 0.7s
2026-10-08 18:42:12,200 [INFO] Page 17 | Collected: 250
2026-10-08 18:42:12,439 [INFO] Pacing: sleep 1.3s
2026-10-08 18:42:13,757 [INFO] Page 18 | Collected: 250
2026-10-08 18:42:14,080 [INFO] Pacing: sleep 0.7s
2026-10-08 18:42:14,829 [INFO] Page 19 | Collected: 250
2026-10-08 18:42:15,072 [INFO] Pacing: sleep 1.0s
2026-10-08 18:42:16,115 [INFO] Page 20 | Collected: 250
2026-10-08 18:42:16,421 [INFO] Pacing: sleep 1.3s
2026-10-08 18:42:17,682 [INFO] Page 21 | Collected: 500
2026-10-08 18:42:17,926 [INFO] Pacing: sleep 0.8s
2026-10-08 18:42:18,732 [INFO] Page 22 | Collected: 500
2026-10-08 18:42:18,983 [INFO] Pacing: sleep 1.2s
2026-10-08 18:42:20,230 [INFO] Page 23 | Collected: 500
2026-10-08 18:42:20,574 [INFO] Pacing: sleep 1.1s
2026-10-08 18:42:21,666 [INFO] Page 24 | Collected: 500
2026-10-08 18:42:21,966 [INFO] Pacing: sleep 1.2s
2026-10-08 18:42:23,193 [INFO] Page 25 | Collected: 500
2026-10-08 18:42:23,453 [INFO] Pacing: sleep 1.2s
2026-10-08 18:42:24,665 [INFO] Page 26 | Collected: 500
2026-10-08 18:42:24,999 [INFO] Pacing: sleep 1.4s
2026-10-08 18:42:26,411 [INFO] Page 27 | Collected: 500
2026-10-08 18:42:26,687 [INFO] Pacing: sleep 1.4s
2026-10-08 18:42:28,132 [INFO] Page 28 | Collected: 500
2026-10-08 18:42:28,444 [INFO] Pacing: sleep 0.9s
2026-10-08 18:42:29,304 [INFO] Page 29 | Collected: 500
2026-10-08 18:42:29,570 [INFO] Pacing: sleep 0.9s
2026-10-08 18:42:30,429 [INFO] Page 30 | Collected: 500
2026-10-08 18:42:30,736 [INFO] Pacing: sleep 0.7s
2026-10-08 18:42:31,431 [INFO] Page 31 | Collected: 750
2026-10-08 18:42:31,510 [WARNING] Block detected on page 31: HTTP 429
2026-10-08 18:42:31,511 [INFO] Saved raw HTML for debugging: blocked_0031.html
2026-10-08 18:42:31,511 [WARNING] Initiating ADAPTIVE THROTTLING. Sleeping 180s, switching to SAFE mode.
2026-10-08 18:45:31,511 [INFO] Pacing: sleep 61.8s | Short Cooldown: 54.3s
2026-10-08 18:46:33,314 [INFO] Page 31 | Collected: 750
2026-10-08 18:46:33,678 [INFO] Pacing: sleep 7.1s
2026-10-08 18:46:40,766 [INFO] Page 32 | Collected: 750
2026-10-08 18:46:41,029 [INFO] Pacing: sleep 6.4s
2026-10-08 18:46:47,415 [INFO] Page 33 | Collected: 750
2026-10-08 18:46:47,716 [INFO] Pacing: sleep 7.4s
2026-10-08 18:46:55,124 [INFO] Page 34 | Collected: 750
2026-10-08 18:46:55,611 [INFO] Pacing: sleep 7.1s
2026-10-08 18:47:02,665 [INFO] Page 35 | Collected: 750
2026-10-08 18:47:02,938 [INFO] Pacing: sleep 7.6s
2026-10-08 18:47:10,527 [INFO] Page 36 | Collected: 750
2026-10-08 18:47:10,884 [INFO] Pacing: sleep 4.1s
2026-10-08 18:47:15,010 [INFO] Page 37 | Collected: 750
2026-10-08 18:47:15,247 [INFO] Pacing: sleep 5.9s
2026-10-08 18:47:21,157 [INFO] Page 38 | Collected: 750
2026-10-08 18:47:21,407 [INFO] Pacing: sleep 5.9s
2026-10-08 18:47:27,326 [INFO] Page 39 | Collected: 750
2026-10-08 18:47:27,679 [INFO] Pacing: sleep 5.0s
2026-10-08 18:47:32,633 [INFO] Page 40 | Collected: 750
2026-10-08 18:47:32,875 [INFO] Pacing: sleep 230.7s | Long Cooldown: 226.2s
2026-10-08 18:51:23,603 [INFO] Page 41 | Collected: 1000
2026-10-08 18:51:23,909 [INFO] Pacing: sleep 5.7s
2026-10-08 18:51:29,564 [INFO] Page 42 | Collected: 1000
2026-10-08 18:51:29,816 [INFO] Pacing: sleep 6.1s
2026-10-08 18:51:35,944 [INFO] Page 43 | Collected: 1000
2026-10-08 18:51:36,198 [INFO] Pacing: sleep 6.2s
2026-10-08 18:51:42,415 [INFO] Page 44 | Collected: 1000
2026-10-08 18:51:42,765 [INFO] Pacing: sleep 7.6s
2026-10-08 18:51:50,332 [INFO] Page 45 | Collected: 1000
2026-10-08 18:51:50,610 [INFO] Pacing: sleep 5.9s
2026-10-08 18:51:56,505 [INFO] Page 46 | Collected: 1000
2026-10-08 18:51:56,838 [INFO] Pacing: sleep 4.2s
2026-10-08 18:52:01,042 [INFO] Page 47 | Collected: 1000
2026-10-08 18:52:01,201 [WARNING] Block detected on page 47: Suspicious term found: 'captcha'
2026-10-08 18:52:01,202 [INFO] Saved raw HTML for debugging: blocked_0047.html
2026-10-08 18:52:01,202 [ERROR] Blocked again even after safe mode. Stopping gracefully.
2026-10-08 18:52:01,203 [INFO] Crawl stopped. Reason: adaptive_throttle_failed_page_47. Finalizing...
2026-10-08 18:52:01,204 [INFO] Merging intermediate pages from work_dir: /home/runner/work/steam-diploma/steam-diploma/data/snapshots/data/snapshots/_in_progress/59d3d742-ce53-4360-9f0e-e4b4bbf28ebc
