2026-08-20 01:35:18,285 [INFO] Steam Snapshot Collector Started.
2026-08-20 01:35:18,285 [INFO] Speed Mode: fast
2026-08-20 01:35:18,285 [INFO] Work Dir: /home/runner/work/steam-diploma/steam-diploma/data/snapshots
2026-08-20 01:35:18,285 [INFO] Base Output Dir: .
2026-08-20 01:35:18,285 [INFO] Page 1 | Collected: 0
2026-08-20 01:35:18,678 [INFO] Pacing: sleep 1.4s
2026-08-20 01:35:20,054 [INFO] Page 2 | Collected: 0
2026-08-20 01:35:20,375 [INFO] Pacing: sleep 0.8s
2026-08-20 01:35:21,201 [INFO] Page 3 | Collected: 0
2026-08-20 01:35:21,536 [INFO] Pacing: sleep 1.0s
2026-08-20 01:35:22,528 [INFO] Page 4 | Collected: 0
2026-08-20 01:35:22,879 [INFO] Pacing: sleep 0.7s
2026-08-20 01:35:23,617 [INFO] Page 5 | Collected: 0
2026-08-20 01:35:23,934 [INFO] Pacing: sleep 1.3s
2026-08-20 01:35:25,202 [INFO] Page 6 | Collected: 0
2026-08-20 01:35:25,556 [INFO] Pacing: sleep 0.7s
2026-08-20 01:35:26,226 [INFO] Page 7 | Collected: 0
2026-08-20 01:35:26,582 [INFO] Pacing: sleep 1.0s
2026-08-20 01:35:27,591 [INFO] Page 8 | Collected: 0
2026-08-20 01:35:27,961 [INFO] Pacing: sleep 1.3s
2026-08-20 01:35:29,239 [INFO] Page 9 | Collected: 0
2026-08-20 01:35:29,591 [INFO] Pacing: sleep 1.5s
2026-08-20 01:35:31,058 [INFO] Page 10 | Collected: 0
2026-08-20 01:35:31,424 [INFO] Pacing: sleep 0.9s
2026-08-20 01:35:32,372 [INFO] Page 11 | Collected: 250
2026-08-20 01:35:32,660 [INFO] Pacing: sleep 1.3s
2026-08-20 01:35:33,917 [INFO] Page 12 | Collected: 250
2026-08-20 01:35:34,275 [INFO] Pacing: sleep 1.1s
2026-08-20 01:35:35,368 [INFO] Page 13 | Collected: 250
2026-08-20 01:35:35,637 [INFO] Pacing: sleep 1.1s
2026-08-20 01:35:36,777 [INFO] Page 14 | Collected: 250
2026-08-20 01:35:37,052 [INFO] Pacing: sleep 0.8s
2026-08-20 01:35:37,803 [INFO] Page 15 | Collected: 250
2026-08-20 01:35:38,156 [INFO] Pacing: sleep 1.2s
2026-08-20 01:35:39,368 [INFO] Page 16 | Collected: 250
2026-08-20 01:35:39,652 [INFO] Pacing: sleep 1.5s
2026-08-20 01:35:41,151 [INFO] Page 17 | Collected: 250
2026-08-20 01:35:41,463 [INFO] Pacing: sleep 1.4s
2026-08-20 01:35:42,874 [INFO] Page 18 | Collected: 250
2026-08-20 01:35:43,352 [INFO] Pacing: sleep 1.0s
2026-08-20 01:35:44,305 [INFO] Page 19 | Collected: 250
2026-08-20 01:35:44,685 [INFO] Pacing: sleep 1.3s
2026-08-20 01:35:45,948 [INFO] Page 20 | Collected: 250
2026-08-20 01:35:46,338 [INFO] Pacing: sleep 1.2s
2026-08-20 01:35:47,497 [INFO] Page 21 | Collected: 500
2026-08-20 01:35:47,795 [INFO] Pacing: sleep 0.7s
2026-08-20 01:35:48,482 [INFO] Page 22 | Collected: 500
2026-08-20 01:35:48,792 [INFO] Pacing: sleep 0.7s
2026-08-20 01:35:49,528 [INFO] Page 23 | Collected: 500
2026-08-20 01:35:49,905 [INFO] Pacing: sleep 0.6s
2026-08-20 01:35:50,540 [INFO] Page 24 | Collected: 500
2026-08-20 01:35:50,840 [INFO] Pacing: sleep 0.7s
2026-08-20 01:35:51,550 [INFO] Page 25 | Collected: 500
2026-08-20 01:35:51,957 [INFO] Pacing: sleep 0.8s
2026-08-20 01:35:52,781 [INFO] Page 26 | Collected: 500
2026-08-20 01:35:53,071 [INFO] Pacing: sleep 0.6s
2026-08-20 01:35:53,655 [INFO] Page 27 | Collected: 500
2026-08-20 01:35:53,962 [INFO] Pacing: sleep 1.3s
2026-08-20 01:35:55,298 [INFO] Page 28 | Collected: 500
2026-08-20 01:35:55,669 [INFO] Pacing: sleep 1.3s
2026-08-20 01:35:56,939 [INFO] Page 29 | Collected: 500
2026-08-20 01:35:57,264 [INFO] Pacing: sleep 0.8s
2026-08-20 01:35:58,072 [INFO] Page 30 | Collected: 500
2026-08-20 01:35:58,381 [INFO] Pacing: sleep 0.7s
2026-08-20 01:35:59,090 [INFO] Page 31 | Collected: 750
2026-08-20 01:35:59,221 [WARNING] Block detected on page 31: HTTP 429
2026-08-20 01:35:59,221 [INFO] Saved raw HTML for debugging: blocked_0031.html
2026-08-20 01:35:59,221 [WARNING] Initiating ADAPTIVE THROTTLING. Sleeping 180s, switching to SAFE mode.
2026-08-20 01:38:59,221 [INFO] Pacing: sleep 62.2s | Short Cooldown: 55.6s
2026-08-20 01:40:01,449 [INFO] Page 31 | Collected: 750
2026-08-20 01:40:01,796 [INFO] Pacing: sleep 5.4s
2026-08-20 01:40:07,234 [INFO] Page 32 | Collected: 750
2026-08-20 01:40:07,533 [INFO] Pacing: sleep 5.5s
2026-08-20 01:40:13,001 [INFO] Page 33 | Collected: 750
2026-08-20 01:40:13,345 [INFO] Pacing: sleep 5.0s
2026-08-20 01:40:18,347 [INFO] Page 34 | Collected: 750
2026-08-20 01:40:18,668 [INFO] Pacing: sleep 5.7s
2026-08-20 01:40:24,319 [INFO] Page 35 | Collected: 750
2026-08-20 01:40:24,637 [INFO] Pacing: sleep 7.7s
2026-08-20 01:40:32,380 [INFO] Page 36 | Collected: 750
2026-08-20 01:40:32,773 [INFO] Pacing: sleep 4.2s
2026-08-20 01:40:37,002 [INFO] Page 37 | Collected: 750
2026-08-20 01:40:37,327 [INFO] Pacing: sleep 4.9s
2026-08-20 01:40:42,203 [INFO] Page 38 | Collected: 750
2026-08-20 01:40:42,504 [INFO] Pacing: sleep 7.3s
2026-08-20 01:40:49,796 [INFO] Page 39 | Collected: 750
2026-08-20 01:40:50,168 [INFO] Pacing: sleep 7.5s
2026-08-20 01:40:57,629 [INFO] Page 40 | Collected: 750
2026-08-20 01:40:57,927 [INFO] Pacing: sleep 133.3s | Long Cooldown: 129.1s
2026-08-20 01:43:11,190 [INFO] Page 41 | Collected: 1000
2026-08-20 01:43:11,535 [INFO] Pacing: sleep 4.5s
2026-08-20 01:43:16,029 [INFO] Page 42 | Collected: 1000
2026-08-20 01:43:16,333 [INFO] Pacing: sleep 5.3s
2026-08-20 01:43:21,586 [INFO] Page 43 | Collected: 1000
2026-08-20 01:43:21,860 [INFO] Pacing: sleep 5.5s
2026-08-20 01:43:27,339 [INFO] Page 44 | Collected: 1000
2026-08-20 01:43:27,712 [INFO] Pacing: sleep 5.3s
2026-08-20 01:43:32,991 [INFO] Page 45 | Collected: 1000
2026-08-20 01:43:33,267 [INFO] Pacing: sleep 7.5s
2026-08-20 01:43:40,754 [INFO] Page 46 | Collected: 1000
2026-08-20 01:43:40,925 [WARNING] Block detected on page 46: Suspicious term found: 'captcha'
2026-08-20 01:43:40,925 [INFO] Saved raw HTML for debugging: blocked_0046.html
2026-08-20 01:43:40,925 [ERROR] Blocked again even after safe mode. Stopping gracefully.
2026-08-20 01:43:40,926 [INFO] Crawl stopped. Reason: adaptive_throttle_failed_page_46. Finalizing...
2026-08-20 01:43:40,927 [INFO] Merging intermediate pages from work_dir: /home/runner/work/steam-diploma/steam-diploma/data/snapshots/data/snapshots/_in_progress/7c3623ee-3136-4e77-b71e-badd02d2a097
