2026-09-15 16:40:07,165 [INFO] Steam Snapshot Collector Started.
2026-09-15 16:40:07,165 [INFO] Speed Mode: fast
2026-09-15 16:40:07,165 [INFO] Work Dir: /home/runner/work/steam-diploma/steam-diploma/data/snapshots
2026-09-15 16:40:07,165 [INFO] Base Output Dir: .
2026-09-15 16:40:07,165 [INFO] Page 1 | Collected: 0
2026-09-15 16:40:07,501 [INFO] Pacing: sleep 1.3s
2026-09-15 16:40:08,803 [INFO] Page 2 | Collected: 0
2026-09-15 16:40:09,120 [INFO] Pacing: sleep 1.5s
2026-09-15 16:40:10,572 [INFO] Page 3 | Collected: 0
2026-09-15 16:40:10,872 [INFO] Pacing: sleep 1.3s
2026-09-15 16:40:12,155 [INFO] Page 4 | Collected: 0
2026-09-15 16:40:12,493 [INFO] Pacing: sleep 1.0s
2026-09-15 16:40:13,498 [INFO] Page 5 | Collected: 0
2026-09-15 16:40:13,734 [INFO] Pacing: sleep 1.0s
2026-09-15 16:40:14,752 [INFO] Page 6 | Collected: 0
2026-09-15 16:40:15,002 [INFO] Pacing: sleep 0.5s
2026-09-15 16:40:15,527 [INFO] Page 7 | Collected: 0
2026-09-15 16:40:15,888 [INFO] Pacing: sleep 1.3s
2026-09-15 16:40:17,213 [INFO] Page 8 | Collected: 0
2026-09-15 16:40:17,471 [INFO] Pacing: sleep 1.3s
2026-09-15 16:40:18,782 [INFO] Page 9 | Collected: 0
2026-09-15 16:40:19,018 [INFO] Pacing: sleep 1.1s
2026-09-15 16:40:20,073 [INFO] Page 10 | Collected: 0
2026-09-15 16:40:20,443 [INFO] Pacing: sleep 0.8s
2026-09-15 16:40:21,238 [INFO] Page 11 | Collected: 250
2026-09-15 16:40:21,517 [INFO] Pacing: sleep 0.5s
2026-09-15 16:40:22,035 [INFO] Page 12 | Collected: 250
2026-09-15 16:40:22,368 [INFO] Pacing: sleep 0.5s
2026-09-15 16:40:22,908 [INFO] Page 13 | Collected: 250
2026-09-15 16:40:23,134 [INFO] Pacing: sleep 0.5s
2026-09-15 16:40:23,639 [INFO] Page 14 | Collected: 250
2026-09-15 16:40:23,881 [INFO] Pacing: sleep 0.5s
2026-09-15 16:40:24,408 [INFO] Page 15 | Collected: 250
2026-09-15 16:40:24,803 [INFO] Pacing: sleep 1.1s
2026-09-15 16:40:25,898 [INFO] Page 16 | Collected: 250
2026-09-15 16:40:26,149 [INFO] Pacing: sleep 0.6s
2026-09-15 16:40:26,791 [INFO] Page 17 | Collected: 250
2026-09-15 16:40:27,051 [INFO] Pacing: sleep 0.6s
2026-09-15 16:40:27,637 [INFO] Page 18 | Collected: 250
2026-09-15 16:40:28,001 [INFO] Pacing: sleep 1.5s
2026-09-15 16:40:29,474 [INFO] Page 19 | Collected: 250
2026-09-15 16:40:29,796 [INFO] Pacing: sleep 1.0s
2026-09-15 16:40:30,812 [INFO] Page 20 | Collected: 250
2026-09-15 16:40:31,117 [INFO] Pacing: sleep 0.7s
2026-09-15 16:40:31,861 [INFO] Page 21 | Collected: 500
2026-09-15 16:40:32,110 [INFO] Pacing: sleep 1.0s
2026-09-15 16:40:33,096 [INFO] Page 22 | Collected: 500
2026-09-15 16:40:33,434 [INFO] Pacing: sleep 0.9s
2026-09-15 16:40:34,312 [INFO] Page 23 | Collected: 500
2026-09-15 16:40:34,687 [INFO] Pacing: sleep 0.6s
2026-09-15 16:40:35,276 [INFO] Page 24 | Collected: 500
2026-09-15 16:40:35,519 [INFO] Pacing: sleep 0.7s
2026-09-15 16:40:36,174 [INFO] Page 25 | Collected: 500
2026-09-15 16:40:36,430 [INFO] Pacing: sleep 0.8s
2026-09-15 16:40:37,203 [INFO] Page 26 | Collected: 500
2026-09-15 16:40:37,628 [INFO] Pacing: sleep 1.2s
2026-09-15 16:40:38,826 [INFO] Page 27 | Collected: 500
2026-09-15 16:40:39,089 [INFO] Pacing: sleep 0.8s
2026-09-15 16:40:39,881 [INFO] Page 28 | Collected: 500
2026-09-15 16:40:40,250 [INFO] Pacing: sleep 1.3s
2026-09-15 16:40:41,535 [INFO] Page 29 | Collected: 500
2026-09-15 16:40:41,865 [INFO] Pacing: sleep 0.6s
2026-09-15 16:40:42,418 [INFO] Page 30 | Collected: 500
2026-09-15 16:40:42,687 [INFO] Pacing: sleep 0.6s
2026-09-15 16:40:43,287 [INFO] Page 31 | Collected: 750
2026-09-15 16:40:43,371 [WARNING] Block detected on page 31: HTTP 429
2026-09-15 16:40:43,371 [INFO] Saved raw HTML for debugging: blocked_0031.html
2026-09-15 16:40:43,371 [WARNING] Initiating ADAPTIVE THROTTLING. Sleeping 180s, switching to SAFE mode.
2026-09-15 16:43:43,371 [INFO] Pacing: sleep 40.9s | Short Cooldown: 34.8s
2026-09-15 16:44:24,319 [INFO] Page 31 | Collected: 750
2026-09-15 16:44:24,728 [INFO] Pacing: sleep 7.3s
2026-09-15 16:44:32,024 [INFO] Page 32 | Collected: 750
2026-09-15 16:44:32,294 [WARNING] Page 32 had 1 duplicate appids seen previously.
2026-09-15 16:44:32,294 [INFO] Pacing: sleep 7.1s
2026-09-15 16:44:39,400 [INFO] Page 33 | Collected: 750
2026-09-15 16:44:39,796 [INFO] Pacing: sleep 6.3s
2026-09-15 16:44:46,067 [INFO] Page 34 | Collected: 750
2026-09-15 16:44:46,331 [INFO] Pacing: sleep 4.8s
2026-09-15 16:44:51,138 [INFO] Page 35 | Collected: 750
2026-09-15 16:44:51,383 [INFO] Pacing: sleep 5.3s
2026-09-15 16:44:56,656 [INFO] Page 36 | Collected: 750
2026-09-15 16:44:57,038 [INFO] Pacing: sleep 6.6s
2026-09-15 16:45:03,601 [INFO] Page 37 | Collected: 750
2026-09-15 16:45:03,843 [INFO] Pacing: sleep 4.0s
2026-09-15 16:45:07,861 [INFO] Page 38 | Collected: 750
2026-09-15 16:45:08,118 [INFO] Pacing: sleep 5.3s
2026-09-15 16:45:13,375 [INFO] Page 39 | Collected: 750
2026-09-15 16:45:13,711 [INFO] Pacing: sleep 4.6s
2026-09-15 16:45:18,319 [INFO] Page 40 | Collected: 750
2026-09-15 16:45:18,577 [INFO] Pacing: sleep 223.3s | Long Cooldown: 218.9s
2026-09-15 16:49:01,833 [INFO] Page 41 | Collected: 1000
2026-09-15 16:49:02,214 [INFO] Pacing: sleep 6.9s
2026-09-15 16:49:09,096 [INFO] Page 42 | Collected: 1000
2026-09-15 16:49:09,347 [INFO] Pacing: sleep 5.7s
2026-09-15 16:49:15,004 [INFO] Page 43 | Collected: 1000
2026-09-15 16:49:15,235 [INFO] Pacing: sleep 5.8s
2026-09-15 16:49:21,032 [INFO] Page 44 | Collected: 1000
2026-09-15 16:49:21,456 [INFO] Pacing: sleep 7.9s
2026-09-15 16:49:29,391 [INFO] Page 45 | Collected: 1000
2026-09-15 16:49:29,644 [INFO] Pacing: sleep 7.6s
2026-09-15 16:49:37,225 [INFO] Page 46 | Collected: 1000
2026-09-15 16:49:37,510 [INFO] Pacing: sleep 4.0s
2026-09-15 16:49:41,529 [INFO] Page 47 | Collected: 1000
2026-09-15 16:49:42,042 [INFO] Pacing: sleep 4.5s
2026-09-15 16:49:46,539 [INFO] Page 48 | Collected: 1000
2026-09-15 16:49:46,763 [WARNING] Block detected on page 48: Suspicious term found: 'captcha'
2026-09-15 16:49:46,764 [INFO] Saved raw HTML for debugging: blocked_0048.html
2026-09-15 16:49:46,764 [ERROR] Blocked again even after safe mode. Stopping gracefully.
2026-09-15 16:49:46,765 [INFO] Crawl stopped. Reason: adaptive_throttle_failed_page_48. Finalizing...
2026-09-15 16:49:46,766 [INFO] Merging intermediate pages from work_dir: /home/runner/work/steam-diploma/steam-diploma/data/snapshots/data/snapshots/_in_progress/f590eed7-b68f-45f2-b8f8-86c93b6e962e
2026-09-15 16:49:46,777 [WARNING] Found 1 duplicate appids across the snapshot.
