2026-07-25 03:16:21,644 [INFO] Steam Snapshot Collector Started.
2026-07-25 03:16:21,645 [INFO] Speed Mode: fast
2026-07-25 03:16:21,645 [INFO] Work Dir: /home/runner/work/steam-diploma/steam-diploma/data/snapshots
2026-07-25 03:16:21,645 [INFO] Base Output Dir: .
2026-07-25 03:16:21,645 [INFO] Page 1 | Collected: 0
2026-07-25 03:16:21,975 [INFO] Pacing: sleep 0.8s
2026-07-25 03:16:22,813 [INFO] Page 2 | Collected: 0
2026-07-25 03:16:23,088 [INFO] Pacing: sleep 0.7s
2026-07-25 03:16:23,788 [INFO] Page 3 | Collected: 0
2026-07-25 03:16:24,031 [INFO] Pacing: sleep 1.4s
2026-07-25 03:16:25,431 [INFO] Page 4 | Collected: 0
2026-07-25 03:16:25,723 [INFO] Pacing: sleep 0.5s
2026-07-25 03:16:26,253 [INFO] Page 5 | Collected: 0
2026-07-25 03:16:26,486 [INFO] Pacing: sleep 1.1s
2026-07-25 03:16:27,554 [INFO] Page 6 | Collected: 0
2026-07-25 03:16:27,797 [INFO] Pacing: sleep 0.9s
2026-07-25 03:16:28,673 [INFO] Page 7 | Collected: 0
2026-07-25 03:16:28,973 [INFO] Pacing: sleep 1.4s
2026-07-25 03:16:30,346 [INFO] Page 8 | Collected: 0
2026-07-25 03:16:30,591 [INFO] Pacing: sleep 1.0s
2026-07-25 03:16:31,564 [INFO] Page 9 | Collected: 0
2026-07-25 03:16:31,797 [INFO] Pacing: sleep 1.0s
2026-07-25 03:16:32,831 [INFO] Page 10 | Collected: 0
2026-07-25 03:16:33,128 [INFO] Pacing: sleep 1.2s
2026-07-25 03:16:34,343 [INFO] Page 11 | Collected: 250
2026-07-25 03:16:34,560 [INFO] Pacing: sleep 1.2s
2026-07-25 03:16:35,751 [INFO] Page 12 | Collected: 250
2026-07-25 03:16:36,048 [INFO] Pacing: sleep 1.1s
2026-07-25 03:16:37,165 [INFO] Page 13 | Collected: 250
2026-07-25 03:16:37,433 [INFO] Pacing: sleep 1.4s
2026-07-25 03:16:38,854 [INFO] Page 14 | Collected: 250
2026-07-25 03:16:39,118 [INFO] Pacing: sleep 0.9s
2026-07-25 03:16:39,974 [INFO] Page 15 | Collected: 250
2026-07-25 03:16:40,252 [INFO] Pacing: sleep 1.3s
2026-07-25 03:16:41,544 [INFO] Page 16 | Collected: 250
2026-07-25 03:16:41,764 [INFO] Pacing: sleep 1.2s
2026-07-25 03:16:43,002 [INFO] Page 17 | Collected: 250
2026-07-25 03:16:43,287 [INFO] Pacing: sleep 1.1s
2026-07-25 03:16:44,390 [INFO] Page 18 | Collected: 250
2026-07-25 03:16:44,628 [INFO] Pacing: sleep 1.2s
2026-07-25 03:16:45,860 [INFO] Page 19 | Collected: 250
2026-07-25 03:16:46,095 [INFO] Pacing: sleep 0.9s
2026-07-25 03:16:47,018 [INFO] Page 20 | Collected: 250
2026-07-25 03:16:47,355 [INFO] Pacing: sleep 0.8s
2026-07-25 03:16:48,187 [INFO] Page 21 | Collected: 500
2026-07-25 03:16:48,403 [INFO] Pacing: sleep 1.4s
2026-07-25 03:16:49,813 [INFO] Page 22 | Collected: 500
2026-07-25 03:16:50,122 [INFO] Pacing: sleep 0.8s
2026-07-25 03:16:50,922 [INFO] Page 23 | Collected: 500
2026-07-25 03:16:51,176 [INFO] Pacing: sleep 0.9s
2026-07-25 03:16:52,077 [INFO] Page 24 | Collected: 500
2026-07-25 03:16:52,322 [INFO] Pacing: sleep 1.1s
2026-07-25 03:16:53,452 [INFO] Page 25 | Collected: 500
2026-07-25 03:16:53,752 [INFO] Pacing: sleep 1.5s
2026-07-25 03:16:55,226 [INFO] Page 26 | Collected: 500
2026-07-25 03:16:55,455 [INFO] Pacing: sleep 0.7s
2026-07-25 03:16:56,185 [INFO] Page 27 | Collected: 500
2026-07-25 03:16:56,425 [INFO] Pacing: sleep 1.4s
2026-07-25 03:16:57,793 [INFO] Page 28 | Collected: 500
2026-07-25 03:16:58,108 [INFO] Pacing: sleep 0.7s
2026-07-25 03:16:58,856 [INFO] Page 29 | Collected: 500
2026-07-25 03:16:59,095 [INFO] Pacing: sleep 1.0s
2026-07-25 03:17:00,110 [INFO] Page 30 | Collected: 500
2026-07-25 03:17:00,414 [INFO] Pacing: sleep 0.8s
2026-07-25 03:17:01,245 [INFO] Page 31 | Collected: 750
2026-07-25 03:17:01,283 [WARNING] Block detected on page 31: HTTP 429
2026-07-25 03:17:01,284 [INFO] Saved raw HTML for debugging: blocked_0031.html
2026-07-25 03:17:01,284 [WARNING] Initiating ADAPTIVE THROTTLING. Sleeping 180s, switching to SAFE mode.
2026-07-25 03:20:01,284 [INFO] Pacing: sleep 62.7s | Short Cooldown: 54.9s
2026-07-25 03:21:04,000 [INFO] Page 31 | Collected: 750
2026-07-25 03:21:04,282 [INFO] Pacing: sleep 5.1s
2026-07-25 03:21:09,369 [INFO] Page 32 | Collected: 750
2026-07-25 03:21:09,619 [INFO] Pacing: sleep 6.2s
2026-07-25 03:21:15,852 [INFO] Page 33 | Collected: 750
2026-07-25 03:21:16,163 [INFO] Pacing: sleep 7.0s
2026-07-25 03:21:23,120 [INFO] Page 34 | Collected: 750
2026-07-25 03:21:23,369 [INFO] Pacing: sleep 4.9s
2026-07-25 03:21:28,249 [INFO] Page 35 | Collected: 750
2026-07-25 03:21:28,547 [INFO] Pacing: sleep 4.6s
2026-07-25 03:21:33,187 [INFO] Page 36 | Collected: 750
2026-07-25 03:21:33,414 [INFO] Pacing: sleep 4.5s
2026-07-25 03:21:37,925 [INFO] Page 37 | Collected: 750
2026-07-25 03:21:38,157 [INFO] Pacing: sleep 7.5s
2026-07-25 03:21:45,697 [INFO] Page 38 | Collected: 750
2026-07-25 03:21:46,005 [INFO] Pacing: sleep 4.9s
2026-07-25 03:21:50,940 [INFO] Page 39 | Collected: 750
2026-07-25 03:21:51,246 [INFO] Pacing: sleep 5.2s
2026-07-25 03:21:56,470 [INFO] Page 40 | Collected: 750
2026-07-25 03:21:56,767 [INFO] Pacing: sleep 218.1s | Long Cooldown: 212.1s
2026-07-25 03:25:34,831 [INFO] Page 41 | Collected: 1000
2026-07-25 03:25:35,062 [INFO] Pacing: sleep 6.1s
2026-07-25 03:25:41,198 [INFO] Page 42 | Collected: 1000
2026-07-25 03:25:41,454 [INFO] Pacing: sleep 5.5s
2026-07-25 03:25:46,965 [INFO] Page 43 | Collected: 1000
2026-07-25 03:25:47,315 [INFO] Pacing: sleep 7.0s
2026-07-25 03:25:54,355 [INFO] Page 44 | Collected: 1000
2026-07-25 03:25:54,631 [INFO] Pacing: sleep 4.5s
2026-07-25 03:25:59,088 [INFO] Page 45 | Collected: 1000
2026-07-25 03:25:59,330 [INFO] Pacing: sleep 7.7s
2026-07-25 03:26:07,033 [INFO] Page 46 | Collected: 1000
2026-07-25 03:26:07,359 [INFO] Pacing: sleep 4.6s
2026-07-25 03:26:11,932 [INFO] Page 47 | Collected: 1000
2026-07-25 03:26:12,480 [INFO] Pacing: sleep 5.9s
2026-07-25 03:26:18,390 [INFO] Page 48 | Collected: 1000
2026-07-25 03:26:18,714 [INFO] Pacing: sleep 6.7s
2026-07-25 03:26:25,447 [INFO] Page 49 | Collected: 1000
2026-07-25 03:26:25,584 [WARNING] Block detected on page 49: Suspicious term found: 'captcha'
2026-07-25 03:26:25,585 [INFO] Saved raw HTML for debugging: blocked_0049.html
2026-07-25 03:26:25,585 [ERROR] Blocked again even after safe mode. Stopping gracefully.
2026-07-25 03:26:25,587 [INFO] Crawl stopped. Reason: adaptive_throttle_failed_page_49. Finalizing...
2026-07-25 03:26:25,587 [INFO] Merging intermediate pages from work_dir: /home/runner/work/steam-diploma/steam-diploma/data/snapshots/data/snapshots/_in_progress/989a4053-9534-48f0-90e6-21a48582c8d2
