2026-08-15 12:46:56,627 [INFO] Steam Snapshot Collector Started.
2026-08-15 12:46:56,627 [INFO] Speed Mode: fast
2026-08-15 12:46:56,627 [INFO] Work Dir: /home/runner/work/steam-diploma/steam-diploma/data/snapshots
2026-08-15 12:46:56,627 [INFO] Base Output Dir: .
2026-08-15 12:46:56,628 [INFO] Page 1 | Collected: 0
2026-08-15 12:46:57,073 [INFO] Pacing: sleep 1.0s
2026-08-15 12:46:58,121 [INFO] Page 2 | Collected: 0
2026-08-15 12:46:58,424 [INFO] Pacing: sleep 0.5s
2026-08-15 12:46:58,948 [INFO] Page 3 | Collected: 0
2026-08-15 12:46:59,228 [INFO] Pacing: sleep 0.6s
2026-08-15 12:46:59,867 [INFO] Page 4 | Collected: 0
2026-08-15 12:47:00,205 [INFO] Pacing: sleep 1.0s
2026-08-15 12:47:01,166 [INFO] Page 5 | Collected: 0
2026-08-15 12:47:01,434 [INFO] Pacing: sleep 0.9s
2026-08-15 12:47:02,365 [INFO] Page 6 | Collected: 0
2026-08-15 12:47:02,631 [INFO] Pacing: sleep 1.1s
2026-08-15 12:47:03,693 [INFO] Page 7 | Collected: 0
2026-08-15 12:47:04,110 [WARNING] Page 7 had 1 duplicate appids seen previously.
2026-08-15 12:47:04,110 [INFO] Pacing: sleep 1.0s
2026-08-15 12:47:05,118 [INFO] Page 8 | Collected: 0
2026-08-15 12:47:05,383 [INFO] Pacing: sleep 1.3s
2026-08-15 12:47:06,711 [INFO] Page 9 | Collected: 0
2026-08-15 12:47:06,977 [INFO] Pacing: sleep 0.6s
2026-08-15 12:47:07,583 [INFO] Page 10 | Collected: 0
2026-08-15 12:47:07,906 [INFO] Pacing: sleep 0.5s
2026-08-15 12:47:08,447 [INFO] Page 11 | Collected: 250
2026-08-15 12:47:08,768 [INFO] Pacing: sleep 0.5s
2026-08-15 12:47:09,288 [INFO] Page 12 | Collected: 250
2026-08-15 12:47:09,628 [INFO] Pacing: sleep 1.0s
2026-08-15 12:47:10,584 [INFO] Page 13 | Collected: 250
2026-08-15 12:47:10,895 [INFO] Pacing: sleep 1.2s
2026-08-15 12:47:12,080 [INFO] Page 14 | Collected: 250
2026-08-15 12:47:12,362 [INFO] Pacing: sleep 1.2s
2026-08-15 12:47:13,584 [INFO] Page 15 | Collected: 250
2026-08-15 12:47:13,956 [INFO] Pacing: sleep 0.7s
2026-08-15 12:47:14,635 [INFO] Page 16 | Collected: 250
2026-08-15 12:47:14,913 [INFO] Pacing: sleep 1.4s
2026-08-15 12:47:16,361 [INFO] Page 17 | Collected: 250
2026-08-15 12:47:16,713 [INFO] Pacing: sleep 0.8s
2026-08-15 12:47:17,486 [INFO] Page 18 | Collected: 250
2026-08-15 12:47:17,846 [INFO] Pacing: sleep 1.4s
2026-08-15 12:47:19,227 [INFO] Page 19 | Collected: 250
2026-08-15 12:47:19,507 [INFO] Pacing: sleep 1.3s
2026-08-15 12:47:20,828 [INFO] Page 20 | Collected: 250
2026-08-15 12:47:21,207 [INFO] Pacing: sleep 1.4s
2026-08-15 12:47:22,641 [INFO] Page 21 | Collected: 500
2026-08-15 12:47:23,936 [INFO] Pacing: sleep 1.3s
2026-08-15 12:47:25,192 [INFO] Page 22 | Collected: 500
2026-08-15 12:47:25,499 [INFO] Pacing: sleep 0.9s
2026-08-15 12:47:26,434 [INFO] Page 23 | Collected: 500
2026-08-15 12:47:26,823 [INFO] Pacing: sleep 1.0s
2026-08-15 12:47:27,830 [INFO] Page 24 | Collected: 500
2026-08-15 12:47:28,134 [INFO] Pacing: sleep 1.4s
2026-08-15 12:47:29,581 [INFO] Page 25 | Collected: 500
2026-08-15 12:47:29,929 [INFO] Pacing: sleep 1.0s
2026-08-15 12:47:30,928 [INFO] Page 26 | Collected: 500
2026-08-15 12:47:31,209 [INFO] Pacing: sleep 1.0s
2026-08-15 12:47:32,212 [INFO] Page 27 | Collected: 500
2026-08-15 12:47:32,471 [INFO] Pacing: sleep 0.5s
2026-08-15 12:47:32,976 [INFO] Page 28 | Collected: 500
2026-08-15 12:47:33,346 [INFO] Pacing: sleep 0.8s
2026-08-15 12:47:34,155 [INFO] Page 29 | Collected: 500
2026-08-15 12:47:34,410 [INFO] Pacing: sleep 0.8s
2026-08-15 12:47:35,256 [INFO] Page 30 | Collected: 500
2026-08-15 12:47:35,517 [INFO] Pacing: sleep 1.1s
2026-08-15 12:47:36,579 [INFO] Page 31 | Collected: 750
2026-08-15 12:47:36,642 [WARNING] Block detected on page 31: HTTP 429
2026-08-15 12:47:36,642 [INFO] Saved raw HTML for debugging: blocked_0031.html
2026-08-15 12:47:36,642 [WARNING] Initiating ADAPTIVE THROTTLING. Sleeping 180s, switching to SAFE mode.
2026-08-15 12:50:36,643 [INFO] Pacing: sleep 61.1s | Short Cooldown: 53.9s
2026-08-15 12:51:37,761 [INFO] Page 31 | Collected: 750
2026-08-15 12:51:38,181 [INFO] Pacing: sleep 7.4s
2026-08-15 12:51:45,602 [INFO] Page 32 | Collected: 750
2026-08-15 12:51:45,872 [INFO] Pacing: sleep 6.8s
2026-08-15 12:51:52,672 [INFO] Page 33 | Collected: 750
2026-08-15 12:51:52,990 [INFO] Pacing: sleep 6.3s
2026-08-15 12:51:59,286 [INFO] Page 34 | Collected: 750
2026-08-15 12:51:59,550 [INFO] Pacing: sleep 7.0s
2026-08-15 12:52:06,553 [INFO] Page 35 | Collected: 750
2026-08-15 12:52:06,812 [INFO] Pacing: sleep 5.9s
2026-08-15 12:52:12,734 [INFO] Page 36 | Collected: 750
2026-08-15 12:52:13,091 [INFO] Pacing: sleep 5.2s
2026-08-15 12:52:18,286 [INFO] Page 37 | Collected: 750
2026-08-15 12:52:18,609 [INFO] Pacing: sleep 5.1s
2026-08-15 12:52:23,659 [INFO] Page 38 | Collected: 750
2026-08-15 12:52:23,954 [INFO] Pacing: sleep 5.2s
2026-08-15 12:52:29,167 [INFO] Page 39 | Collected: 750
2026-08-15 12:52:29,506 [INFO] Pacing: sleep 4.0s
2026-08-15 12:52:33,515 [INFO] Page 40 | Collected: 750
2026-08-15 12:52:33,809 [INFO] Pacing: sleep 133.0s | Long Cooldown: 127.8s
2026-08-15 12:54:46,767 [INFO] Page 41 | Collected: 1000
2026-08-15 12:54:47,109 [INFO] Pacing: sleep 6.5s
2026-08-15 12:54:53,596 [INFO] Page 42 | Collected: 1000
2026-08-15 12:54:53,846 [INFO] Pacing: sleep 8.0s
2026-08-15 12:55:01,839 [INFO] Page 43 | Collected: 1000
2026-08-15 12:55:02,110 [INFO] Pacing: sleep 4.9s
2026-08-15 12:55:07,059 [INFO] Page 44 | Collected: 1000
2026-08-15 12:55:07,426 [INFO] Pacing: sleep 4.7s
2026-08-15 12:55:12,102 [INFO] Page 45 | Collected: 1000
2026-08-15 12:55:12,365 [INFO] Pacing: sleep 5.5s
2026-08-15 12:55:17,891 [INFO] Page 46 | Collected: 1000
2026-08-15 12:55:18,040 [WARNING] Block detected on page 46: Suspicious term found: 'captcha'
2026-08-15 12:55:18,041 [INFO] Saved raw HTML for debugging: blocked_0046.html
2026-08-15 12:55:18,041 [ERROR] Blocked again even after safe mode. Stopping gracefully.
2026-08-15 12:55:18,042 [INFO] Crawl stopped. Reason: adaptive_throttle_failed_page_46. Finalizing...
2026-08-15 12:55:18,043 [INFO] Merging intermediate pages from work_dir: /home/runner/work/steam-diploma/steam-diploma/data/snapshots/data/snapshots/_in_progress/29848ff4-e0f9-44b4-af27-28372afbacc5
2026-08-15 12:55:18,056 [WARNING] Found 1 duplicate appids across the snapshot.
