2026-08-28 22:02:14,113 [INFO] Steam Snapshot Collector Started.
2026-08-28 22:02:14,113 [INFO] Speed Mode: fast
2026-08-28 22:02:14,113 [INFO] Work Dir: /home/runner/work/steam-diploma/steam-diploma/data/snapshots
2026-08-28 22:02:14,113 [INFO] Base Output Dir: .
2026-08-28 22:02:14,113 [INFO] Page 1 | Collected: 0
2026-08-28 22:02:14,483 [INFO] Pacing: sleep 1.5s
2026-08-28 22:02:15,957 [INFO] Page 2 | Collected: 0
2026-08-28 22:02:16,260 [INFO] Pacing: sleep 1.1s
2026-08-28 22:02:17,327 [INFO] Page 3 | Collected: 0
2026-08-28 22:02:17,565 [INFO] Pacing: sleep 0.9s
2026-08-28 22:02:18,470 [INFO] Page 4 | Collected: 0
2026-08-28 22:02:18,813 [INFO] Pacing: sleep 1.1s
2026-08-28 22:02:19,878 [INFO] Page 5 | Collected: 0
2026-08-28 22:02:20,181 [INFO] Pacing: sleep 0.7s
2026-08-28 22:02:20,922 [INFO] Page 6 | Collected: 0
2026-08-28 22:02:21,495 [INFO] Pacing: sleep 1.3s
2026-08-28 22:02:22,779 [INFO] Page 7 | Collected: 0
2026-08-28 22:02:23,186 [INFO] Pacing: sleep 0.8s
2026-08-28 22:02:24,008 [INFO] Page 8 | Collected: 0
2026-08-28 22:02:24,288 [INFO] Pacing: sleep 0.7s
2026-08-28 22:02:24,982 [INFO] Page 9 | Collected: 0
2026-08-28 22:02:25,316 [INFO] Pacing: sleep 0.5s
2026-08-28 22:02:25,856 [INFO] Page 10 | Collected: 0
2026-08-28 22:02:26,160 [INFO] Pacing: sleep 1.4s
2026-08-28 22:02:27,539 [INFO] Page 11 | Collected: 250
2026-08-28 22:02:27,845 [INFO] Pacing: sleep 0.7s
2026-08-28 22:02:28,511 [INFO] Page 12 | Collected: 250
2026-08-28 22:02:28,923 [INFO] Pacing: sleep 1.2s
2026-08-28 22:02:30,147 [INFO] Page 13 | Collected: 250
2026-08-28 22:02:30,406 [INFO] Pacing: sleep 1.3s
2026-08-28 22:02:31,703 [INFO] Page 14 | Collected: 250
2026-08-28 22:02:31,973 [INFO] Pacing: sleep 0.9s
2026-08-28 22:02:32,914 [INFO] Page 15 | Collected: 250
2026-08-28 22:02:33,285 [INFO] Pacing: sleep 1.3s
2026-08-28 22:02:34,544 [INFO] Page 16 | Collected: 250
2026-08-28 22:02:34,787 [INFO] Pacing: sleep 0.8s
2026-08-28 22:02:35,625 [INFO] Page 17 | Collected: 250
2026-08-28 22:02:35,939 [INFO] Pacing: sleep 0.9s
2026-08-28 22:02:36,831 [INFO] Page 18 | Collected: 250
2026-08-28 22:02:37,146 [INFO] Pacing: sleep 1.5s
2026-08-28 22:02:38,634 [INFO] Page 19 | Collected: 250
2026-08-28 22:02:38,890 [INFO] Pacing: sleep 1.4s
2026-08-28 22:02:40,337 [INFO] Page 20 | Collected: 250
2026-08-28 22:02:40,705 [INFO] Pacing: sleep 0.8s
2026-08-28 22:02:41,521 [INFO] Page 21 | Collected: 500
2026-08-28 22:02:41,977 [INFO] Pacing: sleep 1.0s
2026-08-28 22:02:42,970 [INFO] Page 22 | Collected: 500
2026-08-28 22:02:43,300 [INFO] Pacing: sleep 0.9s
2026-08-28 22:02:44,246 [INFO] Page 23 | Collected: 500
2026-08-28 22:02:44,549 [INFO] Pacing: sleep 1.1s
2026-08-28 22:02:45,685 [INFO] Page 24 | Collected: 500
2026-08-28 22:02:45,919 [INFO] Pacing: sleep 0.8s
2026-08-28 22:02:46,678 [INFO] Page 25 | Collected: 500
2026-08-28 22:02:46,978 [INFO] Pacing: sleep 1.4s
2026-08-28 22:02:48,358 [INFO] Page 26 | Collected: 500
2026-08-28 22:02:48,616 [INFO] Pacing: sleep 0.5s
2026-08-28 22:02:49,125 [INFO] Page 27 | Collected: 500
2026-08-28 22:02:49,357 [INFO] Pacing: sleep 1.2s
2026-08-28 22:02:50,551 [INFO] Page 28 | Collected: 500
2026-08-28 22:02:50,908 [INFO] Pacing: sleep 1.5s
2026-08-28 22:02:52,402 [INFO] Page 29 | Collected: 500
2026-08-28 22:02:52,702 [INFO] Pacing: sleep 1.3s
2026-08-28 22:02:54,019 [INFO] Page 30 | Collected: 500
2026-08-28 22:02:54,410 [INFO] Pacing: sleep 0.7s
2026-08-28 22:02:55,082 [INFO] Page 31 | Collected: 750
2026-08-28 22:02:55,183 [WARNING] Block detected on page 31: HTTP 429
2026-08-28 22:02:55,184 [INFO] Saved raw HTML for debugging: blocked_0031.html
2026-08-28 22:02:55,184 [WARNING] Initiating ADAPTIVE THROTTLING. Sleeping 180s, switching to SAFE mode.
2026-08-28 22:05:55,184 [INFO] Pacing: sleep 53.2s | Short Cooldown: 45.4s
2026-08-28 22:06:48,387 [INFO] Page 31 | Collected: 750
2026-08-28 22:06:48,691 [INFO] Pacing: sleep 7.8s
2026-08-28 22:06:56,464 [INFO] Page 32 | Collected: 750
2026-08-28 22:06:56,717 [INFO] Pacing: sleep 6.6s
2026-08-28 22:07:03,356 [INFO] Page 33 | Collected: 750
2026-08-28 22:07:03,638 [INFO] Pacing: sleep 6.0s
2026-08-28 22:07:09,631 [INFO] Page 34 | Collected: 750
2026-08-28 22:07:09,876 [INFO] Pacing: sleep 7.2s
2026-08-28 22:07:17,106 [INFO] Page 35 | Collected: 750
2026-08-28 22:07:17,391 [INFO] Pacing: sleep 6.7s
2026-08-28 22:07:24,134 [INFO] Page 36 | Collected: 750
2026-08-28 22:07:24,616 [INFO] Pacing: sleep 4.1s
2026-08-28 22:07:28,730 [INFO] Page 37 | Collected: 750
2026-08-28 22:07:28,984 [INFO] Pacing: sleep 6.2s
2026-08-28 22:07:35,183 [INFO] Page 38 | Collected: 750
2026-08-28 22:07:35,442 [INFO] Pacing: sleep 7.3s
2026-08-28 22:07:42,789 [INFO] Page 39 | Collected: 750
2026-08-28 22:07:43,180 [INFO] Pacing: sleep 8.0s
2026-08-28 22:07:51,165 [INFO] Page 40 | Collected: 750
2026-08-28 22:07:51,408 [INFO] Pacing: sleep 237.6s | Long Cooldown: 230.9s
2026-08-28 22:11:49,039 [INFO] Page 41 | Collected: 1000
2026-08-28 22:11:49,326 [INFO] Pacing: sleep 5.2s
2026-08-28 22:11:54,485 [INFO] Page 42 | Collected: 1000
2026-08-28 22:11:54,806 [INFO] Pacing: sleep 5.0s
2026-08-28 22:11:59,846 [INFO] Page 43 | Collected: 1000
2026-08-28 22:12:00,085 [INFO] Pacing: sleep 6.2s
2026-08-28 22:12:06,318 [INFO] Page 44 | Collected: 1000
2026-08-28 22:12:06,610 [INFO] Pacing: sleep 7.4s
2026-08-28 22:12:14,046 [INFO] Page 45 | Collected: 1000
2026-08-28 22:12:14,305 [INFO] Pacing: sleep 7.6s
2026-08-28 22:12:21,948 [INFO] Page 46 | Collected: 1000
2026-08-28 22:12:22,136 [WARNING] Block detected on page 46: Suspicious term found: 'captcha'
2026-08-28 22:12:22,136 [INFO] Saved raw HTML for debugging: blocked_0046.html
2026-08-28 22:12:22,136 [ERROR] Blocked again even after safe mode. Stopping gracefully.
2026-08-28 22:12:22,137 [INFO] Crawl stopped. Reason: adaptive_throttle_failed_page_46. Finalizing...
2026-08-28 22:12:22,138 [INFO] Merging intermediate pages from work_dir: /home/runner/work/steam-diploma/steam-diploma/data/snapshots/data/snapshots/_in_progress/354b8e82-28a1-4605-a360-0ad5bdb54bde
