2026-09-02 03:53:44,979 [INFO] Steam Snapshot Collector Started.
2026-09-02 03:53:44,979 [INFO] Speed Mode: fast
2026-09-02 03:53:44,979 [INFO] Work Dir: /home/runner/work/steam-diploma/steam-diploma/data/snapshots
2026-09-02 03:53:44,979 [INFO] Base Output Dir: .
2026-09-02 03:53:44,980 [INFO] Page 1 | Collected: 0
2026-09-02 03:53:45,396 [INFO] Pacing: sleep 0.9s
2026-09-02 03:53:46,256 [INFO] Page 2 | Collected: 0
2026-09-02 03:53:46,565 [INFO] Pacing: sleep 1.4s
2026-09-02 03:53:47,946 [INFO] Page 3 | Collected: 0
2026-09-02 03:53:48,241 [INFO] Pacing: sleep 1.2s
2026-09-02 03:53:49,425 [INFO] Page 4 | Collected: 0
2026-09-02 03:53:49,761 [INFO] Pacing: sleep 0.9s
2026-09-02 03:53:50,635 [INFO] Page 5 | Collected: 0
2026-09-02 03:53:50,910 [INFO] Pacing: sleep 0.5s
2026-09-02 03:53:51,445 [INFO] Page 6 | Collected: 0
2026-09-02 03:53:51,731 [INFO] Pacing: sleep 1.0s
2026-09-02 03:53:52,768 [INFO] Page 7 | Collected: 0
2026-09-02 03:53:53,099 [INFO] Pacing: sleep 0.9s
2026-09-02 03:53:54,013 [INFO] Page 8 | Collected: 0
2026-09-02 03:53:54,272 [INFO] Pacing: sleep 0.7s
2026-09-02 03:53:54,993 [INFO] Page 9 | Collected: 0
2026-09-02 03:53:55,262 [INFO] Pacing: sleep 1.3s
2026-09-02 03:53:56,553 [INFO] Page 10 | Collected: 0
2026-09-02 03:53:56,886 [INFO] Pacing: sleep 1.0s
2026-09-02 03:53:57,849 [INFO] Page 11 | Collected: 250
2026-09-02 03:53:58,126 [INFO] Pacing: sleep 0.7s
2026-09-02 03:53:58,778 [INFO] Page 12 | Collected: 250
2026-09-02 03:53:59,109 [INFO] Pacing: sleep 1.5s
2026-09-02 03:54:00,593 [INFO] Page 13 | Collected: 250
2026-09-02 03:54:00,857 [INFO] Pacing: sleep 0.9s
2026-09-02 03:54:01,784 [INFO] Page 14 | Collected: 250
2026-09-02 03:54:02,044 [INFO] Pacing: sleep 0.7s
2026-09-02 03:54:02,785 [INFO] Page 15 | Collected: 250
2026-09-02 03:54:03,110 [INFO] Pacing: sleep 1.2s
2026-09-02 03:54:04,299 [INFO] Page 16 | Collected: 250
2026-09-02 03:54:04,565 [INFO] Pacing: sleep 1.1s
2026-09-02 03:54:05,639 [INFO] Page 17 | Collected: 250
2026-09-02 03:54:05,909 [INFO] Pacing: sleep 1.4s
2026-09-02 03:54:07,339 [INFO] Page 18 | Collected: 250
2026-09-02 03:54:07,671 [INFO] Pacing: sleep 1.5s
2026-09-02 03:54:09,139 [INFO] Page 19 | Collected: 250
2026-09-02 03:54:09,409 [INFO] Pacing: sleep 0.6s
2026-09-02 03:54:09,978 [INFO] Page 20 | Collected: 250
2026-09-02 03:54:10,317 [INFO] Pacing: sleep 1.1s
2026-09-02 03:54:11,376 [INFO] Page 21 | Collected: 500
2026-09-02 03:54:11,645 [INFO] Pacing: sleep 1.0s
2026-09-02 03:54:12,601 [INFO] Page 22 | Collected: 500
2026-09-02 03:54:12,861 [INFO] Pacing: sleep 1.2s
2026-09-02 03:54:14,034 [INFO] Page 23 | Collected: 500
2026-09-02 03:54:14,423 [INFO] Pacing: sleep 0.9s
2026-09-02 03:54:15,275 [INFO] Page 24 | Collected: 500
2026-09-02 03:54:15,553 [INFO] Pacing: sleep 0.9s
2026-09-02 03:54:16,442 [INFO] Page 25 | Collected: 500
2026-09-02 03:54:16,807 [INFO] Pacing: sleep 0.7s
2026-09-02 03:54:17,538 [INFO] Page 26 | Collected: 500
2026-09-02 03:54:17,826 [INFO] Pacing: sleep 0.5s
2026-09-02 03:54:18,355 [INFO] Page 27 | Collected: 500
2026-09-02 03:54:18,618 [INFO] Pacing: sleep 0.8s
2026-09-02 03:54:19,411 [INFO] Page 28 | Collected: 500
2026-09-02 03:54:19,757 [INFO] Pacing: sleep 1.2s
2026-09-02 03:54:20,954 [INFO] Page 29 | Collected: 500
2026-09-02 03:54:21,247 [INFO] Pacing: sleep 0.9s
2026-09-02 03:54:22,172 [INFO] Page 30 | Collected: 500
2026-09-02 03:54:22,487 [INFO] Pacing: sleep 1.1s
2026-09-02 03:54:23,615 [INFO] Page 31 | Collected: 750
2026-09-02 03:54:23,692 [WARNING] Block detected on page 31: HTTP 429
2026-09-02 03:54:23,692 [INFO] Saved raw HTML for debugging: blocked_0031.html
2026-09-02 03:54:23,692 [WARNING] Initiating ADAPTIVE THROTTLING. Sleeping 180s, switching to SAFE mode.
2026-09-02 03:57:23,693 [INFO] Pacing: sleep 45.1s | Short Cooldown: 37.7s
2026-09-02 03:58:08,780 [INFO] Page 31 | Collected: 750
2026-09-02 03:58:09,128 [INFO] Pacing: sleep 4.3s
2026-09-02 03:58:13,444 [INFO] Page 32 | Collected: 750
2026-09-02 03:58:13,713 [INFO] Pacing: sleep 7.6s
2026-09-02 03:58:21,288 [INFO] Page 33 | Collected: 750
2026-09-02 03:58:21,611 [INFO] Pacing: sleep 5.3s
2026-09-02 03:58:26,943 [INFO] Page 34 | Collected: 750
2026-09-02 03:58:27,239 [INFO] Pacing: sleep 6.3s
2026-09-02 03:58:33,588 [INFO] Page 35 | Collected: 750
2026-09-02 03:58:33,889 [INFO] Pacing: sleep 7.5s
2026-09-02 03:58:41,383 [INFO] Page 36 | Collected: 750
2026-09-02 03:58:41,749 [INFO] Pacing: sleep 7.1s
2026-09-02 03:58:48,870 [INFO] Page 37 | Collected: 750
2026-09-02 03:58:49,149 [INFO] Pacing: sleep 5.7s
2026-09-02 03:58:54,807 [INFO] Page 38 | Collected: 750
2026-09-02 03:58:55,093 [INFO] Pacing: sleep 5.6s
2026-09-02 03:59:00,705 [INFO] Page 39 | Collected: 750
2026-09-02 03:59:01,082 [INFO] Pacing: sleep 6.4s
2026-09-02 03:59:07,520 [INFO] Page 40 | Collected: 750
2026-09-02 03:59:07,814 [INFO] Pacing: sleep 187.1s | Long Cooldown: 183.0s
2026-09-02 04:02:14,904 [INFO] Page 41 | Collected: 1000
2026-09-02 04:02:15,219 [INFO] Pacing: sleep 5.5s
2026-09-02 04:02:20,734 [INFO] Page 42 | Collected: 1000
2026-09-02 04:02:20,994 [INFO] Pacing: sleep 6.8s
2026-09-02 04:02:27,771 [INFO] Page 43 | Collected: 1000
2026-09-02 04:02:28,042 [INFO] Pacing: sleep 6.9s
2026-09-02 04:02:34,944 [INFO] Page 44 | Collected: 1000
2026-09-02 04:02:35,310 [INFO] Pacing: sleep 4.2s
2026-09-02 04:02:39,547 [INFO] Page 45 | Collected: 1000
2026-09-02 04:02:39,847 [INFO] Pacing: sleep 6.6s
2026-09-02 04:02:46,485 [INFO] Page 46 | Collected: 1000
2026-09-02 04:02:46,655 [WARNING] Block detected on page 46: Suspicious term found: 'captcha'
2026-09-02 04:02:46,656 [INFO] Saved raw HTML for debugging: blocked_0046.html
2026-09-02 04:02:46,656 [ERROR] Blocked again even after safe mode. Stopping gracefully.
2026-09-02 04:02:46,657 [INFO] Crawl stopped. Reason: adaptive_throttle_failed_page_46. Finalizing...
2026-09-02 04:02:46,657 [INFO] Merging intermediate pages from work_dir: /home/runner/work/steam-diploma/steam-diploma/data/snapshots/data/snapshots/_in_progress/672eecf0-1121-4594-8abe-f6f05b7f810c
