2026-08-02 13:39:28,155 [INFO] Steam Snapshot Collector Started.
2026-08-02 13:39:28,155 [INFO] Speed Mode: fast
2026-08-02 13:39:28,155 [INFO] Work Dir: /home/runner/work/steam-diploma/steam-diploma/data/snapshots
2026-08-02 13:39:28,155 [INFO] Base Output Dir: .
2026-08-02 13:39:28,155 [INFO] Page 1 | Collected: 0
2026-08-02 13:39:28,539 [INFO] Pacing: sleep 1.2s
2026-08-02 13:39:29,765 [INFO] Page 2 | Collected: 0
2026-08-02 13:39:30,099 [INFO] Pacing: sleep 0.8s
2026-08-02 13:39:30,925 [INFO] Page 3 | Collected: 0
2026-08-02 13:39:31,326 [INFO] Pacing: sleep 0.7s
2026-08-02 13:39:32,068 [INFO] Page 4 | Collected: 0
2026-08-02 13:39:32,425 [INFO] Pacing: sleep 0.6s
2026-08-02 13:39:32,987 [INFO] Page 5 | Collected: 0
2026-08-02 13:39:33,301 [INFO] Pacing: sleep 0.9s
2026-08-02 13:39:34,248 [INFO] Page 6 | Collected: 0
2026-08-02 13:39:34,574 [INFO] Pacing: sleep 0.7s
2026-08-02 13:39:35,292 [INFO] Page 7 | Collected: 0
2026-08-02 13:39:35,649 [INFO] Pacing: sleep 1.1s
2026-08-02 13:39:36,760 [INFO] Page 8 | Collected: 0
2026-08-02 13:39:37,095 [INFO] Pacing: sleep 1.2s
2026-08-02 13:39:38,294 [INFO] Page 9 | Collected: 0
2026-08-02 13:39:38,667 [INFO] Pacing: sleep 0.8s
2026-08-02 13:39:39,517 [INFO] Page 10 | Collected: 0
2026-08-02 13:39:39,927 [INFO] Pacing: sleep 0.7s
2026-08-02 13:39:40,668 [INFO] Page 11 | Collected: 250
2026-08-02 13:39:40,979 [INFO] Pacing: sleep 1.4s
2026-08-02 13:39:42,398 [INFO] Page 12 | Collected: 250
2026-08-02 13:39:42,755 [INFO] Pacing: sleep 0.8s
2026-08-02 13:39:43,549 [INFO] Page 13 | Collected: 250
2026-08-02 13:39:43,831 [INFO] Pacing: sleep 1.0s
2026-08-02 13:39:44,865 [INFO] Page 14 | Collected: 250
2026-08-02 13:39:45,164 [INFO] Pacing: sleep 1.3s
2026-08-02 13:39:46,462 [INFO] Page 15 | Collected: 250
2026-08-02 13:39:46,876 [INFO] Pacing: sleep 1.0s
2026-08-02 13:39:47,890 [INFO] Page 16 | Collected: 250
2026-08-02 13:39:48,218 [INFO] Pacing: sleep 1.3s
2026-08-02 13:39:49,492 [INFO] Page 17 | Collected: 250
2026-08-02 13:39:49,889 [INFO] Pacing: sleep 0.8s
2026-08-02 13:39:50,685 [INFO] Page 18 | Collected: 250
2026-08-02 13:39:51,090 [INFO] Pacing: sleep 1.2s
2026-08-02 13:39:52,332 [INFO] Page 19 | Collected: 250
2026-08-02 13:39:52,635 [INFO] Pacing: sleep 1.5s
2026-08-02 13:39:54,118 [INFO] Page 20 | Collected: 250
2026-08-02 13:39:54,521 [INFO] Pacing: sleep 0.9s
2026-08-02 13:39:55,456 [INFO] Page 21 | Collected: 500
2026-08-02 13:39:55,741 [INFO] Pacing: sleep 0.6s
2026-08-02 13:39:56,297 [INFO] Page 22 | Collected: 500
2026-08-02 13:39:56,647 [INFO] Pacing: sleep 1.5s
2026-08-02 13:39:58,129 [INFO] Page 23 | Collected: 500
2026-08-02 13:39:58,406 [INFO] Pacing: sleep 0.5s
2026-08-02 13:39:58,955 [INFO] Page 24 | Collected: 500
2026-08-02 13:39:59,275 [INFO] Pacing: sleep 0.8s
2026-08-02 13:40:00,119 [INFO] Page 25 | Collected: 500
2026-08-02 13:40:00,601 [INFO] Pacing: sleep 0.8s
2026-08-02 13:40:01,378 [INFO] Page 26 | Collected: 500
2026-08-02 13:40:01,674 [INFO] Pacing: sleep 0.5s
2026-08-02 13:40:02,192 [INFO] Page 27 | Collected: 500
2026-08-02 13:40:02,535 [INFO] Pacing: sleep 0.7s
2026-08-02 13:40:03,187 [INFO] Page 28 | Collected: 500
2026-08-02 13:40:03,575 [INFO] Pacing: sleep 0.6s
2026-08-02 13:40:04,225 [INFO] Page 29 | Collected: 500
2026-08-02 13:40:04,519 [INFO] Pacing: sleep 0.9s
2026-08-02 13:40:05,391 [INFO] Page 30 | Collected: 500
2026-08-02 13:40:05,775 [INFO] Pacing: sleep 0.8s
2026-08-02 13:40:06,586 [INFO] Page 31 | Collected: 750
2026-08-02 13:40:06,678 [WARNING] Block detected on page 31: HTTP 429
2026-08-02 13:40:06,678 [INFO] Saved raw HTML for debugging: blocked_0031.html
2026-08-02 13:40:06,678 [WARNING] Initiating ADAPTIVE THROTTLING. Sleeping 180s, switching to SAFE mode.
2026-08-02 13:43:06,678 [INFO] Pacing: sleep 39.6s | Short Cooldown: 32.8s
2026-08-02 13:43:46,328 [INFO] Page 31 | Collected: 750
2026-08-02 13:43:46,624 [INFO] Pacing: sleep 7.4s
2026-08-02 13:43:54,037 [INFO] Page 32 | Collected: 750
2026-08-02 13:43:54,336 [INFO] Pacing: sleep 5.9s
2026-08-02 13:44:00,203 [INFO] Page 33 | Collected: 750
2026-08-02 13:44:00,613 [INFO] Pacing: sleep 4.0s
2026-08-02 13:44:04,618 [INFO] Page 34 | Collected: 750
2026-08-02 13:44:04,904 [INFO] Pacing: sleep 6.4s
2026-08-02 13:44:11,338 [INFO] Page 35 | Collected: 750
2026-08-02 13:44:11,684 [INFO] Pacing: sleep 6.1s
2026-08-02 13:44:17,797 [INFO] Page 36 | Collected: 750
2026-08-02 13:44:18,086 [INFO] Pacing: sleep 6.4s
2026-08-02 13:44:24,444 [INFO] Page 37 | Collected: 750
2026-08-02 13:44:24,767 [INFO] Pacing: sleep 7.1s
2026-08-02 13:44:31,910 [INFO] Page 38 | Collected: 750
2026-08-02 13:44:32,304 [INFO] Pacing: sleep 5.7s
2026-08-02 13:44:37,968 [INFO] Page 39 | Collected: 750
2026-08-02 13:44:38,243 [INFO] Pacing: sleep 4.4s
2026-08-02 13:44:42,608 [INFO] Page 40 | Collected: 750
2026-08-02 13:44:43,006 [INFO] Pacing: sleep 178.9s | Long Cooldown: 174.7s
2026-08-02 13:47:41,903 [INFO] Page 41 | Collected: 1000
2026-08-02 13:47:42,232 [INFO] Pacing: sleep 7.8s
2026-08-02 13:47:50,071 [INFO] Page 42 | Collected: 1000
2026-08-02 13:47:50,420 [INFO] Pacing: sleep 6.6s
2026-08-02 13:47:57,054 [INFO] Page 43 | Collected: 1000
2026-08-02 13:47:57,440 [INFO] Pacing: sleep 5.6s
2026-08-02 13:48:03,027 [INFO] Page 44 | Collected: 1000
2026-08-02 13:48:03,351 [INFO] Pacing: sleep 7.4s
2026-08-02 13:48:10,769 [INFO] Page 45 | Collected: 1000
2026-08-02 13:48:11,084 [INFO] Pacing: sleep 4.5s
2026-08-02 13:48:15,557 [INFO] Page 46 | Collected: 1000
2026-08-02 13:48:15,912 [INFO] Pacing: sleep 7.4s
2026-08-02 13:48:23,306 [INFO] Page 47 | Collected: 1000
2026-08-02 13:48:23,594 [INFO] Pacing: sleep 4.9s
2026-08-02 13:48:28,462 [INFO] Page 48 | Collected: 1000
2026-08-02 13:48:28,657 [WARNING] Block detected on page 48: Suspicious term found: 'captcha'
2026-08-02 13:48:28,658 [INFO] Saved raw HTML for debugging: blocked_0048.html
2026-08-02 13:48:28,658 [ERROR] Blocked again even after safe mode. Stopping gracefully.
2026-08-02 13:48:28,660 [INFO] Crawl stopped. Reason: adaptive_throttle_failed_page_48. Finalizing...
2026-08-02 13:48:28,660 [INFO] Merging intermediate pages from work_dir: /home/runner/work/steam-diploma/steam-diploma/data/snapshots/data/snapshots/_in_progress/47e13a9f-4dbb-4643-b145-dd710a9d3185
